2026-05-24 15:50:15,454 - __main__ - INFO - 
================================================================================
2026-05-24 15:50:15,455 - __main__ - INFO - # EXPERIMENT 1: FEDERATED LEARNING BASELINE
2026-05-24 15:50:15,455 - __main__ - INFO - ================================================================================
2026-05-24 15:50:15,455 - __main__ - INFO - 
Phase 1.1: Loading Phase 0 cohort and splits...
2026-05-24 15:50:15,455 - src.data.loader - INFO - Loading cohort from cache: /home/raiyanjiyon/Projects/federated-healthcare-ml/data/cache/mimic_iv_cohort.csv
2026-05-24 15:50:15,630 - src.data.loader - WARNING - Missing features: {'admission_type_emergency'}
2026-05-24 15:50:15,637 - src.data.loader - INFO - Dataset: 65273 patients, 31 features
2026-05-24 15:50:15,637 - src.data.loader - INFO - Target distribution: [58207  7066]
2026-05-24 15:50:15,637 - __main__ - INFO - Loaded: 65273 samples, 31 features
2026-05-24 15:50:15,637 - __main__ - INFO - Target distribution: 7066 deaths (10.8%)
2026-05-24 15:50:15,637 - __main__ - INFO - 
Phase 1.2: Distributing data to federated clients by care unit...
2026-05-24 15:50:15,642 - src.data.split - INFO - ✓ Medical Intensive Care Unit (MICU): 8791 patients, 1410 deaths (16.0%)
2026-05-24 15:50:15,646 - src.data.split - INFO - ✓ Surgical Intensive Care Unit (SICU): 6372 patients, 754 deaths (11.8%)
2026-05-24 15:50:15,650 - src.data.split - INFO - ✓ Medical/Surgical Intensive Care Unit (MICU/SICU): 6983 patients, 957 deaths (13.7%)
2026-05-24 15:50:15,653 - src.data.split - INFO - ✓ Cardiac Vascular Intensive Care Unit (CVICU): 8118 patients, 265 deaths (3.3%)
2026-05-24 15:50:15,657 - src.data.split - INFO - ✓ Coronary Care Unit (CCU): 5113 patients, 643 deaths (12.6%)
2026-05-24 15:50:15,661 - src.data.split - INFO - ✓ Trauma SICU (TSICU): 5458 patients, 569 deaths (10.4%)
2026-05-24 15:50:15,664 - src.data.split - INFO - ✓ Neuro Surgical Intensive Care Unit (Neuro SICU): 907 patients, 256 deaths (28.2%)
2026-05-24 15:50:15,669 - src.data.split - INFO -   (skipped Intensive Care Unit (ICU): 16 patients, < 100)
2026-05-24 15:50:15,671 - src.data.split - INFO -   (skipped Medicine: 9 patients, < 100)
2026-05-24 15:50:15,673 - src.data.split - INFO -   (skipped Neuro Intermediate: 3035 patients, < 100)
2026-05-24 15:50:15,676 - src.data.split - INFO -   (skipped Neuro Stepdown: 784 patients, < 100)
2026-05-24 15:50:15,678 - src.data.split - INFO -   (skipped PACU: 43 patients, < 100)
2026-05-24 15:50:15,680 - src.data.split - INFO -   (skipped Surgery/Trauma: 2 patients, < 100)
2026-05-24 15:50:15,683 - src.data.split - INFO -   (skipped Surgery/Vascular/Intermediate: 60 patients, < 100)
2026-05-24 15:50:15,683 - src.data.split - INFO - 
✓ Federated learning ready: 7 clients
2026-05-24 15:50:15,683 - __main__ - INFO - 
✓ Created 7 federated clients
2026-05-24 15:50:15,683 - __main__ - INFO - 
Client Statistics:
2026-05-24 15:50:15,683 - __main__ - INFO - ----------------------------------------------------------------------
2026-05-24 15:50:15,683 - __main__ - INFO -   Medical Intensive Care Unit (MICU)         8791 patients, 1410 deaths ( 16.0%)
2026-05-24 15:50:15,683 - __main__ - INFO -   Cardiac Vascular Intensive Care Unit (CVICU)   8118 patients,  265 deaths (  3.3%)
2026-05-24 15:50:15,683 - __main__ - INFO -   Medical/Surgical Intensive Care Unit (MICU/SICU)   6983 patients,  957 deaths ( 13.7%)
2026-05-24 15:50:15,683 - __main__ - INFO -   Surgical Intensive Care Unit (SICU)        6372 patients,  754 deaths ( 11.8%)
2026-05-24 15:50:15,683 - __main__ - INFO -   Trauma SICU (TSICU)                        5458 patients,  569 deaths ( 10.4%)
2026-05-24 15:50:15,683 - __main__ - INFO -   Coronary Care Unit (CCU)                   5113 patients,  643 deaths ( 12.6%)
2026-05-24 15:50:15,683 - __main__ - INFO -   Neuro Surgical Intensive Care Unit (Neuro SICU)    907 patients,  256 deaths ( 28.2%)
2026-05-24 15:50:15,683 - __main__ - INFO - 
======================================================================
2026-05-24 15:50:15,683 - __main__ - INFO - Phase 1.3: Training Centralized Baseline (for comparison)...
2026-05-24 15:50:15,683 - __main__ - INFO - ======================================================================
2026-05-24 15:50:16,160 - __main__ - INFO - 
Centralized Train AUROC: 0.8857
2026-05-24 15:50:16,160 - __main__ - INFO - Centralized Val AUROC:   0.8846
2026-05-24 15:50:16,160 - __main__ - INFO - Centralized Test AUROC:  0.8880
2026-05-24 15:50:16,160 - __main__ - INFO - 
======================================================================
2026-05-24 15:50:16,160 - __main__ - INFO - Phase 1.4: Training Federated Learning Model...
2026-05-24 15:50:16,160 - __main__ - INFO - ======================================================================
2026-05-24 15:50:16,160 - __main__ - INFO - Overriding DP epsilon to 8.0
2026-05-24 15:50:16,160 - __main__ - INFO - Overriding clipping threshold to 5.0
2026-05-24 15:50:16,175 - root - INFO - 
======================================================================
2026-05-24 15:50:16,175 - root - INFO - Differential Privacy Mechanism Initialized: GaussianDP
2026-05-24 15:50:16,175 - root - INFO - ======================================================================
2026-05-24 15:50:16,175 - root - INFO -   Privacy Budget (ε):     8.0000
2026-05-24 15:50:16,175 - root - INFO -   Failure Probability (δ): 0.000010
2026-05-24 15:50:16,175 - root - INFO -   Clipping Norm (C):      5.0000
2026-05-24 15:50:16,175 - root - INFO -   Noise Scale (σ):        2.9991
2026-05-24 15:50:16,175 - root - INFO - ======================================================================

2026-05-24 15:50:16,176 - src.training.federated - INFO - FederatedTrainer initialized:
2026-05-24 15:50:16,176 - src.training.federated - INFO -   Clients: 7
2026-05-24 15:50:16,176 - src.training.federated - INFO -   Training samples: 41742
2026-05-24 15:50:16,176 - src.training.federated - INFO -   Validation samples: 9791
2026-05-24 15:50:16,176 - src.training.federated - INFO -   Test samples: 9791
2026-05-24 15:50:16,176 - src.training.federated - INFO -   Features: 31
2026-05-24 15:50:16,176 - src.training.federated - INFO -   Rounds: 3
2026-05-24 15:50:16,176 - src.training.federated - INFO -   Strategy: FEDAVG
2026-05-24 15:50:16,176 - src.training.federated - INFO -   Privacy: Enabled (ε=1.0, δ=1e-5)
2026-05-24 15:50:16,176 - src.training.federated - INFO - 
######################################################################
2026-05-24 15:50:16,176 - src.training.federated - INFO - # FEDERATED LEARNING TRAINING (3 rounds)
2026-05-24 15:50:16,176 - src.training.federated - INFO - # Strategy: FEDAVG
2026-05-24 15:50:16,176 - src.training.federated - INFO - ######################################################################

2026-05-24 15:50:16,176 - src.training.federated - INFO - 
======================================================================
2026-05-24 15:50:16,176 - src.training.federated - INFO - Round 1/3
2026-05-24 15:50:16,176 - src.training.federated - INFO - ======================================================================
2026-05-24 15:50:16,272 - root - INFO - add_noise: grad_norm=2.5904, noise_norm=14.9697, sigma=2.9991, epsilon_per_round=8.0000
2026-05-24 15:50:16,272 - root - INFO - add_noise: grad_norm=3.5588, noise_norm=5.5551, sigma=2.9991, epsilon_per_round=8.0000
2026-05-24 15:50:16,272 - src.training.federated - INFO -   Cardiac Vascular Intensive Care Unit (CVICU): 8118 samples, loss=0.0754
2026-05-24 15:50:16,289 - root - INFO - add_noise: grad_norm=2.4938, noise_norm=14.4694, sigma=2.9991, epsilon_per_round=8.0000
2026-05-24 15:50:16,289 - root - INFO - add_noise: grad_norm=2.8958, noise_norm=3.5875, sigma=2.9991, epsilon_per_round=8.0000
2026-05-24 15:50:16,289 - src.training.federated - INFO -   Coronary Care Unit (CCU): 5113 samples, loss=0.2288
2026-05-24 15:50:16,318 - root - INFO - add_noise: grad_norm=1.8491, noise_norm=15.6771, sigma=2.9991, epsilon_per_round=8.0000
2026-05-24 15:50:16,318 - root - INFO - add_noise: grad_norm=2.3548, noise_norm=4.3892, sigma=2.9991, epsilon_per_round=8.0000
2026-05-24 15:50:16,318 - src.training.federated - INFO -   Medical Intensive Care Unit (MICU): 8791 samples, loss=0.2735
2026-05-24 15:50:16,346 - root - INFO - add_noise: grad_norm=2.5337, noise_norm=16.8672, sigma=2.9991, epsilon_per_round=8.0000
2026-05-24 15:50:16,346 - root - INFO - add_noise: grad_norm=2.6518, noise_norm=1.6984, sigma=2.9991, epsilon_per_round=8.0000
2026-05-24 15:50:16,346 - src.training.federated - INFO -   Medical/Surgical Intensive Care Unit (MICU/SICU): 6983 samples, loss=0.2627
2026-05-24 15:50:16,354 - root - INFO - add_noise: grad_norm=3.2300, noise_norm=15.0788, sigma=2.9991, epsilon_per_round=8.0000
2026-05-24 15:50:16,354 - root - INFO - add_noise: grad_norm=1.4097, noise_norm=1.9691, sigma=2.9991, epsilon_per_round=8.0000
2026-05-24 15:50:16,354 - src.training.federated - INFO -   Neuro Surgical Intensive Care Unit (Neuro SICU): 907 samples, loss=0.3759
2026-05-24 15:50:16,374 - root - INFO - add_noise: grad_norm=2.9842, noise_norm=15.8736, sigma=2.9991, epsilon_per_round=8.0000
2026-05-24 15:50:16,374 - root - INFO - add_noise: grad_norm=2.5900, noise_norm=2.5684, sigma=2.9991, epsilon_per_round=8.0000
2026-05-24 15:50:16,374 - src.training.federated - INFO -   Surgical Intensive Care Unit (SICU): 6372 samples, loss=0.2279
2026-05-24 15:50:16,391 - root - INFO - add_noise: grad_norm=2.4832, noise_norm=18.6976, sigma=2.9991, epsilon_per_round=8.0000
2026-05-24 15:50:16,392 - root - INFO - add_noise: grad_norm=2.8690, noise_norm=4.8367, sigma=2.9991, epsilon_per_round=8.0000
2026-05-24 15:50:16,392 - src.training.federated - INFO -   Trauma SICU (TSICU): 5458 samples, loss=0.1753
2026-05-24 15:50:16,392 - src.training.federated - INFO - Round 1 complete: 7 clients aggregated
2026-05-24 15:50:16,398 - src.training.federated - INFO - Round 1 Validation AUROC: 0.7576
2026-05-24 15:50:16,398 - src.training.federated - INFO - 
======================================================================
2026-05-24 15:50:16,398 - src.training.federated - INFO - Round 2/3
2026-05-24 15:50:16,398 - src.training.federated - INFO - ======================================================================
2026-05-24 15:50:16,422 - root - INFO - add_noise: grad_norm=2.5904, noise_norm=17.0435, sigma=2.9991, epsilon_per_round=8.0000
2026-05-24 15:50:16,422 - root - INFO - add_noise: grad_norm=3.5588, noise_norm=1.4523, sigma=2.9991, epsilon_per_round=8.0000
2026-05-24 15:50:16,422 - src.training.federated - INFO -   Cardiac Vascular Intensive Care Unit (CVICU): 8118 samples, loss=0.0754
2026-05-24 15:50:16,438 - root - INFO - add_noise: grad_norm=2.4938, noise_norm=19.4286, sigma=2.9991, epsilon_per_round=8.0000
2026-05-24 15:50:16,438 - root - INFO - add_noise: grad_norm=2.8958, noise_norm=1.7644, sigma=2.9991, epsilon_per_round=8.0000
2026-05-24 15:50:16,438 - src.training.federated - INFO -   Coronary Care Unit (CCU): 5113 samples, loss=0.2288
2026-05-24 15:50:16,466 - root - INFO - add_noise: grad_norm=1.8491, noise_norm=11.0716, sigma=2.9991, epsilon_per_round=8.0000
2026-05-24 15:50:16,466 - root - INFO - add_noise: grad_norm=2.3548, noise_norm=0.3903, sigma=2.9991, epsilon_per_round=8.0000
2026-05-24 15:50:16,466 - src.training.federated - INFO -   Medical Intensive Care Unit (MICU): 8791 samples, loss=0.2735
2026-05-24 15:50:16,493 - root - INFO - add_noise: grad_norm=2.5337, noise_norm=13.4889, sigma=2.9991, epsilon_per_round=8.0000
2026-05-24 15:50:16,493 - root - INFO - add_noise: grad_norm=2.6518, noise_norm=4.4247, sigma=2.9991, epsilon_per_round=8.0000
2026-05-24 15:50:16,493 - src.training.federated - INFO -   Medical/Surgical Intensive Care Unit (MICU/SICU): 6983 samples, loss=0.2627
2026-05-24 15:50:16,501 - root - INFO - add_noise: grad_norm=3.2300, noise_norm=15.5963, sigma=2.9991, epsilon_per_round=8.0000
2026-05-24 15:50:16,501 - root - INFO - add_noise: grad_norm=1.4097, noise_norm=1.5768, sigma=2.9991, epsilon_per_round=8.0000
2026-05-24 15:50:16,501 - src.training.federated - INFO -   Neuro Surgical Intensive Care Unit (Neuro SICU): 907 samples, loss=0.3759
2026-05-24 15:50:16,522 - root - INFO - add_noise: grad_norm=2.9842, noise_norm=16.5204, sigma=2.9991, epsilon_per_round=8.0000
2026-05-24 15:50:16,522 - root - INFO - add_noise: grad_norm=2.5900, noise_norm=2.2448, sigma=2.9991, epsilon_per_round=8.0000
2026-05-24 15:50:16,522 - src.training.federated - INFO -   Surgical Intensive Care Unit (SICU): 6372 samples, loss=0.2279
2026-05-24 15:50:16,540 - root - INFO - add_noise: grad_norm=2.4832, noise_norm=19.5835, sigma=2.9991, epsilon_per_round=8.0000
2026-05-24 15:50:16,540 - root - INFO - add_noise: grad_norm=2.8690, noise_norm=2.8188, sigma=2.9991, epsilon_per_round=8.0000
2026-05-24 15:50:16,540 - src.training.federated - INFO -   Trauma SICU (TSICU): 5458 samples, loss=0.1753
2026-05-24 15:50:16,540 - src.training.federated - INFO - Round 2 complete: 7 clients aggregated
2026-05-24 15:50:16,546 - src.training.federated - INFO - Round 2 Validation AUROC: 0.7137
2026-05-24 15:50:16,546 - src.training.federated - INFO - 
======================================================================
2026-05-24 15:50:16,546 - src.training.federated - INFO - Round 3/3
2026-05-24 15:50:16,546 - src.training.federated - INFO - ======================================================================
2026-05-24 15:50:16,571 - root - INFO - add_noise: grad_norm=2.5904, noise_norm=17.8691, sigma=2.9991, epsilon_per_round=8.0000
2026-05-24 15:50:16,571 - root - INFO - add_noise: grad_norm=3.5588, noise_norm=3.3577, sigma=2.9991, epsilon_per_round=8.0000
2026-05-24 15:50:16,571 - src.training.federated - INFO -   Cardiac Vascular Intensive Care Unit (CVICU): 8118 samples, loss=0.0754
2026-05-24 15:50:16,587 - root - INFO - add_noise: grad_norm=2.4938, noise_norm=16.4261, sigma=2.9991, epsilon_per_round=8.0000
2026-05-24 15:50:16,587 - root - INFO - add_noise: grad_norm=2.8958, noise_norm=0.1507, sigma=2.9991, epsilon_per_round=8.0000
2026-05-24 15:50:16,587 - src.training.federated - INFO -   Coronary Care Unit (CCU): 5113 samples, loss=0.2288
2026-05-24 15:50:16,614 - root - INFO - add_noise: grad_norm=1.8491, noise_norm=14.7973, sigma=2.9991, epsilon_per_round=8.0000
2026-05-24 15:50:16,614 - root - INFO - add_noise: grad_norm=2.3548, noise_norm=4.3234, sigma=2.9991, epsilon_per_round=8.0000
2026-05-24 15:50:16,614 - src.training.federated - INFO -   Medical Intensive Care Unit (MICU): 8791 samples, loss=0.2735
2026-05-24 15:50:16,639 - root - INFO - add_noise: grad_norm=2.5337, noise_norm=16.2713, sigma=2.9991, epsilon_per_round=8.0000
2026-05-24 15:50:16,639 - root - INFO - add_noise: grad_norm=2.6518, noise_norm=6.6314, sigma=2.9991, epsilon_per_round=8.0000
2026-05-24 15:50:16,639 - src.training.federated - INFO -   Medical/Surgical Intensive Care Unit (MICU/SICU): 6983 samples, loss=0.2627
2026-05-24 15:50:16,647 - root - INFO - add_noise: grad_norm=3.2300, noise_norm=14.7012, sigma=2.9991, epsilon_per_round=8.0000
2026-05-24 15:50:16,647 - root - INFO - add_noise: grad_norm=1.4097, noise_norm=3.7328, sigma=2.9991, epsilon_per_round=8.0000
2026-05-24 15:50:16,647 - src.training.federated - INFO -   Neuro Surgical Intensive Care Unit (Neuro SICU): 907 samples, loss=0.3759
2026-05-24 15:50:16,666 - root - INFO - add_noise: grad_norm=2.9842, noise_norm=18.1717, sigma=2.9991, epsilon_per_round=8.0000
2026-05-24 15:50:16,666 - root - INFO - add_noise: grad_norm=2.5900, noise_norm=3.8840, sigma=2.9991, epsilon_per_round=8.0000
2026-05-24 15:50:16,666 - src.training.federated - INFO -   Surgical Intensive Care Unit (SICU): 6372 samples, loss=0.2279
2026-05-24 15:50:16,682 - root - INFO - add_noise: grad_norm=2.4832, noise_norm=18.8222, sigma=2.9991, epsilon_per_round=8.0000
2026-05-24 15:50:16,682 - root - INFO - add_noise: grad_norm=2.8690, noise_norm=6.2183, sigma=2.9991, epsilon_per_round=8.0000
2026-05-24 15:50:16,682 - src.training.federated - INFO -   Trauma SICU (TSICU): 5458 samples, loss=0.1753
2026-05-24 15:50:16,683 - src.training.federated - INFO - Round 3 complete: 7 clients aggregated
2026-05-24 15:50:16,688 - src.training.federated - INFO - Round 3 Validation AUROC: 0.5889
2026-05-24 15:50:16,694 - src.training.federated - INFO - 
======================================================================
2026-05-24 15:50:16,694 - src.training.federated - INFO - Final Test AUROC: 0.5918
2026-05-24 15:50:16,694 - src.training.federated - INFO - ======================================================================

2026-05-24 15:50:16,695 - __main__ - INFO - 
======================================================================
2026-05-24 15:50:16,695 - __main__ - INFO - Phase 1.5: Results Comparison
2026-05-24 15:50:16,695 - __main__ - INFO - ======================================================================
2026-05-24 15:50:16,695 - __main__ - INFO - 
Test AUROC Comparison:
2026-05-24 15:50:16,695 - __main__ - INFO -   Centralized: 0.8880
2026-05-24 15:50:16,695 - __main__ - INFO -   Federated:   0.5918
2026-05-24 15:50:16,695 - __main__ - INFO -   Divergence:  0.2962
2026-05-24 15:50:16,695 - __main__ - WARNING - ⚠ Federated AUROC (0.5918) < 0.85 target
2026-05-24 15:50:16,695 - __main__ - WARNING - ⚠ Divergence between centralized and federated (0.2962) > 0.05
2026-05-24 15:50:16,695 - __main__ - INFO - 
======================================================================
2026-05-24 15:50:16,695 - __main__ - INFO - ⚠️  EXPERIMENT 1 PARTIAL - Manual review recommended
2026-05-24 15:50:16,695 - __main__ - INFO - ======================================================================
