2026-05-24 15:50:18,124 - __main__ - INFO - 
================================================================================
2026-05-24 15:50:18,124 - __main__ - INFO - # EXPERIMENT 1: FEDERATED LEARNING BASELINE
2026-05-24 15:50:18,124 - __main__ - INFO - ================================================================================
2026-05-24 15:50:18,124 - __main__ - INFO - 
Phase 1.1: Loading Phase 0 cohort and splits...
2026-05-24 15:50:18,124 - src.data.loader - INFO - Loading cohort from cache: /home/raiyanjiyon/Projects/federated-healthcare-ml/data/cache/mimic_iv_cohort.csv
2026-05-24 15:50:18,290 - src.data.loader - WARNING - Missing features: {'admission_type_emergency'}
2026-05-24 15:50:18,298 - src.data.loader - INFO - Dataset: 65273 patients, 31 features
2026-05-24 15:50:18,299 - src.data.loader - INFO - Target distribution: [58207  7066]
2026-05-24 15:50:18,299 - __main__ - INFO - Loaded: 65273 samples, 31 features
2026-05-24 15:50:18,299 - __main__ - INFO - Target distribution: 7066 deaths (10.8%)
2026-05-24 15:50:18,299 - __main__ - INFO - 
Phase 1.2: Distributing data to federated clients by care unit...
2026-05-24 15:50:18,303 - src.data.split - INFO - ✓ Medical Intensive Care Unit (MICU): 8791 patients, 1410 deaths (16.0%)
2026-05-24 15:50:18,306 - src.data.split - INFO - ✓ Surgical Intensive Care Unit (SICU): 6372 patients, 754 deaths (11.8%)
2026-05-24 15:50:18,310 - src.data.split - INFO - ✓ Medical/Surgical Intensive Care Unit (MICU/SICU): 6983 patients, 957 deaths (13.7%)
2026-05-24 15:50:18,314 - src.data.split - INFO - ✓ Cardiac Vascular Intensive Care Unit (CVICU): 8118 patients, 265 deaths (3.3%)
2026-05-24 15:50:18,317 - src.data.split - INFO - ✓ Coronary Care Unit (CCU): 5113 patients, 643 deaths (12.6%)
2026-05-24 15:50:18,321 - src.data.split - INFO - ✓ Trauma SICU (TSICU): 5458 patients, 569 deaths (10.4%)
2026-05-24 15:50:18,323 - src.data.split - INFO - ✓ Neuro Surgical Intensive Care Unit (Neuro SICU): 907 patients, 256 deaths (28.2%)
2026-05-24 15:50:18,327 - src.data.split - INFO -   (skipped Intensive Care Unit (ICU): 16 patients, < 100)
2026-05-24 15:50:18,329 - src.data.split - INFO -   (skipped Medicine: 9 patients, < 100)
2026-05-24 15:50:18,331 - src.data.split - INFO -   (skipped Neuro Intermediate: 3035 patients, < 100)
2026-05-24 15:50:18,333 - src.data.split - INFO -   (skipped Neuro Stepdown: 784 patients, < 100)
2026-05-24 15:50:18,335 - src.data.split - INFO -   (skipped PACU: 43 patients, < 100)
2026-05-24 15:50:18,337 - src.data.split - INFO -   (skipped Surgery/Trauma: 2 patients, < 100)
2026-05-24 15:50:18,339 - src.data.split - INFO -   (skipped Surgery/Vascular/Intermediate: 60 patients, < 100)
2026-05-24 15:50:18,339 - src.data.split - INFO - 
✓ Federated learning ready: 7 clients
2026-05-24 15:50:18,339 - __main__ - INFO - 
✓ Created 7 federated clients
2026-05-24 15:50:18,339 - __main__ - INFO - 
Client Statistics:
2026-05-24 15:50:18,339 - __main__ - INFO - ----------------------------------------------------------------------
2026-05-24 15:50:18,339 - __main__ - INFO -   Medical Intensive Care Unit (MICU)         8791 patients, 1410 deaths ( 16.0%)
2026-05-24 15:50:18,339 - __main__ - INFO -   Cardiac Vascular Intensive Care Unit (CVICU)   8118 patients,  265 deaths (  3.3%)
2026-05-24 15:50:18,339 - __main__ - INFO -   Medical/Surgical Intensive Care Unit (MICU/SICU)   6983 patients,  957 deaths ( 13.7%)
2026-05-24 15:50:18,339 - __main__ - INFO -   Surgical Intensive Care Unit (SICU)        6372 patients,  754 deaths ( 11.8%)
2026-05-24 15:50:18,339 - __main__ - INFO -   Trauma SICU (TSICU)                        5458 patients,  569 deaths ( 10.4%)
2026-05-24 15:50:18,339 - __main__ - INFO -   Coronary Care Unit (CCU)                   5113 patients,  643 deaths ( 12.6%)
2026-05-24 15:50:18,340 - __main__ - INFO -   Neuro Surgical Intensive Care Unit (Neuro SICU)    907 patients,  256 deaths ( 28.2%)
2026-05-24 15:50:18,340 - __main__ - INFO - 
======================================================================
2026-05-24 15:50:18,340 - __main__ - INFO - Phase 1.3: Training Centralized Baseline (for comparison)...
2026-05-24 15:50:18,340 - __main__ - INFO - ======================================================================
2026-05-24 15:50:18,908 - __main__ - INFO - 
Centralized Train AUROC: 0.8857
2026-05-24 15:50:18,908 - __main__ - INFO - Centralized Val AUROC:   0.8846
2026-05-24 15:50:18,908 - __main__ - INFO - Centralized Test AUROC:  0.8880
2026-05-24 15:50:18,909 - __main__ - INFO - 
======================================================================
2026-05-24 15:50:18,909 - __main__ - INFO - Phase 1.4: Training Federated Learning Model...
2026-05-24 15:50:18,909 - __main__ - INFO - ======================================================================
2026-05-24 15:50:18,909 - __main__ - INFO - Overriding DP epsilon to 8.0
2026-05-24 15:50:18,909 - __main__ - INFO - Overriding clipping threshold to 10.0
2026-05-24 15:50:18,945 - root - INFO - 
======================================================================
2026-05-24 15:50:18,945 - root - INFO - Differential Privacy Mechanism Initialized: GaussianDP
2026-05-24 15:50:18,945 - root - INFO - ======================================================================
2026-05-24 15:50:18,945 - root - INFO -   Privacy Budget (ε):     8.0000
2026-05-24 15:50:18,945 - root - INFO -   Failure Probability (δ): 0.000010
2026-05-24 15:50:18,945 - root - INFO -   Clipping Norm (C):      10.0000
2026-05-24 15:50:18,945 - root - INFO -   Noise Scale (σ):        5.9982
2026-05-24 15:50:18,945 - root - INFO - ======================================================================

2026-05-24 15:50:18,945 - src.training.federated - INFO - FederatedTrainer initialized:
2026-05-24 15:50:18,945 - src.training.federated - INFO -   Clients: 7
2026-05-24 15:50:18,945 - src.training.federated - INFO -   Training samples: 41742
2026-05-24 15:50:18,945 - src.training.federated - INFO -   Validation samples: 9791
2026-05-24 15:50:18,945 - src.training.federated - INFO -   Test samples: 9791
2026-05-24 15:50:18,945 - src.training.federated - INFO -   Features: 31
2026-05-24 15:50:18,945 - src.training.federated - INFO -   Rounds: 3
2026-05-24 15:50:18,945 - src.training.federated - INFO -   Strategy: FEDAVG
2026-05-24 15:50:18,945 - src.training.federated - INFO -   Privacy: Enabled (ε=1.0, δ=1e-5)
2026-05-24 15:50:18,945 - src.training.federated - INFO - 
######################################################################
2026-05-24 15:50:18,945 - src.training.federated - INFO - # FEDERATED LEARNING TRAINING (3 rounds)
2026-05-24 15:50:18,945 - src.training.federated - INFO - # Strategy: FEDAVG
2026-05-24 15:50:18,945 - src.training.federated - INFO - ######################################################################

2026-05-24 15:50:18,945 - src.training.federated - INFO - 
======================================================================
2026-05-24 15:50:18,945 - src.training.federated - INFO - Round 1/3
2026-05-24 15:50:18,945 - src.training.federated - INFO - ======================================================================
2026-05-24 15:50:19,004 - root - INFO - add_noise: grad_norm=2.5904, noise_norm=29.9394, sigma=5.9982, epsilon_per_round=8.0000
2026-05-24 15:50:19,004 - root - INFO - add_noise: grad_norm=3.5588, noise_norm=11.1103, sigma=5.9982, epsilon_per_round=8.0000
2026-05-24 15:50:19,004 - src.training.federated - INFO -   Cardiac Vascular Intensive Care Unit (CVICU): 8118 samples, loss=0.0754
2026-05-24 15:50:19,018 - root - INFO - add_noise: grad_norm=2.4938, noise_norm=28.9389, sigma=5.9982, epsilon_per_round=8.0000
2026-05-24 15:50:19,018 - root - INFO - add_noise: grad_norm=2.8958, noise_norm=7.1750, sigma=5.9982, epsilon_per_round=8.0000
2026-05-24 15:50:19,018 - src.training.federated - INFO -   Coronary Care Unit (CCU): 5113 samples, loss=0.2288
2026-05-24 15:50:19,039 - root - INFO - add_noise: grad_norm=1.8491, noise_norm=31.3541, sigma=5.9982, epsilon_per_round=8.0000
2026-05-24 15:50:19,039 - root - INFO - add_noise: grad_norm=2.3548, noise_norm=8.7784, sigma=5.9982, epsilon_per_round=8.0000
2026-05-24 15:50:19,039 - src.training.federated - INFO -   Medical Intensive Care Unit (MICU): 8791 samples, loss=0.2735
2026-05-24 15:50:19,063 - root - INFO - add_noise: grad_norm=2.5337, noise_norm=33.7344, sigma=5.9982, epsilon_per_round=8.0000
2026-05-24 15:50:19,063 - root - INFO - add_noise: grad_norm=2.6518, noise_norm=3.3967, sigma=5.9982, epsilon_per_round=8.0000
2026-05-24 15:50:19,063 - src.training.federated - INFO -   Medical/Surgical Intensive Care Unit (MICU/SICU): 6983 samples, loss=0.2627
2026-05-24 15:50:19,069 - root - INFO - add_noise: grad_norm=3.2300, noise_norm=30.1576, sigma=5.9982, epsilon_per_round=8.0000
2026-05-24 15:50:19,069 - root - INFO - add_noise: grad_norm=1.4097, noise_norm=3.9381, sigma=5.9982, epsilon_per_round=8.0000
2026-05-24 15:50:19,069 - src.training.federated - INFO -   Neuro Surgical Intensive Care Unit (Neuro SICU): 907 samples, loss=0.3759
2026-05-24 15:50:19,086 - root - INFO - add_noise: grad_norm=2.9842, noise_norm=31.7472, sigma=5.9982, epsilon_per_round=8.0000
2026-05-24 15:50:19,086 - root - INFO - add_noise: grad_norm=2.5900, noise_norm=5.1368, sigma=5.9982, epsilon_per_round=8.0000
2026-05-24 15:50:19,086 - src.training.federated - INFO -   Surgical Intensive Care Unit (SICU): 6372 samples, loss=0.2279
2026-05-24 15:50:19,101 - root - INFO - add_noise: grad_norm=2.4832, noise_norm=37.3953, sigma=5.9982, epsilon_per_round=8.0000
2026-05-24 15:50:19,101 - root - INFO - add_noise: grad_norm=2.8690, noise_norm=9.6733, sigma=5.9982, epsilon_per_round=8.0000
2026-05-24 15:50:19,101 - src.training.federated - INFO -   Trauma SICU (TSICU): 5458 samples, loss=0.1753
2026-05-24 15:50:19,101 - src.training.federated - INFO - Round 1 complete: 7 clients aggregated
2026-05-24 15:50:19,106 - src.training.federated - INFO - Round 1 Validation AUROC: 0.7296
2026-05-24 15:50:19,106 - src.training.federated - INFO - 
======================================================================
2026-05-24 15:50:19,106 - src.training.federated - INFO - Round 2/3
2026-05-24 15:50:19,106 - src.training.federated - INFO - ======================================================================
2026-05-24 15:50:19,127 - root - INFO - add_noise: grad_norm=2.5904, noise_norm=34.0870, sigma=5.9982, epsilon_per_round=8.0000
2026-05-24 15:50:19,127 - root - INFO - add_noise: grad_norm=3.5588, noise_norm=2.9045, sigma=5.9982, epsilon_per_round=8.0000
2026-05-24 15:50:19,127 - src.training.federated - INFO -   Cardiac Vascular Intensive Care Unit (CVICU): 8118 samples, loss=0.0754
2026-05-24 15:50:19,140 - root - INFO - add_noise: grad_norm=2.4938, noise_norm=38.8572, sigma=5.9982, epsilon_per_round=8.0000
2026-05-24 15:50:19,140 - root - INFO - add_noise: grad_norm=2.8958, noise_norm=3.5288, sigma=5.9982, epsilon_per_round=8.0000
2026-05-24 15:50:19,140 - src.training.federated - INFO -   Coronary Care Unit (CCU): 5113 samples, loss=0.2288
2026-05-24 15:50:19,162 - root - INFO - add_noise: grad_norm=1.8491, noise_norm=22.1433, sigma=5.9982, epsilon_per_round=8.0000
2026-05-24 15:50:19,162 - root - INFO - add_noise: grad_norm=2.3548, noise_norm=0.7806, sigma=5.9982, epsilon_per_round=8.0000
2026-05-24 15:50:19,162 - src.training.federated - INFO -   Medical Intensive Care Unit (MICU): 8791 samples, loss=0.2735
2026-05-24 15:50:19,184 - root - INFO - add_noise: grad_norm=2.5337, noise_norm=26.9779, sigma=5.9982, epsilon_per_round=8.0000
2026-05-24 15:50:19,184 - root - INFO - add_noise: grad_norm=2.6518, noise_norm=8.8494, sigma=5.9982, epsilon_per_round=8.0000
2026-05-24 15:50:19,184 - src.training.federated - INFO -   Medical/Surgical Intensive Care Unit (MICU/SICU): 6983 samples, loss=0.2627
2026-05-24 15:50:19,192 - root - INFO - add_noise: grad_norm=3.2300, noise_norm=31.1926, sigma=5.9982, epsilon_per_round=8.0000
2026-05-24 15:50:19,192 - root - INFO - add_noise: grad_norm=1.4097, noise_norm=3.1536, sigma=5.9982, epsilon_per_round=8.0000
2026-05-24 15:50:19,192 - src.training.federated - INFO -   Neuro Surgical Intensive Care Unit (Neuro SICU): 907 samples, loss=0.3759
2026-05-24 15:50:19,208 - root - INFO - add_noise: grad_norm=2.9842, noise_norm=33.0408, sigma=5.9982, epsilon_per_round=8.0000
2026-05-24 15:50:19,208 - root - INFO - add_noise: grad_norm=2.5900, noise_norm=4.4895, sigma=5.9982, epsilon_per_round=8.0000
2026-05-24 15:50:19,208 - src.training.federated - INFO -   Surgical Intensive Care Unit (SICU): 6372 samples, loss=0.2279
2026-05-24 15:50:19,222 - root - INFO - add_noise: grad_norm=2.4832, noise_norm=39.1671, sigma=5.9982, epsilon_per_round=8.0000
2026-05-24 15:50:19,222 - root - INFO - add_noise: grad_norm=2.8690, noise_norm=5.6375, sigma=5.9982, epsilon_per_round=8.0000
2026-05-24 15:50:19,222 - src.training.federated - INFO -   Trauma SICU (TSICU): 5458 samples, loss=0.1753
2026-05-24 15:50:19,222 - src.training.federated - INFO - Round 2 complete: 7 clients aggregated
2026-05-24 15:50:19,228 - src.training.federated - INFO - Round 2 Validation AUROC: 0.6513
2026-05-24 15:50:19,228 - src.training.federated - INFO - 
======================================================================
2026-05-24 15:50:19,228 - src.training.federated - INFO - Round 3/3
2026-05-24 15:50:19,228 - src.training.federated - INFO - ======================================================================
2026-05-24 15:50:19,247 - root - INFO - add_noise: grad_norm=2.5904, noise_norm=35.7382, sigma=5.9982, epsilon_per_round=8.0000
2026-05-24 15:50:19,247 - root - INFO - add_noise: grad_norm=3.5588, noise_norm=6.7154, sigma=5.9982, epsilon_per_round=8.0000
2026-05-24 15:50:19,247 - src.training.federated - INFO -   Cardiac Vascular Intensive Care Unit (CVICU): 8118 samples, loss=0.0754
2026-05-24 15:50:19,260 - root - INFO - add_noise: grad_norm=2.4938, noise_norm=32.8521, sigma=5.9982, epsilon_per_round=8.0000
2026-05-24 15:50:19,260 - root - INFO - add_noise: grad_norm=2.8958, noise_norm=0.3013, sigma=5.9982, epsilon_per_round=8.0000
2026-05-24 15:50:19,260 - src.training.federated - INFO -   Coronary Care Unit (CCU): 5113 samples, loss=0.2288
2026-05-24 15:50:19,282 - root - INFO - add_noise: grad_norm=1.8491, noise_norm=29.5946, sigma=5.9982, epsilon_per_round=8.0000
2026-05-24 15:50:19,282 - root - INFO - add_noise: grad_norm=2.3548, noise_norm=8.6468, sigma=5.9982, epsilon_per_round=8.0000
2026-05-24 15:50:19,282 - src.training.federated - INFO -   Medical Intensive Care Unit (MICU): 8791 samples, loss=0.2735
2026-05-24 15:50:19,304 - root - INFO - add_noise: grad_norm=2.5337, noise_norm=32.5426, sigma=5.9982, epsilon_per_round=8.0000
2026-05-24 15:50:19,305 - root - INFO - add_noise: grad_norm=2.6518, noise_norm=13.2627, sigma=5.9982, epsilon_per_round=8.0000
2026-05-24 15:50:19,305 - src.training.federated - INFO -   Medical/Surgical Intensive Care Unit (MICU/SICU): 6983 samples, loss=0.2627
2026-05-24 15:50:19,312 - root - INFO - add_noise: grad_norm=3.2300, noise_norm=29.4023, sigma=5.9982, epsilon_per_round=8.0000
2026-05-24 15:50:19,312 - root - INFO - add_noise: grad_norm=1.4097, noise_norm=7.4656, sigma=5.9982, epsilon_per_round=8.0000
2026-05-24 15:50:19,312 - src.training.federated - INFO -   Neuro Surgical Intensive Care Unit (Neuro SICU): 907 samples, loss=0.3759
2026-05-24 15:50:19,329 - root - INFO - add_noise: grad_norm=2.9842, noise_norm=36.3433, sigma=5.9982, epsilon_per_round=8.0000
2026-05-24 15:50:19,329 - root - INFO - add_noise: grad_norm=2.5900, noise_norm=7.7681, sigma=5.9982, epsilon_per_round=8.0000
2026-05-24 15:50:19,329 - src.training.federated - INFO -   Surgical Intensive Care Unit (SICU): 6372 samples, loss=0.2279
2026-05-24 15:50:19,344 - root - INFO - add_noise: grad_norm=2.4832, noise_norm=37.6443, sigma=5.9982, epsilon_per_round=8.0000
2026-05-24 15:50:19,344 - root - INFO - add_noise: grad_norm=2.8690, noise_norm=12.4365, sigma=5.9982, epsilon_per_round=8.0000
2026-05-24 15:50:19,344 - src.training.federated - INFO -   Trauma SICU (TSICU): 5458 samples, loss=0.1753
2026-05-24 15:50:19,344 - src.training.federated - INFO - Round 3 complete: 7 clients aggregated
2026-05-24 15:50:19,349 - src.training.federated - INFO - Round 3 Validation AUROC: 0.5152
2026-05-24 15:50:19,354 - src.training.federated - INFO - 
======================================================================
2026-05-24 15:50:19,354 - src.training.federated - INFO - Final Test AUROC: 0.5189
2026-05-24 15:50:19,354 - src.training.federated - INFO - ======================================================================

2026-05-24 15:50:19,354 - __main__ - INFO - 
======================================================================
2026-05-24 15:50:19,354 - __main__ - INFO - Phase 1.5: Results Comparison
2026-05-24 15:50:19,354 - __main__ - INFO - ======================================================================
2026-05-24 15:50:19,354 - __main__ - INFO - 
Test AUROC Comparison:
2026-05-24 15:50:19,354 - __main__ - INFO -   Centralized: 0.8880
2026-05-24 15:50:19,354 - __main__ - INFO -   Federated:   0.5189
2026-05-24 15:50:19,354 - __main__ - INFO -   Divergence:  0.3690
2026-05-24 15:50:19,354 - __main__ - WARNING - ⚠ Federated AUROC (0.5189) < 0.85 target
2026-05-24 15:50:19,354 - __main__ - WARNING - ⚠ Divergence between centralized and federated (0.3690) > 0.05
2026-05-24 15:50:19,354 - __main__ - INFO - 
======================================================================
2026-05-24 15:50:19,354 - __main__ - INFO - ⚠️  EXPERIMENT 1 PARTIAL - Manual review recommended
2026-05-24 15:50:19,354 - __main__ - INFO - ======================================================================
