2026-05-24 15:49:19,664 - __main__ - INFO - 
================================================================================
2026-05-24 15:49:19,664 - __main__ - INFO - # EXPERIMENT 1: FEDERATED LEARNING BASELINE
2026-05-24 15:49:19,664 - __main__ - INFO - ================================================================================
2026-05-24 15:49:19,665 - __main__ - INFO - 
Phase 1.1: Loading Phase 0 cohort and splits...
2026-05-24 15:49:19,665 - src.data.loader - INFO - Loading cohort from cache: /home/raiyanjiyon/Projects/federated-healthcare-ml/data/cache/mimic_iv_cohort.csv
2026-05-24 15:49:19,834 - src.data.loader - WARNING - Missing features: {'admission_type_emergency'}
2026-05-24 15:49:19,841 - src.data.loader - INFO - Dataset: 65273 patients, 31 features
2026-05-24 15:49:19,842 - src.data.loader - INFO - Target distribution: [58207  7066]
2026-05-24 15:49:19,842 - __main__ - INFO - Loaded: 65273 samples, 31 features
2026-05-24 15:49:19,842 - __main__ - INFO - Target distribution: 7066 deaths (10.8%)
2026-05-24 15:49:19,842 - __main__ - INFO - 
Phase 1.2: Distributing data to federated clients by care unit...
2026-05-24 15:49:19,846 - src.data.split - INFO - ✓ Medical Intensive Care Unit (MICU): 8791 patients, 1410 deaths (16.0%)
2026-05-24 15:49:19,850 - src.data.split - INFO - ✓ Surgical Intensive Care Unit (SICU): 6372 patients, 754 deaths (11.8%)
2026-05-24 15:49:19,854 - src.data.split - INFO - ✓ Medical/Surgical Intensive Care Unit (MICU/SICU): 6983 patients, 957 deaths (13.7%)
2026-05-24 15:49:19,858 - src.data.split - INFO - ✓ Cardiac Vascular Intensive Care Unit (CVICU): 8118 patients, 265 deaths (3.3%)
2026-05-24 15:49:19,861 - src.data.split - INFO - ✓ Coronary Care Unit (CCU): 5113 patients, 643 deaths (12.6%)
2026-05-24 15:49:19,865 - src.data.split - INFO - ✓ Trauma SICU (TSICU): 5458 patients, 569 deaths (10.4%)
2026-05-24 15:49:19,867 - src.data.split - INFO - ✓ Neuro Surgical Intensive Care Unit (Neuro SICU): 907 patients, 256 deaths (28.2%)
2026-05-24 15:49:19,872 - src.data.split - INFO -   (skipped Intensive Care Unit (ICU): 16 patients, < 100)
2026-05-24 15:49:19,874 - src.data.split - INFO -   (skipped Medicine: 9 patients, < 100)
2026-05-24 15:49:19,876 - src.data.split - INFO -   (skipped Neuro Intermediate: 3035 patients, < 100)
2026-05-24 15:49:19,878 - src.data.split - INFO -   (skipped Neuro Stepdown: 784 patients, < 100)
2026-05-24 15:49:19,880 - src.data.split - INFO -   (skipped PACU: 43 patients, < 100)
2026-05-24 15:49:19,882 - src.data.split - INFO -   (skipped Surgery/Trauma: 2 patients, < 100)
2026-05-24 15:49:19,885 - src.data.split - INFO -   (skipped Surgery/Vascular/Intermediate: 60 patients, < 100)
2026-05-24 15:49:19,885 - src.data.split - INFO - 
✓ Federated learning ready: 7 clients
2026-05-24 15:49:19,885 - __main__ - INFO - 
✓ Created 7 federated clients
2026-05-24 15:49:19,885 - __main__ - INFO - 
Client Statistics:
2026-05-24 15:49:19,885 - __main__ - INFO - ----------------------------------------------------------------------
2026-05-24 15:49:19,885 - __main__ - INFO -   Medical Intensive Care Unit (MICU)         8791 patients, 1410 deaths ( 16.0%)
2026-05-24 15:49:19,885 - __main__ - INFO -   Cardiac Vascular Intensive Care Unit (CVICU)   8118 patients,  265 deaths (  3.3%)
2026-05-24 15:49:19,885 - __main__ - INFO -   Medical/Surgical Intensive Care Unit (MICU/SICU)   6983 patients,  957 deaths ( 13.7%)
2026-05-24 15:49:19,885 - __main__ - INFO -   Surgical Intensive Care Unit (SICU)        6372 patients,  754 deaths ( 11.8%)
2026-05-24 15:49:19,885 - __main__ - INFO -   Trauma SICU (TSICU)                        5458 patients,  569 deaths ( 10.4%)
2026-05-24 15:49:19,885 - __main__ - INFO -   Coronary Care Unit (CCU)                   5113 patients,  643 deaths ( 12.6%)
2026-05-24 15:49:19,885 - __main__ - INFO -   Neuro Surgical Intensive Care Unit (Neuro SICU)    907 patients,  256 deaths ( 28.2%)
2026-05-24 15:49:19,885 - __main__ - INFO - 
======================================================================
2026-05-24 15:49:19,885 - __main__ - INFO - Phase 1.3: Training Centralized Baseline (for comparison)...
2026-05-24 15:49:19,885 - __main__ - INFO - ======================================================================
2026-05-24 15:49:20,426 - __main__ - INFO - 
Centralized Train AUROC: 0.8857
2026-05-24 15:49:20,426 - __main__ - INFO - Centralized Val AUROC:   0.8846
2026-05-24 15:49:20,426 - __main__ - INFO - Centralized Test AUROC:  0.8880
2026-05-24 15:49:20,426 - __main__ - INFO - 
======================================================================
2026-05-24 15:49:20,426 - __main__ - INFO - Phase 1.4: Training Federated Learning Model...
2026-05-24 15:49:20,426 - __main__ - INFO - ======================================================================
2026-05-24 15:49:20,426 - __main__ - INFO - Overriding DP epsilon to 16.0
2026-05-24 15:49:20,426 - __main__ - INFO - Overriding clipping threshold to 1.0
2026-05-24 15:49:20,457 - root - INFO - 
======================================================================
2026-05-24 15:49:20,457 - root - INFO - Differential Privacy Mechanism Initialized: GaussianDP
2026-05-24 15:49:20,457 - root - INFO - ======================================================================
2026-05-24 15:49:20,457 - root - INFO -   Privacy Budget (ε):     16.0000
2026-05-24 15:49:20,457 - root - INFO -   Failure Probability (δ): 0.000010
2026-05-24 15:49:20,457 - root - INFO -   Clipping Norm (C):      1.0000
2026-05-24 15:49:20,457 - root - INFO -   Noise Scale (σ):        0.2999
2026-05-24 15:49:20,457 - root - INFO - ======================================================================

2026-05-24 15:49:20,457 - src.training.federated - INFO - FederatedTrainer initialized:
2026-05-24 15:49:20,457 - src.training.federated - INFO -   Clients: 7
2026-05-24 15:49:20,457 - src.training.federated - INFO -   Training samples: 41742
2026-05-24 15:49:20,457 - src.training.federated - INFO -   Validation samples: 9791
2026-05-24 15:49:20,457 - src.training.federated - INFO -   Test samples: 9791
2026-05-24 15:49:20,457 - src.training.federated - INFO -   Features: 31
2026-05-24 15:49:20,457 - src.training.federated - INFO -   Rounds: 3
2026-05-24 15:49:20,457 - src.training.federated - INFO -   Strategy: FEDAVG
2026-05-24 15:49:20,457 - src.training.federated - INFO -   Privacy: Enabled (ε=1.0, δ=1e-5)
2026-05-24 15:49:20,457 - src.training.federated - INFO - 
######################################################################
2026-05-24 15:49:20,457 - src.training.federated - INFO - # FEDERATED LEARNING TRAINING (3 rounds)
2026-05-24 15:49:20,457 - src.training.federated - INFO - # Strategy: FEDAVG
2026-05-24 15:49:20,457 - src.training.federated - INFO - ######################################################################

2026-05-24 15:49:20,457 - src.training.federated - INFO - 
======================================================================
2026-05-24 15:49:20,457 - src.training.federated - INFO - Round 1/3
2026-05-24 15:49:20,457 - src.training.federated - INFO - ======================================================================
2026-05-24 15:49:20,513 - root - INFO - add_noise: grad_norm=2.5904, noise_norm=1.4970, sigma=0.2999, epsilon_per_round=16.0000
2026-05-24 15:49:20,513 - root - INFO - add_noise: grad_norm=3.5588, noise_norm=0.5555, sigma=0.2999, epsilon_per_round=16.0000
2026-05-24 15:49:20,513 - src.training.federated - INFO -   Cardiac Vascular Intensive Care Unit (CVICU): 8118 samples, loss=0.0754
2026-05-24 15:49:20,532 - root - INFO - add_noise: grad_norm=2.4938, noise_norm=1.4469, sigma=0.2999, epsilon_per_round=16.0000
2026-05-24 15:49:20,532 - root - INFO - add_noise: grad_norm=2.8958, noise_norm=0.3588, sigma=0.2999, epsilon_per_round=16.0000
2026-05-24 15:49:20,532 - src.training.federated - INFO -   Coronary Care Unit (CCU): 5113 samples, loss=0.2288
2026-05-24 15:49:20,559 - root - INFO - add_noise: grad_norm=1.8491, noise_norm=1.5677, sigma=0.2999, epsilon_per_round=16.0000
2026-05-24 15:49:20,559 - root - INFO - add_noise: grad_norm=2.3548, noise_norm=0.4389, sigma=0.2999, epsilon_per_round=16.0000
2026-05-24 15:49:20,559 - src.training.federated - INFO -   Medical Intensive Care Unit (MICU): 8791 samples, loss=0.2735
2026-05-24 15:49:20,587 - root - INFO - add_noise: grad_norm=2.5337, noise_norm=1.6867, sigma=0.2999, epsilon_per_round=16.0000
2026-05-24 15:49:20,587 - root - INFO - add_noise: grad_norm=2.6518, noise_norm=0.1698, sigma=0.2999, epsilon_per_round=16.0000
2026-05-24 15:49:20,587 - src.training.federated - INFO -   Medical/Surgical Intensive Care Unit (MICU/SICU): 6983 samples, loss=0.2627
2026-05-24 15:49:20,596 - root - INFO - add_noise: grad_norm=3.2300, noise_norm=1.5079, sigma=0.2999, epsilon_per_round=16.0000
2026-05-24 15:49:20,596 - root - INFO - add_noise: grad_norm=1.4097, noise_norm=0.1969, sigma=0.2999, epsilon_per_round=16.0000
2026-05-24 15:49:20,596 - src.training.federated - INFO -   Neuro Surgical Intensive Care Unit (Neuro SICU): 907 samples, loss=0.3759
2026-05-24 15:49:20,617 - root - INFO - add_noise: grad_norm=2.9842, noise_norm=1.5874, sigma=0.2999, epsilon_per_round=16.0000
2026-05-24 15:49:20,617 - root - INFO - add_noise: grad_norm=2.5900, noise_norm=0.2568, sigma=0.2999, epsilon_per_round=16.0000
2026-05-24 15:49:20,617 - src.training.federated - INFO -   Surgical Intensive Care Unit (SICU): 6372 samples, loss=0.2279
2026-05-24 15:49:20,634 - root - INFO - add_noise: grad_norm=2.4832, noise_norm=1.8698, sigma=0.2999, epsilon_per_round=16.0000
2026-05-24 15:49:20,634 - root - INFO - add_noise: grad_norm=2.8690, noise_norm=0.4837, sigma=0.2999, epsilon_per_round=16.0000
2026-05-24 15:49:20,635 - src.training.federated - INFO -   Trauma SICU (TSICU): 5458 samples, loss=0.1753
2026-05-24 15:49:20,635 - src.training.federated - INFO - Round 1 complete: 7 clients aggregated
2026-05-24 15:49:20,641 - src.training.federated - INFO - Round 1 Validation AUROC: 0.8680
2026-05-24 15:49:20,641 - src.training.federated - INFO - 
======================================================================
2026-05-24 15:49:20,641 - src.training.federated - INFO - Round 2/3
2026-05-24 15:49:20,641 - src.training.federated - INFO - ======================================================================
2026-05-24 15:49:20,664 - root - INFO - add_noise: grad_norm=2.5904, noise_norm=1.7044, sigma=0.2999, epsilon_per_round=16.0000
2026-05-24 15:49:20,664 - root - INFO - add_noise: grad_norm=3.5588, noise_norm=0.1452, sigma=0.2999, epsilon_per_round=16.0000
2026-05-24 15:49:20,664 - src.training.federated - INFO -   Cardiac Vascular Intensive Care Unit (CVICU): 8118 samples, loss=0.0754
2026-05-24 15:49:20,681 - root - INFO - add_noise: grad_norm=2.4938, noise_norm=1.9429, sigma=0.2999, epsilon_per_round=16.0000
2026-05-24 15:49:20,681 - root - INFO - add_noise: grad_norm=2.8958, noise_norm=0.1764, sigma=0.2999, epsilon_per_round=16.0000
2026-05-24 15:49:20,681 - src.training.federated - INFO -   Coronary Care Unit (CCU): 5113 samples, loss=0.2288
2026-05-24 15:49:20,707 - root - INFO - add_noise: grad_norm=1.8491, noise_norm=1.1072, sigma=0.2999, epsilon_per_round=16.0000
2026-05-24 15:49:20,707 - root - INFO - add_noise: grad_norm=2.3548, noise_norm=0.0390, sigma=0.2999, epsilon_per_round=16.0000
2026-05-24 15:49:20,707 - src.training.federated - INFO -   Medical Intensive Care Unit (MICU): 8791 samples, loss=0.2735
2026-05-24 15:49:20,734 - root - INFO - add_noise: grad_norm=2.5337, noise_norm=1.3489, sigma=0.2999, epsilon_per_round=16.0000
2026-05-24 15:49:20,734 - root - INFO - add_noise: grad_norm=2.6518, noise_norm=0.4425, sigma=0.2999, epsilon_per_round=16.0000
2026-05-24 15:49:20,734 - src.training.federated - INFO -   Medical/Surgical Intensive Care Unit (MICU/SICU): 6983 samples, loss=0.2627
2026-05-24 15:49:20,742 - root - INFO - add_noise: grad_norm=3.2300, noise_norm=1.5596, sigma=0.2999, epsilon_per_round=16.0000
2026-05-24 15:49:20,742 - root - INFO - add_noise: grad_norm=1.4097, noise_norm=0.1577, sigma=0.2999, epsilon_per_round=16.0000
2026-05-24 15:49:20,742 - src.training.federated - INFO -   Neuro Surgical Intensive Care Unit (Neuro SICU): 907 samples, loss=0.3759
2026-05-24 15:49:20,763 - root - INFO - add_noise: grad_norm=2.9842, noise_norm=1.6520, sigma=0.2999, epsilon_per_round=16.0000
2026-05-24 15:49:20,763 - root - INFO - add_noise: grad_norm=2.5900, noise_norm=0.2245, sigma=0.2999, epsilon_per_round=16.0000
2026-05-24 15:49:20,763 - src.training.federated - INFO -   Surgical Intensive Care Unit (SICU): 6372 samples, loss=0.2279
2026-05-24 15:49:20,780 - root - INFO - add_noise: grad_norm=2.4832, noise_norm=1.9584, sigma=0.2999, epsilon_per_round=16.0000
2026-05-24 15:49:20,781 - root - INFO - add_noise: grad_norm=2.8690, noise_norm=0.2819, sigma=0.2999, epsilon_per_round=16.0000
2026-05-24 15:49:20,781 - src.training.federated - INFO -   Trauma SICU (TSICU): 5458 samples, loss=0.1753
2026-05-24 15:49:20,781 - src.training.federated - INFO - Round 2 complete: 7 clients aggregated
2026-05-24 15:49:20,786 - src.training.federated - INFO - Round 2 Validation AUROC: 0.8752
2026-05-24 15:49:20,787 - src.training.federated - INFO - 
======================================================================
2026-05-24 15:49:20,787 - src.training.federated - INFO - Round 3/3
2026-05-24 15:49:20,787 - src.training.federated - INFO - ======================================================================
2026-05-24 15:49:20,811 - root - INFO - add_noise: grad_norm=2.5904, noise_norm=1.7869, sigma=0.2999, epsilon_per_round=16.0000
2026-05-24 15:49:20,811 - root - INFO - add_noise: grad_norm=3.5588, noise_norm=0.3358, sigma=0.2999, epsilon_per_round=16.0000
2026-05-24 15:49:20,811 - src.training.federated - INFO -   Cardiac Vascular Intensive Care Unit (CVICU): 8118 samples, loss=0.0754
2026-05-24 15:49:20,827 - root - INFO - add_noise: grad_norm=2.4938, noise_norm=1.6426, sigma=0.2999, epsilon_per_round=16.0000
2026-05-24 15:49:20,827 - root - INFO - add_noise: grad_norm=2.8958, noise_norm=0.0151, sigma=0.2999, epsilon_per_round=16.0000
2026-05-24 15:49:20,827 - src.training.federated - INFO -   Coronary Care Unit (CCU): 5113 samples, loss=0.2288
2026-05-24 15:49:20,853 - root - INFO - add_noise: grad_norm=1.8491, noise_norm=1.4797, sigma=0.2999, epsilon_per_round=16.0000
2026-05-24 15:49:20,854 - root - INFO - add_noise: grad_norm=2.3548, noise_norm=0.4323, sigma=0.2999, epsilon_per_round=16.0000
2026-05-24 15:49:20,854 - src.training.federated - INFO -   Medical Intensive Care Unit (MICU): 8791 samples, loss=0.2735
2026-05-24 15:49:20,881 - root - INFO - add_noise: grad_norm=2.5337, noise_norm=1.6271, sigma=0.2999, epsilon_per_round=16.0000
2026-05-24 15:49:20,881 - root - INFO - add_noise: grad_norm=2.6518, noise_norm=0.6631, sigma=0.2999, epsilon_per_round=16.0000
2026-05-24 15:49:20,881 - src.training.federated - INFO -   Medical/Surgical Intensive Care Unit (MICU/SICU): 6983 samples, loss=0.2627
2026-05-24 15:49:20,889 - root - INFO - add_noise: grad_norm=3.2300, noise_norm=1.4701, sigma=0.2999, epsilon_per_round=16.0000
2026-05-24 15:49:20,889 - root - INFO - add_noise: grad_norm=1.4097, noise_norm=0.3733, sigma=0.2999, epsilon_per_round=16.0000
2026-05-24 15:49:20,889 - src.training.federated - INFO -   Neuro Surgical Intensive Care Unit (Neuro SICU): 907 samples, loss=0.3759
2026-05-24 15:49:20,911 - root - INFO - add_noise: grad_norm=2.9842, noise_norm=1.8172, sigma=0.2999, epsilon_per_round=16.0000
2026-05-24 15:49:20,911 - root - INFO - add_noise: grad_norm=2.5900, noise_norm=0.3884, sigma=0.2999, epsilon_per_round=16.0000
2026-05-24 15:49:20,911 - src.training.federated - INFO -   Surgical Intensive Care Unit (SICU): 6372 samples, loss=0.2279
2026-05-24 15:49:20,929 - root - INFO - add_noise: grad_norm=2.4832, noise_norm=1.8822, sigma=0.2999, epsilon_per_round=16.0000
2026-05-24 15:49:20,929 - root - INFO - add_noise: grad_norm=2.8690, noise_norm=0.6218, sigma=0.2999, epsilon_per_round=16.0000
2026-05-24 15:49:20,929 - src.training.federated - INFO -   Trauma SICU (TSICU): 5458 samples, loss=0.1753
2026-05-24 15:49:20,929 - src.training.federated - INFO - Round 3 complete: 7 clients aggregated
2026-05-24 15:49:20,935 - src.training.federated - INFO - Round 3 Validation AUROC: 0.8680
2026-05-24 15:49:20,941 - src.training.federated - INFO - 
======================================================================
2026-05-24 15:49:20,941 - src.training.federated - INFO - Final Test AUROC: 0.8751
2026-05-24 15:49:20,941 - src.training.federated - INFO - ======================================================================

2026-05-24 15:49:20,941 - __main__ - INFO - 
======================================================================
2026-05-24 15:49:20,942 - __main__ - INFO - Phase 1.5: Results Comparison
2026-05-24 15:49:20,942 - __main__ - INFO - ======================================================================
2026-05-24 15:49:20,942 - __main__ - INFO - 
Test AUROC Comparison:
2026-05-24 15:49:20,942 - __main__ - INFO -   Centralized: 0.8880
2026-05-24 15:49:20,942 - __main__ - INFO -   Federated:   0.8751
2026-05-24 15:49:20,942 - __main__ - INFO -   Divergence:  0.0129
2026-05-24 15:49:20,942 - __main__ - INFO - ✓ Federated AUROC (0.8751) ≥ 0.85 target
2026-05-24 15:49:20,942 - __main__ - INFO - ✓ Divergence (0.0129) within 0.05
2026-05-24 15:49:20,942 - __main__ - INFO - 
======================================================================
2026-05-24 15:49:20,942 - __main__ - INFO - ✅ EXPERIMENT 1 PASSED - Ready for Phase 2
2026-05-24 15:49:20,942 - __main__ - INFO - ======================================================================
