2026-05-24 15:49:14,201 - __main__ - INFO - 
================================================================================
2026-05-24 15:49:14,201 - __main__ - INFO - # EXPERIMENT 1: FEDERATED LEARNING BASELINE
2026-05-24 15:49:14,201 - __main__ - INFO - ================================================================================
2026-05-24 15:49:14,202 - __main__ - INFO - 
Phase 1.1: Loading Phase 0 cohort and splits...
2026-05-24 15:49:14,202 - src.data.loader - INFO - Loading cohort from cache: /home/raiyanjiyon/Projects/federated-healthcare-ml/data/cache/mimic_iv_cohort.csv
2026-05-24 15:49:14,376 - src.data.loader - WARNING - Missing features: {'admission_type_emergency'}
2026-05-24 15:49:14,383 - src.data.loader - INFO - Dataset: 65273 patients, 31 features
2026-05-24 15:49:14,384 - src.data.loader - INFO - Target distribution: [58207  7066]
2026-05-24 15:49:14,384 - __main__ - INFO - Loaded: 65273 samples, 31 features
2026-05-24 15:49:14,384 - __main__ - INFO - Target distribution: 7066 deaths (10.8%)
2026-05-24 15:49:14,384 - __main__ - INFO - 
Phase 1.2: Distributing data to federated clients by care unit...
2026-05-24 15:49:14,388 - src.data.split - INFO - ✓ Medical Intensive Care Unit (MICU): 8791 patients, 1410 deaths (16.0%)
2026-05-24 15:49:14,392 - src.data.split - INFO - ✓ Surgical Intensive Care Unit (SICU): 6372 patients, 754 deaths (11.8%)
2026-05-24 15:49:14,396 - src.data.split - INFO - ✓ Medical/Surgical Intensive Care Unit (MICU/SICU): 6983 patients, 957 deaths (13.7%)
2026-05-24 15:49:14,400 - src.data.split - INFO - ✓ Cardiac Vascular Intensive Care Unit (CVICU): 8118 patients, 265 deaths (3.3%)
2026-05-24 15:49:14,404 - src.data.split - INFO - ✓ Coronary Care Unit (CCU): 5113 patients, 643 deaths (12.6%)
2026-05-24 15:49:14,408 - src.data.split - INFO - ✓ Trauma SICU (TSICU): 5458 patients, 569 deaths (10.4%)
2026-05-24 15:49:14,410 - src.data.split - INFO - ✓ Neuro Surgical Intensive Care Unit (Neuro SICU): 907 patients, 256 deaths (28.2%)
2026-05-24 15:49:14,415 - src.data.split - INFO -   (skipped Intensive Care Unit (ICU): 16 patients, < 100)
2026-05-24 15:49:14,417 - src.data.split - INFO -   (skipped Medicine: 9 patients, < 100)
2026-05-24 15:49:14,420 - src.data.split - INFO -   (skipped Neuro Intermediate: 3035 patients, < 100)
2026-05-24 15:49:14,422 - src.data.split - INFO -   (skipped Neuro Stepdown: 784 patients, < 100)
2026-05-24 15:49:14,424 - src.data.split - INFO -   (skipped PACU: 43 patients, < 100)
2026-05-24 15:49:14,426 - src.data.split - INFO -   (skipped Surgery/Trauma: 2 patients, < 100)
2026-05-24 15:49:14,428 - src.data.split - INFO -   (skipped Surgery/Vascular/Intermediate: 60 patients, < 100)
2026-05-24 15:49:14,428 - src.data.split - INFO - 
✓ Federated learning ready: 7 clients
2026-05-24 15:49:14,429 - __main__ - INFO - 
✓ Created 7 federated clients
2026-05-24 15:49:14,429 - __main__ - INFO - 
Client Statistics:
2026-05-24 15:49:14,429 - __main__ - INFO - ----------------------------------------------------------------------
2026-05-24 15:49:14,429 - __main__ - INFO -   Medical Intensive Care Unit (MICU)         8791 patients, 1410 deaths ( 16.0%)
2026-05-24 15:49:14,429 - __main__ - INFO -   Cardiac Vascular Intensive Care Unit (CVICU)   8118 patients,  265 deaths (  3.3%)
2026-05-24 15:49:14,429 - __main__ - INFO -   Medical/Surgical Intensive Care Unit (MICU/SICU)   6983 patients,  957 deaths ( 13.7%)
2026-05-24 15:49:14,429 - __main__ - INFO -   Surgical Intensive Care Unit (SICU)        6372 patients,  754 deaths ( 11.8%)
2026-05-24 15:49:14,429 - __main__ - INFO -   Trauma SICU (TSICU)                        5458 patients,  569 deaths ( 10.4%)
2026-05-24 15:49:14,429 - __main__ - INFO -   Coronary Care Unit (CCU)                   5113 patients,  643 deaths ( 12.6%)
2026-05-24 15:49:14,429 - __main__ - INFO -   Neuro Surgical Intensive Care Unit (Neuro SICU)    907 patients,  256 deaths ( 28.2%)
2026-05-24 15:49:14,429 - __main__ - INFO - 
======================================================================
2026-05-24 15:49:14,429 - __main__ - INFO - Phase 1.3: Training Centralized Baseline (for comparison)...
2026-05-24 15:49:14,429 - __main__ - INFO - ======================================================================
2026-05-24 15:49:15,014 - __main__ - INFO - 
Centralized Train AUROC: 0.8857
2026-05-24 15:49:15,014 - __main__ - INFO - Centralized Val AUROC:   0.8846
2026-05-24 15:49:15,014 - __main__ - INFO - Centralized Test AUROC:  0.8880
2026-05-24 15:49:15,014 - __main__ - INFO - 
======================================================================
2026-05-24 15:49:15,014 - __main__ - INFO - Phase 1.4: Training Federated Learning Model...
2026-05-24 15:49:15,014 - __main__ - INFO - ======================================================================
2026-05-24 15:49:15,014 - __main__ - INFO - Overriding DP epsilon to 4.0
2026-05-24 15:49:15,014 - __main__ - INFO - Overriding clipping threshold to 1.0
2026-05-24 15:49:15,029 - root - INFO - 
======================================================================
2026-05-24 15:49:15,030 - root - INFO - Differential Privacy Mechanism Initialized: GaussianDP
2026-05-24 15:49:15,030 - root - INFO - ======================================================================
2026-05-24 15:49:15,030 - root - INFO -   Privacy Budget (ε):     4.0000
2026-05-24 15:49:15,030 - root - INFO -   Failure Probability (δ): 0.000010
2026-05-24 15:49:15,030 - root - INFO -   Clipping Norm (C):      1.0000
2026-05-24 15:49:15,030 - root - INFO -   Noise Scale (σ):        1.1996
2026-05-24 15:49:15,030 - root - INFO - ======================================================================

2026-05-24 15:49:15,030 - src.training.federated - INFO - FederatedTrainer initialized:
2026-05-24 15:49:15,030 - src.training.federated - INFO -   Clients: 7
2026-05-24 15:49:15,030 - src.training.federated - INFO -   Training samples: 41742
2026-05-24 15:49:15,030 - src.training.federated - INFO -   Validation samples: 9791
2026-05-24 15:49:15,030 - src.training.federated - INFO -   Test samples: 9791
2026-05-24 15:49:15,030 - src.training.federated - INFO -   Features: 31
2026-05-24 15:49:15,030 - src.training.federated - INFO -   Rounds: 3
2026-05-24 15:49:15,030 - src.training.federated - INFO -   Strategy: FEDAVG
2026-05-24 15:49:15,030 - src.training.federated - INFO -   Privacy: Enabled (ε=1.0, δ=1e-5)
2026-05-24 15:49:15,030 - src.training.federated - INFO - 
######################################################################
2026-05-24 15:49:15,030 - src.training.federated - INFO - # FEDERATED LEARNING TRAINING (3 rounds)
2026-05-24 15:49:15,030 - src.training.federated - INFO - # Strategy: FEDAVG
2026-05-24 15:49:15,030 - src.training.federated - INFO - ######################################################################

2026-05-24 15:49:15,030 - src.training.federated - INFO - 
======================================================================
2026-05-24 15:49:15,030 - src.training.federated - INFO - Round 1/3
2026-05-24 15:49:15,030 - src.training.federated - INFO - ======================================================================
2026-05-24 15:49:15,125 - root - INFO - add_noise: grad_norm=2.5904, noise_norm=5.9879, sigma=1.1996, epsilon_per_round=4.0000
2026-05-24 15:49:15,125 - root - INFO - add_noise: grad_norm=3.5588, noise_norm=2.2221, sigma=1.1996, epsilon_per_round=4.0000
2026-05-24 15:49:15,125 - src.training.federated - INFO -   Cardiac Vascular Intensive Care Unit (CVICU): 8118 samples, loss=0.0754
2026-05-24 15:49:15,142 - root - INFO - add_noise: grad_norm=2.4938, noise_norm=5.7878, sigma=1.1996, epsilon_per_round=4.0000
2026-05-24 15:49:15,142 - root - INFO - add_noise: grad_norm=2.8958, noise_norm=1.4350, sigma=1.1996, epsilon_per_round=4.0000
2026-05-24 15:49:15,142 - src.training.federated - INFO -   Coronary Care Unit (CCU): 5113 samples, loss=0.2288
2026-05-24 15:49:15,169 - root - INFO - add_noise: grad_norm=1.8491, noise_norm=6.2708, sigma=1.1996, epsilon_per_round=4.0000
2026-05-24 15:49:15,169 - root - INFO - add_noise: grad_norm=2.3548, noise_norm=1.7557, sigma=1.1996, epsilon_per_round=4.0000
2026-05-24 15:49:15,169 - src.training.federated - INFO -   Medical Intensive Care Unit (MICU): 8791 samples, loss=0.2735
2026-05-24 15:49:15,193 - root - INFO - add_noise: grad_norm=2.5337, noise_norm=6.7469, sigma=1.1996, epsilon_per_round=4.0000
2026-05-24 15:49:15,193 - root - INFO - add_noise: grad_norm=2.6518, noise_norm=0.6793, sigma=1.1996, epsilon_per_round=4.0000
2026-05-24 15:49:15,193 - src.training.federated - INFO -   Medical/Surgical Intensive Care Unit (MICU/SICU): 6983 samples, loss=0.2627
2026-05-24 15:49:15,201 - root - INFO - add_noise: grad_norm=3.2300, noise_norm=6.0315, sigma=1.1996, epsilon_per_round=4.0000
2026-05-24 15:49:15,201 - root - INFO - add_noise: grad_norm=1.4097, noise_norm=0.7876, sigma=1.1996, epsilon_per_round=4.0000
2026-05-24 15:49:15,201 - src.training.federated - INFO -   Neuro Surgical Intensive Care Unit (Neuro SICU): 907 samples, loss=0.3759
2026-05-24 15:49:15,220 - root - INFO - add_noise: grad_norm=2.9842, noise_norm=6.3494, sigma=1.1996, epsilon_per_round=4.0000
2026-05-24 15:49:15,220 - root - INFO - add_noise: grad_norm=2.5900, noise_norm=1.0274, sigma=1.1996, epsilon_per_round=4.0000
2026-05-24 15:49:15,220 - src.training.federated - INFO -   Surgical Intensive Care Unit (SICU): 6372 samples, loss=0.2279
2026-05-24 15:49:15,237 - root - INFO - add_noise: grad_norm=2.4832, noise_norm=7.4791, sigma=1.1996, epsilon_per_round=4.0000
2026-05-24 15:49:15,237 - root - INFO - add_noise: grad_norm=2.8690, noise_norm=1.9347, sigma=1.1996, epsilon_per_round=4.0000
2026-05-24 15:49:15,237 - src.training.federated - INFO -   Trauma SICU (TSICU): 5458 samples, loss=0.1753
2026-05-24 15:49:15,237 - src.training.federated - INFO - Round 1 complete: 7 clients aggregated
2026-05-24 15:49:15,242 - src.training.federated - INFO - Round 1 Validation AUROC: 0.8099
2026-05-24 15:49:15,242 - src.training.federated - INFO - 
======================================================================
2026-05-24 15:49:15,242 - src.training.federated - INFO - Round 2/3
2026-05-24 15:49:15,242 - src.training.federated - INFO - ======================================================================
2026-05-24 15:49:15,262 - root - INFO - add_noise: grad_norm=2.5904, noise_norm=6.8174, sigma=1.1996, epsilon_per_round=4.0000
2026-05-24 15:49:15,263 - root - INFO - add_noise: grad_norm=3.5588, noise_norm=0.5809, sigma=1.1996, epsilon_per_round=4.0000
2026-05-24 15:49:15,263 - src.training.federated - INFO -   Cardiac Vascular Intensive Care Unit (CVICU): 8118 samples, loss=0.0754
2026-05-24 15:49:15,276 - root - INFO - add_noise: grad_norm=2.4938, noise_norm=7.7714, sigma=1.1996, epsilon_per_round=4.0000
2026-05-24 15:49:15,276 - root - INFO - add_noise: grad_norm=2.8958, noise_norm=0.7058, sigma=1.1996, epsilon_per_round=4.0000
2026-05-24 15:49:15,276 - src.training.federated - INFO -   Coronary Care Unit (CCU): 5113 samples, loss=0.2288
2026-05-24 15:49:15,306 - root - INFO - add_noise: grad_norm=1.8491, noise_norm=4.4287, sigma=1.1996, epsilon_per_round=4.0000
2026-05-24 15:49:15,306 - root - INFO - add_noise: grad_norm=2.3548, noise_norm=0.1561, sigma=1.1996, epsilon_per_round=4.0000
2026-05-24 15:49:15,306 - src.training.federated - INFO -   Medical Intensive Care Unit (MICU): 8791 samples, loss=0.2735
2026-05-24 15:49:15,336 - root - INFO - add_noise: grad_norm=2.5337, noise_norm=5.3956, sigma=1.1996, epsilon_per_round=4.0000
2026-05-24 15:49:15,336 - root - INFO - add_noise: grad_norm=2.6518, noise_norm=1.7699, sigma=1.1996, epsilon_per_round=4.0000
2026-05-24 15:49:15,336 - src.training.federated - INFO -   Medical/Surgical Intensive Care Unit (MICU/SICU): 6983 samples, loss=0.2627
2026-05-24 15:49:15,344 - root - INFO - add_noise: grad_norm=3.2300, noise_norm=6.2385, sigma=1.1996, epsilon_per_round=4.0000
2026-05-24 15:49:15,344 - root - INFO - add_noise: grad_norm=1.4097, noise_norm=0.6307, sigma=1.1996, epsilon_per_round=4.0000
2026-05-24 15:49:15,344 - src.training.federated - INFO -   Neuro Surgical Intensive Care Unit (Neuro SICU): 907 samples, loss=0.3759
2026-05-24 15:49:15,365 - root - INFO - add_noise: grad_norm=2.9842, noise_norm=6.6082, sigma=1.1996, epsilon_per_round=4.0000
2026-05-24 15:49:15,365 - root - INFO - add_noise: grad_norm=2.5900, noise_norm=0.8979, sigma=1.1996, epsilon_per_round=4.0000
2026-05-24 15:49:15,365 - src.training.federated - INFO -   Surgical Intensive Care Unit (SICU): 6372 samples, loss=0.2279
2026-05-24 15:49:15,382 - root - INFO - add_noise: grad_norm=2.4832, noise_norm=7.8334, sigma=1.1996, epsilon_per_round=4.0000
2026-05-24 15:49:15,383 - root - INFO - add_noise: grad_norm=2.8690, noise_norm=1.1275, sigma=1.1996, epsilon_per_round=4.0000
2026-05-24 15:49:15,383 - src.training.federated - INFO -   Trauma SICU (TSICU): 5458 samples, loss=0.1753
2026-05-24 15:49:15,383 - src.training.federated - INFO - Round 2 complete: 7 clients aggregated
2026-05-24 15:49:15,389 - src.training.federated - INFO - Round 2 Validation AUROC: 0.8125
2026-05-24 15:49:15,389 - src.training.federated - INFO - 
======================================================================
2026-05-24 15:49:15,389 - src.training.federated - INFO - Round 3/3
2026-05-24 15:49:15,389 - src.training.federated - INFO - ======================================================================
2026-05-24 15:49:15,413 - root - INFO - add_noise: grad_norm=2.5904, noise_norm=7.1476, sigma=1.1996, epsilon_per_round=4.0000
2026-05-24 15:49:15,413 - root - INFO - add_noise: grad_norm=3.5588, noise_norm=1.3431, sigma=1.1996, epsilon_per_round=4.0000
2026-05-24 15:49:15,413 - src.training.federated - INFO -   Cardiac Vascular Intensive Care Unit (CVICU): 8118 samples, loss=0.0754
2026-05-24 15:49:15,430 - root - INFO - add_noise: grad_norm=2.4938, noise_norm=6.5704, sigma=1.1996, epsilon_per_round=4.0000
2026-05-24 15:49:15,430 - root - INFO - add_noise: grad_norm=2.8958, noise_norm=0.0603, sigma=1.1996, epsilon_per_round=4.0000
2026-05-24 15:49:15,430 - src.training.federated - INFO -   Coronary Care Unit (CCU): 5113 samples, loss=0.2288
2026-05-24 15:49:15,456 - root - INFO - add_noise: grad_norm=1.8491, noise_norm=5.9189, sigma=1.1996, epsilon_per_round=4.0000
2026-05-24 15:49:15,457 - root - INFO - add_noise: grad_norm=2.3548, noise_norm=1.7294, sigma=1.1996, epsilon_per_round=4.0000
2026-05-24 15:49:15,457 - src.training.federated - INFO -   Medical Intensive Care Unit (MICU): 8791 samples, loss=0.2735
2026-05-24 15:49:15,484 - root - INFO - add_noise: grad_norm=2.5337, noise_norm=6.5085, sigma=1.1996, epsilon_per_round=4.0000
2026-05-24 15:49:15,484 - root - INFO - add_noise: grad_norm=2.6518, noise_norm=2.6525, sigma=1.1996, epsilon_per_round=4.0000
2026-05-24 15:49:15,484 - src.training.federated - INFO -   Medical/Surgical Intensive Care Unit (MICU/SICU): 6983 samples, loss=0.2627
2026-05-24 15:49:15,492 - root - INFO - add_noise: grad_norm=3.2300, noise_norm=5.8805, sigma=1.1996, epsilon_per_round=4.0000
2026-05-24 15:49:15,492 - root - INFO - add_noise: grad_norm=1.4097, noise_norm=1.4931, sigma=1.1996, epsilon_per_round=4.0000
2026-05-24 15:49:15,492 - src.training.federated - INFO -   Neuro Surgical Intensive Care Unit (Neuro SICU): 907 samples, loss=0.3759
2026-05-24 15:49:15,512 - root - INFO - add_noise: grad_norm=2.9842, noise_norm=7.2687, sigma=1.1996, epsilon_per_round=4.0000
2026-05-24 15:49:15,512 - root - INFO - add_noise: grad_norm=2.5900, noise_norm=1.5536, sigma=1.1996, epsilon_per_round=4.0000
2026-05-24 15:49:15,512 - src.training.federated - INFO -   Surgical Intensive Care Unit (SICU): 6372 samples, loss=0.2279
2026-05-24 15:49:15,529 - root - INFO - add_noise: grad_norm=2.4832, noise_norm=7.5289, sigma=1.1996, epsilon_per_round=4.0000
2026-05-24 15:49:15,529 - root - INFO - add_noise: grad_norm=2.8690, noise_norm=2.4873, sigma=1.1996, epsilon_per_round=4.0000
2026-05-24 15:49:15,529 - src.training.federated - INFO -   Trauma SICU (TSICU): 5458 samples, loss=0.1753
2026-05-24 15:49:15,529 - src.training.federated - INFO - Round 3 complete: 7 clients aggregated
2026-05-24 15:49:15,535 - src.training.federated - INFO - Round 3 Validation AUROC: 0.7426
2026-05-24 15:49:15,541 - src.training.federated - INFO - 
======================================================================
2026-05-24 15:49:15,541 - src.training.federated - INFO - Final Test AUROC: 0.7474
2026-05-24 15:49:15,541 - src.training.federated - INFO - ======================================================================

2026-05-24 15:49:15,541 - __main__ - INFO - 
======================================================================
2026-05-24 15:49:15,541 - __main__ - INFO - Phase 1.5: Results Comparison
2026-05-24 15:49:15,541 - __main__ - INFO - ======================================================================
2026-05-24 15:49:15,541 - __main__ - INFO - 
Test AUROC Comparison:
2026-05-24 15:49:15,541 - __main__ - INFO -   Centralized: 0.8880
2026-05-24 15:49:15,541 - __main__ - INFO -   Federated:   0.7474
2026-05-24 15:49:15,542 - __main__ - INFO -   Divergence:  0.1405
2026-05-24 15:49:15,542 - __main__ - WARNING - ⚠ Federated AUROC (0.7474) < 0.85 target
2026-05-24 15:49:15,542 - __main__ - WARNING - ⚠ Divergence between centralized and federated (0.1405) > 0.05
2026-05-24 15:49:15,542 - __main__ - INFO - 
======================================================================
2026-05-24 15:49:15,542 - __main__ - INFO - ⚠️  EXPERIMENT 1 PARTIAL - Manual review recommended
2026-05-24 15:49:15,542 - __main__ - INFO - ======================================================================
