2026-05-24 15:52:05,874 - __main__ - INFO - 
================================================================================
2026-05-24 15:52:05,874 - __main__ - INFO - # EXPERIMENT 1: FEDERATED LEARNING BASELINE
2026-05-24 15:52:05,874 - __main__ - INFO - ================================================================================
2026-05-24 15:52:05,874 - __main__ - INFO - 
Phase 1.1: Loading Phase 0 cohort and splits...
2026-05-24 15:52:05,874 - src.data.loader - INFO - Loading cohort from cache: /home/raiyanjiyon/Projects/federated-healthcare-ml/data/cache/mimic_iv_cohort.csv
2026-05-24 15:52:06,048 - src.data.loader - WARNING - Missing features: {'admission_type_emergency'}
2026-05-24 15:52:06,056 - src.data.loader - INFO - Dataset: 65273 patients, 31 features
2026-05-24 15:52:06,057 - src.data.loader - INFO - Target distribution: [58207  7066]
2026-05-24 15:52:06,057 - __main__ - INFO - Loaded: 65273 samples, 31 features
2026-05-24 15:52:06,057 - __main__ - INFO - Target distribution: 7066 deaths (10.8%)
2026-05-24 15:52:06,057 - __main__ - INFO - 
Phase 1.2: Distributing data to federated clients by care unit...
2026-05-24 15:52:06,061 - src.data.split - INFO - ✓ Medical Intensive Care Unit (MICU): 8791 patients, 1410 deaths (16.0%)
2026-05-24 15:52:06,065 - src.data.split - INFO - ✓ Surgical Intensive Care Unit (SICU): 6372 patients, 754 deaths (11.8%)
2026-05-24 15:52:06,068 - src.data.split - INFO - ✓ Medical/Surgical Intensive Care Unit (MICU/SICU): 6983 patients, 957 deaths (13.7%)
2026-05-24 15:52:06,072 - src.data.split - INFO - ✓ Cardiac Vascular Intensive Care Unit (CVICU): 8118 patients, 265 deaths (3.3%)
2026-05-24 15:52:06,076 - src.data.split - INFO - ✓ Coronary Care Unit (CCU): 5113 patients, 643 deaths (12.6%)
2026-05-24 15:52:06,080 - src.data.split - INFO - ✓ Trauma SICU (TSICU): 5458 patients, 569 deaths (10.4%)
2026-05-24 15:52:06,083 - src.data.split - INFO - ✓ Neuro Surgical Intensive Care Unit (Neuro SICU): 907 patients, 256 deaths (28.2%)
2026-05-24 15:52:06,087 - src.data.split - INFO -   (skipped Intensive Care Unit (ICU): 16 patients, < 100)
2026-05-24 15:52:06,089 - src.data.split - INFO -   (skipped Medicine: 9 patients, < 100)
2026-05-24 15:52:06,092 - src.data.split - INFO -   (skipped Neuro Intermediate: 3035 patients, < 100)
2026-05-24 15:52:06,094 - src.data.split - INFO -   (skipped Neuro Stepdown: 784 patients, < 100)
2026-05-24 15:52:06,096 - src.data.split - INFO -   (skipped PACU: 43 patients, < 100)
2026-05-24 15:52:06,098 - src.data.split - INFO -   (skipped Surgery/Trauma: 2 patients, < 100)
2026-05-24 15:52:06,100 - src.data.split - INFO -   (skipped Surgery/Vascular/Intermediate: 60 patients, < 100)
2026-05-24 15:52:06,100 - src.data.split - INFO - 
✓ Federated learning ready: 7 clients
2026-05-24 15:52:06,100 - __main__ - INFO - 
✓ Created 7 federated clients
2026-05-24 15:52:06,100 - __main__ - INFO - 
Client Statistics:
2026-05-24 15:52:06,100 - __main__ - INFO - ----------------------------------------------------------------------
2026-05-24 15:52:06,100 - __main__ - INFO -   Medical Intensive Care Unit (MICU)         8791 patients, 1410 deaths ( 16.0%)
2026-05-24 15:52:06,101 - __main__ - INFO -   Cardiac Vascular Intensive Care Unit (CVICU)   8118 patients,  265 deaths (  3.3%)
2026-05-24 15:52:06,101 - __main__ - INFO -   Medical/Surgical Intensive Care Unit (MICU/SICU)   6983 patients,  957 deaths ( 13.7%)
2026-05-24 15:52:06,101 - __main__ - INFO -   Surgical Intensive Care Unit (SICU)        6372 patients,  754 deaths ( 11.8%)
2026-05-24 15:52:06,101 - __main__ - INFO -   Trauma SICU (TSICU)                        5458 patients,  569 deaths ( 10.4%)
2026-05-24 15:52:06,101 - __main__ - INFO -   Coronary Care Unit (CCU)                   5113 patients,  643 deaths ( 12.6%)
2026-05-24 15:52:06,101 - __main__ - INFO -   Neuro Surgical Intensive Care Unit (Neuro SICU)    907 patients,  256 deaths ( 28.2%)
2026-05-24 15:52:06,101 - __main__ - INFO - 
======================================================================
2026-05-24 15:52:06,101 - __main__ - INFO - Phase 1.3: Training Centralized Baseline (for comparison)...
2026-05-24 15:52:06,101 - __main__ - INFO - ======================================================================
2026-05-24 15:52:06,663 - __main__ - INFO - 
Centralized Train AUROC: 0.8857
2026-05-24 15:52:06,663 - __main__ - INFO - Centralized Val AUROC:   0.8846
2026-05-24 15:52:06,664 - __main__ - INFO - Centralized Test AUROC:  0.8880
2026-05-24 15:52:06,664 - __main__ - INFO - 
======================================================================
2026-05-24 15:52:06,664 - __main__ - INFO - Phase 1.4: Training Federated Learning Model...
2026-05-24 15:52:06,664 - __main__ - INFO - ======================================================================
2026-05-24 15:52:06,664 - __main__ - INFO - Overriding DP epsilon to 16.0
2026-05-24 15:52:06,664 - __main__ - INFO - Overriding clipping threshold to 1.0
2026-05-24 15:52:06,700 - root - INFO - 
======================================================================
2026-05-24 15:52:06,700 - root - INFO - Differential Privacy Mechanism Initialized: GaussianDP
2026-05-24 15:52:06,700 - root - INFO - ======================================================================
2026-05-24 15:52:06,700 - root - INFO -   Privacy Budget (ε):     16.0000
2026-05-24 15:52:06,701 - root - INFO -   Failure Probability (δ): 0.000010
2026-05-24 15:52:06,701 - root - INFO -   Clipping Norm (C):      1.0000
2026-05-24 15:52:06,701 - root - INFO -   Noise Scale (σ):        0.2999
2026-05-24 15:52:06,701 - root - INFO - ======================================================================

2026-05-24 15:52:06,701 - src.training.federated - INFO - FederatedTrainer initialized:
2026-05-24 15:52:06,701 - src.training.federated - INFO -   Clients: 7
2026-05-24 15:52:06,701 - src.training.federated - INFO -   Training samples: 41742
2026-05-24 15:52:06,701 - src.training.federated - INFO -   Validation samples: 9791
2026-05-24 15:52:06,701 - src.training.federated - INFO -   Test samples: 9791
2026-05-24 15:52:06,701 - src.training.federated - INFO -   Features: 31
2026-05-24 15:52:06,701 - src.training.federated - INFO -   Rounds: 20
2026-05-24 15:52:06,701 - src.training.federated - INFO -   Strategy: FEDAVG
2026-05-24 15:52:06,701 - src.training.federated - INFO -   Privacy: Enabled (ε=1.0, δ=1e-5)
2026-05-24 15:52:06,701 - src.training.federated - INFO - 
######################################################################
2026-05-24 15:52:06,701 - src.training.federated - INFO - # FEDERATED LEARNING TRAINING (20 rounds)
2026-05-24 15:52:06,701 - src.training.federated - INFO - # Strategy: FEDAVG
2026-05-24 15:52:06,701 - src.training.federated - INFO - ######################################################################

2026-05-24 15:52:06,701 - src.training.federated - INFO - 
======================================================================
2026-05-24 15:52:06,701 - src.training.federated - INFO - Round 1/20
2026-05-24 15:52:06,701 - src.training.federated - INFO - ======================================================================
2026-05-24 15:52:06,780 - root - INFO - add_noise: grad_norm=2.5904, noise_norm=1.4970, sigma=0.2999, epsilon_per_round=16.0000
2026-05-24 15:52:06,780 - root - INFO - add_noise: grad_norm=3.5588, noise_norm=0.5555, sigma=0.2999, epsilon_per_round=16.0000
2026-05-24 15:52:06,780 - src.training.federated - INFO -   Cardiac Vascular Intensive Care Unit (CVICU): 8118 samples, loss=0.0754
2026-05-24 15:52:06,796 - root - INFO - add_noise: grad_norm=2.4938, noise_norm=1.4469, sigma=0.2999, epsilon_per_round=16.0000
2026-05-24 15:52:06,796 - root - INFO - add_noise: grad_norm=2.8958, noise_norm=0.3588, sigma=0.2999, epsilon_per_round=16.0000
2026-05-24 15:52:06,796 - src.training.federated - INFO -   Coronary Care Unit (CCU): 5113 samples, loss=0.2288
2026-05-24 15:52:06,823 - root - INFO - add_noise: grad_norm=1.8491, noise_norm=1.5677, sigma=0.2999, epsilon_per_round=16.0000
2026-05-24 15:52:06,823 - root - INFO - add_noise: grad_norm=2.3548, noise_norm=0.4389, sigma=0.2999, epsilon_per_round=16.0000
2026-05-24 15:52:06,823 - src.training.federated - INFO -   Medical Intensive Care Unit (MICU): 8791 samples, loss=0.2735
2026-05-24 15:52:06,850 - root - INFO - add_noise: grad_norm=2.5337, noise_norm=1.6867, sigma=0.2999, epsilon_per_round=16.0000
2026-05-24 15:52:06,850 - root - INFO - add_noise: grad_norm=2.6518, noise_norm=0.1698, sigma=0.2999, epsilon_per_round=16.0000
2026-05-24 15:52:06,850 - src.training.federated - INFO -   Medical/Surgical Intensive Care Unit (MICU/SICU): 6983 samples, loss=0.2627
2026-05-24 15:52:06,858 - root - INFO - add_noise: grad_norm=3.2300, noise_norm=1.5079, sigma=0.2999, epsilon_per_round=16.0000
2026-05-24 15:52:06,858 - root - INFO - add_noise: grad_norm=1.4097, noise_norm=0.1969, sigma=0.2999, epsilon_per_round=16.0000
2026-05-24 15:52:06,858 - src.training.federated - INFO -   Neuro Surgical Intensive Care Unit (Neuro SICU): 907 samples, loss=0.3759
2026-05-24 15:52:06,878 - root - INFO - add_noise: grad_norm=2.9842, noise_norm=1.5874, sigma=0.2999, epsilon_per_round=16.0000
2026-05-24 15:52:06,878 - root - INFO - add_noise: grad_norm=2.5900, noise_norm=0.2568, sigma=0.2999, epsilon_per_round=16.0000
2026-05-24 15:52:06,878 - src.training.federated - INFO -   Surgical Intensive Care Unit (SICU): 6372 samples, loss=0.2279
2026-05-24 15:52:06,895 - root - INFO - add_noise: grad_norm=2.4832, noise_norm=1.8698, sigma=0.2999, epsilon_per_round=16.0000
2026-05-24 15:52:06,896 - root - INFO - add_noise: grad_norm=2.8690, noise_norm=0.4837, sigma=0.2999, epsilon_per_round=16.0000
2026-05-24 15:52:06,896 - src.training.federated - INFO -   Trauma SICU (TSICU): 5458 samples, loss=0.1753
2026-05-24 15:52:06,896 - src.training.federated - INFO - Round 1 complete: 7 clients aggregated
2026-05-24 15:52:06,901 - src.training.federated - INFO - Round 1 Validation AUROC: 0.8680
2026-05-24 15:52:06,902 - src.training.federated - INFO - 
======================================================================
2026-05-24 15:52:06,902 - src.training.federated - INFO - Round 2/20
2026-05-24 15:52:06,902 - src.training.federated - INFO - ======================================================================
2026-05-24 15:52:06,925 - root - INFO - add_noise: grad_norm=2.5904, noise_norm=1.7044, sigma=0.2999, epsilon_per_round=16.0000
2026-05-24 15:52:06,925 - root - INFO - add_noise: grad_norm=3.5588, noise_norm=0.1452, sigma=0.2999, epsilon_per_round=16.0000
2026-05-24 15:52:06,925 - src.training.federated - INFO -   Cardiac Vascular Intensive Care Unit (CVICU): 8118 samples, loss=0.0754
2026-05-24 15:52:06,941 - root - INFO - add_noise: grad_norm=2.4938, noise_norm=1.9429, sigma=0.2999, epsilon_per_round=16.0000
2026-05-24 15:52:06,942 - root - INFO - add_noise: grad_norm=2.8958, noise_norm=0.1764, sigma=0.2999, epsilon_per_round=16.0000
2026-05-24 15:52:06,942 - src.training.federated - INFO -   Coronary Care Unit (CCU): 5113 samples, loss=0.2288
2026-05-24 15:52:06,968 - root - INFO - add_noise: grad_norm=1.8491, noise_norm=1.1072, sigma=0.2999, epsilon_per_round=16.0000
2026-05-24 15:52:06,968 - root - INFO - add_noise: grad_norm=2.3548, noise_norm=0.0390, sigma=0.2999, epsilon_per_round=16.0000
2026-05-24 15:52:06,968 - src.training.federated - INFO -   Medical Intensive Care Unit (MICU): 8791 samples, loss=0.2735
2026-05-24 15:52:06,994 - root - INFO - add_noise: grad_norm=2.5337, noise_norm=1.3489, sigma=0.2999, epsilon_per_round=16.0000
2026-05-24 15:52:06,994 - root - INFO - add_noise: grad_norm=2.6518, noise_norm=0.4425, sigma=0.2999, epsilon_per_round=16.0000
2026-05-24 15:52:06,994 - src.training.federated - INFO -   Medical/Surgical Intensive Care Unit (MICU/SICU): 6983 samples, loss=0.2627
2026-05-24 15:52:07,002 - root - INFO - add_noise: grad_norm=3.2300, noise_norm=1.5596, sigma=0.2999, epsilon_per_round=16.0000
2026-05-24 15:52:07,002 - root - INFO - add_noise: grad_norm=1.4097, noise_norm=0.1577, sigma=0.2999, epsilon_per_round=16.0000
2026-05-24 15:52:07,002 - src.training.federated - INFO -   Neuro Surgical Intensive Care Unit (Neuro SICU): 907 samples, loss=0.3759
2026-05-24 15:52:07,022 - root - INFO - add_noise: grad_norm=2.9842, noise_norm=1.6520, sigma=0.2999, epsilon_per_round=16.0000
2026-05-24 15:52:07,022 - root - INFO - add_noise: grad_norm=2.5900, noise_norm=0.2245, sigma=0.2999, epsilon_per_round=16.0000
2026-05-24 15:52:07,022 - src.training.federated - INFO -   Surgical Intensive Care Unit (SICU): 6372 samples, loss=0.2279
2026-05-24 15:52:07,038 - root - INFO - add_noise: grad_norm=2.4832, noise_norm=1.9584, sigma=0.2999, epsilon_per_round=16.0000
2026-05-24 15:52:07,038 - root - INFO - add_noise: grad_norm=2.8690, noise_norm=0.2819, sigma=0.2999, epsilon_per_round=16.0000
2026-05-24 15:52:07,038 - src.training.federated - INFO -   Trauma SICU (TSICU): 5458 samples, loss=0.1753
2026-05-24 15:52:07,038 - src.training.federated - INFO - Round 2 complete: 7 clients aggregated
2026-05-24 15:52:07,044 - src.training.federated - INFO - Round 2 Validation AUROC: 0.8752
2026-05-24 15:52:07,044 - src.training.federated - INFO - 
======================================================================
2026-05-24 15:52:07,044 - src.training.federated - INFO - Round 3/20
2026-05-24 15:52:07,044 - src.training.federated - INFO - ======================================================================
2026-05-24 15:52:07,067 - root - INFO - add_noise: grad_norm=2.5904, noise_norm=1.7869, sigma=0.2999, epsilon_per_round=16.0000
2026-05-24 15:52:07,067 - root - INFO - add_noise: grad_norm=3.5588, noise_norm=0.3358, sigma=0.2999, epsilon_per_round=16.0000
2026-05-24 15:52:07,067 - src.training.federated - INFO -   Cardiac Vascular Intensive Care Unit (CVICU): 8118 samples, loss=0.0754
2026-05-24 15:52:07,084 - root - INFO - add_noise: grad_norm=2.4938, noise_norm=1.6426, sigma=0.2999, epsilon_per_round=16.0000
2026-05-24 15:52:07,084 - root - INFO - add_noise: grad_norm=2.8958, noise_norm=0.0151, sigma=0.2999, epsilon_per_round=16.0000
2026-05-24 15:52:07,084 - src.training.federated - INFO -   Coronary Care Unit (CCU): 5113 samples, loss=0.2288
2026-05-24 15:52:07,110 - root - INFO - add_noise: grad_norm=1.8491, noise_norm=1.4797, sigma=0.2999, epsilon_per_round=16.0000
2026-05-24 15:52:07,110 - root - INFO - add_noise: grad_norm=2.3548, noise_norm=0.4323, sigma=0.2999, epsilon_per_round=16.0000
2026-05-24 15:52:07,110 - src.training.federated - INFO -   Medical Intensive Care Unit (MICU): 8791 samples, loss=0.2735
2026-05-24 15:52:07,136 - root - INFO - add_noise: grad_norm=2.5337, noise_norm=1.6271, sigma=0.2999, epsilon_per_round=16.0000
2026-05-24 15:52:07,136 - root - INFO - add_noise: grad_norm=2.6518, noise_norm=0.6631, sigma=0.2999, epsilon_per_round=16.0000
2026-05-24 15:52:07,136 - src.training.federated - INFO -   Medical/Surgical Intensive Care Unit (MICU/SICU): 6983 samples, loss=0.2627
2026-05-24 15:52:07,144 - root - INFO - add_noise: grad_norm=3.2300, noise_norm=1.4701, sigma=0.2999, epsilon_per_round=16.0000
2026-05-24 15:52:07,144 - root - INFO - add_noise: grad_norm=1.4097, noise_norm=0.3733, sigma=0.2999, epsilon_per_round=16.0000
2026-05-24 15:52:07,144 - src.training.federated - INFO -   Neuro Surgical Intensive Care Unit (Neuro SICU): 907 samples, loss=0.3759
2026-05-24 15:52:07,164 - root - INFO - add_noise: grad_norm=2.9842, noise_norm=1.8172, sigma=0.2999, epsilon_per_round=16.0000
2026-05-24 15:52:07,164 - root - INFO - add_noise: grad_norm=2.5900, noise_norm=0.3884, sigma=0.2999, epsilon_per_round=16.0000
2026-05-24 15:52:07,164 - src.training.federated - INFO -   Surgical Intensive Care Unit (SICU): 6372 samples, loss=0.2279
2026-05-24 15:52:07,181 - root - INFO - add_noise: grad_norm=2.4832, noise_norm=1.8822, sigma=0.2999, epsilon_per_round=16.0000
2026-05-24 15:52:07,181 - root - INFO - add_noise: grad_norm=2.8690, noise_norm=0.6218, sigma=0.2999, epsilon_per_round=16.0000
2026-05-24 15:52:07,181 - src.training.federated - INFO -   Trauma SICU (TSICU): 5458 samples, loss=0.1753
2026-05-24 15:52:07,181 - src.training.federated - INFO - Round 3 complete: 7 clients aggregated
2026-05-24 15:52:07,187 - src.training.federated - INFO - Round 3 Validation AUROC: 0.8680
2026-05-24 15:52:07,187 - src.training.federated - INFO - 
======================================================================
2026-05-24 15:52:07,187 - src.training.federated - INFO - Round 4/20
2026-05-24 15:52:07,187 - src.training.federated - INFO - ======================================================================
2026-05-24 15:52:07,210 - root - INFO - add_noise: grad_norm=2.5904, noise_norm=1.4305, sigma=0.2999, epsilon_per_round=16.0000
2026-05-24 15:52:07,210 - root - INFO - add_noise: grad_norm=3.5588, noise_norm=0.4224, sigma=0.2999, epsilon_per_round=16.0000
2026-05-24 15:52:07,210 - src.training.federated - INFO -   Cardiac Vascular Intensive Care Unit (CVICU): 8118 samples, loss=0.0754
2026-05-24 15:52:07,226 - root - INFO - add_noise: grad_norm=2.4938, noise_norm=1.5930, sigma=0.2999, epsilon_per_round=16.0000
2026-05-24 15:52:07,226 - root - INFO - add_noise: grad_norm=2.8958, noise_norm=0.1417, sigma=0.2999, epsilon_per_round=16.0000
2026-05-24 15:52:07,226 - src.training.federated - INFO -   Coronary Care Unit (CCU): 5113 samples, loss=0.2288
2026-05-24 15:52:07,253 - root - INFO - add_noise: grad_norm=1.8491, noise_norm=1.8195, sigma=0.2999, epsilon_per_round=16.0000
2026-05-24 15:52:07,253 - root - INFO - add_noise: grad_norm=2.3548, noise_norm=0.5311, sigma=0.2999, epsilon_per_round=16.0000
2026-05-24 15:52:07,253 - src.training.federated - INFO -   Medical Intensive Care Unit (MICU): 8791 samples, loss=0.2735
2026-05-24 15:52:07,279 - root - INFO - add_noise: grad_norm=2.5337, noise_norm=1.4014, sigma=0.2999, epsilon_per_round=16.0000
2026-05-24 15:52:07,279 - root - INFO - add_noise: grad_norm=2.6518, noise_norm=0.0089, sigma=0.2999, epsilon_per_round=16.0000
2026-05-24 15:52:07,279 - src.training.federated - INFO -   Medical/Surgical Intensive Care Unit (MICU/SICU): 6983 samples, loss=0.2627
2026-05-24 15:52:07,287 - root - INFO - add_noise: grad_norm=3.2300, noise_norm=1.5514, sigma=0.2999, epsilon_per_round=16.0000
2026-05-24 15:52:07,287 - root - INFO - add_noise: grad_norm=1.4097, noise_norm=0.2755, sigma=0.2999, epsilon_per_round=16.0000
2026-05-24 15:52:07,287 - src.training.federated - INFO -   Neuro Surgical Intensive Care Unit (Neuro SICU): 907 samples, loss=0.3759
2026-05-24 15:52:07,307 - root - INFO - add_noise: grad_norm=2.9842, noise_norm=1.5357, sigma=0.2999, epsilon_per_round=16.0000
2026-05-24 15:52:07,307 - root - INFO - add_noise: grad_norm=2.5900, noise_norm=0.5386, sigma=0.2999, epsilon_per_round=16.0000
2026-05-24 15:52:07,307 - src.training.federated - INFO -   Surgical Intensive Care Unit (SICU): 6372 samples, loss=0.2279
2026-05-24 15:52:07,324 - root - INFO - add_noise: grad_norm=2.4832, noise_norm=1.7102, sigma=0.2999, epsilon_per_round=16.0000
2026-05-24 15:52:07,324 - root - INFO - add_noise: grad_norm=2.8690, noise_norm=0.1946, sigma=0.2999, epsilon_per_round=16.0000
2026-05-24 15:52:07,324 - src.training.federated - INFO -   Trauma SICU (TSICU): 5458 samples, loss=0.1753
2026-05-24 15:52:07,324 - src.training.federated - INFO - Round 4 complete: 7 clients aggregated
2026-05-24 15:52:07,330 - src.training.federated - INFO - Round 4 Validation AUROC: 0.8754
2026-05-24 15:52:07,330 - src.training.federated - INFO - 
======================================================================
2026-05-24 15:52:07,330 - src.training.federated - INFO - Round 5/20
2026-05-24 15:52:07,330 - src.training.federated - INFO - ======================================================================
2026-05-24 15:52:07,353 - root - INFO - add_noise: grad_norm=2.5904, noise_norm=1.4014, sigma=0.2999, epsilon_per_round=16.0000
2026-05-24 15:52:07,353 - root - INFO - add_noise: grad_norm=3.5588, noise_norm=0.1131, sigma=0.2999, epsilon_per_round=16.0000
2026-05-24 15:52:07,353 - src.training.federated - INFO -   Cardiac Vascular Intensive Care Unit (CVICU): 8118 samples, loss=0.0754
2026-05-24 15:52:07,369 - root - INFO - add_noise: grad_norm=2.4938, noise_norm=1.6858, sigma=0.2999, epsilon_per_round=16.0000
2026-05-24 15:52:07,369 - root - INFO - add_noise: grad_norm=2.8958, noise_norm=0.1343, sigma=0.2999, epsilon_per_round=16.0000
2026-05-24 15:52:07,369 - src.training.federated - INFO -   Coronary Care Unit (CCU): 5113 samples, loss=0.2288
2026-05-24 15:52:07,395 - root - INFO - add_noise: grad_norm=1.8491, noise_norm=1.6779, sigma=0.2999, epsilon_per_round=16.0000
2026-05-24 15:52:07,395 - root - INFO - add_noise: grad_norm=2.3548, noise_norm=0.6123, sigma=0.2999, epsilon_per_round=16.0000
2026-05-24 15:52:07,396 - src.training.federated - INFO -   Medical Intensive Care Unit (MICU): 8791 samples, loss=0.2735
2026-05-24 15:52:07,422 - root - INFO - add_noise: grad_norm=2.5337, noise_norm=1.4547, sigma=0.2999, epsilon_per_round=16.0000
2026-05-24 15:52:07,422 - root - INFO - add_noise: grad_norm=2.6518, noise_norm=0.6425, sigma=0.2999, epsilon_per_round=16.0000
2026-05-24 15:52:07,422 - src.training.federated - INFO -   Medical/Surgical Intensive Care Unit (MICU/SICU): 6983 samples, loss=0.2627
2026-05-24 15:52:07,429 - root - INFO - add_noise: grad_norm=3.2300, noise_norm=1.6074, sigma=0.2999, epsilon_per_round=16.0000
2026-05-24 15:52:07,429 - root - INFO - add_noise: grad_norm=1.4097, noise_norm=0.2014, sigma=0.2999, epsilon_per_round=16.0000
2026-05-24 15:52:07,429 - src.training.federated - INFO -   Neuro Surgical Intensive Care Unit (Neuro SICU): 907 samples, loss=0.3759
2026-05-24 15:52:07,449 - root - INFO - add_noise: grad_norm=2.9842, noise_norm=1.7581, sigma=0.2999, epsilon_per_round=16.0000
2026-05-24 15:52:07,449 - root - INFO - add_noise: grad_norm=2.5900, noise_norm=0.0716, sigma=0.2999, epsilon_per_round=16.0000
2026-05-24 15:52:07,449 - src.training.federated - INFO -   Surgical Intensive Care Unit (SICU): 6372 samples, loss=0.2279
2026-05-24 15:52:07,466 - root - INFO - add_noise: grad_norm=2.4832, noise_norm=1.7697, sigma=0.2999, epsilon_per_round=16.0000
2026-05-24 15:52:07,466 - root - INFO - add_noise: grad_norm=2.8690, noise_norm=0.3151, sigma=0.2999, epsilon_per_round=16.0000
2026-05-24 15:52:07,466 - src.training.federated - INFO -   Trauma SICU (TSICU): 5458 samples, loss=0.1753
2026-05-24 15:52:07,466 - src.training.federated - INFO - Round 5 complete: 7 clients aggregated
2026-05-24 15:52:07,472 - src.training.federated - INFO - Round 5 Validation AUROC: 0.8722
2026-05-24 15:52:07,472 - src.training.federated - INFO - 
======================================================================
2026-05-24 15:52:07,472 - src.training.federated - INFO - Round 6/20
2026-05-24 15:52:07,472 - src.training.federated - INFO - ======================================================================
2026-05-24 15:52:07,495 - root - INFO - add_noise: grad_norm=2.5904, noise_norm=1.5444, sigma=0.2999, epsilon_per_round=16.0000
2026-05-24 15:52:07,495 - root - INFO - add_noise: grad_norm=3.5588, noise_norm=0.6458, sigma=0.2999, epsilon_per_round=16.0000
2026-05-24 15:52:07,495 - src.training.federated - INFO -   Cardiac Vascular Intensive Care Unit (CVICU): 8118 samples, loss=0.0754
2026-05-24 15:52:07,511 - root - INFO - add_noise: grad_norm=2.4938, noise_norm=2.0809, sigma=0.2999, epsilon_per_round=16.0000
2026-05-24 15:52:07,511 - root - INFO - add_noise: grad_norm=2.8958, noise_norm=0.4710, sigma=0.2999, epsilon_per_round=16.0000
2026-05-24 15:52:07,511 - src.training.federated - INFO -   Coronary Care Unit (CCU): 5113 samples, loss=0.2288
2026-05-24 15:52:07,538 - root - INFO - add_noise: grad_norm=1.8491, noise_norm=1.3818, sigma=0.2999, epsilon_per_round=16.0000
2026-05-24 15:52:07,538 - root - INFO - add_noise: grad_norm=2.3548, noise_norm=0.3742, sigma=0.2999, epsilon_per_round=16.0000
2026-05-24 15:52:07,538 - src.training.federated - INFO -   Medical Intensive Care Unit (MICU): 8791 samples, loss=0.2735
2026-05-24 15:52:07,564 - root - INFO - add_noise: grad_norm=2.5337, noise_norm=1.7883, sigma=0.2999, epsilon_per_round=16.0000
2026-05-24 15:52:07,564 - root - INFO - add_noise: grad_norm=2.6518, noise_norm=0.2309, sigma=0.2999, epsilon_per_round=16.0000
2026-05-24 15:52:07,564 - src.training.federated - INFO -   Medical/Surgical Intensive Care Unit (MICU/SICU): 6983 samples, loss=0.2627
2026-05-24 15:52:07,571 - root - INFO - add_noise: grad_norm=3.2300, noise_norm=1.6464, sigma=0.2999, epsilon_per_round=16.0000
2026-05-24 15:52:07,572 - root - INFO - add_noise: grad_norm=1.4097, noise_norm=0.0927, sigma=0.2999, epsilon_per_round=16.0000
2026-05-24 15:52:07,572 - src.training.federated - INFO -   Neuro Surgical Intensive Care Unit (Neuro SICU): 907 samples, loss=0.3759
2026-05-24 15:52:07,593 - root - INFO - add_noise: grad_norm=2.9842, noise_norm=1.5308, sigma=0.2999, epsilon_per_round=16.0000
2026-05-24 15:52:07,593 - root - INFO - add_noise: grad_norm=2.5900, noise_norm=0.2453, sigma=0.2999, epsilon_per_round=16.0000
2026-05-24 15:52:07,593 - src.training.federated - INFO -   Surgical Intensive Care Unit (SICU): 6372 samples, loss=0.2279
2026-05-24 15:52:07,610 - root - INFO - add_noise: grad_norm=2.4832, noise_norm=1.3363, sigma=0.2999, epsilon_per_round=16.0000
2026-05-24 15:52:07,611 - root - INFO - add_noise: grad_norm=2.8690, noise_norm=0.3571, sigma=0.2999, epsilon_per_round=16.0000
2026-05-24 15:52:07,611 - src.training.federated - INFO -   Trauma SICU (TSICU): 5458 samples, loss=0.1753
2026-05-24 15:52:07,611 - src.training.federated - INFO - Round 6 complete: 7 clients aggregated
2026-05-24 15:52:07,616 - src.training.federated - INFO - Round 6 Validation AUROC: 0.8589
2026-05-24 15:52:07,617 - src.training.federated - INFO - 
======================================================================
2026-05-24 15:52:07,617 - src.training.federated - INFO - Round 7/20
2026-05-24 15:52:07,617 - src.training.federated - INFO - ======================================================================
2026-05-24 15:52:07,640 - root - INFO - add_noise: grad_norm=2.5904, noise_norm=1.9399, sigma=0.2999, epsilon_per_round=16.0000
2026-05-24 15:52:07,640 - root - INFO - add_noise: grad_norm=3.5588, noise_norm=0.0628, sigma=0.2999, epsilon_per_round=16.0000
2026-05-24 15:52:07,640 - src.training.federated - INFO -   Cardiac Vascular Intensive Care Unit (CVICU): 8118 samples, loss=0.0754
2026-05-24 15:52:07,656 - root - INFO - add_noise: grad_norm=2.4938, noise_norm=1.7157, sigma=0.2999, epsilon_per_round=16.0000
2026-05-24 15:52:07,656 - root - INFO - add_noise: grad_norm=2.8958, noise_norm=0.4503, sigma=0.2999, epsilon_per_round=16.0000
2026-05-24 15:52:07,656 - src.training.federated - INFO -   Coronary Care Unit (CCU): 5113 samples, loss=0.2288
2026-05-24 15:52:07,682 - root - INFO - add_noise: grad_norm=1.8491, noise_norm=1.6073, sigma=0.2999, epsilon_per_round=16.0000
2026-05-24 15:52:07,682 - root - INFO - add_noise: grad_norm=2.3548, noise_norm=0.2204, sigma=0.2999, epsilon_per_round=16.0000
2026-05-24 15:52:07,682 - src.training.federated - INFO -   Medical Intensive Care Unit (MICU): 8791 samples, loss=0.2735
2026-05-24 15:52:07,709 - root - INFO - add_noise: grad_norm=2.5337, noise_norm=1.6782, sigma=0.2999, epsilon_per_round=16.0000
2026-05-24 15:52:07,709 - root - INFO - add_noise: grad_norm=2.6518, noise_norm=0.1829, sigma=0.2999, epsilon_per_round=16.0000
2026-05-24 15:52:07,709 - src.training.federated - INFO -   Medical/Surgical Intensive Care Unit (MICU/SICU): 6983 samples, loss=0.2627
2026-05-24 15:52:07,716 - root - INFO - add_noise: grad_norm=3.2300, noise_norm=1.8554, sigma=0.2999, epsilon_per_round=16.0000
2026-05-24 15:52:07,716 - root - INFO - add_noise: grad_norm=1.4097, noise_norm=0.0010, sigma=0.2999, epsilon_per_round=16.0000
2026-05-24 15:52:07,716 - src.training.federated - INFO -   Neuro Surgical Intensive Care Unit (Neuro SICU): 907 samples, loss=0.3759
2026-05-24 15:52:07,736 - root - INFO - add_noise: grad_norm=2.9842, noise_norm=1.6806, sigma=0.2999, epsilon_per_round=16.0000
2026-05-24 15:52:07,736 - root - INFO - add_noise: grad_norm=2.5900, noise_norm=0.4783, sigma=0.2999, epsilon_per_round=16.0000
2026-05-24 15:52:07,736 - src.training.federated - INFO -   Surgical Intensive Care Unit (SICU): 6372 samples, loss=0.2279
2026-05-24 15:52:07,753 - root - INFO - add_noise: grad_norm=2.4832, noise_norm=1.7321, sigma=0.2999, epsilon_per_round=16.0000
2026-05-24 15:52:07,753 - root - INFO - add_noise: grad_norm=2.8690, noise_norm=0.1547, sigma=0.2999, epsilon_per_round=16.0000
2026-05-24 15:52:07,753 - src.training.federated - INFO -   Trauma SICU (TSICU): 5458 samples, loss=0.1753
2026-05-24 15:52:07,753 - src.training.federated - INFO - Round 7 complete: 7 clients aggregated
2026-05-24 15:52:07,759 - src.training.federated - INFO - Round 7 Validation AUROC: 0.8728
2026-05-24 15:52:07,759 - src.training.federated - INFO - 
======================================================================
2026-05-24 15:52:07,759 - src.training.federated - INFO - Round 8/20
2026-05-24 15:52:07,759 - src.training.federated - INFO - ======================================================================
2026-05-24 15:52:07,782 - root - INFO - add_noise: grad_norm=2.5904, noise_norm=1.8503, sigma=0.2999, epsilon_per_round=16.0000
2026-05-24 15:52:07,782 - root - INFO - add_noise: grad_norm=3.5588, noise_norm=0.2183, sigma=0.2999, epsilon_per_round=16.0000
2026-05-24 15:52:07,782 - src.training.federated - INFO -   Cardiac Vascular Intensive Care Unit (CVICU): 8118 samples, loss=0.0754
2026-05-24 15:52:07,798 - root - INFO - add_noise: grad_norm=2.4938, noise_norm=1.7358, sigma=0.2999, epsilon_per_round=16.0000
2026-05-24 15:52:07,798 - root - INFO - add_noise: grad_norm=2.8958, noise_norm=0.2538, sigma=0.2999, epsilon_per_round=16.0000
2026-05-24 15:52:07,798 - src.training.federated - INFO -   Coronary Care Unit (CCU): 5113 samples, loss=0.2288
2026-05-24 15:52:07,825 - root - INFO - add_noise: grad_norm=1.8491, noise_norm=1.6968, sigma=0.2999, epsilon_per_round=16.0000
2026-05-24 15:52:07,825 - root - INFO - add_noise: grad_norm=2.3548, noise_norm=0.1823, sigma=0.2999, epsilon_per_round=16.0000
2026-05-24 15:52:07,825 - src.training.federated - INFO -   Medical Intensive Care Unit (MICU): 8791 samples, loss=0.2735
2026-05-24 15:52:07,851 - root - INFO - add_noise: grad_norm=2.5337, noise_norm=1.3505, sigma=0.2999, epsilon_per_round=16.0000
2026-05-24 15:52:07,851 - root - INFO - add_noise: grad_norm=2.6518, noise_norm=0.5815, sigma=0.2999, epsilon_per_round=16.0000
2026-05-24 15:52:07,851 - src.training.federated - INFO -   Medical/Surgical Intensive Care Unit (MICU/SICU): 6983 samples, loss=0.2627
2026-05-24 15:52:07,859 - root - INFO - add_noise: grad_norm=3.2300, noise_norm=1.3552, sigma=0.2999, epsilon_per_round=16.0000
2026-05-24 15:52:07,859 - root - INFO - add_noise: grad_norm=1.4097, noise_norm=0.2423, sigma=0.2999, epsilon_per_round=16.0000
2026-05-24 15:52:07,859 - src.training.federated - INFO -   Neuro Surgical Intensive Care Unit (Neuro SICU): 907 samples, loss=0.3759
2026-05-24 15:52:07,879 - root - INFO - add_noise: grad_norm=2.9842, noise_norm=1.7713, sigma=0.2999, epsilon_per_round=16.0000
2026-05-24 15:52:07,879 - root - INFO - add_noise: grad_norm=2.5900, noise_norm=0.3944, sigma=0.2999, epsilon_per_round=16.0000
2026-05-24 15:52:07,879 - src.training.federated - INFO -   Surgical Intensive Care Unit (SICU): 6372 samples, loss=0.2279
2026-05-24 15:52:07,896 - root - INFO - add_noise: grad_norm=2.4832, noise_norm=1.6783, sigma=0.2999, epsilon_per_round=16.0000
2026-05-24 15:52:07,896 - root - INFO - add_noise: grad_norm=2.8690, noise_norm=0.0345, sigma=0.2999, epsilon_per_round=16.0000
2026-05-24 15:52:07,896 - src.training.federated - INFO -   Trauma SICU (TSICU): 5458 samples, loss=0.1753
2026-05-24 15:52:07,896 - src.training.federated - INFO - Round 8 complete: 7 clients aggregated
2026-05-24 15:52:07,902 - src.training.federated - INFO - Round 8 Validation AUROC: 0.8639
2026-05-24 15:52:07,902 - src.training.federated - INFO - 
======================================================================
2026-05-24 15:52:07,902 - src.training.federated - INFO - Round 9/20
2026-05-24 15:52:07,902 - src.training.federated - INFO - ======================================================================
2026-05-24 15:52:07,925 - root - INFO - add_noise: grad_norm=2.5904, noise_norm=1.6303, sigma=0.2999, epsilon_per_round=16.0000
2026-05-24 15:52:07,925 - root - INFO - add_noise: grad_norm=3.5588, noise_norm=0.1949, sigma=0.2999, epsilon_per_round=16.0000
2026-05-24 15:52:07,925 - src.training.federated - INFO -   Cardiac Vascular Intensive Care Unit (CVICU): 8118 samples, loss=0.0754
2026-05-24 15:52:07,941 - root - INFO - add_noise: grad_norm=2.4938, noise_norm=1.4097, sigma=0.2999, epsilon_per_round=16.0000
2026-05-24 15:52:07,941 - root - INFO - add_noise: grad_norm=2.8958, noise_norm=0.2011, sigma=0.2999, epsilon_per_round=16.0000
2026-05-24 15:52:07,941 - src.training.federated - INFO -   Coronary Care Unit (CCU): 5113 samples, loss=0.2288
2026-05-24 15:52:07,967 - root - INFO - add_noise: grad_norm=1.8491, noise_norm=1.6510, sigma=0.2999, epsilon_per_round=16.0000
2026-05-24 15:52:07,967 - root - INFO - add_noise: grad_norm=2.3548, noise_norm=0.1272, sigma=0.2999, epsilon_per_round=16.0000
2026-05-24 15:52:07,967 - src.training.federated - INFO -   Medical Intensive Care Unit (MICU): 8791 samples, loss=0.2735
2026-05-24 15:52:07,994 - root - INFO - add_noise: grad_norm=2.5337, noise_norm=1.4878, sigma=0.2999, epsilon_per_round=16.0000
2026-05-24 15:52:07,994 - root - INFO - add_noise: grad_norm=2.6518, noise_norm=0.1416, sigma=0.2999, epsilon_per_round=16.0000
2026-05-24 15:52:07,994 - src.training.federated - INFO -   Medical/Surgical Intensive Care Unit (MICU/SICU): 6983 samples, loss=0.2627
2026-05-24 15:52:08,001 - root - INFO - add_noise: grad_norm=3.2300, noise_norm=1.9108, sigma=0.2999, epsilon_per_round=16.0000
2026-05-24 15:52:08,001 - root - INFO - add_noise: grad_norm=1.4097, noise_norm=0.3785, sigma=0.2999, epsilon_per_round=16.0000
2026-05-24 15:52:08,002 - src.training.federated - INFO -   Neuro Surgical Intensive Care Unit (Neuro SICU): 907 samples, loss=0.3759
2026-05-24 15:52:08,022 - root - INFO - add_noise: grad_norm=2.9842, noise_norm=1.8321, sigma=0.2999, epsilon_per_round=16.0000
2026-05-24 15:52:08,022 - root - INFO - add_noise: grad_norm=2.5900, noise_norm=0.2586, sigma=0.2999, epsilon_per_round=16.0000
2026-05-24 15:52:08,022 - src.training.federated - INFO -   Surgical Intensive Care Unit (SICU): 6372 samples, loss=0.2279
2026-05-24 15:52:08,039 - root - INFO - add_noise: grad_norm=2.4832, noise_norm=1.3564, sigma=0.2999, epsilon_per_round=16.0000
2026-05-24 15:52:08,039 - root - INFO - add_noise: grad_norm=2.8690, noise_norm=0.0581, sigma=0.2999, epsilon_per_round=16.0000
2026-05-24 15:52:08,039 - src.training.federated - INFO -   Trauma SICU (TSICU): 5458 samples, loss=0.1753
2026-05-24 15:52:08,039 - src.training.federated - INFO - Round 9 complete: 7 clients aggregated
2026-05-24 15:52:08,045 - src.training.federated - INFO - Round 9 Validation AUROC: 0.8586
2026-05-24 15:52:08,045 - src.training.federated - INFO - 
======================================================================
2026-05-24 15:52:08,045 - src.training.federated - INFO - Round 10/20
2026-05-24 15:52:08,045 - src.training.federated - INFO - ======================================================================
2026-05-24 15:52:08,067 - root - INFO - add_noise: grad_norm=2.5904, noise_norm=1.9234, sigma=0.2999, epsilon_per_round=16.0000
2026-05-24 15:52:08,067 - root - INFO - add_noise: grad_norm=3.5588, noise_norm=0.0028, sigma=0.2999, epsilon_per_round=16.0000
2026-05-24 15:52:08,067 - src.training.federated - INFO -   Cardiac Vascular Intensive Care Unit (CVICU): 8118 samples, loss=0.0754
2026-05-24 15:52:08,084 - root - INFO - add_noise: grad_norm=2.4938, noise_norm=1.3635, sigma=0.2999, epsilon_per_round=16.0000
2026-05-24 15:52:08,085 - root - INFO - add_noise: grad_norm=2.8958, noise_norm=0.1350, sigma=0.2999, epsilon_per_round=16.0000
2026-05-24 15:52:08,085 - src.training.federated - INFO -   Coronary Care Unit (CCU): 5113 samples, loss=0.2288
2026-05-24 15:52:08,111 - root - INFO - add_noise: grad_norm=1.8491, noise_norm=1.6104, sigma=0.2999, epsilon_per_round=16.0000
2026-05-24 15:52:08,111 - root - INFO - add_noise: grad_norm=2.3548, noise_norm=0.0488, sigma=0.2999, epsilon_per_round=16.0000
2026-05-24 15:52:08,111 - src.training.federated - INFO -   Medical Intensive Care Unit (MICU): 8791 samples, loss=0.2735
2026-05-24 15:52:08,137 - root - INFO - add_noise: grad_norm=2.5337, noise_norm=1.5738, sigma=0.2999, epsilon_per_round=16.0000
2026-05-24 15:52:08,137 - root - INFO - add_noise: grad_norm=2.6518, noise_norm=0.0732, sigma=0.2999, epsilon_per_round=16.0000
2026-05-24 15:52:08,137 - src.training.federated - INFO -   Medical/Surgical Intensive Care Unit (MICU/SICU): 6983 samples, loss=0.2627
2026-05-24 15:52:08,145 - root - INFO - add_noise: grad_norm=3.2300, noise_norm=1.5270, sigma=0.2999, epsilon_per_round=16.0000
2026-05-24 15:52:08,145 - root - INFO - add_noise: grad_norm=1.4097, noise_norm=0.6267, sigma=0.2999, epsilon_per_round=16.0000
2026-05-24 15:52:08,145 - src.training.federated - INFO -   Neuro Surgical Intensive Care Unit (Neuro SICU): 907 samples, loss=0.3759
2026-05-24 15:52:08,165 - root - INFO - add_noise: grad_norm=2.9842, noise_norm=1.8371, sigma=0.2999, epsilon_per_round=16.0000
2026-05-24 15:52:08,165 - root - INFO - add_noise: grad_norm=2.5900, noise_norm=0.1067, sigma=0.2999, epsilon_per_round=16.0000
2026-05-24 15:52:08,165 - src.training.federated - INFO -   Surgical Intensive Care Unit (SICU): 6372 samples, loss=0.2279
2026-05-24 15:52:08,181 - root - INFO - add_noise: grad_norm=2.4832, noise_norm=1.5581, sigma=0.2999, epsilon_per_round=16.0000
2026-05-24 15:52:08,182 - root - INFO - add_noise: grad_norm=2.8690, noise_norm=0.2058, sigma=0.2999, epsilon_per_round=16.0000
2026-05-24 15:52:08,182 - src.training.federated - INFO -   Trauma SICU (TSICU): 5458 samples, loss=0.1753
2026-05-24 15:52:08,182 - src.training.federated - INFO - Round 10 complete: 7 clients aggregated
2026-05-24 15:52:08,188 - src.training.federated - INFO - Round 10 Validation AUROC: 0.8587
2026-05-24 15:52:08,188 - src.training.federated - INFO - 
======================================================================
2026-05-24 15:52:08,188 - src.training.federated - INFO - Round 11/20
2026-05-24 15:52:08,188 - src.training.federated - INFO - ======================================================================
2026-05-24 15:52:08,211 - root - INFO - add_noise: grad_norm=2.5904, noise_norm=1.7805, sigma=0.2999, epsilon_per_round=16.0000
2026-05-24 15:52:08,211 - root - INFO - add_noise: grad_norm=3.5588, noise_norm=0.1461, sigma=0.2999, epsilon_per_round=16.0000
2026-05-24 15:52:08,211 - src.training.federated - INFO -   Cardiac Vascular Intensive Care Unit (CVICU): 8118 samples, loss=0.0754
2026-05-24 15:52:08,227 - root - INFO - add_noise: grad_norm=2.4938, noise_norm=1.5655, sigma=0.2999, epsilon_per_round=16.0000
2026-05-24 15:52:08,227 - root - INFO - add_noise: grad_norm=2.8958, noise_norm=0.0750, sigma=0.2999, epsilon_per_round=16.0000
2026-05-24 15:52:08,227 - src.training.federated - INFO -   Coronary Care Unit (CCU): 5113 samples, loss=0.2288
2026-05-24 15:52:08,253 - root - INFO - add_noise: grad_norm=1.8491, noise_norm=1.6994, sigma=0.2999, epsilon_per_round=16.0000
2026-05-24 15:52:08,253 - root - INFO - add_noise: grad_norm=2.3548, noise_norm=0.1725, sigma=0.2999, epsilon_per_round=16.0000
2026-05-24 15:52:08,253 - src.training.federated - INFO -   Medical Intensive Care Unit (MICU): 8791 samples, loss=0.2735
2026-05-24 15:52:08,279 - root - INFO - add_noise: grad_norm=2.5337, noise_norm=1.5772, sigma=0.2999, epsilon_per_round=16.0000
2026-05-24 15:52:08,279 - root - INFO - add_noise: grad_norm=2.6518, noise_norm=0.5121, sigma=0.2999, epsilon_per_round=16.0000
2026-05-24 15:52:08,279 - src.training.federated - INFO -   Medical/Surgical Intensive Care Unit (MICU/SICU): 6983 samples, loss=0.2627
2026-05-24 15:52:08,287 - root - INFO - add_noise: grad_norm=3.2300, noise_norm=1.5027, sigma=0.2999, epsilon_per_round=16.0000
2026-05-24 15:52:08,287 - root - INFO - add_noise: grad_norm=1.4097, noise_norm=0.0208, sigma=0.2999, epsilon_per_round=16.0000
2026-05-24 15:52:08,287 - src.training.federated - INFO -   Neuro Surgical Intensive Care Unit (Neuro SICU): 907 samples, loss=0.3759
2026-05-24 15:52:08,307 - root - INFO - add_noise: grad_norm=2.9842, noise_norm=1.5177, sigma=0.2999, epsilon_per_round=16.0000
2026-05-24 15:52:08,307 - root - INFO - add_noise: grad_norm=2.5900, noise_norm=0.3058, sigma=0.2999, epsilon_per_round=16.0000
2026-05-24 15:52:08,307 - src.training.federated - INFO -   Surgical Intensive Care Unit (SICU): 6372 samples, loss=0.2279
2026-05-24 15:52:08,324 - root - INFO - add_noise: grad_norm=2.4832, noise_norm=1.2983, sigma=0.2999, epsilon_per_round=16.0000
2026-05-24 15:52:08,324 - root - INFO - add_noise: grad_norm=2.8690, noise_norm=0.3712, sigma=0.2999, epsilon_per_round=16.0000
2026-05-24 15:52:08,324 - src.training.federated - INFO -   Trauma SICU (TSICU): 5458 samples, loss=0.1753
2026-05-24 15:52:08,324 - src.training.federated - INFO - Round 11 complete: 7 clients aggregated
2026-05-24 15:52:08,330 - src.training.federated - INFO - Round 11 Validation AUROC: 0.8807
2026-05-24 15:52:08,330 - src.training.federated - INFO - 
======================================================================
2026-05-24 15:52:08,330 - src.training.federated - INFO - Round 12/20
2026-05-24 15:52:08,330 - src.training.federated - INFO - ======================================================================
2026-05-24 15:52:08,352 - root - INFO - add_noise: grad_norm=2.5904, noise_norm=1.7512, sigma=0.2999, epsilon_per_round=16.0000
2026-05-24 15:52:08,353 - root - INFO - add_noise: grad_norm=3.5588, noise_norm=0.2439, sigma=0.2999, epsilon_per_round=16.0000
2026-05-24 15:52:08,353 - src.training.federated - INFO -   Cardiac Vascular Intensive Care Unit (CVICU): 8118 samples, loss=0.0754
2026-05-24 15:52:08,368 - root - INFO - add_noise: grad_norm=2.4938, noise_norm=1.7867, sigma=0.2999, epsilon_per_round=16.0000
2026-05-24 15:52:08,368 - root - INFO - add_noise: grad_norm=2.8958, noise_norm=0.1820, sigma=0.2999, epsilon_per_round=16.0000
2026-05-24 15:52:08,368 - src.training.federated - INFO -   Coronary Care Unit (CCU): 5113 samples, loss=0.2288
2026-05-24 15:52:08,394 - root - INFO - add_noise: grad_norm=1.8491, noise_norm=2.0136, sigma=0.2999, epsilon_per_round=16.0000
2026-05-24 15:52:08,395 - root - INFO - add_noise: grad_norm=2.3548, noise_norm=0.2772, sigma=0.2999, epsilon_per_round=16.0000
2026-05-24 15:52:08,395 - src.training.federated - INFO -   Medical Intensive Care Unit (MICU): 8791 samples, loss=0.2735
2026-05-24 15:52:08,421 - root - INFO - add_noise: grad_norm=2.5337, noise_norm=1.6173, sigma=0.2999, epsilon_per_round=16.0000
2026-05-24 15:52:08,421 - root - INFO - add_noise: grad_norm=2.6518, noise_norm=0.1371, sigma=0.2999, epsilon_per_round=16.0000
2026-05-24 15:52:08,421 - src.training.federated - INFO -   Medical/Surgical Intensive Care Unit (MICU/SICU): 6983 samples, loss=0.2627
2026-05-24 15:52:08,428 - root - INFO - add_noise: grad_norm=3.2300, noise_norm=1.5938, sigma=0.2999, epsilon_per_round=16.0000
2026-05-24 15:52:08,429 - root - INFO - add_noise: grad_norm=1.4097, noise_norm=0.4230, sigma=0.2999, epsilon_per_round=16.0000
2026-05-24 15:52:08,429 - src.training.federated - INFO -   Neuro Surgical Intensive Care Unit (Neuro SICU): 907 samples, loss=0.3759
2026-05-24 15:52:08,448 - root - INFO - add_noise: grad_norm=2.9842, noise_norm=1.4844, sigma=0.2999, epsilon_per_round=16.0000
2026-05-24 15:52:08,448 - root - INFO - add_noise: grad_norm=2.5900, noise_norm=0.2563, sigma=0.2999, epsilon_per_round=16.0000
2026-05-24 15:52:08,449 - src.training.federated - INFO -   Surgical Intensive Care Unit (SICU): 6372 samples, loss=0.2279
2026-05-24 15:52:08,465 - root - INFO - add_noise: grad_norm=2.4832, noise_norm=1.3779, sigma=0.2999, epsilon_per_round=16.0000
2026-05-24 15:52:08,465 - root - INFO - add_noise: grad_norm=2.8690, noise_norm=0.4605, sigma=0.2999, epsilon_per_round=16.0000
2026-05-24 15:52:08,465 - src.training.federated - INFO -   Trauma SICU (TSICU): 5458 samples, loss=0.1753
2026-05-24 15:52:08,465 - src.training.federated - INFO - Round 12 complete: 7 clients aggregated
2026-05-24 15:52:08,472 - src.training.federated - INFO - Round 12 Validation AUROC: 0.8750
2026-05-24 15:52:08,472 - src.training.federated - INFO - 
======================================================================
2026-05-24 15:52:08,472 - src.training.federated - INFO - Round 13/20
2026-05-24 15:52:08,472 - src.training.federated - INFO - ======================================================================
2026-05-24 15:52:08,494 - root - INFO - add_noise: grad_norm=2.5904, noise_norm=1.6629, sigma=0.2999, epsilon_per_round=16.0000
2026-05-24 15:52:08,495 - root - INFO - add_noise: grad_norm=3.5588, noise_norm=0.0371, sigma=0.2999, epsilon_per_round=16.0000
2026-05-24 15:52:08,495 - src.training.federated - INFO -   Cardiac Vascular Intensive Care Unit (CVICU): 8118 samples, loss=0.0754
2026-05-24 15:52:08,510 - root - INFO - add_noise: grad_norm=2.4938, noise_norm=1.8907, sigma=0.2999, epsilon_per_round=16.0000
2026-05-24 15:52:08,510 - root - INFO - add_noise: grad_norm=2.8958, noise_norm=0.4718, sigma=0.2999, epsilon_per_round=16.0000
2026-05-24 15:52:08,511 - src.training.federated - INFO -   Coronary Care Unit (CCU): 5113 samples, loss=0.2288
2026-05-24 15:52:08,537 - root - INFO - add_noise: grad_norm=1.8491, noise_norm=1.0631, sigma=0.2999, epsilon_per_round=16.0000
2026-05-24 15:52:08,537 - root - INFO - add_noise: grad_norm=2.3548, noise_norm=0.3125, sigma=0.2999, epsilon_per_round=16.0000
2026-05-24 15:52:08,537 - src.training.federated - INFO -   Medical Intensive Care Unit (MICU): 8791 samples, loss=0.2735
2026-05-24 15:52:08,562 - root - INFO - add_noise: grad_norm=2.5337, noise_norm=1.6248, sigma=0.2999, epsilon_per_round=16.0000
2026-05-24 15:52:08,563 - root - INFO - add_noise: grad_norm=2.6518, noise_norm=0.2442, sigma=0.2999, epsilon_per_round=16.0000
2026-05-24 15:52:08,563 - src.training.federated - INFO -   Medical/Surgical Intensive Care Unit (MICU/SICU): 6983 samples, loss=0.2627
2026-05-24 15:52:08,570 - root - INFO - add_noise: grad_norm=3.2300, noise_norm=1.8411, sigma=0.2999, epsilon_per_round=16.0000
2026-05-24 15:52:08,570 - root - INFO - add_noise: grad_norm=1.4097, noise_norm=0.2511, sigma=0.2999, epsilon_per_round=16.0000
2026-05-24 15:52:08,570 - src.training.federated - INFO -   Neuro Surgical Intensive Care Unit (Neuro SICU): 907 samples, loss=0.3759
2026-05-24 15:52:08,592 - root - INFO - add_noise: grad_norm=2.9842, noise_norm=1.3400, sigma=0.2999, epsilon_per_round=16.0000
2026-05-24 15:52:08,592 - root - INFO - add_noise: grad_norm=2.5900, noise_norm=0.0562, sigma=0.2999, epsilon_per_round=16.0000
2026-05-24 15:52:08,592 - src.training.federated - INFO -   Surgical Intensive Care Unit (SICU): 6372 samples, loss=0.2279
2026-05-24 15:52:08,609 - root - INFO - add_noise: grad_norm=2.4832, noise_norm=2.2390, sigma=0.2999, epsilon_per_round=16.0000
2026-05-24 15:52:08,609 - root - INFO - add_noise: grad_norm=2.8690, noise_norm=0.1075, sigma=0.2999, epsilon_per_round=16.0000
2026-05-24 15:52:08,609 - src.training.federated - INFO -   Trauma SICU (TSICU): 5458 samples, loss=0.1753
2026-05-24 15:52:08,609 - src.training.federated - INFO - Round 13 complete: 7 clients aggregated
2026-05-24 15:52:08,615 - src.training.federated - INFO - Round 13 Validation AUROC: 0.8653
2026-05-24 15:52:08,615 - src.training.federated - INFO - 
======================================================================
2026-05-24 15:52:08,615 - src.training.federated - INFO - Round 14/20
2026-05-24 15:52:08,615 - src.training.federated - INFO - ======================================================================
2026-05-24 15:52:08,638 - root - INFO - add_noise: grad_norm=2.5904, noise_norm=1.4179, sigma=0.2999, epsilon_per_round=16.0000
2026-05-24 15:52:08,639 - root - INFO - add_noise: grad_norm=3.5588, noise_norm=0.0571, sigma=0.2999, epsilon_per_round=16.0000
2026-05-24 15:52:08,639 - src.training.federated - INFO -   Cardiac Vascular Intensive Care Unit (CVICU): 8118 samples, loss=0.0754
2026-05-24 15:52:08,654 - root - INFO - add_noise: grad_norm=2.4938, noise_norm=1.9715, sigma=0.2999, epsilon_per_round=16.0000
2026-05-24 15:52:08,654 - root - INFO - add_noise: grad_norm=2.8958, noise_norm=0.0317, sigma=0.2999, epsilon_per_round=16.0000
2026-05-24 15:52:08,654 - src.training.federated - INFO -   Coronary Care Unit (CCU): 5113 samples, loss=0.2288
2026-05-24 15:52:08,680 - root - INFO - add_noise: grad_norm=1.8491, noise_norm=1.6845, sigma=0.2999, epsilon_per_round=16.0000
2026-05-24 15:52:08,680 - root - INFO - add_noise: grad_norm=2.3548, noise_norm=0.4640, sigma=0.2999, epsilon_per_round=16.0000
2026-05-24 15:52:08,680 - src.training.federated - INFO -   Medical Intensive Care Unit (MICU): 8791 samples, loss=0.2735
2026-05-24 15:52:08,707 - root - INFO - add_noise: grad_norm=2.5337, noise_norm=1.7844, sigma=0.2999, epsilon_per_round=16.0000
2026-05-24 15:52:08,707 - root - INFO - add_noise: grad_norm=2.6518, noise_norm=0.0620, sigma=0.2999, epsilon_per_round=16.0000
2026-05-24 15:52:08,707 - src.training.federated - INFO -   Medical/Surgical Intensive Care Unit (MICU/SICU): 6983 samples, loss=0.2627
2026-05-24 15:52:08,714 - root - INFO - add_noise: grad_norm=3.2300, noise_norm=1.5137, sigma=0.2999, epsilon_per_round=16.0000
2026-05-24 15:52:08,715 - root - INFO - add_noise: grad_norm=1.4097, noise_norm=0.5106, sigma=0.2999, epsilon_per_round=16.0000
2026-05-24 15:52:08,715 - src.training.federated - INFO -   Neuro Surgical Intensive Care Unit (Neuro SICU): 907 samples, loss=0.3759
2026-05-24 15:52:08,735 - root - INFO - add_noise: grad_norm=2.9842, noise_norm=1.6906, sigma=0.2999, epsilon_per_round=16.0000
2026-05-24 15:52:08,735 - root - INFO - add_noise: grad_norm=2.5900, noise_norm=0.3211, sigma=0.2999, epsilon_per_round=16.0000
2026-05-24 15:52:08,735 - src.training.federated - INFO -   Surgical Intensive Care Unit (SICU): 6372 samples, loss=0.2279
2026-05-24 15:52:08,751 - root - INFO - add_noise: grad_norm=2.4832, noise_norm=1.5396, sigma=0.2999, epsilon_per_round=16.0000
2026-05-24 15:52:08,751 - root - INFO - add_noise: grad_norm=2.8690, noise_norm=0.1329, sigma=0.2999, epsilon_per_round=16.0000
2026-05-24 15:52:08,752 - src.training.federated - INFO -   Trauma SICU (TSICU): 5458 samples, loss=0.1753
2026-05-24 15:52:08,752 - src.training.federated - INFO - Round 14 complete: 7 clients aggregated
2026-05-24 15:52:08,758 - src.training.federated - INFO - Round 14 Validation AUROC: 0.8676
2026-05-24 15:52:08,758 - src.training.federated - INFO - 
======================================================================
2026-05-24 15:52:08,758 - src.training.federated - INFO - Round 15/20
2026-05-24 15:52:08,758 - src.training.federated - INFO - ======================================================================
2026-05-24 15:52:08,781 - root - INFO - add_noise: grad_norm=2.5904, noise_norm=1.7096, sigma=0.2999, epsilon_per_round=16.0000
2026-05-24 15:52:08,781 - root - INFO - add_noise: grad_norm=3.5588, noise_norm=0.0474, sigma=0.2999, epsilon_per_round=16.0000
2026-05-24 15:52:08,781 - src.training.federated - INFO -   Cardiac Vascular Intensive Care Unit (CVICU): 8118 samples, loss=0.0754
2026-05-24 15:52:08,797 - root - INFO - add_noise: grad_norm=2.4938, noise_norm=1.8152, sigma=0.2999, epsilon_per_round=16.0000
2026-05-24 15:52:08,797 - root - INFO - add_noise: grad_norm=2.8958, noise_norm=0.1312, sigma=0.2999, epsilon_per_round=16.0000
2026-05-24 15:52:08,797 - src.training.federated - INFO -   Coronary Care Unit (CCU): 5113 samples, loss=0.2288
2026-05-24 15:52:08,823 - root - INFO - add_noise: grad_norm=1.8491, noise_norm=1.6264, sigma=0.2999, epsilon_per_round=16.0000
2026-05-24 15:52:08,824 - root - INFO - add_noise: grad_norm=2.3548, noise_norm=0.6076, sigma=0.2999, epsilon_per_round=16.0000
2026-05-24 15:52:08,824 - src.training.federated - INFO -   Medical Intensive Care Unit (MICU): 8791 samples, loss=0.2735
2026-05-24 15:52:08,849 - root - INFO - add_noise: grad_norm=2.5337, noise_norm=1.7678, sigma=0.2999, epsilon_per_round=16.0000
2026-05-24 15:52:08,849 - root - INFO - add_noise: grad_norm=2.6518, noise_norm=0.3517, sigma=0.2999, epsilon_per_round=16.0000
2026-05-24 15:52:08,849 - src.training.federated - INFO -   Medical/Surgical Intensive Care Unit (MICU/SICU): 6983 samples, loss=0.2627
2026-05-24 15:52:08,857 - root - INFO - add_noise: grad_norm=3.2300, noise_norm=1.7732, sigma=0.2999, epsilon_per_round=16.0000
2026-05-24 15:52:08,857 - root - INFO - add_noise: grad_norm=1.4097, noise_norm=0.3225, sigma=0.2999, epsilon_per_round=16.0000
2026-05-24 15:52:08,857 - src.training.federated - INFO -   Neuro Surgical Intensive Care Unit (Neuro SICU): 907 samples, loss=0.3759
2026-05-24 15:52:08,877 - root - INFO - add_noise: grad_norm=2.9842, noise_norm=1.7471, sigma=0.2999, epsilon_per_round=16.0000
2026-05-24 15:52:08,877 - root - INFO - add_noise: grad_norm=2.5900, noise_norm=0.1767, sigma=0.2999, epsilon_per_round=16.0000
2026-05-24 15:52:08,877 - src.training.federated - INFO -   Surgical Intensive Care Unit (SICU): 6372 samples, loss=0.2279
2026-05-24 15:52:08,894 - root - INFO - add_noise: grad_norm=2.4832, noise_norm=1.7123, sigma=0.2999, epsilon_per_round=16.0000
2026-05-24 15:52:08,894 - root - INFO - add_noise: grad_norm=2.8690, noise_norm=0.2938, sigma=0.2999, epsilon_per_round=16.0000
2026-05-24 15:52:08,894 - src.training.federated - INFO -   Trauma SICU (TSICU): 5458 samples, loss=0.1753
2026-05-24 15:52:08,894 - src.training.federated - INFO - Round 15 complete: 7 clients aggregated
2026-05-24 15:52:08,900 - src.training.federated - INFO - Round 15 Validation AUROC: 0.8356
2026-05-24 15:52:08,900 - src.training.federated - INFO - 
======================================================================
2026-05-24 15:52:08,900 - src.training.federated - INFO - Round 16/20
2026-05-24 15:52:08,900 - src.training.federated - INFO - ======================================================================
2026-05-24 15:52:08,923 - root - INFO - add_noise: grad_norm=2.5904, noise_norm=1.8773, sigma=0.2999, epsilon_per_round=16.0000
2026-05-24 15:52:08,924 - root - INFO - add_noise: grad_norm=3.5588, noise_norm=0.2408, sigma=0.2999, epsilon_per_round=16.0000
2026-05-24 15:52:08,924 - src.training.federated - INFO -   Cardiac Vascular Intensive Care Unit (CVICU): 8118 samples, loss=0.0754
2026-05-24 15:52:08,939 - root - INFO - add_noise: grad_norm=2.4938, noise_norm=1.7594, sigma=0.2999, epsilon_per_round=16.0000
2026-05-24 15:52:08,940 - root - INFO - add_noise: grad_norm=2.8958, noise_norm=0.1254, sigma=0.2999, epsilon_per_round=16.0000
2026-05-24 15:52:08,940 - src.training.federated - INFO -   Coronary Care Unit (CCU): 5113 samples, loss=0.2288
2026-05-24 15:52:08,965 - root - INFO - add_noise: grad_norm=1.8491, noise_norm=1.8013, sigma=0.2999, epsilon_per_round=16.0000
2026-05-24 15:52:08,966 - root - INFO - add_noise: grad_norm=2.3548, noise_norm=0.6157, sigma=0.2999, epsilon_per_round=16.0000
2026-05-24 15:52:08,966 - src.training.federated - INFO -   Medical Intensive Care Unit (MICU): 8791 samples, loss=0.2735
2026-05-24 15:52:08,992 - root - INFO - add_noise: grad_norm=2.5337, noise_norm=1.7765, sigma=0.2999, epsilon_per_round=16.0000
2026-05-24 15:52:08,992 - root - INFO - add_noise: grad_norm=2.6518, noise_norm=0.1994, sigma=0.2999, epsilon_per_round=16.0000
2026-05-24 15:52:08,992 - src.training.federated - INFO -   Medical/Surgical Intensive Care Unit (MICU/SICU): 6983 samples, loss=0.2627
2026-05-24 15:52:09,000 - root - INFO - add_noise: grad_norm=3.2300, noise_norm=1.4877, sigma=0.2999, epsilon_per_round=16.0000
2026-05-24 15:52:09,000 - root - INFO - add_noise: grad_norm=1.4097, noise_norm=0.6648, sigma=0.2999, epsilon_per_round=16.0000
2026-05-24 15:52:09,000 - src.training.federated - INFO -   Neuro Surgical Intensive Care Unit (Neuro SICU): 907 samples, loss=0.3759
2026-05-24 15:52:09,020 - root - INFO - add_noise: grad_norm=2.9842, noise_norm=2.0375, sigma=0.2999, epsilon_per_round=16.0000
2026-05-24 15:52:09,020 - root - INFO - add_noise: grad_norm=2.5900, noise_norm=0.4702, sigma=0.2999, epsilon_per_round=16.0000
2026-05-24 15:52:09,020 - src.training.federated - INFO -   Surgical Intensive Care Unit (SICU): 6372 samples, loss=0.2279
2026-05-24 15:52:09,037 - root - INFO - add_noise: grad_norm=2.4832, noise_norm=1.8562, sigma=0.2999, epsilon_per_round=16.0000
2026-05-24 15:52:09,037 - root - INFO - add_noise: grad_norm=2.8690, noise_norm=0.3668, sigma=0.2999, epsilon_per_round=16.0000
2026-05-24 15:52:09,037 - src.training.federated - INFO -   Trauma SICU (TSICU): 5458 samples, loss=0.1753
2026-05-24 15:52:09,037 - src.training.federated - INFO - Round 16 complete: 7 clients aggregated
2026-05-24 15:52:09,043 - src.training.federated - INFO - Round 16 Validation AUROC: 0.8594
2026-05-24 15:52:09,043 - src.training.federated - INFO - 
======================================================================
2026-05-24 15:52:09,043 - src.training.federated - INFO - Round 17/20
2026-05-24 15:52:09,043 - src.training.federated - INFO - ======================================================================
2026-05-24 15:52:09,066 - root - INFO - add_noise: grad_norm=2.5904, noise_norm=1.6376, sigma=0.2999, epsilon_per_round=16.0000
2026-05-24 15:52:09,066 - root - INFO - add_noise: grad_norm=3.5588, noise_norm=0.2203, sigma=0.2999, epsilon_per_round=16.0000
2026-05-24 15:52:09,066 - src.training.federated - INFO -   Cardiac Vascular Intensive Care Unit (CVICU): 8118 samples, loss=0.0754
2026-05-24 15:52:09,083 - root - INFO - add_noise: grad_norm=2.4938, noise_norm=1.4410, sigma=0.2999, epsilon_per_round=16.0000
2026-05-24 15:52:09,083 - root - INFO - add_noise: grad_norm=2.8958, noise_norm=0.0638, sigma=0.2999, epsilon_per_round=16.0000
2026-05-24 15:52:09,083 - src.training.federated - INFO -   Coronary Care Unit (CCU): 5113 samples, loss=0.2288
2026-05-24 15:52:09,109 - root - INFO - add_noise: grad_norm=1.8491, noise_norm=1.3988, sigma=0.2999, epsilon_per_round=16.0000
2026-05-24 15:52:09,109 - root - INFO - add_noise: grad_norm=2.3548, noise_norm=0.0251, sigma=0.2999, epsilon_per_round=16.0000
2026-05-24 15:52:09,109 - src.training.federated - INFO -   Medical Intensive Care Unit (MICU): 8791 samples, loss=0.2735
2026-05-24 15:52:09,135 - root - INFO - add_noise: grad_norm=2.5337, noise_norm=1.5581, sigma=0.2999, epsilon_per_round=16.0000
2026-05-24 15:52:09,135 - root - INFO - add_noise: grad_norm=2.6518, noise_norm=0.3946, sigma=0.2999, epsilon_per_round=16.0000
2026-05-24 15:52:09,135 - src.training.federated - INFO -   Medical/Surgical Intensive Care Unit (MICU/SICU): 6983 samples, loss=0.2627
2026-05-24 15:52:09,143 - root - INFO - add_noise: grad_norm=3.2300, noise_norm=2.1098, sigma=0.2999, epsilon_per_round=16.0000
2026-05-24 15:52:09,143 - root - INFO - add_noise: grad_norm=1.4097, noise_norm=0.0504, sigma=0.2999, epsilon_per_round=16.0000
2026-05-24 15:52:09,143 - src.training.federated - INFO -   Neuro Surgical Intensive Care Unit (Neuro SICU): 907 samples, loss=0.3759
2026-05-24 15:52:09,163 - root - INFO - add_noise: grad_norm=2.9842, noise_norm=1.6783, sigma=0.2999, epsilon_per_round=16.0000
2026-05-24 15:52:09,163 - root - INFO - add_noise: grad_norm=2.5900, noise_norm=0.1414, sigma=0.2999, epsilon_per_round=16.0000
2026-05-24 15:52:09,163 - src.training.federated - INFO -   Surgical Intensive Care Unit (SICU): 6372 samples, loss=0.2279
2026-05-24 15:52:09,180 - root - INFO - add_noise: grad_norm=2.4832, noise_norm=1.4934, sigma=0.2999, epsilon_per_round=16.0000
2026-05-24 15:52:09,180 - root - INFO - add_noise: grad_norm=2.8690, noise_norm=0.5904, sigma=0.2999, epsilon_per_round=16.0000
2026-05-24 15:52:09,180 - src.training.federated - INFO -   Trauma SICU (TSICU): 5458 samples, loss=0.1753
2026-05-24 15:52:09,181 - src.training.federated - INFO - Round 17 complete: 7 clients aggregated
2026-05-24 15:52:09,187 - src.training.federated - INFO - Round 17 Validation AUROC: 0.8594
2026-05-24 15:52:09,187 - src.training.federated - INFO - 
======================================================================
2026-05-24 15:52:09,187 - src.training.federated - INFO - Round 18/20
2026-05-24 15:52:09,187 - src.training.federated - INFO - ======================================================================
2026-05-24 15:52:09,211 - root - INFO - add_noise: grad_norm=2.5904, noise_norm=1.4067, sigma=0.2999, epsilon_per_round=16.0000
2026-05-24 15:52:09,211 - root - INFO - add_noise: grad_norm=3.5588, noise_norm=0.0931, sigma=0.2999, epsilon_per_round=16.0000
2026-05-24 15:52:09,211 - src.training.federated - INFO -   Cardiac Vascular Intensive Care Unit (CVICU): 8118 samples, loss=0.0754
2026-05-24 15:52:09,229 - root - INFO - add_noise: grad_norm=2.4938, noise_norm=1.4766, sigma=0.2999, epsilon_per_round=16.0000
2026-05-24 15:52:09,229 - root - INFO - add_noise: grad_norm=2.8958, noise_norm=0.0473, sigma=0.2999, epsilon_per_round=16.0000
2026-05-24 15:52:09,229 - src.training.federated - INFO -   Coronary Care Unit (CCU): 5113 samples, loss=0.2288
2026-05-24 15:52:09,255 - root - INFO - add_noise: grad_norm=1.8491, noise_norm=1.6710, sigma=0.2999, epsilon_per_round=16.0000
2026-05-24 15:52:09,255 - root - INFO - add_noise: grad_norm=2.3548, noise_norm=0.2827, sigma=0.2999, epsilon_per_round=16.0000
2026-05-24 15:52:09,256 - src.training.federated - INFO -   Medical Intensive Care Unit (MICU): 8791 samples, loss=0.2735
2026-05-24 15:52:09,281 - root - INFO - add_noise: grad_norm=2.5337, noise_norm=1.5782, sigma=0.2999, epsilon_per_round=16.0000
2026-05-24 15:52:09,281 - root - INFO - add_noise: grad_norm=2.6518, noise_norm=0.1165, sigma=0.2999, epsilon_per_round=16.0000
2026-05-24 15:52:09,281 - src.training.federated - INFO -   Medical/Surgical Intensive Care Unit (MICU/SICU): 6983 samples, loss=0.2627
2026-05-24 15:52:09,289 - root - INFO - add_noise: grad_norm=3.2300, noise_norm=1.5980, sigma=0.2999, epsilon_per_round=16.0000
2026-05-24 15:52:09,289 - root - INFO - add_noise: grad_norm=1.4097, noise_norm=0.5667, sigma=0.2999, epsilon_per_round=16.0000
2026-05-24 15:52:09,289 - src.training.federated - INFO -   Neuro Surgical Intensive Care Unit (Neuro SICU): 907 samples, loss=0.3759
2026-05-24 15:52:09,310 - root - INFO - add_noise: grad_norm=2.9842, noise_norm=2.2270, sigma=0.2999, epsilon_per_round=16.0000
2026-05-24 15:52:09,310 - root - INFO - add_noise: grad_norm=2.5900, noise_norm=0.1082, sigma=0.2999, epsilon_per_round=16.0000
2026-05-24 15:52:09,310 - src.training.federated - INFO -   Surgical Intensive Care Unit (SICU): 6372 samples, loss=0.2279
2026-05-24 15:52:09,327 - root - INFO - add_noise: grad_norm=2.4832, noise_norm=1.6917, sigma=0.2999, epsilon_per_round=16.0000
2026-05-24 15:52:09,327 - root - INFO - add_noise: grad_norm=2.8690, noise_norm=0.4247, sigma=0.2999, epsilon_per_round=16.0000
2026-05-24 15:52:09,327 - src.training.federated - INFO -   Trauma SICU (TSICU): 5458 samples, loss=0.1753
2026-05-24 15:52:09,327 - src.training.federated - INFO - Round 18 complete: 7 clients aggregated
2026-05-24 15:52:09,333 - src.training.federated - INFO - Round 18 Validation AUROC: 0.8570
2026-05-24 15:52:09,333 - src.training.federated - INFO - 
======================================================================
2026-05-24 15:52:09,333 - src.training.federated - INFO - Round 19/20
2026-05-24 15:52:09,333 - src.training.federated - INFO - ======================================================================
2026-05-24 15:52:09,357 - root - INFO - add_noise: grad_norm=2.5904, noise_norm=1.6825, sigma=0.2999, epsilon_per_round=16.0000
2026-05-24 15:52:09,357 - root - INFO - add_noise: grad_norm=3.5588, noise_norm=0.0955, sigma=0.2999, epsilon_per_round=16.0000
2026-05-24 15:52:09,357 - src.training.federated - INFO -   Cardiac Vascular Intensive Care Unit (CVICU): 8118 samples, loss=0.0754
2026-05-24 15:52:09,373 - root - INFO - add_noise: grad_norm=2.4938, noise_norm=1.5869, sigma=0.2999, epsilon_per_round=16.0000
2026-05-24 15:52:09,373 - root - INFO - add_noise: grad_norm=2.8958, noise_norm=0.3095, sigma=0.2999, epsilon_per_round=16.0000
2026-05-24 15:52:09,373 - src.training.federated - INFO -   Coronary Care Unit (CCU): 5113 samples, loss=0.2288
2026-05-24 15:52:09,399 - root - INFO - add_noise: grad_norm=1.8491, noise_norm=1.5322, sigma=0.2999, epsilon_per_round=16.0000
2026-05-24 15:52:09,399 - root - INFO - add_noise: grad_norm=2.3548, noise_norm=0.5395, sigma=0.2999, epsilon_per_round=16.0000
2026-05-24 15:52:09,399 - src.training.federated - INFO -   Medical Intensive Care Unit (MICU): 8791 samples, loss=0.2735
2026-05-24 15:52:09,426 - root - INFO - add_noise: grad_norm=2.5337, noise_norm=1.4692, sigma=0.2999, epsilon_per_round=16.0000
2026-05-24 15:52:09,426 - root - INFO - add_noise: grad_norm=2.6518, noise_norm=0.0252, sigma=0.2999, epsilon_per_round=16.0000
2026-05-24 15:52:09,426 - src.training.federated - INFO -   Medical/Surgical Intensive Care Unit (MICU/SICU): 6983 samples, loss=0.2627
2026-05-24 15:52:09,433 - root - INFO - add_noise: grad_norm=3.2300, noise_norm=1.3934, sigma=0.2999, epsilon_per_round=16.0000
2026-05-24 15:52:09,434 - root - INFO - add_noise: grad_norm=1.4097, noise_norm=0.0790, sigma=0.2999, epsilon_per_round=16.0000
2026-05-24 15:52:09,434 - src.training.federated - INFO -   Neuro Surgical Intensive Care Unit (Neuro SICU): 907 samples, loss=0.3759
2026-05-24 15:52:09,454 - root - INFO - add_noise: grad_norm=2.9842, noise_norm=2.2978, sigma=0.2999, epsilon_per_round=16.0000
2026-05-24 15:52:09,454 - root - INFO - add_noise: grad_norm=2.5900, noise_norm=0.3534, sigma=0.2999, epsilon_per_round=16.0000
2026-05-24 15:52:09,454 - src.training.federated - INFO -   Surgical Intensive Care Unit (SICU): 6372 samples, loss=0.2279
2026-05-24 15:52:09,471 - root - INFO - add_noise: grad_norm=2.4832, noise_norm=1.7477, sigma=0.2999, epsilon_per_round=16.0000
2026-05-24 15:52:09,471 - root - INFO - add_noise: grad_norm=2.8690, noise_norm=0.3105, sigma=0.2999, epsilon_per_round=16.0000
2026-05-24 15:52:09,471 - src.training.federated - INFO -   Trauma SICU (TSICU): 5458 samples, loss=0.1753
2026-05-24 15:52:09,471 - src.training.federated - INFO - Round 19 complete: 7 clients aggregated
2026-05-24 15:52:09,477 - src.training.federated - INFO - Round 19 Validation AUROC: 0.8466
2026-05-24 15:52:09,477 - src.training.federated - INFO - 
======================================================================
2026-05-24 15:52:09,477 - src.training.federated - INFO - Round 20/20
2026-05-24 15:52:09,477 - src.training.federated - INFO - ======================================================================
2026-05-24 15:52:09,500 - root - INFO - add_noise: grad_norm=2.5904, noise_norm=1.6521, sigma=0.2999, epsilon_per_round=16.0000
2026-05-24 15:52:09,500 - root - INFO - add_noise: grad_norm=3.5588, noise_norm=0.0557, sigma=0.2999, epsilon_per_round=16.0000
2026-05-24 15:52:09,500 - src.training.federated - INFO -   Cardiac Vascular Intensive Care Unit (CVICU): 8118 samples, loss=0.0754
2026-05-24 15:52:09,516 - root - INFO - add_noise: grad_norm=2.4938, noise_norm=1.5862, sigma=0.2999, epsilon_per_round=16.0000
2026-05-24 15:52:09,516 - root - INFO - add_noise: grad_norm=2.8958, noise_norm=0.1009, sigma=0.2999, epsilon_per_round=16.0000
2026-05-24 15:52:09,516 - src.training.federated - INFO -   Coronary Care Unit (CCU): 5113 samples, loss=0.2288
2026-05-24 15:52:09,542 - root - INFO - add_noise: grad_norm=1.8491, noise_norm=1.7227, sigma=0.2999, epsilon_per_round=16.0000
2026-05-24 15:52:09,542 - root - INFO - add_noise: grad_norm=2.3548, noise_norm=0.0142, sigma=0.2999, epsilon_per_round=16.0000
2026-05-24 15:52:09,542 - src.training.federated - INFO -   Medical Intensive Care Unit (MICU): 8791 samples, loss=0.2735
2026-05-24 15:52:09,568 - root - INFO - add_noise: grad_norm=2.5337, noise_norm=1.6222, sigma=0.2999, epsilon_per_round=16.0000
2026-05-24 15:52:09,568 - root - INFO - add_noise: grad_norm=2.6518, noise_norm=0.0594, sigma=0.2999, epsilon_per_round=16.0000
2026-05-24 15:52:09,568 - src.training.federated - INFO -   Medical/Surgical Intensive Care Unit (MICU/SICU): 6983 samples, loss=0.2627
2026-05-24 15:52:09,576 - root - INFO - add_noise: grad_norm=3.2300, noise_norm=1.4438, sigma=0.2999, epsilon_per_round=16.0000
2026-05-24 15:52:09,576 - root - INFO - add_noise: grad_norm=1.4097, noise_norm=0.1826, sigma=0.2999, epsilon_per_round=16.0000
2026-05-24 15:52:09,576 - src.training.federated - INFO -   Neuro Surgical Intensive Care Unit (Neuro SICU): 907 samples, loss=0.3759
2026-05-24 15:52:09,598 - root - INFO - add_noise: grad_norm=2.9842, noise_norm=1.8118, sigma=0.2999, epsilon_per_round=16.0000
2026-05-24 15:52:09,598 - root - INFO - add_noise: grad_norm=2.5900, noise_norm=0.0300, sigma=0.2999, epsilon_per_round=16.0000
2026-05-24 15:52:09,598 - src.training.federated - INFO -   Surgical Intensive Care Unit (SICU): 6372 samples, loss=0.2279
2026-05-24 15:52:09,616 - root - INFO - add_noise: grad_norm=2.4832, noise_norm=1.6175, sigma=0.2999, epsilon_per_round=16.0000
2026-05-24 15:52:09,616 - root - INFO - add_noise: grad_norm=2.8690, noise_norm=0.3161, sigma=0.2999, epsilon_per_round=16.0000
2026-05-24 15:52:09,616 - src.training.federated - INFO -   Trauma SICU (TSICU): 5458 samples, loss=0.1753
2026-05-24 15:52:09,616 - src.training.federated - INFO - Round 20 complete: 7 clients aggregated
2026-05-24 15:52:09,623 - src.training.federated - INFO - Round 20 Validation AUROC: 0.8417
2026-05-24 15:52:09,629 - src.training.federated - INFO - 
======================================================================
2026-05-24 15:52:09,629 - src.training.federated - INFO - Final Test AUROC: 0.8506
2026-05-24 15:52:09,629 - src.training.federated - INFO - ======================================================================

2026-05-24 15:52:09,629 - __main__ - INFO - 
======================================================================
2026-05-24 15:52:09,629 - __main__ - INFO - Phase 1.5: Results Comparison
2026-05-24 15:52:09,629 - __main__ - INFO - ======================================================================
2026-05-24 15:52:09,629 - __main__ - INFO - 
Test AUROC Comparison:
2026-05-24 15:52:09,629 - __main__ - INFO -   Centralized: 0.8880
2026-05-24 15:52:09,629 - __main__ - INFO -   Federated:   0.8506
2026-05-24 15:52:09,629 - __main__ - INFO -   Divergence:  0.0374
2026-05-24 15:52:09,629 - __main__ - INFO - ✓ Federated AUROC (0.8506) ≥ 0.85 target
2026-05-24 15:52:09,629 - __main__ - INFO - ✓ Divergence (0.0374) within 0.05
2026-05-24 15:52:09,629 - __main__ - INFO - 
======================================================================
2026-05-24 15:52:09,629 - __main__ - INFO - ✅ EXPERIMENT 1 PASSED - Ready for Phase 2
2026-05-24 15:52:09,629 - __main__ - INFO - ======================================================================
