2026-05-24 15:51:47,079 - __main__ - INFO - 
================================================================================
2026-05-24 15:51:47,079 - __main__ - INFO - # EXPERIMENT 1: FEDERATED LEARNING BASELINE
2026-05-24 15:51:47,079 - __main__ - INFO - ================================================================================
2026-05-24 15:51:47,080 - __main__ - INFO - 
Phase 1.1: Loading Phase 0 cohort and splits...
2026-05-24 15:51:47,080 - src.data.loader - INFO - Loading cohort from cache: /home/raiyanjiyon/Projects/federated-healthcare-ml/data/cache/mimic_iv_cohort.csv
2026-05-24 15:51:47,260 - src.data.loader - WARNING - Missing features: {'admission_type_emergency'}
2026-05-24 15:51:47,268 - src.data.loader - INFO - Dataset: 65273 patients, 31 features
2026-05-24 15:51:47,269 - src.data.loader - INFO - Target distribution: [58207  7066]
2026-05-24 15:51:47,269 - __main__ - INFO - Loaded: 65273 samples, 31 features
2026-05-24 15:51:47,269 - __main__ - INFO - Target distribution: 7066 deaths (10.8%)
2026-05-24 15:51:47,269 - __main__ - INFO - 
Phase 1.2: Distributing data to federated clients by care unit...
2026-05-24 15:51:47,273 - src.data.split - INFO - ✓ Medical Intensive Care Unit (MICU): 8791 patients, 1410 deaths (16.0%)
2026-05-24 15:51:47,276 - src.data.split - INFO - ✓ Surgical Intensive Care Unit (SICU): 6372 patients, 754 deaths (11.8%)
2026-05-24 15:51:47,280 - src.data.split - INFO - ✓ Medical/Surgical Intensive Care Unit (MICU/SICU): 6983 patients, 957 deaths (13.7%)
2026-05-24 15:51:47,284 - src.data.split - INFO - ✓ Cardiac Vascular Intensive Care Unit (CVICU): 8118 patients, 265 deaths (3.3%)
2026-05-24 15:51:47,288 - src.data.split - INFO - ✓ Coronary Care Unit (CCU): 5113 patients, 643 deaths (12.6%)
2026-05-24 15:51:47,291 - src.data.split - INFO - ✓ Trauma SICU (TSICU): 5458 patients, 569 deaths (10.4%)
2026-05-24 15:51:47,294 - src.data.split - INFO - ✓ Neuro Surgical Intensive Care Unit (Neuro SICU): 907 patients, 256 deaths (28.2%)
2026-05-24 15:51:47,298 - src.data.split - INFO -   (skipped Intensive Care Unit (ICU): 16 patients, < 100)
2026-05-24 15:51:47,300 - src.data.split - INFO -   (skipped Medicine: 9 patients, < 100)
2026-05-24 15:51:47,302 - src.data.split - INFO -   (skipped Neuro Intermediate: 3035 patients, < 100)
2026-05-24 15:51:47,304 - src.data.split - INFO -   (skipped Neuro Stepdown: 784 patients, < 100)
2026-05-24 15:51:47,306 - src.data.split - INFO -   (skipped PACU: 43 patients, < 100)
2026-05-24 15:51:47,308 - src.data.split - INFO -   (skipped Surgery/Trauma: 2 patients, < 100)
2026-05-24 15:51:47,310 - src.data.split - INFO -   (skipped Surgery/Vascular/Intermediate: 60 patients, < 100)
2026-05-24 15:51:47,310 - src.data.split - INFO - 
✓ Federated learning ready: 7 clients
2026-05-24 15:51:47,310 - __main__ - INFO - 
✓ Created 7 federated clients
2026-05-24 15:51:47,310 - __main__ - INFO - 
Client Statistics:
2026-05-24 15:51:47,310 - __main__ - INFO - ----------------------------------------------------------------------
2026-05-24 15:51:47,311 - __main__ - INFO -   Medical Intensive Care Unit (MICU)         8791 patients, 1410 deaths ( 16.0%)
2026-05-24 15:51:47,311 - __main__ - INFO -   Cardiac Vascular Intensive Care Unit (CVICU)   8118 patients,  265 deaths (  3.3%)
2026-05-24 15:51:47,311 - __main__ - INFO -   Medical/Surgical Intensive Care Unit (MICU/SICU)   6983 patients,  957 deaths ( 13.7%)
2026-05-24 15:51:47,311 - __main__ - INFO -   Surgical Intensive Care Unit (SICU)        6372 patients,  754 deaths ( 11.8%)
2026-05-24 15:51:47,311 - __main__ - INFO -   Trauma SICU (TSICU)                        5458 patients,  569 deaths ( 10.4%)
2026-05-24 15:51:47,311 - __main__ - INFO -   Coronary Care Unit (CCU)                   5113 patients,  643 deaths ( 12.6%)
2026-05-24 15:51:47,311 - __main__ - INFO -   Neuro Surgical Intensive Care Unit (Neuro SICU)    907 patients,  256 deaths ( 28.2%)
2026-05-24 15:51:47,311 - __main__ - INFO - 
======================================================================
2026-05-24 15:51:47,311 - __main__ - INFO - Phase 1.3: Training Centralized Baseline (for comparison)...
2026-05-24 15:51:47,311 - __main__ - INFO - ======================================================================
2026-05-24 15:51:47,767 - __main__ - INFO - 
Centralized Train AUROC: 0.8857
2026-05-24 15:51:47,767 - __main__ - INFO - Centralized Val AUROC:   0.8846
2026-05-24 15:51:47,767 - __main__ - INFO - Centralized Test AUROC:  0.8880
2026-05-24 15:51:47,767 - __main__ - INFO - 
======================================================================
2026-05-24 15:51:47,767 - __main__ - INFO - Phase 1.4: Training Federated Learning Model...
2026-05-24 15:51:47,767 - __main__ - INFO - ======================================================================
2026-05-24 15:51:47,767 - __main__ - INFO - Overriding DP epsilon to 8.0
2026-05-24 15:51:47,767 - __main__ - INFO - Overriding clipping threshold to 1.0
2026-05-24 15:51:47,799 - root - INFO - 
======================================================================
2026-05-24 15:51:47,799 - root - INFO - Differential Privacy Mechanism Initialized: GaussianDP
2026-05-24 15:51:47,799 - root - INFO - ======================================================================
2026-05-24 15:51:47,799 - root - INFO -   Privacy Budget (ε):     8.0000
2026-05-24 15:51:47,799 - root - INFO -   Failure Probability (δ): 0.000010
2026-05-24 15:51:47,799 - root - INFO -   Clipping Norm (C):      1.0000
2026-05-24 15:51:47,799 - root - INFO -   Noise Scale (σ):        0.5998
2026-05-24 15:51:47,799 - root - INFO - ======================================================================

2026-05-24 15:51:47,800 - src.training.federated - INFO - FederatedTrainer initialized:
2026-05-24 15:51:47,800 - src.training.federated - INFO -   Clients: 7
2026-05-24 15:51:47,800 - src.training.federated - INFO -   Training samples: 41742
2026-05-24 15:51:47,800 - src.training.federated - INFO -   Validation samples: 9791
2026-05-24 15:51:47,800 - src.training.federated - INFO -   Test samples: 9791
2026-05-24 15:51:47,800 - src.training.federated - INFO -   Features: 31
2026-05-24 15:51:47,800 - src.training.federated - INFO -   Rounds: 20
2026-05-24 15:51:47,800 - src.training.federated - INFO -   Strategy: FEDAVG
2026-05-24 15:51:47,800 - src.training.federated - INFO -   Privacy: Enabled (ε=1.0, δ=1e-5)
2026-05-24 15:51:47,800 - src.training.federated - INFO - 
######################################################################
2026-05-24 15:51:47,800 - src.training.federated - INFO - # FEDERATED LEARNING TRAINING (20 rounds)
2026-05-24 15:51:47,800 - src.training.federated - INFO - # Strategy: FEDAVG
2026-05-24 15:51:47,800 - src.training.federated - INFO - ######################################################################

2026-05-24 15:51:47,800 - src.training.federated - INFO - 
======================================================================
2026-05-24 15:51:47,800 - src.training.federated - INFO - Round 1/20
2026-05-24 15:51:47,800 - src.training.federated - INFO - ======================================================================
2026-05-24 15:51:47,881 - root - INFO - add_noise: grad_norm=2.5904, noise_norm=2.9939, sigma=0.5998, epsilon_per_round=8.0000
2026-05-24 15:51:47,881 - root - INFO - add_noise: grad_norm=3.5588, noise_norm=1.1110, sigma=0.5998, epsilon_per_round=8.0000
2026-05-24 15:51:47,881 - src.training.federated - INFO -   Cardiac Vascular Intensive Care Unit (CVICU): 8118 samples, loss=0.0754
2026-05-24 15:51:47,899 - root - INFO - add_noise: grad_norm=2.4938, noise_norm=2.8939, sigma=0.5998, epsilon_per_round=8.0000
2026-05-24 15:51:47,899 - root - INFO - add_noise: grad_norm=2.8958, noise_norm=0.7175, sigma=0.5998, epsilon_per_round=8.0000
2026-05-24 15:51:47,899 - src.training.federated - INFO -   Coronary Care Unit (CCU): 5113 samples, loss=0.2288
2026-05-24 15:51:47,928 - root - INFO - add_noise: grad_norm=1.8491, noise_norm=3.1354, sigma=0.5998, epsilon_per_round=8.0000
2026-05-24 15:51:47,928 - root - INFO - add_noise: grad_norm=2.3548, noise_norm=0.8778, sigma=0.5998, epsilon_per_round=8.0000
2026-05-24 15:51:47,928 - src.training.federated - INFO -   Medical Intensive Care Unit (MICU): 8791 samples, loss=0.2735
2026-05-24 15:51:47,957 - root - INFO - add_noise: grad_norm=2.5337, noise_norm=3.3734, sigma=0.5998, epsilon_per_round=8.0000
2026-05-24 15:51:47,957 - root - INFO - add_noise: grad_norm=2.6518, noise_norm=0.3397, sigma=0.5998, epsilon_per_round=8.0000
2026-05-24 15:51:47,957 - src.training.federated - INFO -   Medical/Surgical Intensive Care Unit (MICU/SICU): 6983 samples, loss=0.2627
2026-05-24 15:51:47,965 - root - INFO - add_noise: grad_norm=3.2300, noise_norm=3.0158, sigma=0.5998, epsilon_per_round=8.0000
2026-05-24 15:51:47,965 - root - INFO - add_noise: grad_norm=1.4097, noise_norm=0.3938, sigma=0.5998, epsilon_per_round=8.0000
2026-05-24 15:51:47,965 - src.training.federated - INFO -   Neuro Surgical Intensive Care Unit (Neuro SICU): 907 samples, loss=0.3759
2026-05-24 15:51:47,986 - root - INFO - add_noise: grad_norm=2.9842, noise_norm=3.1747, sigma=0.5998, epsilon_per_round=8.0000
2026-05-24 15:51:47,986 - root - INFO - add_noise: grad_norm=2.5900, noise_norm=0.5137, sigma=0.5998, epsilon_per_round=8.0000
2026-05-24 15:51:47,986 - src.training.federated - INFO -   Surgical Intensive Care Unit (SICU): 6372 samples, loss=0.2279
2026-05-24 15:51:48,004 - root - INFO - add_noise: grad_norm=2.4832, noise_norm=3.7395, sigma=0.5998, epsilon_per_round=8.0000
2026-05-24 15:51:48,004 - root - INFO - add_noise: grad_norm=2.8690, noise_norm=0.9673, sigma=0.5998, epsilon_per_round=8.0000
2026-05-24 15:51:48,004 - src.training.federated - INFO -   Trauma SICU (TSICU): 5458 samples, loss=0.1753
2026-05-24 15:51:48,004 - src.training.federated - INFO - Round 1 complete: 7 clients aggregated
2026-05-24 15:51:48,010 - src.training.federated - INFO - Round 1 Validation AUROC: 0.8465
2026-05-24 15:51:48,010 - src.training.federated - INFO - 
======================================================================
2026-05-24 15:51:48,010 - src.training.federated - INFO - Round 2/20
2026-05-24 15:51:48,010 - src.training.federated - INFO - ======================================================================
2026-05-24 15:51:48,035 - root - INFO - add_noise: grad_norm=2.5904, noise_norm=3.4087, sigma=0.5998, epsilon_per_round=8.0000
2026-05-24 15:51:48,035 - root - INFO - add_noise: grad_norm=3.5588, noise_norm=0.2905, sigma=0.5998, epsilon_per_round=8.0000
2026-05-24 15:51:48,035 - src.training.federated - INFO -   Cardiac Vascular Intensive Care Unit (CVICU): 8118 samples, loss=0.0754
2026-05-24 15:51:48,052 - root - INFO - add_noise: grad_norm=2.4938, noise_norm=3.8857, sigma=0.5998, epsilon_per_round=8.0000
2026-05-24 15:51:48,052 - root - INFO - add_noise: grad_norm=2.8958, noise_norm=0.3529, sigma=0.5998, epsilon_per_round=8.0000
2026-05-24 15:51:48,052 - src.training.federated - INFO -   Coronary Care Unit (CCU): 5113 samples, loss=0.2288
2026-05-24 15:51:48,080 - root - INFO - add_noise: grad_norm=1.8491, noise_norm=2.2143, sigma=0.5998, epsilon_per_round=8.0000
2026-05-24 15:51:48,080 - root - INFO - add_noise: grad_norm=2.3548, noise_norm=0.0781, sigma=0.5998, epsilon_per_round=8.0000
2026-05-24 15:51:48,080 - src.training.federated - INFO -   Medical Intensive Care Unit (MICU): 8791 samples, loss=0.2735
2026-05-24 15:51:48,108 - root - INFO - add_noise: grad_norm=2.5337, noise_norm=2.6978, sigma=0.5998, epsilon_per_round=8.0000
2026-05-24 15:51:48,108 - root - INFO - add_noise: grad_norm=2.6518, noise_norm=0.8849, sigma=0.5998, epsilon_per_round=8.0000
2026-05-24 15:51:48,109 - src.training.federated - INFO -   Medical/Surgical Intensive Care Unit (MICU/SICU): 6983 samples, loss=0.2627
2026-05-24 15:51:48,116 - root - INFO - add_noise: grad_norm=3.2300, noise_norm=3.1193, sigma=0.5998, epsilon_per_round=8.0000
2026-05-24 15:51:48,116 - root - INFO - add_noise: grad_norm=1.4097, noise_norm=0.3154, sigma=0.5998, epsilon_per_round=8.0000
2026-05-24 15:51:48,116 - src.training.federated - INFO -   Neuro Surgical Intensive Care Unit (Neuro SICU): 907 samples, loss=0.3759
2026-05-24 15:51:48,137 - root - INFO - add_noise: grad_norm=2.9842, noise_norm=3.3041, sigma=0.5998, epsilon_per_round=8.0000
2026-05-24 15:51:48,137 - root - INFO - add_noise: grad_norm=2.5900, noise_norm=0.4490, sigma=0.5998, epsilon_per_round=8.0000
2026-05-24 15:51:48,137 - src.training.federated - INFO -   Surgical Intensive Care Unit (SICU): 6372 samples, loss=0.2279
2026-05-24 15:51:48,154 - root - INFO - add_noise: grad_norm=2.4832, noise_norm=3.9167, sigma=0.5998, epsilon_per_round=8.0000
2026-05-24 15:51:48,154 - root - INFO - add_noise: grad_norm=2.8690, noise_norm=0.5638, sigma=0.5998, epsilon_per_round=8.0000
2026-05-24 15:51:48,154 - src.training.federated - INFO -   Trauma SICU (TSICU): 5458 samples, loss=0.1753
2026-05-24 15:51:48,155 - src.training.federated - INFO - Round 2 complete: 7 clients aggregated
2026-05-24 15:51:48,161 - src.training.federated - INFO - Round 2 Validation AUROC: 0.8581
2026-05-24 15:51:48,161 - src.training.federated - INFO - 
======================================================================
2026-05-24 15:51:48,161 - src.training.federated - INFO - Round 3/20
2026-05-24 15:51:48,161 - src.training.federated - INFO - ======================================================================
2026-05-24 15:51:48,184 - root - INFO - add_noise: grad_norm=2.5904, noise_norm=3.5738, sigma=0.5998, epsilon_per_round=8.0000
2026-05-24 15:51:48,184 - root - INFO - add_noise: grad_norm=3.5588, noise_norm=0.6715, sigma=0.5998, epsilon_per_round=8.0000
2026-05-24 15:51:48,184 - src.training.federated - INFO -   Cardiac Vascular Intensive Care Unit (CVICU): 8118 samples, loss=0.0754
2026-05-24 15:51:48,200 - root - INFO - add_noise: grad_norm=2.4938, noise_norm=3.2852, sigma=0.5998, epsilon_per_round=8.0000
2026-05-24 15:51:48,200 - root - INFO - add_noise: grad_norm=2.8958, noise_norm=0.0301, sigma=0.5998, epsilon_per_round=8.0000
2026-05-24 15:51:48,201 - src.training.federated - INFO -   Coronary Care Unit (CCU): 5113 samples, loss=0.2288
2026-05-24 15:51:48,228 - root - INFO - add_noise: grad_norm=1.8491, noise_norm=2.9595, sigma=0.5998, epsilon_per_round=8.0000
2026-05-24 15:51:48,228 - root - INFO - add_noise: grad_norm=2.3548, noise_norm=0.8647, sigma=0.5998, epsilon_per_round=8.0000
2026-05-24 15:51:48,228 - src.training.federated - INFO -   Medical Intensive Care Unit (MICU): 8791 samples, loss=0.2735
2026-05-24 15:51:48,256 - root - INFO - add_noise: grad_norm=2.5337, noise_norm=3.2543, sigma=0.5998, epsilon_per_round=8.0000
2026-05-24 15:51:48,256 - root - INFO - add_noise: grad_norm=2.6518, noise_norm=1.3263, sigma=0.5998, epsilon_per_round=8.0000
2026-05-24 15:51:48,256 - src.training.federated - INFO -   Medical/Surgical Intensive Care Unit (MICU/SICU): 6983 samples, loss=0.2627
2026-05-24 15:51:48,263 - root - INFO - add_noise: grad_norm=3.2300, noise_norm=2.9402, sigma=0.5998, epsilon_per_round=8.0000
2026-05-24 15:51:48,263 - root - INFO - add_noise: grad_norm=1.4097, noise_norm=0.7466, sigma=0.5998, epsilon_per_round=8.0000
2026-05-24 15:51:48,263 - src.training.federated - INFO -   Neuro Surgical Intensive Care Unit (Neuro SICU): 907 samples, loss=0.3759
2026-05-24 15:51:48,284 - root - INFO - add_noise: grad_norm=2.9842, noise_norm=3.6343, sigma=0.5998, epsilon_per_round=8.0000
2026-05-24 15:51:48,284 - root - INFO - add_noise: grad_norm=2.5900, noise_norm=0.7768, sigma=0.5998, epsilon_per_round=8.0000
2026-05-24 15:51:48,284 - src.training.federated - INFO -   Surgical Intensive Care Unit (SICU): 6372 samples, loss=0.2279
2026-05-24 15:51:48,301 - root - INFO - add_noise: grad_norm=2.4832, noise_norm=3.7644, sigma=0.5998, epsilon_per_round=8.0000
2026-05-24 15:51:48,301 - root - INFO - add_noise: grad_norm=2.8690, noise_norm=1.2437, sigma=0.5998, epsilon_per_round=8.0000
2026-05-24 15:51:48,301 - src.training.federated - INFO -   Trauma SICU (TSICU): 5458 samples, loss=0.1753
2026-05-24 15:51:48,301 - src.training.federated - INFO - Round 3 complete: 7 clients aggregated
2026-05-24 15:51:48,307 - src.training.federated - INFO - Round 3 Validation AUROC: 0.8351
2026-05-24 15:51:48,307 - src.training.federated - INFO - 
======================================================================
2026-05-24 15:51:48,308 - src.training.federated - INFO - Round 4/20
2026-05-24 15:51:48,308 - src.training.federated - INFO - ======================================================================
2026-05-24 15:51:48,331 - root - INFO - add_noise: grad_norm=2.5904, noise_norm=2.8610, sigma=0.5998, epsilon_per_round=8.0000
2026-05-24 15:51:48,331 - root - INFO - add_noise: grad_norm=3.5588, noise_norm=0.8448, sigma=0.5998, epsilon_per_round=8.0000
2026-05-24 15:51:48,331 - src.training.federated - INFO -   Cardiac Vascular Intensive Care Unit (CVICU): 8118 samples, loss=0.0754
2026-05-24 15:51:48,347 - root - INFO - add_noise: grad_norm=2.4938, noise_norm=3.1859, sigma=0.5998, epsilon_per_round=8.0000
2026-05-24 15:51:48,347 - root - INFO - add_noise: grad_norm=2.8958, noise_norm=0.2835, sigma=0.5998, epsilon_per_round=8.0000
2026-05-24 15:51:48,347 - src.training.federated - INFO -   Coronary Care Unit (CCU): 5113 samples, loss=0.2288
2026-05-24 15:51:48,374 - root - INFO - add_noise: grad_norm=1.8491, noise_norm=3.6390, sigma=0.5998, epsilon_per_round=8.0000
2026-05-24 15:51:48,374 - root - INFO - add_noise: grad_norm=2.3548, noise_norm=1.0622, sigma=0.5998, epsilon_per_round=8.0000
2026-05-24 15:51:48,374 - src.training.federated - INFO -   Medical Intensive Care Unit (MICU): 8791 samples, loss=0.2735
2026-05-24 15:51:48,403 - root - INFO - add_noise: grad_norm=2.5337, noise_norm=2.8027, sigma=0.5998, epsilon_per_round=8.0000
2026-05-24 15:51:48,403 - root - INFO - add_noise: grad_norm=2.6518, noise_norm=0.0178, sigma=0.5998, epsilon_per_round=8.0000
2026-05-24 15:51:48,403 - src.training.federated - INFO -   Medical/Surgical Intensive Care Unit (MICU/SICU): 6983 samples, loss=0.2627
2026-05-24 15:51:48,411 - root - INFO - add_noise: grad_norm=3.2300, noise_norm=3.1028, sigma=0.5998, epsilon_per_round=8.0000
2026-05-24 15:51:48,411 - root - INFO - add_noise: grad_norm=1.4097, noise_norm=0.5510, sigma=0.5998, epsilon_per_round=8.0000
2026-05-24 15:51:48,411 - src.training.federated - INFO -   Neuro Surgical Intensive Care Unit (Neuro SICU): 907 samples, loss=0.3759
2026-05-24 15:51:48,431 - root - INFO - add_noise: grad_norm=2.9842, noise_norm=3.0713, sigma=0.5998, epsilon_per_round=8.0000
2026-05-24 15:51:48,431 - root - INFO - add_noise: grad_norm=2.5900, noise_norm=1.0772, sigma=0.5998, epsilon_per_round=8.0000
2026-05-24 15:51:48,431 - src.training.federated - INFO -   Surgical Intensive Care Unit (SICU): 6372 samples, loss=0.2279
2026-05-24 15:51:48,448 - root - INFO - add_noise: grad_norm=2.4832, noise_norm=3.4204, sigma=0.5998, epsilon_per_round=8.0000
2026-05-24 15:51:48,448 - root - INFO - add_noise: grad_norm=2.8690, noise_norm=0.3891, sigma=0.5998, epsilon_per_round=8.0000
2026-05-24 15:51:48,448 - src.training.federated - INFO -   Trauma SICU (TSICU): 5458 samples, loss=0.1753
2026-05-24 15:51:48,448 - src.training.federated - INFO - Round 4 complete: 7 clients aggregated
2026-05-24 15:51:48,455 - src.training.federated - INFO - Round 4 Validation AUROC: 0.8558
2026-05-24 15:51:48,455 - src.training.federated - INFO - 
======================================================================
2026-05-24 15:51:48,455 - src.training.federated - INFO - Round 5/20
2026-05-24 15:51:48,455 - src.training.federated - INFO - ======================================================================
2026-05-24 15:51:48,478 - root - INFO - add_noise: grad_norm=2.5904, noise_norm=2.8029, sigma=0.5998, epsilon_per_round=8.0000
2026-05-24 15:51:48,478 - root - INFO - add_noise: grad_norm=3.5588, noise_norm=0.2263, sigma=0.5998, epsilon_per_round=8.0000
2026-05-24 15:51:48,478 - src.training.federated - INFO -   Cardiac Vascular Intensive Care Unit (CVICU): 8118 samples, loss=0.0754
2026-05-24 15:51:48,495 - root - INFO - add_noise: grad_norm=2.4938, noise_norm=3.3716, sigma=0.5998, epsilon_per_round=8.0000
2026-05-24 15:51:48,495 - root - INFO - add_noise: grad_norm=2.8958, noise_norm=0.2685, sigma=0.5998, epsilon_per_round=8.0000
2026-05-24 15:51:48,495 - src.training.federated - INFO -   Coronary Care Unit (CCU): 5113 samples, loss=0.2288
2026-05-24 15:51:48,522 - root - INFO - add_noise: grad_norm=1.8491, noise_norm=3.3559, sigma=0.5998, epsilon_per_round=8.0000
2026-05-24 15:51:48,523 - root - INFO - add_noise: grad_norm=2.3548, noise_norm=1.2247, sigma=0.5998, epsilon_per_round=8.0000
2026-05-24 15:51:48,523 - src.training.federated - INFO -   Medical Intensive Care Unit (MICU): 8791 samples, loss=0.2735
2026-05-24 15:51:48,550 - root - INFO - add_noise: grad_norm=2.5337, noise_norm=2.9095, sigma=0.5998, epsilon_per_round=8.0000
2026-05-24 15:51:48,550 - root - INFO - add_noise: grad_norm=2.6518, noise_norm=1.2850, sigma=0.5998, epsilon_per_round=8.0000
2026-05-24 15:51:48,550 - src.training.federated - INFO -   Medical/Surgical Intensive Care Unit (MICU/SICU): 6983 samples, loss=0.2627
2026-05-24 15:51:48,558 - root - INFO - add_noise: grad_norm=3.2300, noise_norm=3.2148, sigma=0.5998, epsilon_per_round=8.0000
2026-05-24 15:51:48,558 - root - INFO - add_noise: grad_norm=1.4097, noise_norm=0.4029, sigma=0.5998, epsilon_per_round=8.0000
2026-05-24 15:51:48,558 - src.training.federated - INFO -   Neuro Surgical Intensive Care Unit (Neuro SICU): 907 samples, loss=0.3759
2026-05-24 15:51:48,578 - root - INFO - add_noise: grad_norm=2.9842, noise_norm=3.5162, sigma=0.5998, epsilon_per_round=8.0000
2026-05-24 15:51:48,578 - root - INFO - add_noise: grad_norm=2.5900, noise_norm=0.1432, sigma=0.5998, epsilon_per_round=8.0000
2026-05-24 15:51:48,578 - src.training.federated - INFO -   Surgical Intensive Care Unit (SICU): 6372 samples, loss=0.2279
2026-05-24 15:51:48,596 - root - INFO - add_noise: grad_norm=2.4832, noise_norm=3.5395, sigma=0.5998, epsilon_per_round=8.0000
2026-05-24 15:51:48,596 - root - INFO - add_noise: grad_norm=2.8690, noise_norm=0.6302, sigma=0.5998, epsilon_per_round=8.0000
2026-05-24 15:51:48,596 - src.training.federated - INFO -   Trauma SICU (TSICU): 5458 samples, loss=0.1753
2026-05-24 15:51:48,596 - src.training.federated - INFO - Round 5 complete: 7 clients aggregated
2026-05-24 15:51:48,602 - src.training.federated - INFO - Round 5 Validation AUROC: 0.8528
2026-05-24 15:51:48,602 - src.training.federated - INFO - 
======================================================================
2026-05-24 15:51:48,602 - src.training.federated - INFO - Round 6/20
2026-05-24 15:51:48,602 - src.training.federated - INFO - ======================================================================
2026-05-24 15:51:48,625 - root - INFO - add_noise: grad_norm=2.5904, noise_norm=3.0888, sigma=0.5998, epsilon_per_round=8.0000
2026-05-24 15:51:48,626 - root - INFO - add_noise: grad_norm=3.5588, noise_norm=1.2916, sigma=0.5998, epsilon_per_round=8.0000
2026-05-24 15:51:48,626 - src.training.federated - INFO -   Cardiac Vascular Intensive Care Unit (CVICU): 8118 samples, loss=0.0754
2026-05-24 15:51:48,642 - root - INFO - add_noise: grad_norm=2.4938, noise_norm=4.1617, sigma=0.5998, epsilon_per_round=8.0000
2026-05-24 15:51:48,642 - root - INFO - add_noise: grad_norm=2.8958, noise_norm=0.9420, sigma=0.5998, epsilon_per_round=8.0000
2026-05-24 15:51:48,642 - src.training.federated - INFO -   Coronary Care Unit (CCU): 5113 samples, loss=0.2288
2026-05-24 15:51:48,669 - root - INFO - add_noise: grad_norm=1.8491, noise_norm=2.7637, sigma=0.5998, epsilon_per_round=8.0000
2026-05-24 15:51:48,669 - root - INFO - add_noise: grad_norm=2.3548, noise_norm=0.7484, sigma=0.5998, epsilon_per_round=8.0000
2026-05-24 15:51:48,669 - src.training.federated - INFO -   Medical Intensive Care Unit (MICU): 8791 samples, loss=0.2735
2026-05-24 15:51:48,696 - root - INFO - add_noise: grad_norm=2.5337, noise_norm=3.5765, sigma=0.5998, epsilon_per_round=8.0000
2026-05-24 15:51:48,696 - root - INFO - add_noise: grad_norm=2.6518, noise_norm=0.4618, sigma=0.5998, epsilon_per_round=8.0000
2026-05-24 15:51:48,696 - src.training.federated - INFO -   Medical/Surgical Intensive Care Unit (MICU/SICU): 6983 samples, loss=0.2627
2026-05-24 15:51:48,704 - root - INFO - add_noise: grad_norm=3.2300, noise_norm=3.2928, sigma=0.5998, epsilon_per_round=8.0000
2026-05-24 15:51:48,704 - root - INFO - add_noise: grad_norm=1.4097, noise_norm=0.1854, sigma=0.5998, epsilon_per_round=8.0000
2026-05-24 15:51:48,704 - src.training.federated - INFO -   Neuro Surgical Intensive Care Unit (Neuro SICU): 907 samples, loss=0.3759
2026-05-24 15:51:48,725 - root - INFO - add_noise: grad_norm=2.9842, noise_norm=3.0616, sigma=0.5998, epsilon_per_round=8.0000
2026-05-24 15:51:48,725 - root - INFO - add_noise: grad_norm=2.5900, noise_norm=0.4905, sigma=0.5998, epsilon_per_round=8.0000
2026-05-24 15:51:48,725 - src.training.federated - INFO -   Surgical Intensive Care Unit (SICU): 6372 samples, loss=0.2279
2026-05-24 15:51:48,742 - root - INFO - add_noise: grad_norm=2.4832, noise_norm=2.6726, sigma=0.5998, epsilon_per_round=8.0000
2026-05-24 15:51:48,742 - root - INFO - add_noise: grad_norm=2.8690, noise_norm=0.7142, sigma=0.5998, epsilon_per_round=8.0000
2026-05-24 15:51:48,742 - src.training.federated - INFO -   Trauma SICU (TSICU): 5458 samples, loss=0.1753
2026-05-24 15:51:48,742 - src.training.federated - INFO - Round 6 complete: 7 clients aggregated
2026-05-24 15:51:48,748 - src.training.federated - INFO - Round 6 Validation AUROC: 0.7981
2026-05-24 15:51:48,748 - src.training.federated - INFO - 
======================================================================
2026-05-24 15:51:48,748 - src.training.federated - INFO - Round 7/20
2026-05-24 15:51:48,748 - src.training.federated - INFO - ======================================================================
2026-05-24 15:51:48,772 - root - INFO - add_noise: grad_norm=2.5904, noise_norm=3.8798, sigma=0.5998, epsilon_per_round=8.0000
2026-05-24 15:51:48,772 - root - INFO - add_noise: grad_norm=3.5588, noise_norm=0.1256, sigma=0.5998, epsilon_per_round=8.0000
2026-05-24 15:51:48,772 - src.training.federated - INFO -   Cardiac Vascular Intensive Care Unit (CVICU): 8118 samples, loss=0.0754
2026-05-24 15:51:48,789 - root - INFO - add_noise: grad_norm=2.4938, noise_norm=3.4313, sigma=0.5998, epsilon_per_round=8.0000
2026-05-24 15:51:48,789 - root - INFO - add_noise: grad_norm=2.8958, noise_norm=0.9005, sigma=0.5998, epsilon_per_round=8.0000
2026-05-24 15:51:48,789 - src.training.federated - INFO -   Coronary Care Unit (CCU): 5113 samples, loss=0.2288
2026-05-24 15:51:48,816 - root - INFO - add_noise: grad_norm=1.8491, noise_norm=3.2145, sigma=0.5998, epsilon_per_round=8.0000
2026-05-24 15:51:48,816 - root - INFO - add_noise: grad_norm=2.3548, noise_norm=0.4408, sigma=0.5998, epsilon_per_round=8.0000
2026-05-24 15:51:48,816 - src.training.federated - INFO -   Medical Intensive Care Unit (MICU): 8791 samples, loss=0.2735
2026-05-24 15:51:48,844 - root - INFO - add_noise: grad_norm=2.5337, noise_norm=3.3565, sigma=0.5998, epsilon_per_round=8.0000
2026-05-24 15:51:48,844 - root - INFO - add_noise: grad_norm=2.6518, noise_norm=0.3658, sigma=0.5998, epsilon_per_round=8.0000
2026-05-24 15:51:48,844 - src.training.federated - INFO -   Medical/Surgical Intensive Care Unit (MICU/SICU): 6983 samples, loss=0.2627
2026-05-24 15:51:48,852 - root - INFO - add_noise: grad_norm=3.2300, noise_norm=3.7108, sigma=0.5998, epsilon_per_round=8.0000
2026-05-24 15:51:48,852 - root - INFO - add_noise: grad_norm=1.4097, noise_norm=0.0020, sigma=0.5998, epsilon_per_round=8.0000
2026-05-24 15:51:48,852 - src.training.federated - INFO -   Neuro Surgical Intensive Care Unit (Neuro SICU): 907 samples, loss=0.3759
2026-05-24 15:51:48,876 - root - INFO - add_noise: grad_norm=2.9842, noise_norm=3.3611, sigma=0.5998, epsilon_per_round=8.0000
2026-05-24 15:51:48,876 - root - INFO - add_noise: grad_norm=2.5900, noise_norm=0.9565, sigma=0.5998, epsilon_per_round=8.0000
2026-05-24 15:51:48,876 - src.training.federated - INFO -   Surgical Intensive Care Unit (SICU): 6372 samples, loss=0.2279
2026-05-24 15:51:48,897 - root - INFO - add_noise: grad_norm=2.4832, noise_norm=3.4642, sigma=0.5998, epsilon_per_round=8.0000
2026-05-24 15:51:48,897 - root - INFO - add_noise: grad_norm=2.8690, noise_norm=0.3095, sigma=0.5998, epsilon_per_round=8.0000
2026-05-24 15:51:48,897 - src.training.federated - INFO -   Trauma SICU (TSICU): 5458 samples, loss=0.1753
2026-05-24 15:51:48,897 - src.training.federated - INFO - Round 7 complete: 7 clients aggregated
2026-05-24 15:51:48,904 - src.training.federated - INFO - Round 7 Validation AUROC: 0.8557
2026-05-24 15:51:48,904 - src.training.federated - INFO - 
======================================================================
2026-05-24 15:51:48,904 - src.training.federated - INFO - Round 8/20
2026-05-24 15:51:48,904 - src.training.federated - INFO - ======================================================================
2026-05-24 15:51:48,932 - root - INFO - add_noise: grad_norm=2.5904, noise_norm=3.7005, sigma=0.5998, epsilon_per_round=8.0000
2026-05-24 15:51:48,932 - root - INFO - add_noise: grad_norm=3.5588, noise_norm=0.4367, sigma=0.5998, epsilon_per_round=8.0000
2026-05-24 15:51:48,932 - src.training.federated - INFO -   Cardiac Vascular Intensive Care Unit (CVICU): 8118 samples, loss=0.0754
2026-05-24 15:51:48,951 - root - INFO - add_noise: grad_norm=2.4938, noise_norm=3.4716, sigma=0.5998, epsilon_per_round=8.0000
2026-05-24 15:51:48,951 - root - INFO - add_noise: grad_norm=2.8958, noise_norm=0.5077, sigma=0.5998, epsilon_per_round=8.0000
2026-05-24 15:51:48,951 - src.training.federated - INFO -   Coronary Care Unit (CCU): 5113 samples, loss=0.2288
2026-05-24 15:51:48,980 - root - INFO - add_noise: grad_norm=1.8491, noise_norm=3.3936, sigma=0.5998, epsilon_per_round=8.0000
2026-05-24 15:51:48,980 - root - INFO - add_noise: grad_norm=2.3548, noise_norm=0.3646, sigma=0.5998, epsilon_per_round=8.0000
2026-05-24 15:51:48,980 - src.training.federated - INFO -   Medical Intensive Care Unit (MICU): 8791 samples, loss=0.2735
2026-05-24 15:51:49,010 - root - INFO - add_noise: grad_norm=2.5337, noise_norm=2.7009, sigma=0.5998, epsilon_per_round=8.0000
2026-05-24 15:51:49,010 - root - INFO - add_noise: grad_norm=2.6518, noise_norm=1.1630, sigma=0.5998, epsilon_per_round=8.0000
2026-05-24 15:51:49,010 - src.training.federated - INFO -   Medical/Surgical Intensive Care Unit (MICU/SICU): 6983 samples, loss=0.2627
2026-05-24 15:51:49,018 - root - INFO - add_noise: grad_norm=3.2300, noise_norm=2.7103, sigma=0.5998, epsilon_per_round=8.0000
2026-05-24 15:51:49,018 - root - INFO - add_noise: grad_norm=1.4097, noise_norm=0.4847, sigma=0.5998, epsilon_per_round=8.0000
2026-05-24 15:51:49,018 - src.training.federated - INFO -   Neuro Surgical Intensive Care Unit (Neuro SICU): 907 samples, loss=0.3759
2026-05-24 15:51:49,039 - root - INFO - add_noise: grad_norm=2.9842, noise_norm=3.5426, sigma=0.5998, epsilon_per_round=8.0000
2026-05-24 15:51:49,039 - root - INFO - add_noise: grad_norm=2.5900, noise_norm=0.7887, sigma=0.5998, epsilon_per_round=8.0000
2026-05-24 15:51:49,039 - src.training.federated - INFO -   Surgical Intensive Care Unit (SICU): 6372 samples, loss=0.2279
2026-05-24 15:51:49,056 - root - INFO - add_noise: grad_norm=2.4832, noise_norm=3.3566, sigma=0.5998, epsilon_per_round=8.0000
2026-05-24 15:51:49,056 - root - INFO - add_noise: grad_norm=2.8690, noise_norm=0.0690, sigma=0.5998, epsilon_per_round=8.0000
2026-05-24 15:51:49,056 - src.training.federated - INFO -   Trauma SICU (TSICU): 5458 samples, loss=0.1753
2026-05-24 15:51:49,056 - src.training.federated - INFO - Round 8 complete: 7 clients aggregated
2026-05-24 15:51:49,063 - src.training.federated - INFO - Round 8 Validation AUROC: 0.8204
2026-05-24 15:51:49,063 - src.training.federated - INFO - 
======================================================================
2026-05-24 15:51:49,063 - src.training.federated - INFO - Round 9/20
2026-05-24 15:51:49,063 - src.training.federated - INFO - ======================================================================
2026-05-24 15:51:49,088 - root - INFO - add_noise: grad_norm=2.5904, noise_norm=3.2606, sigma=0.5998, epsilon_per_round=8.0000
2026-05-24 15:51:49,088 - root - INFO - add_noise: grad_norm=3.5588, noise_norm=0.3899, sigma=0.5998, epsilon_per_round=8.0000
2026-05-24 15:51:49,088 - src.training.federated - INFO -   Cardiac Vascular Intensive Care Unit (CVICU): 8118 samples, loss=0.0754
2026-05-24 15:51:49,104 - root - INFO - add_noise: grad_norm=2.4938, noise_norm=2.8194, sigma=0.5998, epsilon_per_round=8.0000
2026-05-24 15:51:49,105 - root - INFO - add_noise: grad_norm=2.8958, noise_norm=0.4022, sigma=0.5998, epsilon_per_round=8.0000
2026-05-24 15:51:49,105 - src.training.federated - INFO -   Coronary Care Unit (CCU): 5113 samples, loss=0.2288
2026-05-24 15:51:49,134 - root - INFO - add_noise: grad_norm=1.8491, noise_norm=3.3020, sigma=0.5998, epsilon_per_round=8.0000
2026-05-24 15:51:49,134 - root - INFO - add_noise: grad_norm=2.3548, noise_norm=0.2544, sigma=0.5998, epsilon_per_round=8.0000
2026-05-24 15:51:49,134 - src.training.federated - INFO -   Medical Intensive Care Unit (MICU): 8791 samples, loss=0.2735
2026-05-24 15:51:49,161 - root - INFO - add_noise: grad_norm=2.5337, noise_norm=2.9757, sigma=0.5998, epsilon_per_round=8.0000
2026-05-24 15:51:49,161 - root - INFO - add_noise: grad_norm=2.6518, noise_norm=0.2832, sigma=0.5998, epsilon_per_round=8.0000
2026-05-24 15:51:49,161 - src.training.federated - INFO -   Medical/Surgical Intensive Care Unit (MICU/SICU): 6983 samples, loss=0.2627
2026-05-24 15:51:49,169 - root - INFO - add_noise: grad_norm=3.2300, noise_norm=3.8215, sigma=0.5998, epsilon_per_round=8.0000
2026-05-24 15:51:49,169 - root - INFO - add_noise: grad_norm=1.4097, noise_norm=0.7569, sigma=0.5998, epsilon_per_round=8.0000
2026-05-24 15:51:49,169 - src.training.federated - INFO -   Neuro Surgical Intensive Care Unit (Neuro SICU): 907 samples, loss=0.3759
2026-05-24 15:51:49,192 - root - INFO - add_noise: grad_norm=2.9842, noise_norm=3.6643, sigma=0.5998, epsilon_per_round=8.0000
2026-05-24 15:51:49,192 - root - INFO - add_noise: grad_norm=2.5900, noise_norm=0.5173, sigma=0.5998, epsilon_per_round=8.0000
2026-05-24 15:51:49,192 - src.training.federated - INFO -   Surgical Intensive Care Unit (SICU): 6372 samples, loss=0.2279
2026-05-24 15:51:49,210 - root - INFO - add_noise: grad_norm=2.4832, noise_norm=2.7129, sigma=0.5998, epsilon_per_round=8.0000
2026-05-24 15:51:49,210 - root - INFO - add_noise: grad_norm=2.8690, noise_norm=0.1163, sigma=0.5998, epsilon_per_round=8.0000
2026-05-24 15:51:49,210 - src.training.federated - INFO -   Trauma SICU (TSICU): 5458 samples, loss=0.1753
2026-05-24 15:51:49,210 - src.training.federated - INFO - Round 9 complete: 7 clients aggregated
2026-05-24 15:51:49,216 - src.training.federated - INFO - Round 9 Validation AUROC: 0.8217
2026-05-24 15:51:49,216 - src.training.federated - INFO - 
======================================================================
2026-05-24 15:51:49,216 - src.training.federated - INFO - Round 10/20
2026-05-24 15:51:49,216 - src.training.federated - INFO - ======================================================================
2026-05-24 15:51:49,241 - root - INFO - add_noise: grad_norm=2.5904, noise_norm=3.8468, sigma=0.5998, epsilon_per_round=8.0000
2026-05-24 15:51:49,241 - root - INFO - add_noise: grad_norm=3.5588, noise_norm=0.0056, sigma=0.5998, epsilon_per_round=8.0000
2026-05-24 15:51:49,241 - src.training.federated - INFO -   Cardiac Vascular Intensive Care Unit (CVICU): 8118 samples, loss=0.0754
2026-05-24 15:51:49,258 - root - INFO - add_noise: grad_norm=2.4938, noise_norm=2.7270, sigma=0.5998, epsilon_per_round=8.0000
2026-05-24 15:51:49,258 - root - INFO - add_noise: grad_norm=2.8958, noise_norm=0.2700, sigma=0.5998, epsilon_per_round=8.0000
2026-05-24 15:51:49,258 - src.training.federated - INFO -   Coronary Care Unit (CCU): 5113 samples, loss=0.2288
2026-05-24 15:51:49,288 - root - INFO - add_noise: grad_norm=1.8491, noise_norm=3.2208, sigma=0.5998, epsilon_per_round=8.0000
2026-05-24 15:51:49,288 - root - INFO - add_noise: grad_norm=2.3548, noise_norm=0.0976, sigma=0.5998, epsilon_per_round=8.0000
2026-05-24 15:51:49,288 - src.training.federated - INFO -   Medical Intensive Care Unit (MICU): 8791 samples, loss=0.2735
2026-05-24 15:51:49,316 - root - INFO - add_noise: grad_norm=2.5337, noise_norm=3.1477, sigma=0.5998, epsilon_per_round=8.0000
2026-05-24 15:51:49,316 - root - INFO - add_noise: grad_norm=2.6518, noise_norm=0.1463, sigma=0.5998, epsilon_per_round=8.0000
2026-05-24 15:51:49,316 - src.training.federated - INFO -   Medical/Surgical Intensive Care Unit (MICU/SICU): 6983 samples, loss=0.2627
2026-05-24 15:51:49,324 - root - INFO - add_noise: grad_norm=3.2300, noise_norm=3.0541, sigma=0.5998, epsilon_per_round=8.0000
2026-05-24 15:51:49,324 - root - INFO - add_noise: grad_norm=1.4097, noise_norm=1.2533, sigma=0.5998, epsilon_per_round=8.0000
2026-05-24 15:51:49,325 - src.training.federated - INFO -   Neuro Surgical Intensive Care Unit (Neuro SICU): 907 samples, loss=0.3759
2026-05-24 15:51:49,346 - root - INFO - add_noise: grad_norm=2.9842, noise_norm=3.6741, sigma=0.5998, epsilon_per_round=8.0000
2026-05-24 15:51:49,346 - root - INFO - add_noise: grad_norm=2.5900, noise_norm=0.2133, sigma=0.5998, epsilon_per_round=8.0000
2026-05-24 15:51:49,346 - src.training.federated - INFO -   Surgical Intensive Care Unit (SICU): 6372 samples, loss=0.2279
2026-05-24 15:51:49,364 - root - INFO - add_noise: grad_norm=2.4832, noise_norm=3.1163, sigma=0.5998, epsilon_per_round=8.0000
2026-05-24 15:51:49,364 - root - INFO - add_noise: grad_norm=2.8690, noise_norm=0.4117, sigma=0.5998, epsilon_per_round=8.0000
2026-05-24 15:51:49,364 - src.training.federated - INFO -   Trauma SICU (TSICU): 5458 samples, loss=0.1753
2026-05-24 15:51:49,364 - src.training.federated - INFO - Round 10 complete: 7 clients aggregated
2026-05-24 15:51:49,370 - src.training.federated - INFO - Round 10 Validation AUROC: 0.8114
2026-05-24 15:51:49,370 - src.training.federated - INFO - 
======================================================================
2026-05-24 15:51:49,371 - src.training.federated - INFO - Round 11/20
2026-05-24 15:51:49,371 - src.training.federated - INFO - ======================================================================
2026-05-24 15:51:49,396 - root - INFO - add_noise: grad_norm=2.5904, noise_norm=3.5611, sigma=0.5998, epsilon_per_round=8.0000
2026-05-24 15:51:49,396 - root - INFO - add_noise: grad_norm=3.5588, noise_norm=0.2922, sigma=0.5998, epsilon_per_round=8.0000
2026-05-24 15:51:49,396 - src.training.federated - INFO -   Cardiac Vascular Intensive Care Unit (CVICU): 8118 samples, loss=0.0754
2026-05-24 15:51:49,413 - root - INFO - add_noise: grad_norm=2.4938, noise_norm=3.1310, sigma=0.5998, epsilon_per_round=8.0000
2026-05-24 15:51:49,413 - root - INFO - add_noise: grad_norm=2.8958, noise_norm=0.1501, sigma=0.5998, epsilon_per_round=8.0000
2026-05-24 15:51:49,413 - src.training.federated - INFO -   Coronary Care Unit (CCU): 5113 samples, loss=0.2288
2026-05-24 15:51:49,441 - root - INFO - add_noise: grad_norm=1.8491, noise_norm=3.3987, sigma=0.5998, epsilon_per_round=8.0000
2026-05-24 15:51:49,442 - root - INFO - add_noise: grad_norm=2.3548, noise_norm=0.3450, sigma=0.5998, epsilon_per_round=8.0000
2026-05-24 15:51:49,442 - src.training.federated - INFO -   Medical Intensive Care Unit (MICU): 8791 samples, loss=0.2735
2026-05-24 15:51:49,470 - root - INFO - add_noise: grad_norm=2.5337, noise_norm=3.1544, sigma=0.5998, epsilon_per_round=8.0000
2026-05-24 15:51:49,470 - root - INFO - add_noise: grad_norm=2.6518, noise_norm=1.0241, sigma=0.5998, epsilon_per_round=8.0000
2026-05-24 15:51:49,470 - src.training.federated - INFO -   Medical/Surgical Intensive Care Unit (MICU/SICU): 6983 samples, loss=0.2627
2026-05-24 15:51:49,478 - root - INFO - add_noise: grad_norm=3.2300, noise_norm=3.0055, sigma=0.5998, epsilon_per_round=8.0000
2026-05-24 15:51:49,478 - root - INFO - add_noise: grad_norm=1.4097, noise_norm=0.0416, sigma=0.5998, epsilon_per_round=8.0000
2026-05-24 15:51:49,478 - src.training.federated - INFO -   Neuro Surgical Intensive Care Unit (Neuro SICU): 907 samples, loss=0.3759
2026-05-24 15:51:49,499 - root - INFO - add_noise: grad_norm=2.9842, noise_norm=3.0354, sigma=0.5998, epsilon_per_round=8.0000
2026-05-24 15:51:49,500 - root - INFO - add_noise: grad_norm=2.5900, noise_norm=0.6116, sigma=0.5998, epsilon_per_round=8.0000
2026-05-24 15:51:49,500 - src.training.federated - INFO -   Surgical Intensive Care Unit (SICU): 6372 samples, loss=0.2279
2026-05-24 15:51:49,517 - root - INFO - add_noise: grad_norm=2.4832, noise_norm=2.5967, sigma=0.5998, epsilon_per_round=8.0000
2026-05-24 15:51:49,517 - root - INFO - add_noise: grad_norm=2.8690, noise_norm=0.7424, sigma=0.5998, epsilon_per_round=8.0000
2026-05-24 15:51:49,517 - src.training.federated - INFO -   Trauma SICU (TSICU): 5458 samples, loss=0.1753
2026-05-24 15:51:49,517 - src.training.federated - INFO - Round 11 complete: 7 clients aggregated
2026-05-24 15:51:49,523 - src.training.federated - INFO - Round 11 Validation AUROC: 0.8586
2026-05-24 15:51:49,524 - src.training.federated - INFO - 
======================================================================
2026-05-24 15:51:49,524 - src.training.federated - INFO - Round 12/20
2026-05-24 15:51:49,524 - src.training.federated - INFO - ======================================================================
2026-05-24 15:51:49,548 - root - INFO - add_noise: grad_norm=2.5904, noise_norm=3.5023, sigma=0.5998, epsilon_per_round=8.0000
2026-05-24 15:51:49,548 - root - INFO - add_noise: grad_norm=3.5588, noise_norm=0.4878, sigma=0.5998, epsilon_per_round=8.0000
2026-05-24 15:51:49,548 - src.training.federated - INFO -   Cardiac Vascular Intensive Care Unit (CVICU): 8118 samples, loss=0.0754
2026-05-24 15:51:49,564 - root - INFO - add_noise: grad_norm=2.4938, noise_norm=3.5733, sigma=0.5998, epsilon_per_round=8.0000
2026-05-24 15:51:49,564 - root - INFO - add_noise: grad_norm=2.8958, noise_norm=0.3640, sigma=0.5998, epsilon_per_round=8.0000
2026-05-24 15:51:49,564 - src.training.federated - INFO -   Coronary Care Unit (CCU): 5113 samples, loss=0.2288
2026-05-24 15:51:49,591 - root - INFO - add_noise: grad_norm=1.8491, noise_norm=4.0272, sigma=0.5998, epsilon_per_round=8.0000
2026-05-24 15:51:49,591 - root - INFO - add_noise: grad_norm=2.3548, noise_norm=0.5544, sigma=0.5998, epsilon_per_round=8.0000
2026-05-24 15:51:49,591 - src.training.federated - INFO -   Medical Intensive Care Unit (MICU): 8791 samples, loss=0.2735
2026-05-24 15:51:49,618 - root - INFO - add_noise: grad_norm=2.5337, noise_norm=3.2345, sigma=0.5998, epsilon_per_round=8.0000
2026-05-24 15:51:49,618 - root - INFO - add_noise: grad_norm=2.6518, noise_norm=0.2743, sigma=0.5998, epsilon_per_round=8.0000
2026-05-24 15:51:49,618 - src.training.federated - INFO -   Medical/Surgical Intensive Care Unit (MICU/SICU): 6983 samples, loss=0.2627
2026-05-24 15:51:49,626 - root - INFO - add_noise: grad_norm=3.2300, noise_norm=3.1876, sigma=0.5998, epsilon_per_round=8.0000
2026-05-24 15:51:49,626 - root - INFO - add_noise: grad_norm=1.4097, noise_norm=0.8460, sigma=0.5998, epsilon_per_round=8.0000
2026-05-24 15:51:49,626 - src.training.federated - INFO -   Neuro Surgical Intensive Care Unit (Neuro SICU): 907 samples, loss=0.3759
2026-05-24 15:51:49,647 - root - INFO - add_noise: grad_norm=2.9842, noise_norm=2.9689, sigma=0.5998, epsilon_per_round=8.0000
2026-05-24 15:51:49,647 - root - INFO - add_noise: grad_norm=2.5900, noise_norm=0.5126, sigma=0.5998, epsilon_per_round=8.0000
2026-05-24 15:51:49,647 - src.training.federated - INFO -   Surgical Intensive Care Unit (SICU): 6372 samples, loss=0.2279
2026-05-24 15:51:49,664 - root - INFO - add_noise: grad_norm=2.4832, noise_norm=2.7558, sigma=0.5998, epsilon_per_round=8.0000
2026-05-24 15:51:49,664 - root - INFO - add_noise: grad_norm=2.8690, noise_norm=0.9211, sigma=0.5998, epsilon_per_round=8.0000
2026-05-24 15:51:49,664 - src.training.federated - INFO -   Trauma SICU (TSICU): 5458 samples, loss=0.1753
2026-05-24 15:51:49,664 - src.training.federated - INFO - Round 12 complete: 7 clients aggregated
2026-05-24 15:51:49,671 - src.training.federated - INFO - Round 12 Validation AUROC: 0.8573
2026-05-24 15:51:49,671 - src.training.federated - INFO - 
======================================================================
2026-05-24 15:51:49,671 - src.training.federated - INFO - Round 13/20
2026-05-24 15:51:49,671 - src.training.federated - INFO - ======================================================================
2026-05-24 15:51:49,695 - root - INFO - add_noise: grad_norm=2.5904, noise_norm=3.3258, sigma=0.5998, epsilon_per_round=8.0000
2026-05-24 15:51:49,695 - root - INFO - add_noise: grad_norm=3.5588, noise_norm=0.0741, sigma=0.5998, epsilon_per_round=8.0000
2026-05-24 15:51:49,695 - src.training.federated - INFO -   Cardiac Vascular Intensive Care Unit (CVICU): 8118 samples, loss=0.0754
2026-05-24 15:51:49,711 - root - INFO - add_noise: grad_norm=2.4938, noise_norm=3.7814, sigma=0.5998, epsilon_per_round=8.0000
2026-05-24 15:51:49,711 - root - INFO - add_noise: grad_norm=2.8958, noise_norm=0.9435, sigma=0.5998, epsilon_per_round=8.0000
2026-05-24 15:51:49,711 - src.training.federated - INFO -   Coronary Care Unit (CCU): 5113 samples, loss=0.2288
2026-05-24 15:51:49,739 - root - INFO - add_noise: grad_norm=1.8491, noise_norm=2.1263, sigma=0.5998, epsilon_per_round=8.0000
2026-05-24 15:51:49,739 - root - INFO - add_noise: grad_norm=2.3548, noise_norm=0.6250, sigma=0.5998, epsilon_per_round=8.0000
2026-05-24 15:51:49,739 - src.training.federated - INFO -   Medical Intensive Care Unit (MICU): 8791 samples, loss=0.2735
2026-05-24 15:51:49,765 - root - INFO - add_noise: grad_norm=2.5337, noise_norm=3.2496, sigma=0.5998, epsilon_per_round=8.0000
2026-05-24 15:51:49,766 - root - INFO - add_noise: grad_norm=2.6518, noise_norm=0.4883, sigma=0.5998, epsilon_per_round=8.0000
2026-05-24 15:51:49,766 - src.training.federated - INFO -   Medical/Surgical Intensive Care Unit (MICU/SICU): 6983 samples, loss=0.2627
2026-05-24 15:51:49,774 - root - INFO - add_noise: grad_norm=3.2300, noise_norm=3.6822, sigma=0.5998, epsilon_per_round=8.0000
2026-05-24 15:51:49,774 - root - INFO - add_noise: grad_norm=1.4097, noise_norm=0.5022, sigma=0.5998, epsilon_per_round=8.0000
2026-05-24 15:51:49,774 - src.training.federated - INFO -   Neuro Surgical Intensive Care Unit (Neuro SICU): 907 samples, loss=0.3759
2026-05-24 15:51:49,795 - root - INFO - add_noise: grad_norm=2.9842, noise_norm=2.6800, sigma=0.5998, epsilon_per_round=8.0000
2026-05-24 15:51:49,795 - root - INFO - add_noise: grad_norm=2.5900, noise_norm=0.1124, sigma=0.5998, epsilon_per_round=8.0000
2026-05-24 15:51:49,795 - src.training.federated - INFO -   Surgical Intensive Care Unit (SICU): 6372 samples, loss=0.2279
2026-05-24 15:51:49,812 - root - INFO - add_noise: grad_norm=2.4832, noise_norm=4.4780, sigma=0.5998, epsilon_per_round=8.0000
2026-05-24 15:51:49,812 - root - INFO - add_noise: grad_norm=2.8690, noise_norm=0.2150, sigma=0.5998, epsilon_per_round=8.0000
2026-05-24 15:51:49,812 - src.training.federated - INFO -   Trauma SICU (TSICU): 5458 samples, loss=0.1753
2026-05-24 15:51:49,812 - src.training.federated - INFO - Round 13 complete: 7 clients aggregated
2026-05-24 15:51:49,818 - src.training.federated - INFO - Round 13 Validation AUROC: 0.8434
2026-05-24 15:51:49,818 - src.training.federated - INFO - 
======================================================================
2026-05-24 15:51:49,818 - src.training.federated - INFO - Round 14/20
2026-05-24 15:51:49,818 - src.training.federated - INFO - ======================================================================
2026-05-24 15:51:49,842 - root - INFO - add_noise: grad_norm=2.5904, noise_norm=2.8359, sigma=0.5998, epsilon_per_round=8.0000
2026-05-24 15:51:49,842 - root - INFO - add_noise: grad_norm=3.5588, noise_norm=0.1143, sigma=0.5998, epsilon_per_round=8.0000
2026-05-24 15:51:49,842 - src.training.federated - INFO -   Cardiac Vascular Intensive Care Unit (CVICU): 8118 samples, loss=0.0754
2026-05-24 15:51:49,859 - root - INFO - add_noise: grad_norm=2.4938, noise_norm=3.9429, sigma=0.5998, epsilon_per_round=8.0000
2026-05-24 15:51:49,859 - root - INFO - add_noise: grad_norm=2.8958, noise_norm=0.0634, sigma=0.5998, epsilon_per_round=8.0000
2026-05-24 15:51:49,859 - src.training.federated - INFO -   Coronary Care Unit (CCU): 5113 samples, loss=0.2288
2026-05-24 15:51:49,886 - root - INFO - add_noise: grad_norm=1.8491, noise_norm=3.3690, sigma=0.5998, epsilon_per_round=8.0000
2026-05-24 15:51:49,886 - root - INFO - add_noise: grad_norm=2.3548, noise_norm=0.9281, sigma=0.5998, epsilon_per_round=8.0000
2026-05-24 15:51:49,886 - src.training.federated - INFO -   Medical Intensive Care Unit (MICU): 8791 samples, loss=0.2735
2026-05-24 15:51:49,915 - root - INFO - add_noise: grad_norm=2.5337, noise_norm=3.5688, sigma=0.5998, epsilon_per_round=8.0000
2026-05-24 15:51:49,915 - root - INFO - add_noise: grad_norm=2.6518, noise_norm=0.1239, sigma=0.5998, epsilon_per_round=8.0000
2026-05-24 15:51:49,915 - src.training.federated - INFO -   Medical/Surgical Intensive Care Unit (MICU/SICU): 6983 samples, loss=0.2627
2026-05-24 15:51:49,923 - root - INFO - add_noise: grad_norm=3.2300, noise_norm=3.0273, sigma=0.5998, epsilon_per_round=8.0000
2026-05-24 15:51:49,923 - root - INFO - add_noise: grad_norm=1.4097, noise_norm=1.0212, sigma=0.5998, epsilon_per_round=8.0000
2026-05-24 15:51:49,923 - src.training.federated - INFO -   Neuro Surgical Intensive Care Unit (Neuro SICU): 907 samples, loss=0.3759
2026-05-24 15:51:49,945 - root - INFO - add_noise: grad_norm=2.9842, noise_norm=3.3812, sigma=0.5998, epsilon_per_round=8.0000
2026-05-24 15:51:49,945 - root - INFO - add_noise: grad_norm=2.5900, noise_norm=0.6422, sigma=0.5998, epsilon_per_round=8.0000
2026-05-24 15:51:49,945 - src.training.federated - INFO -   Surgical Intensive Care Unit (SICU): 6372 samples, loss=0.2279
2026-05-24 15:51:49,962 - root - INFO - add_noise: grad_norm=2.4832, noise_norm=3.0793, sigma=0.5998, epsilon_per_round=8.0000
2026-05-24 15:51:49,962 - root - INFO - add_noise: grad_norm=2.8690, noise_norm=0.2657, sigma=0.5998, epsilon_per_round=8.0000
2026-05-24 15:51:49,962 - src.training.federated - INFO -   Trauma SICU (TSICU): 5458 samples, loss=0.1753
2026-05-24 15:51:49,963 - src.training.federated - INFO - Round 14 complete: 7 clients aggregated
2026-05-24 15:51:49,969 - src.training.federated - INFO - Round 14 Validation AUROC: 0.8302
2026-05-24 15:51:49,969 - src.training.federated - INFO - 
======================================================================
2026-05-24 15:51:49,969 - src.training.federated - INFO - Round 15/20
2026-05-24 15:51:49,969 - src.training.federated - INFO - ======================================================================
2026-05-24 15:51:49,993 - root - INFO - add_noise: grad_norm=2.5904, noise_norm=3.4193, sigma=0.5998, epsilon_per_round=8.0000
2026-05-24 15:51:49,993 - root - INFO - add_noise: grad_norm=3.5588, noise_norm=0.0948, sigma=0.5998, epsilon_per_round=8.0000
2026-05-24 15:51:49,993 - src.training.federated - INFO -   Cardiac Vascular Intensive Care Unit (CVICU): 8118 samples, loss=0.0754
2026-05-24 15:51:50,009 - root - INFO - add_noise: grad_norm=2.4938, noise_norm=3.6304, sigma=0.5998, epsilon_per_round=8.0000
2026-05-24 15:51:50,009 - root - INFO - add_noise: grad_norm=2.8958, noise_norm=0.2623, sigma=0.5998, epsilon_per_round=8.0000
2026-05-24 15:51:50,009 - src.training.federated - INFO -   Coronary Care Unit (CCU): 5113 samples, loss=0.2288
2026-05-24 15:51:50,036 - root - INFO - add_noise: grad_norm=1.8491, noise_norm=3.2527, sigma=0.5998, epsilon_per_round=8.0000
2026-05-24 15:51:50,036 - root - INFO - add_noise: grad_norm=2.3548, noise_norm=1.2151, sigma=0.5998, epsilon_per_round=8.0000
2026-05-24 15:51:50,036 - src.training.federated - INFO -   Medical Intensive Care Unit (MICU): 8791 samples, loss=0.2735
2026-05-24 15:51:50,064 - root - INFO - add_noise: grad_norm=2.5337, noise_norm=3.5356, sigma=0.5998, epsilon_per_round=8.0000
2026-05-24 15:51:50,064 - root - INFO - add_noise: grad_norm=2.6518, noise_norm=0.7034, sigma=0.5998, epsilon_per_round=8.0000
2026-05-24 15:51:50,064 - src.training.federated - INFO -   Medical/Surgical Intensive Care Unit (MICU/SICU): 6983 samples, loss=0.2627
2026-05-24 15:51:50,072 - root - INFO - add_noise: grad_norm=3.2300, noise_norm=3.5464, sigma=0.5998, epsilon_per_round=8.0000
2026-05-24 15:51:50,072 - root - INFO - add_noise: grad_norm=1.4097, noise_norm=0.6450, sigma=0.5998, epsilon_per_round=8.0000
2026-05-24 15:51:50,072 - src.training.federated - INFO -   Neuro Surgical Intensive Care Unit (Neuro SICU): 907 samples, loss=0.3759
2026-05-24 15:51:50,092 - root - INFO - add_noise: grad_norm=2.9842, noise_norm=3.4941, sigma=0.5998, epsilon_per_round=8.0000
2026-05-24 15:51:50,092 - root - INFO - add_noise: grad_norm=2.5900, noise_norm=0.3535, sigma=0.5998, epsilon_per_round=8.0000
2026-05-24 15:51:50,092 - src.training.federated - INFO -   Surgical Intensive Care Unit (SICU): 6372 samples, loss=0.2279
2026-05-24 15:51:50,110 - root - INFO - add_noise: grad_norm=2.4832, noise_norm=3.4247, sigma=0.5998, epsilon_per_round=8.0000
2026-05-24 15:51:50,110 - root - INFO - add_noise: grad_norm=2.8690, noise_norm=0.5877, sigma=0.5998, epsilon_per_round=8.0000
2026-05-24 15:51:50,110 - src.training.federated - INFO -   Trauma SICU (TSICU): 5458 samples, loss=0.1753
2026-05-24 15:51:50,110 - src.training.federated - INFO - Round 15 complete: 7 clients aggregated
2026-05-24 15:51:50,116 - src.training.federated - INFO - Round 15 Validation AUROC: 0.7681
2026-05-24 15:51:50,116 - src.training.federated - INFO - 
======================================================================
2026-05-24 15:51:50,116 - src.training.federated - INFO - Round 16/20
2026-05-24 15:51:50,116 - src.training.federated - INFO - ======================================================================
2026-05-24 15:51:50,140 - root - INFO - add_noise: grad_norm=2.5904, noise_norm=3.7547, sigma=0.5998, epsilon_per_round=8.0000
2026-05-24 15:51:50,140 - root - INFO - add_noise: grad_norm=3.5588, noise_norm=0.4815, sigma=0.5998, epsilon_per_round=8.0000
2026-05-24 15:51:50,140 - src.training.federated - INFO -   Cardiac Vascular Intensive Care Unit (CVICU): 8118 samples, loss=0.0754
2026-05-24 15:51:50,156 - root - INFO - add_noise: grad_norm=2.4938, noise_norm=3.5189, sigma=0.5998, epsilon_per_round=8.0000
2026-05-24 15:51:50,156 - root - INFO - add_noise: grad_norm=2.8958, noise_norm=0.2508, sigma=0.5998, epsilon_per_round=8.0000
2026-05-24 15:51:50,156 - src.training.federated - INFO -   Coronary Care Unit (CCU): 5113 samples, loss=0.2288
2026-05-24 15:51:50,183 - root - INFO - add_noise: grad_norm=1.8491, noise_norm=3.6025, sigma=0.5998, epsilon_per_round=8.0000
2026-05-24 15:51:50,183 - root - INFO - add_noise: grad_norm=2.3548, noise_norm=1.2314, sigma=0.5998, epsilon_per_round=8.0000
2026-05-24 15:51:50,183 - src.training.federated - INFO -   Medical Intensive Care Unit (MICU): 8791 samples, loss=0.2735
2026-05-24 15:51:50,210 - root - INFO - add_noise: grad_norm=2.5337, noise_norm=3.5529, sigma=0.5998, epsilon_per_round=8.0000
2026-05-24 15:51:50,210 - root - INFO - add_noise: grad_norm=2.6518, noise_norm=0.3988, sigma=0.5998, epsilon_per_round=8.0000
2026-05-24 15:51:50,210 - src.training.federated - INFO -   Medical/Surgical Intensive Care Unit (MICU/SICU): 6983 samples, loss=0.2627
2026-05-24 15:51:50,218 - root - INFO - add_noise: grad_norm=3.2300, noise_norm=2.9754, sigma=0.5998, epsilon_per_round=8.0000
2026-05-24 15:51:50,218 - root - INFO - add_noise: grad_norm=1.4097, noise_norm=1.3297, sigma=0.5998, epsilon_per_round=8.0000
2026-05-24 15:51:50,218 - src.training.federated - INFO -   Neuro Surgical Intensive Care Unit (Neuro SICU): 907 samples, loss=0.3759
2026-05-24 15:51:50,239 - root - INFO - add_noise: grad_norm=2.9842, noise_norm=4.0750, sigma=0.5998, epsilon_per_round=8.0000
2026-05-24 15:51:50,239 - root - INFO - add_noise: grad_norm=2.5900, noise_norm=0.9404, sigma=0.5998, epsilon_per_round=8.0000
2026-05-24 15:51:50,239 - src.training.federated - INFO -   Surgical Intensive Care Unit (SICU): 6372 samples, loss=0.2279
2026-05-24 15:51:50,257 - root - INFO - add_noise: grad_norm=2.4832, noise_norm=3.7125, sigma=0.5998, epsilon_per_round=8.0000
2026-05-24 15:51:50,257 - root - INFO - add_noise: grad_norm=2.8690, noise_norm=0.7335, sigma=0.5998, epsilon_per_round=8.0000
2026-05-24 15:51:50,257 - src.training.federated - INFO -   Trauma SICU (TSICU): 5458 samples, loss=0.1753
2026-05-24 15:51:50,257 - src.training.federated - INFO - Round 16 complete: 7 clients aggregated
2026-05-24 15:51:50,263 - src.training.federated - INFO - Round 16 Validation AUROC: 0.8255
2026-05-24 15:51:50,263 - src.training.federated - INFO - 
======================================================================
2026-05-24 15:51:50,263 - src.training.federated - INFO - Round 17/20
2026-05-24 15:51:50,263 - src.training.federated - INFO - ======================================================================
2026-05-24 15:51:50,288 - root - INFO - add_noise: grad_norm=2.5904, noise_norm=3.2753, sigma=0.5998, epsilon_per_round=8.0000
2026-05-24 15:51:50,288 - root - INFO - add_noise: grad_norm=3.5588, noise_norm=0.4406, sigma=0.5998, epsilon_per_round=8.0000
2026-05-24 15:51:50,288 - src.training.federated - INFO -   Cardiac Vascular Intensive Care Unit (CVICU): 8118 samples, loss=0.0754
2026-05-24 15:51:50,304 - root - INFO - add_noise: grad_norm=2.4938, noise_norm=2.8819, sigma=0.5998, epsilon_per_round=8.0000
2026-05-24 15:51:50,304 - root - INFO - add_noise: grad_norm=2.8958, noise_norm=0.1276, sigma=0.5998, epsilon_per_round=8.0000
2026-05-24 15:51:50,304 - src.training.federated - INFO -   Coronary Care Unit (CCU): 5113 samples, loss=0.2288
2026-05-24 15:51:50,331 - root - INFO - add_noise: grad_norm=1.8491, noise_norm=2.7977, sigma=0.5998, epsilon_per_round=8.0000
2026-05-24 15:51:50,331 - root - INFO - add_noise: grad_norm=2.3548, noise_norm=0.0502, sigma=0.5998, epsilon_per_round=8.0000
2026-05-24 15:51:50,331 - src.training.federated - INFO -   Medical Intensive Care Unit (MICU): 8791 samples, loss=0.2735
2026-05-24 15:51:50,359 - root - INFO - add_noise: grad_norm=2.5337, noise_norm=3.1161, sigma=0.5998, epsilon_per_round=8.0000
2026-05-24 15:51:50,359 - root - INFO - add_noise: grad_norm=2.6518, noise_norm=0.7892, sigma=0.5998, epsilon_per_round=8.0000
2026-05-24 15:51:50,359 - src.training.federated - INFO -   Medical/Surgical Intensive Care Unit (MICU/SICU): 6983 samples, loss=0.2627
2026-05-24 15:51:50,367 - root - INFO - add_noise: grad_norm=3.2300, noise_norm=4.2197, sigma=0.5998, epsilon_per_round=8.0000
2026-05-24 15:51:50,367 - root - INFO - add_noise: grad_norm=1.4097, noise_norm=0.1008, sigma=0.5998, epsilon_per_round=8.0000
2026-05-24 15:51:50,367 - src.training.federated - INFO -   Neuro Surgical Intensive Care Unit (Neuro SICU): 907 samples, loss=0.3759
2026-05-24 15:51:50,388 - root - INFO - add_noise: grad_norm=2.9842, noise_norm=3.3565, sigma=0.5998, epsilon_per_round=8.0000
2026-05-24 15:51:50,388 - root - INFO - add_noise: grad_norm=2.5900, noise_norm=0.2828, sigma=0.5998, epsilon_per_round=8.0000
2026-05-24 15:51:50,388 - src.training.federated - INFO -   Surgical Intensive Care Unit (SICU): 6372 samples, loss=0.2279
2026-05-24 15:51:50,406 - root - INFO - add_noise: grad_norm=2.4832, noise_norm=2.9867, sigma=0.5998, epsilon_per_round=8.0000
2026-05-24 15:51:50,407 - root - INFO - add_noise: grad_norm=2.8690, noise_norm=1.1807, sigma=0.5998, epsilon_per_round=8.0000
2026-05-24 15:51:50,407 - src.training.federated - INFO -   Trauma SICU (TSICU): 5458 samples, loss=0.1753
2026-05-24 15:51:50,407 - src.training.federated - INFO - Round 17 complete: 7 clients aggregated
2026-05-24 15:51:50,412 - src.training.federated - INFO - Round 17 Validation AUROC: 0.7762
2026-05-24 15:51:50,413 - src.training.federated - INFO - 
======================================================================
2026-05-24 15:51:50,413 - src.training.federated - INFO - Round 18/20
2026-05-24 15:51:50,413 - src.training.federated - INFO - ======================================================================
2026-05-24 15:51:50,437 - root - INFO - add_noise: grad_norm=2.5904, noise_norm=2.8134, sigma=0.5998, epsilon_per_round=8.0000
2026-05-24 15:51:50,437 - root - INFO - add_noise: grad_norm=3.5588, noise_norm=0.1861, sigma=0.5998, epsilon_per_round=8.0000
2026-05-24 15:51:50,437 - src.training.federated - INFO -   Cardiac Vascular Intensive Care Unit (CVICU): 8118 samples, loss=0.0754
2026-05-24 15:51:50,453 - root - INFO - add_noise: grad_norm=2.4938, noise_norm=2.9532, sigma=0.5998, epsilon_per_round=8.0000
2026-05-24 15:51:50,453 - root - INFO - add_noise: grad_norm=2.8958, noise_norm=0.0946, sigma=0.5998, epsilon_per_round=8.0000
2026-05-24 15:51:50,454 - src.training.federated - INFO -   Coronary Care Unit (CCU): 5113 samples, loss=0.2288
2026-05-24 15:51:50,480 - root - INFO - add_noise: grad_norm=1.8491, noise_norm=3.3420, sigma=0.5998, epsilon_per_round=8.0000
2026-05-24 15:51:50,480 - root - INFO - add_noise: grad_norm=2.3548, noise_norm=0.5654, sigma=0.5998, epsilon_per_round=8.0000
2026-05-24 15:51:50,480 - src.training.federated - INFO -   Medical Intensive Care Unit (MICU): 8791 samples, loss=0.2735
2026-05-24 15:51:50,509 - root - INFO - add_noise: grad_norm=2.5337, noise_norm=3.1564, sigma=0.5998, epsilon_per_round=8.0000
2026-05-24 15:51:50,509 - root - INFO - add_noise: grad_norm=2.6518, noise_norm=0.2329, sigma=0.5998, epsilon_per_round=8.0000
2026-05-24 15:51:50,509 - src.training.federated - INFO -   Medical/Surgical Intensive Care Unit (MICU/SICU): 6983 samples, loss=0.2627
2026-05-24 15:51:50,517 - root - INFO - add_noise: grad_norm=3.2300, noise_norm=3.1961, sigma=0.5998, epsilon_per_round=8.0000
2026-05-24 15:51:50,517 - root - INFO - add_noise: grad_norm=1.4097, noise_norm=1.1334, sigma=0.5998, epsilon_per_round=8.0000
2026-05-24 15:51:50,517 - src.training.federated - INFO -   Neuro Surgical Intensive Care Unit (Neuro SICU): 907 samples, loss=0.3759
2026-05-24 15:51:50,538 - root - INFO - add_noise: grad_norm=2.9842, noise_norm=4.4541, sigma=0.5998, epsilon_per_round=8.0000
2026-05-24 15:51:50,538 - root - INFO - add_noise: grad_norm=2.5900, noise_norm=0.2163, sigma=0.5998, epsilon_per_round=8.0000
2026-05-24 15:51:50,538 - src.training.federated - INFO -   Surgical Intensive Care Unit (SICU): 6372 samples, loss=0.2279
2026-05-24 15:51:50,555 - root - INFO - add_noise: grad_norm=2.4832, noise_norm=3.3835, sigma=0.5998, epsilon_per_round=8.0000
2026-05-24 15:51:50,555 - root - INFO - add_noise: grad_norm=2.8690, noise_norm=0.8495, sigma=0.5998, epsilon_per_round=8.0000
2026-05-24 15:51:50,555 - src.training.federated - INFO -   Trauma SICU (TSICU): 5458 samples, loss=0.1753
2026-05-24 15:51:50,555 - src.training.federated - INFO - Round 18 complete: 7 clients aggregated
2026-05-24 15:51:50,561 - src.training.federated - INFO - Round 18 Validation AUROC: 0.8063
2026-05-24 15:51:50,561 - src.training.federated - INFO - 
======================================================================
2026-05-24 15:51:50,561 - src.training.federated - INFO - Round 19/20
2026-05-24 15:51:50,561 - src.training.federated - INFO - ======================================================================
2026-05-24 15:51:50,585 - root - INFO - add_noise: grad_norm=2.5904, noise_norm=3.3650, sigma=0.5998, epsilon_per_round=8.0000
2026-05-24 15:51:50,585 - root - INFO - add_noise: grad_norm=3.5588, noise_norm=0.1911, sigma=0.5998, epsilon_per_round=8.0000
2026-05-24 15:51:50,585 - src.training.federated - INFO -   Cardiac Vascular Intensive Care Unit (CVICU): 8118 samples, loss=0.0754
2026-05-24 15:51:50,601 - root - INFO - add_noise: grad_norm=2.4938, noise_norm=3.1737, sigma=0.5998, epsilon_per_round=8.0000
2026-05-24 15:51:50,601 - root - INFO - add_noise: grad_norm=2.8958, noise_norm=0.6190, sigma=0.5998, epsilon_per_round=8.0000
2026-05-24 15:51:50,601 - src.training.federated - INFO -   Coronary Care Unit (CCU): 5113 samples, loss=0.2288
2026-05-24 15:51:50,628 - root - INFO - add_noise: grad_norm=1.8491, noise_norm=3.0643, sigma=0.5998, epsilon_per_round=8.0000
2026-05-24 15:51:50,628 - root - INFO - add_noise: grad_norm=2.3548, noise_norm=1.0789, sigma=0.5998, epsilon_per_round=8.0000
2026-05-24 15:51:50,628 - src.training.federated - INFO -   Medical Intensive Care Unit (MICU): 8791 samples, loss=0.2735
2026-05-24 15:51:50,655 - root - INFO - add_noise: grad_norm=2.5337, noise_norm=2.9384, sigma=0.5998, epsilon_per_round=8.0000
2026-05-24 15:51:50,656 - root - INFO - add_noise: grad_norm=2.6518, noise_norm=0.0505, sigma=0.5998, epsilon_per_round=8.0000
2026-05-24 15:51:50,656 - src.training.federated - INFO -   Medical/Surgical Intensive Care Unit (MICU/SICU): 6983 samples, loss=0.2627
2026-05-24 15:51:50,663 - root - INFO - add_noise: grad_norm=3.2300, noise_norm=2.7868, sigma=0.5998, epsilon_per_round=8.0000
2026-05-24 15:51:50,663 - root - INFO - add_noise: grad_norm=1.4097, noise_norm=0.1581, sigma=0.5998, epsilon_per_round=8.0000
2026-05-24 15:51:50,663 - src.training.federated - INFO -   Neuro Surgical Intensive Care Unit (Neuro SICU): 907 samples, loss=0.3759
2026-05-24 15:51:50,684 - root - INFO - add_noise: grad_norm=2.9842, noise_norm=4.5956, sigma=0.5998, epsilon_per_round=8.0000
2026-05-24 15:51:50,684 - root - INFO - add_noise: grad_norm=2.5900, noise_norm=0.7069, sigma=0.5998, epsilon_per_round=8.0000
2026-05-24 15:51:50,684 - src.training.federated - INFO -   Surgical Intensive Care Unit (SICU): 6372 samples, loss=0.2279
2026-05-24 15:51:50,701 - root - INFO - add_noise: grad_norm=2.4832, noise_norm=3.4955, sigma=0.5998, epsilon_per_round=8.0000
2026-05-24 15:51:50,701 - root - INFO - add_noise: grad_norm=2.8690, noise_norm=0.6211, sigma=0.5998, epsilon_per_round=8.0000
2026-05-24 15:51:50,701 - src.training.federated - INFO -   Trauma SICU (TSICU): 5458 samples, loss=0.1753
2026-05-24 15:51:50,701 - src.training.federated - INFO - Round 19 complete: 7 clients aggregated
2026-05-24 15:51:50,707 - src.training.federated - INFO - Round 19 Validation AUROC: 0.7830
2026-05-24 15:51:50,707 - src.training.federated - INFO - 
======================================================================
2026-05-24 15:51:50,707 - src.training.federated - INFO - Round 20/20
2026-05-24 15:51:50,707 - src.training.federated - INFO - ======================================================================
2026-05-24 15:51:50,730 - root - INFO - add_noise: grad_norm=2.5904, noise_norm=3.3042, sigma=0.5998, epsilon_per_round=8.0000
2026-05-24 15:51:50,730 - root - INFO - add_noise: grad_norm=3.5588, noise_norm=0.1114, sigma=0.5998, epsilon_per_round=8.0000
2026-05-24 15:51:50,731 - src.training.federated - INFO -   Cardiac Vascular Intensive Care Unit (CVICU): 8118 samples, loss=0.0754
2026-05-24 15:51:50,747 - root - INFO - add_noise: grad_norm=2.4938, noise_norm=3.1725, sigma=0.5998, epsilon_per_round=8.0000
2026-05-24 15:51:50,747 - root - INFO - add_noise: grad_norm=2.8958, noise_norm=0.2019, sigma=0.5998, epsilon_per_round=8.0000
2026-05-24 15:51:50,747 - src.training.federated - INFO -   Coronary Care Unit (CCU): 5113 samples, loss=0.2288
2026-05-24 15:51:50,774 - root - INFO - add_noise: grad_norm=1.8491, noise_norm=3.4454, sigma=0.5998, epsilon_per_round=8.0000
2026-05-24 15:51:50,774 - root - INFO - add_noise: grad_norm=2.3548, noise_norm=0.0285, sigma=0.5998, epsilon_per_round=8.0000
2026-05-24 15:51:50,774 - src.training.federated - INFO -   Medical Intensive Care Unit (MICU): 8791 samples, loss=0.2735
2026-05-24 15:51:50,800 - root - INFO - add_noise: grad_norm=2.5337, noise_norm=3.2445, sigma=0.5998, epsilon_per_round=8.0000
2026-05-24 15:51:50,800 - root - INFO - add_noise: grad_norm=2.6518, noise_norm=0.1187, sigma=0.5998, epsilon_per_round=8.0000
2026-05-24 15:51:50,801 - src.training.federated - INFO -   Medical/Surgical Intensive Care Unit (MICU/SICU): 6983 samples, loss=0.2627
2026-05-24 15:51:50,808 - root - INFO - add_noise: grad_norm=3.2300, noise_norm=2.8877, sigma=0.5998, epsilon_per_round=8.0000
2026-05-24 15:51:50,808 - root - INFO - add_noise: grad_norm=1.4097, noise_norm=0.3652, sigma=0.5998, epsilon_per_round=8.0000
2026-05-24 15:51:50,808 - src.training.federated - INFO -   Neuro Surgical Intensive Care Unit (Neuro SICU): 907 samples, loss=0.3759
2026-05-24 15:51:50,828 - root - INFO - add_noise: grad_norm=2.9842, noise_norm=3.6236, sigma=0.5998, epsilon_per_round=8.0000
2026-05-24 15:51:50,829 - root - INFO - add_noise: grad_norm=2.5900, noise_norm=0.0599, sigma=0.5998, epsilon_per_round=8.0000
2026-05-24 15:51:50,829 - src.training.federated - INFO -   Surgical Intensive Care Unit (SICU): 6372 samples, loss=0.2279
2026-05-24 15:51:50,846 - root - INFO - add_noise: grad_norm=2.4832, noise_norm=3.2351, sigma=0.5998, epsilon_per_round=8.0000
2026-05-24 15:51:50,846 - root - INFO - add_noise: grad_norm=2.8690, noise_norm=0.6321, sigma=0.5998, epsilon_per_round=8.0000
2026-05-24 15:51:50,846 - src.training.federated - INFO -   Trauma SICU (TSICU): 5458 samples, loss=0.1753
2026-05-24 15:51:50,846 - src.training.federated - INFO - Round 20 complete: 7 clients aggregated
2026-05-24 15:51:50,852 - src.training.federated - INFO - Round 20 Validation AUROC: 0.7802
2026-05-24 15:51:50,858 - src.training.federated - INFO - 
======================================================================
2026-05-24 15:51:50,858 - src.training.federated - INFO - Final Test AUROC: 0.7889
2026-05-24 15:51:50,858 - src.training.federated - INFO - ======================================================================

2026-05-24 15:51:50,858 - __main__ - INFO - 
======================================================================
2026-05-24 15:51:50,858 - __main__ - INFO - Phase 1.5: Results Comparison
2026-05-24 15:51:50,858 - __main__ - INFO - ======================================================================
2026-05-24 15:51:50,858 - __main__ - INFO - 
Test AUROC Comparison:
2026-05-24 15:51:50,858 - __main__ - INFO -   Centralized: 0.8880
2026-05-24 15:51:50,858 - __main__ - INFO -   Federated:   0.7889
2026-05-24 15:51:50,859 - __main__ - INFO -   Divergence:  0.0990
2026-05-24 15:51:50,859 - __main__ - WARNING - ⚠ Federated AUROC (0.7889) < 0.85 target
2026-05-24 15:51:50,859 - __main__ - WARNING - ⚠ Divergence between centralized and federated (0.0990) > 0.05
2026-05-24 15:51:50,859 - __main__ - INFO - 
======================================================================
2026-05-24 15:51:50,859 - __main__ - INFO - ⚠️  EXPERIMENT 1 PARTIAL - Manual review recommended
2026-05-24 15:51:50,859 - __main__ - INFO - ======================================================================
