2026-05-24 15:47:00,572 - __main__ - INFO - 
================================================================================
2026-05-24 15:47:00,572 - __main__ - INFO - # EXPERIMENT 1: FEDERATED LEARNING BASELINE
2026-05-24 15:47:00,572 - __main__ - INFO - ================================================================================
2026-05-24 15:47:00,572 - __main__ - INFO - 
Phase 1.1: Loading Phase 0 cohort and splits...
2026-05-24 15:47:00,572 - src.data.loader - INFO - Loading cohort from cache: /home/raiyanjiyon/Projects/federated-healthcare-ml/data/cache/mimic_iv_cohort.csv
2026-05-24 15:47:00,733 - src.data.loader - WARNING - Missing features: {'admission_type_emergency'}
2026-05-24 15:47:00,741 - src.data.loader - INFO - Dataset: 65273 patients, 31 features
2026-05-24 15:47:00,741 - src.data.loader - INFO - Target distribution: [58207  7066]
2026-05-24 15:47:00,741 - __main__ - INFO - Loaded: 65273 samples, 31 features
2026-05-24 15:47:00,741 - __main__ - INFO - Target distribution: 7066 deaths (10.8%)
2026-05-24 15:47:00,741 - __main__ - INFO - 
Phase 1.2: Distributing data to federated clients by care unit...
2026-05-24 15:47:00,745 - src.data.split - INFO - ✓ Medical Intensive Care Unit (MICU): 8791 patients, 1410 deaths (16.0%)
2026-05-24 15:47:00,749 - src.data.split - INFO - ✓ Surgical Intensive Care Unit (SICU): 6372 patients, 754 deaths (11.8%)
2026-05-24 15:47:00,753 - src.data.split - INFO - ✓ Medical/Surgical Intensive Care Unit (MICU/SICU): 6983 patients, 957 deaths (13.7%)
2026-05-24 15:47:00,757 - src.data.split - INFO - ✓ Cardiac Vascular Intensive Care Unit (CVICU): 8118 patients, 265 deaths (3.3%)
2026-05-24 15:47:00,761 - src.data.split - INFO - ✓ Coronary Care Unit (CCU): 5113 patients, 643 deaths (12.6%)
2026-05-24 15:47:00,764 - src.data.split - INFO - ✓ Trauma SICU (TSICU): 5458 patients, 569 deaths (10.4%)
2026-05-24 15:47:00,767 - src.data.split - INFO - ✓ Neuro Surgical Intensive Care Unit (Neuro SICU): 907 patients, 256 deaths (28.2%)
2026-05-24 15:47:00,772 - src.data.split - INFO -   (skipped Intensive Care Unit (ICU): 16 patients, < 100)
2026-05-24 15:47:00,774 - src.data.split - INFO -   (skipped Medicine: 9 patients, < 100)
2026-05-24 15:47:00,776 - src.data.split - INFO -   (skipped Neuro Intermediate: 3035 patients, < 100)
2026-05-24 15:47:00,778 - src.data.split - INFO -   (skipped Neuro Stepdown: 784 patients, < 100)
2026-05-24 15:47:00,780 - src.data.split - INFO -   (skipped PACU: 43 patients, < 100)
2026-05-24 15:47:00,782 - src.data.split - INFO -   (skipped Surgery/Trauma: 2 patients, < 100)
2026-05-24 15:47:00,785 - src.data.split - INFO -   (skipped Surgery/Vascular/Intermediate: 60 patients, < 100)
2026-05-24 15:47:00,785 - src.data.split - INFO - 
✓ Federated learning ready: 7 clients
2026-05-24 15:47:00,785 - __main__ - INFO - 
✓ Created 7 federated clients
2026-05-24 15:47:00,785 - __main__ - INFO - 
Client Statistics:
2026-05-24 15:47:00,785 - __main__ - INFO - ----------------------------------------------------------------------
2026-05-24 15:47:00,785 - __main__ - INFO -   Medical Intensive Care Unit (MICU)         8791 patients, 1410 deaths ( 16.0%)
2026-05-24 15:47:00,785 - __main__ - INFO -   Cardiac Vascular Intensive Care Unit (CVICU)   8118 patients,  265 deaths (  3.3%)
2026-05-24 15:47:00,785 - __main__ - INFO -   Medical/Surgical Intensive Care Unit (MICU/SICU)   6983 patients,  957 deaths ( 13.7%)
2026-05-24 15:47:00,785 - __main__ - INFO -   Surgical Intensive Care Unit (SICU)        6372 patients,  754 deaths ( 11.8%)
2026-05-24 15:47:00,785 - __main__ - INFO -   Trauma SICU (TSICU)                        5458 patients,  569 deaths ( 10.4%)
2026-05-24 15:47:00,785 - __main__ - INFO -   Coronary Care Unit (CCU)                   5113 patients,  643 deaths ( 12.6%)
2026-05-24 15:47:00,785 - __main__ - INFO -   Neuro Surgical Intensive Care Unit (Neuro SICU)    907 patients,  256 deaths ( 28.2%)
2026-05-24 15:47:00,785 - __main__ - INFO - 
======================================================================
2026-05-24 15:47:00,785 - __main__ - INFO - Phase 1.3: Training Centralized Baseline (for comparison)...
2026-05-24 15:47:00,785 - __main__ - INFO - ======================================================================
2026-05-24 15:47:01,268 - __main__ - INFO - 
Centralized Train AUROC: 0.8857
2026-05-24 15:47:01,269 - __main__ - INFO - Centralized Val AUROC:   0.8846
2026-05-24 15:47:01,269 - __main__ - INFO - Centralized Test AUROC:  0.8880
2026-05-24 15:47:01,269 - __main__ - INFO - 
======================================================================
2026-05-24 15:47:01,269 - __main__ - INFO - Phase 1.4: Training Federated Learning Model...
2026-05-24 15:47:01,269 - __main__ - INFO - ======================================================================
2026-05-24 15:47:01,269 - __main__ - INFO - Overriding DP epsilon to 4.0
2026-05-24 15:47:01,269 - __main__ - INFO - Overriding clipping threshold to 1.0
2026-05-24 15:47:01,298 - root - INFO - 
======================================================================
2026-05-24 15:47:01,298 - root - INFO - Differential Privacy Mechanism Initialized: GaussianDP
2026-05-24 15:47:01,298 - root - INFO - ======================================================================
2026-05-24 15:47:01,298 - root - INFO -   Privacy Budget (ε):     1.0000
2026-05-24 15:47:01,298 - root - INFO -   Failure Probability (δ): 0.000010
2026-05-24 15:47:01,298 - root - INFO -   Clipping Norm (C):      1.0000
2026-05-24 15:47:01,298 - root - INFO -   Noise Scale (σ):        4.7985
2026-05-24 15:47:01,298 - root - INFO - ======================================================================

2026-05-24 15:47:01,298 - src.training.federated - INFO - FederatedTrainer initialized:
2026-05-24 15:47:01,298 - src.training.federated - INFO -   Clients: 7
2026-05-24 15:47:01,298 - src.training.federated - INFO -   Training samples: 41742
2026-05-24 15:47:01,298 - src.training.federated - INFO -   Validation samples: 9791
2026-05-24 15:47:01,298 - src.training.federated - INFO -   Test samples: 9791
2026-05-24 15:47:01,298 - src.training.federated - INFO -   Features: 31
2026-05-24 15:47:01,298 - src.training.federated - INFO -   Rounds: 3
2026-05-24 15:47:01,298 - src.training.federated - INFO -   Strategy: FEDAVG
2026-05-24 15:47:01,298 - src.training.federated - INFO -   Privacy: Enabled (ε=1.0, δ=1e-5)
2026-05-24 15:47:01,298 - src.training.federated - INFO - 
######################################################################
2026-05-24 15:47:01,298 - src.training.federated - INFO - # FEDERATED LEARNING TRAINING (3 rounds)
2026-05-24 15:47:01,298 - src.training.federated - INFO - # Strategy: FEDAVG
2026-05-24 15:47:01,298 - src.training.federated - INFO - ######################################################################

2026-05-24 15:47:01,298 - src.training.federated - INFO - 
======================================================================
2026-05-24 15:47:01,298 - src.training.federated - INFO - Round 1/3
2026-05-24 15:47:01,298 - src.training.federated - INFO - ======================================================================
2026-05-24 15:47:01,363 - root - INFO - add_noise: grad_norm=2.5904, noise_norm=23.9515, sigma=4.7985, epsilon_per_round=1.0000
2026-05-24 15:47:01,364 - root - INFO - add_noise: grad_norm=3.5588, noise_norm=8.8882, sigma=4.7985, epsilon_per_round=1.0000
2026-05-24 15:47:01,364 - src.training.federated - INFO -   Cardiac Vascular Intensive Care Unit (CVICU): 8118 samples, loss=0.0754
2026-05-24 15:47:01,381 - root - INFO - add_noise: grad_norm=2.4938, noise_norm=23.1511, sigma=4.7985, epsilon_per_round=1.0000
2026-05-24 15:47:01,381 - root - INFO - add_noise: grad_norm=2.8958, noise_norm=5.7400, sigma=4.7985, epsilon_per_round=1.0000
2026-05-24 15:47:01,381 - src.training.federated - INFO -   Coronary Care Unit (CCU): 5113 samples, loss=0.2288
2026-05-24 15:47:01,405 - root - INFO - add_noise: grad_norm=1.8491, noise_norm=25.0833, sigma=4.7985, epsilon_per_round=1.0000
2026-05-24 15:47:01,405 - root - INFO - add_noise: grad_norm=2.3548, noise_norm=7.0227, sigma=4.7985, epsilon_per_round=1.0000
2026-05-24 15:47:01,405 - src.training.federated - INFO -   Medical Intensive Care Unit (MICU): 8791 samples, loss=0.2735
2026-05-24 15:47:01,430 - root - INFO - add_noise: grad_norm=2.5337, noise_norm=26.9876, sigma=4.7985, epsilon_per_round=1.0000
2026-05-24 15:47:01,430 - root - INFO - add_noise: grad_norm=2.6518, noise_norm=2.7174, sigma=4.7985, epsilon_per_round=1.0000
2026-05-24 15:47:01,430 - src.training.federated - INFO -   Medical/Surgical Intensive Care Unit (MICU/SICU): 6983 samples, loss=0.2627
2026-05-24 15:47:01,437 - root - INFO - add_noise: grad_norm=3.2300, noise_norm=24.1261, sigma=4.7985, epsilon_per_round=1.0000
2026-05-24 15:47:01,437 - root - INFO - add_noise: grad_norm=1.4097, noise_norm=3.1505, sigma=4.7985, epsilon_per_round=1.0000
2026-05-24 15:47:01,437 - src.training.federated - INFO -   Neuro Surgical Intensive Care Unit (Neuro SICU): 907 samples, loss=0.3759
2026-05-24 15:47:01,457 - root - INFO - add_noise: grad_norm=2.9842, noise_norm=25.3977, sigma=4.7985, epsilon_per_round=1.0000
2026-05-24 15:47:01,457 - root - INFO - add_noise: grad_norm=2.5900, noise_norm=4.1095, sigma=4.7985, epsilon_per_round=1.0000
2026-05-24 15:47:01,458 - src.training.federated - INFO -   Surgical Intensive Care Unit (SICU): 6372 samples, loss=0.2279
2026-05-24 15:47:01,474 - root - INFO - add_noise: grad_norm=2.4832, noise_norm=29.9162, sigma=4.7985, epsilon_per_round=1.0000
2026-05-24 15:47:01,474 - root - INFO - add_noise: grad_norm=2.8690, noise_norm=7.7387, sigma=4.7985, epsilon_per_round=1.0000
2026-05-24 15:47:01,474 - src.training.federated - INFO -   Trauma SICU (TSICU): 5458 samples, loss=0.1753
2026-05-24 15:47:01,474 - src.training.federated - INFO - Round 1 complete: 7 clients aggregated
2026-05-24 15:47:01,480 - src.training.federated - INFO - Round 1 Validation AUROC: 0.7373
2026-05-24 15:47:01,480 - src.training.federated - INFO - 
======================================================================
2026-05-24 15:47:01,480 - src.training.federated - INFO - Round 2/3
2026-05-24 15:47:01,480 - src.training.federated - INFO - ======================================================================
2026-05-24 15:47:01,503 - root - INFO - add_noise: grad_norm=2.5904, noise_norm=27.2696, sigma=4.7985, epsilon_per_round=1.0000
2026-05-24 15:47:01,503 - root - INFO - add_noise: grad_norm=3.5588, noise_norm=2.3236, sigma=4.7985, epsilon_per_round=1.0000
2026-05-24 15:47:01,503 - src.training.federated - INFO -   Cardiac Vascular Intensive Care Unit (CVICU): 8118 samples, loss=0.0754
2026-05-24 15:47:01,518 - root - INFO - add_noise: grad_norm=2.4938, noise_norm=31.0858, sigma=4.7985, epsilon_per_round=1.0000
2026-05-24 15:47:01,519 - root - INFO - add_noise: grad_norm=2.8958, noise_norm=2.8231, sigma=4.7985, epsilon_per_round=1.0000
2026-05-24 15:47:01,519 - src.training.federated - INFO -   Coronary Care Unit (CCU): 5113 samples, loss=0.2288
2026-05-24 15:47:01,544 - root - INFO - add_noise: grad_norm=1.8491, noise_norm=17.7146, sigma=4.7985, epsilon_per_round=1.0000
2026-05-24 15:47:01,544 - root - INFO - add_noise: grad_norm=2.3548, noise_norm=0.6245, sigma=4.7985, epsilon_per_round=1.0000
2026-05-24 15:47:01,544 - src.training.federated - INFO -   Medical Intensive Care Unit (MICU): 8791 samples, loss=0.2735
2026-05-24 15:47:01,570 - root - INFO - add_noise: grad_norm=2.5337, noise_norm=21.5823, sigma=4.7985, epsilon_per_round=1.0000
2026-05-24 15:47:01,570 - root - INFO - add_noise: grad_norm=2.6518, noise_norm=7.0795, sigma=4.7985, epsilon_per_round=1.0000
2026-05-24 15:47:01,570 - src.training.federated - INFO -   Medical/Surgical Intensive Care Unit (MICU/SICU): 6983 samples, loss=0.2627
2026-05-24 15:47:01,578 - root - INFO - add_noise: grad_norm=3.2300, noise_norm=24.9541, sigma=4.7985, epsilon_per_round=1.0000
2026-05-24 15:47:01,578 - root - INFO - add_noise: grad_norm=1.4097, noise_norm=2.5228, sigma=4.7985, epsilon_per_round=1.0000
2026-05-24 15:47:01,578 - src.training.federated - INFO -   Neuro Surgical Intensive Care Unit (Neuro SICU): 907 samples, loss=0.3759
2026-05-24 15:47:01,598 - root - INFO - add_noise: grad_norm=2.9842, noise_norm=26.4327, sigma=4.7985, epsilon_per_round=1.0000
2026-05-24 15:47:01,598 - root - INFO - add_noise: grad_norm=2.5900, noise_norm=3.5916, sigma=4.7985, epsilon_per_round=1.0000
2026-05-24 15:47:01,598 - src.training.federated - INFO -   Surgical Intensive Care Unit (SICU): 6372 samples, loss=0.2279
2026-05-24 15:47:01,615 - root - INFO - add_noise: grad_norm=2.4832, noise_norm=31.3337, sigma=4.7985, epsilon_per_round=1.0000
2026-05-24 15:47:01,615 - root - INFO - add_noise: grad_norm=2.8690, noise_norm=4.5100, sigma=4.7985, epsilon_per_round=1.0000
2026-05-24 15:47:01,615 - src.training.federated - INFO -   Trauma SICU (TSICU): 5458 samples, loss=0.1753
2026-05-24 15:47:01,615 - src.training.federated - INFO - Round 2 complete: 7 clients aggregated
2026-05-24 15:47:01,621 - src.training.federated - INFO - Round 2 Validation AUROC: 0.6685
2026-05-24 15:47:01,622 - src.training.federated - INFO - 
======================================================================
2026-05-24 15:47:01,622 - src.training.federated - INFO - Round 3/3
2026-05-24 15:47:01,622 - src.training.federated - INFO - ======================================================================
2026-05-24 15:47:01,644 - root - INFO - add_noise: grad_norm=2.5904, noise_norm=28.5905, sigma=4.7985, epsilon_per_round=1.0000
2026-05-24 15:47:01,644 - root - INFO - add_noise: grad_norm=3.5588, noise_norm=5.3723, sigma=4.7985, epsilon_per_round=1.0000
2026-05-24 15:47:01,644 - src.training.federated - INFO -   Cardiac Vascular Intensive Care Unit (CVICU): 8118 samples, loss=0.0754
2026-05-24 15:47:01,662 - root - INFO - add_noise: grad_norm=2.4938, noise_norm=26.2817, sigma=4.7985, epsilon_per_round=1.0000
2026-05-24 15:47:01,662 - root - INFO - add_noise: grad_norm=2.8958, noise_norm=0.2411, sigma=4.7985, epsilon_per_round=1.0000
2026-05-24 15:47:01,662 - src.training.federated - INFO -   Coronary Care Unit (CCU): 5113 samples, loss=0.2288
2026-05-24 15:47:01,690 - root - INFO - add_noise: grad_norm=1.8491, noise_norm=23.6757, sigma=4.7985, epsilon_per_round=1.0000
2026-05-24 15:47:01,690 - root - INFO - add_noise: grad_norm=2.3548, noise_norm=6.9174, sigma=4.7985, epsilon_per_round=1.0000
2026-05-24 15:47:01,690 - src.training.federated - INFO -   Medical Intensive Care Unit (MICU): 8791 samples, loss=0.2735
2026-05-24 15:47:01,715 - root - INFO - add_noise: grad_norm=2.5337, noise_norm=26.0341, sigma=4.7985, epsilon_per_round=1.0000
2026-05-24 15:47:01,715 - root - INFO - add_noise: grad_norm=2.6518, noise_norm=10.6102, sigma=4.7985, epsilon_per_round=1.0000
2026-05-24 15:47:01,715 - src.training.federated - INFO -   Medical/Surgical Intensive Care Unit (MICU/SICU): 6983 samples, loss=0.2627
2026-05-24 15:47:01,723 - root - INFO - add_noise: grad_norm=3.2300, noise_norm=23.5219, sigma=4.7985, epsilon_per_round=1.0000
2026-05-24 15:47:01,723 - root - INFO - add_noise: grad_norm=1.4097, noise_norm=5.9725, sigma=4.7985, epsilon_per_round=1.0000
2026-05-24 15:47:01,723 - src.training.federated - INFO -   Neuro Surgical Intensive Care Unit (Neuro SICU): 907 samples, loss=0.3759
2026-05-24 15:47:01,742 - root - INFO - add_noise: grad_norm=2.9842, noise_norm=29.0746, sigma=4.7985, epsilon_per_round=1.0000
2026-05-24 15:47:01,742 - root - INFO - add_noise: grad_norm=2.5900, noise_norm=6.2145, sigma=4.7985, epsilon_per_round=1.0000
2026-05-24 15:47:01,742 - src.training.federated - INFO -   Surgical Intensive Care Unit (SICU): 6372 samples, loss=0.2279
2026-05-24 15:47:01,759 - root - INFO - add_noise: grad_norm=2.4832, noise_norm=30.1155, sigma=4.7985, epsilon_per_round=1.0000
2026-05-24 15:47:01,759 - root - INFO - add_noise: grad_norm=2.8690, noise_norm=9.9492, sigma=4.7985, epsilon_per_round=1.0000
2026-05-24 15:47:01,759 - src.training.federated - INFO -   Trauma SICU (TSICU): 5458 samples, loss=0.1753
2026-05-24 15:47:01,759 - src.training.federated - INFO - Round 3 complete: 7 clients aggregated
2026-05-24 15:47:01,765 - src.training.federated - INFO - Round 3 Validation AUROC: 0.5341
2026-05-24 15:47:01,771 - src.training.federated - INFO - 
======================================================================
2026-05-24 15:47:01,771 - src.training.federated - INFO - Final Test AUROC: 0.5377
2026-05-24 15:47:01,771 - src.training.federated - INFO - ======================================================================

2026-05-24 15:47:01,771 - __main__ - INFO - 
======================================================================
2026-05-24 15:47:01,771 - __main__ - INFO - Phase 1.5: Results Comparison
2026-05-24 15:47:01,771 - __main__ - INFO - ======================================================================
2026-05-24 15:47:01,771 - __main__ - INFO - 
Test AUROC Comparison:
2026-05-24 15:47:01,771 - __main__ - INFO -   Centralized: 0.8880
2026-05-24 15:47:01,771 - __main__ - INFO -   Federated:   0.5377
2026-05-24 15:47:01,771 - __main__ - INFO -   Divergence:  0.3503
2026-05-24 15:47:01,771 - __main__ - WARNING - ⚠ Federated AUROC (0.5377) < 0.85 target
2026-05-24 15:47:01,772 - __main__ - WARNING - ⚠ Divergence between centralized and federated (0.3503) > 0.05
2026-05-24 15:47:01,772 - __main__ - INFO - 
======================================================================
2026-05-24 15:47:01,772 - __main__ - INFO - ⚠️  EXPERIMENT 1 PARTIAL - Manual review recommended
2026-05-24 15:47:01,772 - __main__ - INFO - ======================================================================
