2026-05-24 16:20:33,109 - __main__ - INFO - 
================================================================================
2026-05-24 16:20:33,109 - __main__ - INFO - # EXPERIMENT 1: FEDERATED LEARNING BASELINE
2026-05-24 16:20:33,109 - __main__ - INFO - ================================================================================
2026-05-24 16:20:33,109 - __main__ - INFO - 
Phase 1.1: Loading Phase 0 cohort and splits...
2026-05-24 16:20:33,109 - src.data.loader - INFO - Loading cohort from cache: /home/raiyanjiyon/Projects/federated-healthcare-ml/data/cache/mimic_iv_cohort.csv
2026-05-24 16:20:33,272 - src.data.loader - WARNING - Missing features: {'admission_type_emergency'}
2026-05-24 16:20:33,280 - src.data.loader - INFO - Dataset: 65273 patients, 31 features
2026-05-24 16:20:33,281 - src.data.loader - INFO - Target distribution: [58207  7066]
2026-05-24 16:20:33,281 - __main__ - INFO - Loaded: 65273 samples, 31 features
2026-05-24 16:20:33,281 - __main__ - INFO - Target distribution: 7066 deaths (10.8%)
2026-05-24 16:20:33,281 - __main__ - INFO - 
Phase 1.2: Distributing data to federated clients by care unit...
2026-05-24 16:20:33,285 - src.data.split - INFO - ✓ Medical Intensive Care Unit (MICU): 8791 patients, 1410 deaths (16.0%)
2026-05-24 16:20:33,289 - src.data.split - INFO - ✓ Surgical Intensive Care Unit (SICU): 6372 patients, 754 deaths (11.8%)
2026-05-24 16:20:33,292 - src.data.split - INFO - ✓ Medical/Surgical Intensive Care Unit (MICU/SICU): 6983 patients, 957 deaths (13.7%)
2026-05-24 16:20:33,296 - src.data.split - INFO - ✓ Cardiac Vascular Intensive Care Unit (CVICU): 8118 patients, 265 deaths (3.3%)
2026-05-24 16:20:33,300 - src.data.split - INFO - ✓ Coronary Care Unit (CCU): 5113 patients, 643 deaths (12.6%)
2026-05-24 16:20:33,303 - src.data.split - INFO - ✓ Trauma SICU (TSICU): 5458 patients, 569 deaths (10.4%)
2026-05-24 16:20:33,306 - src.data.split - INFO - ✓ Neuro Surgical Intensive Care Unit (Neuro SICU): 907 patients, 256 deaths (28.2%)
2026-05-24 16:20:33,310 - src.data.split - INFO -   (skipped Intensive Care Unit (ICU): 16 patients, < 100)
2026-05-24 16:20:33,312 - src.data.split - INFO -   (skipped Medicine: 9 patients, < 100)
2026-05-24 16:20:33,314 - src.data.split - INFO -   (skipped Neuro Intermediate: 3035 patients, < 100)
2026-05-24 16:20:33,316 - src.data.split - INFO -   (skipped Neuro Stepdown: 784 patients, < 100)
2026-05-24 16:20:33,318 - src.data.split - INFO -   (skipped PACU: 43 patients, < 100)
2026-05-24 16:20:33,320 - src.data.split - INFO -   (skipped Surgery/Trauma: 2 patients, < 100)
2026-05-24 16:20:33,322 - src.data.split - INFO -   (skipped Surgery/Vascular/Intermediate: 60 patients, < 100)
2026-05-24 16:20:33,322 - src.data.split - INFO - 
✓ Federated learning ready: 7 clients
2026-05-24 16:20:33,322 - __main__ - INFO - 
✓ Created 7 federated clients
2026-05-24 16:20:33,322 - __main__ - INFO - 
Client Statistics:
2026-05-24 16:20:33,322 - __main__ - INFO - ----------------------------------------------------------------------
2026-05-24 16:20:33,322 - __main__ - INFO -   Medical Intensive Care Unit (MICU)         8791 patients, 1410 deaths ( 16.0%)
2026-05-24 16:20:33,323 - __main__ - INFO -   Cardiac Vascular Intensive Care Unit (CVICU)   8118 patients,  265 deaths (  3.3%)
2026-05-24 16:20:33,323 - __main__ - INFO -   Medical/Surgical Intensive Care Unit (MICU/SICU)   6983 patients,  957 deaths ( 13.7%)
2026-05-24 16:20:33,323 - __main__ - INFO -   Surgical Intensive Care Unit (SICU)        6372 patients,  754 deaths ( 11.8%)
2026-05-24 16:20:33,323 - __main__ - INFO -   Trauma SICU (TSICU)                        5458 patients,  569 deaths ( 10.4%)
2026-05-24 16:20:33,323 - __main__ - INFO -   Coronary Care Unit (CCU)                   5113 patients,  643 deaths ( 12.6%)
2026-05-24 16:20:33,323 - __main__ - INFO -   Neuro Surgical Intensive Care Unit (Neuro SICU)    907 patients,  256 deaths ( 28.2%)
2026-05-24 16:20:33,323 - __main__ - INFO - 
======================================================================
2026-05-24 16:20:33,323 - __main__ - INFO - Phase 1.3: Training Centralized Baseline (for comparison)...
2026-05-24 16:20:33,323 - __main__ - INFO - ======================================================================
2026-05-24 16:20:33,905 - __main__ - INFO - 
Centralized Train AUROC: 0.8857
2026-05-24 16:20:33,905 - __main__ - INFO - Centralized Val AUROC:   0.8846
2026-05-24 16:20:33,905 - __main__ - INFO - Centralized Test AUROC:  0.8880
2026-05-24 16:20:33,905 - __main__ - INFO - 
======================================================================
2026-05-24 16:20:33,905 - __main__ - INFO - Phase 1.4: Training Federated Learning Model...
2026-05-24 16:20:33,905 - __main__ - INFO - ======================================================================
2026-05-24 16:20:33,905 - __main__ - INFO - Overriding DP epsilon to 16.0
2026-05-24 16:20:33,905 - __main__ - INFO - Overriding clipping threshold to 1.0
2026-05-24 16:20:33,924 - root - INFO - 
======================================================================
2026-05-24 16:20:33,924 - root - INFO - Differential Privacy Mechanism Initialized: GaussianDP
2026-05-24 16:20:33,924 - root - INFO - ======================================================================
2026-05-24 16:20:33,924 - root - INFO -   Privacy Budget (ε):     16.0000
2026-05-24 16:20:33,924 - root - INFO -   Failure Probability (δ): 0.000010
2026-05-24 16:20:33,924 - root - INFO -   Clipping Norm (C):      1.0000
2026-05-24 16:20:33,924 - root - INFO -   Noise Scale (σ):        0.2999
2026-05-24 16:20:33,924 - root - INFO - ======================================================================

2026-05-24 16:20:33,924 - src.training.federated - INFO - FederatedTrainer initialized:
2026-05-24 16:20:33,924 - src.training.federated - INFO -   Clients: 7
2026-05-24 16:20:33,924 - src.training.federated - INFO -   Training samples: 41742
2026-05-24 16:20:33,924 - src.training.federated - INFO -   Validation samples: 9791
2026-05-24 16:20:33,924 - src.training.federated - INFO -   Test samples: 9791
2026-05-24 16:20:33,924 - src.training.federated - INFO -   Features: 31
2026-05-24 16:20:33,924 - src.training.federated - INFO -   Rounds: 20
2026-05-24 16:20:33,924 - src.training.federated - INFO -   Strategy: FEDAVG
2026-05-24 16:20:33,924 - src.training.federated - INFO -   Privacy: Enabled (ε=1.0, δ=1e-5)
2026-05-24 16:20:33,924 - src.training.federated - INFO - 
######################################################################
2026-05-24 16:20:33,924 - src.training.federated - INFO - # FEDERATED LEARNING TRAINING (20 rounds)
2026-05-24 16:20:33,924 - src.training.federated - INFO - # Strategy: FEDAVG
2026-05-24 16:20:33,924 - src.training.federated - INFO - ######################################################################

2026-05-24 16:20:33,924 - src.training.federated - INFO - 
======================================================================
2026-05-24 16:20:33,924 - src.training.federated - INFO - Round 1/20
2026-05-24 16:20:33,924 - src.training.federated - INFO - ======================================================================
2026-05-24 16:20:34,001 - root - INFO - add_noise: grad_norm=2.5904, noise_norm=1.6054, sigma=0.2999, epsilon_per_round=16.0000
2026-05-24 16:20:34,001 - root - INFO - add_noise: grad_norm=3.5588, noise_norm=0.1627, sigma=0.2999, epsilon_per_round=16.0000
2026-05-24 16:20:34,001 - src.training.federated - INFO -   Cardiac Vascular Intensive Care Unit (CVICU): 8118 samples, loss=0.0754
2026-05-24 16:20:34,017 - root - INFO - add_noise: grad_norm=2.4938, noise_norm=1.7333, sigma=0.2999, epsilon_per_round=16.0000
2026-05-24 16:20:34,017 - root - INFO - add_noise: grad_norm=2.8958, noise_norm=0.2196, sigma=0.2999, epsilon_per_round=16.0000
2026-05-24 16:20:34,017 - src.training.federated - INFO -   Coronary Care Unit (CCU): 5113 samples, loss=0.2288
2026-05-24 16:20:34,042 - root - INFO - add_noise: grad_norm=1.8491, noise_norm=1.6528, sigma=0.2999, epsilon_per_round=16.0000
2026-05-24 16:20:34,042 - root - INFO - add_noise: grad_norm=2.3548, noise_norm=0.1569, sigma=0.2999, epsilon_per_round=16.0000
2026-05-24 16:20:34,042 - src.training.federated - INFO -   Medical Intensive Care Unit (MICU): 8791 samples, loss=0.2735
2026-05-24 16:20:34,070 - root - INFO - add_noise: grad_norm=2.5337, noise_norm=1.4691, sigma=0.2999, epsilon_per_round=16.0000
2026-05-24 16:20:34,070 - root - INFO - add_noise: grad_norm=2.6518, noise_norm=0.3078, sigma=0.2999, epsilon_per_round=16.0000
2026-05-24 16:20:34,070 - src.training.federated - INFO -   Medical/Surgical Intensive Care Unit (MICU/SICU): 6983 samples, loss=0.2627
2026-05-24 16:20:34,077 - root - INFO - add_noise: grad_norm=3.2300, noise_norm=1.4956, sigma=0.2999, epsilon_per_round=16.0000
2026-05-24 16:20:34,078 - root - INFO - add_noise: grad_norm=1.4097, noise_norm=0.0553, sigma=0.2999, epsilon_per_round=16.0000
2026-05-24 16:20:34,078 - src.training.federated - INFO -   Neuro Surgical Intensive Care Unit (Neuro SICU): 907 samples, loss=0.3759
2026-05-24 16:20:34,098 - root - INFO - add_noise: grad_norm=2.9842, noise_norm=1.7818, sigma=0.2999, epsilon_per_round=16.0000
2026-05-24 16:20:34,098 - root - INFO - add_noise: grad_norm=2.5900, noise_norm=0.1031, sigma=0.2999, epsilon_per_round=16.0000
2026-05-24 16:20:34,098 - src.training.federated - INFO -   Surgical Intensive Care Unit (SICU): 6372 samples, loss=0.2279
2026-05-24 16:20:34,114 - root - INFO - add_noise: grad_norm=2.4832, noise_norm=1.6536, sigma=0.2999, epsilon_per_round=16.0000
2026-05-24 16:20:34,115 - root - INFO - add_noise: grad_norm=2.8690, noise_norm=0.0932, sigma=0.2999, epsilon_per_round=16.0000
2026-05-24 16:20:34,115 - src.training.federated - INFO -   Trauma SICU (TSICU): 5458 samples, loss=0.1753
2026-05-24 16:20:34,115 - src.training.federated - INFO - Round 1 complete: 7 clients aggregated
2026-05-24 16:20:34,121 - src.training.federated - INFO - Round 1 Validation AUROC: 0.8715
2026-05-24 16:20:34,121 - src.training.federated - INFO - 
======================================================================
2026-05-24 16:20:34,121 - src.training.federated - INFO - Round 2/20
2026-05-24 16:20:34,121 - src.training.federated - INFO - ======================================================================
2026-05-24 16:20:34,143 - root - INFO - add_noise: grad_norm=2.5904, noise_norm=1.8599, sigma=0.2999, epsilon_per_round=16.0000
2026-05-24 16:20:34,143 - root - INFO - add_noise: grad_norm=3.5588, noise_norm=0.2321, sigma=0.2999, epsilon_per_round=16.0000
2026-05-24 16:20:34,143 - src.training.federated - INFO -   Cardiac Vascular Intensive Care Unit (CVICU): 8118 samples, loss=0.0754
2026-05-24 16:20:34,159 - root - INFO - add_noise: grad_norm=2.4938, noise_norm=1.4463, sigma=0.2999, epsilon_per_round=16.0000
2026-05-24 16:20:34,159 - root - INFO - add_noise: grad_norm=2.8958, noise_norm=0.1395, sigma=0.2999, epsilon_per_round=16.0000
2026-05-24 16:20:34,159 - src.training.federated - INFO -   Coronary Care Unit (CCU): 5113 samples, loss=0.2288
2026-05-24 16:20:34,184 - root - INFO - add_noise: grad_norm=1.8491, noise_norm=2.1494, sigma=0.2999, epsilon_per_round=16.0000
2026-05-24 16:20:34,184 - root - INFO - add_noise: grad_norm=2.3548, noise_norm=0.0270, sigma=0.2999, epsilon_per_round=16.0000
2026-05-24 16:20:34,184 - src.training.federated - INFO -   Medical Intensive Care Unit (MICU): 8791 samples, loss=0.2735
2026-05-24 16:20:34,210 - root - INFO - add_noise: grad_norm=2.5337, noise_norm=1.5475, sigma=0.2999, epsilon_per_round=16.0000
2026-05-24 16:20:34,210 - root - INFO - add_noise: grad_norm=2.6518, noise_norm=0.0496, sigma=0.2999, epsilon_per_round=16.0000
2026-05-24 16:20:34,210 - src.training.federated - INFO -   Medical/Surgical Intensive Care Unit (MICU/SICU): 6983 samples, loss=0.2627
2026-05-24 16:20:34,218 - root - INFO - add_noise: grad_norm=3.2300, noise_norm=1.3806, sigma=0.2999, epsilon_per_round=16.0000
2026-05-24 16:20:34,218 - root - INFO - add_noise: grad_norm=1.4097, noise_norm=0.6212, sigma=0.2999, epsilon_per_round=16.0000
2026-05-24 16:20:34,218 - src.training.federated - INFO -   Neuro Surgical Intensive Care Unit (Neuro SICU): 907 samples, loss=0.3759
2026-05-24 16:20:34,238 - root - INFO - add_noise: grad_norm=2.9842, noise_norm=1.5396, sigma=0.2999, epsilon_per_round=16.0000
2026-05-24 16:20:34,238 - root - INFO - add_noise: grad_norm=2.5900, noise_norm=0.2442, sigma=0.2999, epsilon_per_round=16.0000
2026-05-24 16:20:34,238 - src.training.federated - INFO -   Surgical Intensive Care Unit (SICU): 6372 samples, loss=0.2279
2026-05-24 16:20:34,255 - root - INFO - add_noise: grad_norm=2.4832, noise_norm=1.1856, sigma=0.2999, epsilon_per_round=16.0000
2026-05-24 16:20:34,255 - root - INFO - add_noise: grad_norm=2.8690, noise_norm=0.4642, sigma=0.2999, epsilon_per_round=16.0000
2026-05-24 16:20:34,255 - src.training.federated - INFO -   Trauma SICU (TSICU): 5458 samples, loss=0.1753
2026-05-24 16:20:34,255 - src.training.federated - INFO - Round 2 complete: 7 clients aggregated
2026-05-24 16:20:34,261 - src.training.federated - INFO - Round 2 Validation AUROC: 0.8511
2026-05-24 16:20:34,261 - src.training.federated - INFO - 
======================================================================
2026-05-24 16:20:34,261 - src.training.federated - INFO - Round 3/20
2026-05-24 16:20:34,261 - src.training.federated - INFO - ======================================================================
2026-05-24 16:20:34,283 - root - INFO - add_noise: grad_norm=2.5904, noise_norm=1.6960, sigma=0.2999, epsilon_per_round=16.0000
2026-05-24 16:20:34,283 - root - INFO - add_noise: grad_norm=3.5588, noise_norm=0.2567, sigma=0.2999, epsilon_per_round=16.0000
2026-05-24 16:20:34,283 - src.training.federated - INFO -   Cardiac Vascular Intensive Care Unit (CVICU): 8118 samples, loss=0.0754
2026-05-24 16:20:34,299 - root - INFO - add_noise: grad_norm=2.4938, noise_norm=1.4165, sigma=0.2999, epsilon_per_round=16.0000
2026-05-24 16:20:34,299 - root - INFO - add_noise: grad_norm=2.8958, noise_norm=0.5985, sigma=0.2999, epsilon_per_round=16.0000
2026-05-24 16:20:34,299 - src.training.federated - INFO -   Coronary Care Unit (CCU): 5113 samples, loss=0.2288
2026-05-24 16:20:34,324 - root - INFO - add_noise: grad_norm=1.8491, noise_norm=1.7531, sigma=0.2999, epsilon_per_round=16.0000
2026-05-24 16:20:34,324 - root - INFO - add_noise: grad_norm=2.3548, noise_norm=0.1562, sigma=0.2999, epsilon_per_round=16.0000
2026-05-24 16:20:34,324 - src.training.federated - INFO -   Medical Intensive Care Unit (MICU): 8791 samples, loss=0.2735
2026-05-24 16:20:34,353 - root - INFO - add_noise: grad_norm=2.5337, noise_norm=1.6288, sigma=0.2999, epsilon_per_round=16.0000
2026-05-24 16:20:34,353 - root - INFO - add_noise: grad_norm=2.6518, noise_norm=0.0614, sigma=0.2999, epsilon_per_round=16.0000
2026-05-24 16:20:34,353 - src.training.federated - INFO -   Medical/Surgical Intensive Care Unit (MICU/SICU): 6983 samples, loss=0.2627
2026-05-24 16:20:34,361 - root - INFO - add_noise: grad_norm=3.2300, noise_norm=1.8267, sigma=0.2999, epsilon_per_round=16.0000
2026-05-24 16:20:34,361 - root - INFO - add_noise: grad_norm=1.4097, noise_norm=0.1830, sigma=0.2999, epsilon_per_round=16.0000
2026-05-24 16:20:34,361 - src.training.federated - INFO -   Neuro Surgical Intensive Care Unit (Neuro SICU): 907 samples, loss=0.3759
2026-05-24 16:20:34,381 - root - INFO - add_noise: grad_norm=2.9842, noise_norm=1.2932, sigma=0.2999, epsilon_per_round=16.0000
2026-05-24 16:20:34,381 - root - INFO - add_noise: grad_norm=2.5900, noise_norm=0.1513, sigma=0.2999, epsilon_per_round=16.0000
2026-05-24 16:20:34,381 - src.training.federated - INFO -   Surgical Intensive Care Unit (SICU): 6372 samples, loss=0.2279
2026-05-24 16:20:34,398 - root - INFO - add_noise: grad_norm=2.4832, noise_norm=1.5221, sigma=0.2999, epsilon_per_round=16.0000
2026-05-24 16:20:34,398 - root - INFO - add_noise: grad_norm=2.8690, noise_norm=0.0055, sigma=0.2999, epsilon_per_round=16.0000
2026-05-24 16:20:34,398 - src.training.federated - INFO -   Trauma SICU (TSICU): 5458 samples, loss=0.1753
2026-05-24 16:20:34,398 - src.training.federated - INFO - Round 3 complete: 7 clients aggregated
2026-05-24 16:20:34,404 - src.training.federated - INFO - Round 3 Validation AUROC: 0.8636
2026-05-24 16:20:34,404 - src.training.federated - INFO - 
======================================================================
2026-05-24 16:20:34,404 - src.training.federated - INFO - Round 4/20
2026-05-24 16:20:34,404 - src.training.federated - INFO - ======================================================================
2026-05-24 16:20:34,426 - root - INFO - add_noise: grad_norm=2.5904, noise_norm=2.0405, sigma=0.2999, epsilon_per_round=16.0000
2026-05-24 16:20:34,426 - root - INFO - add_noise: grad_norm=3.5588, noise_norm=0.1863, sigma=0.2999, epsilon_per_round=16.0000
2026-05-24 16:20:34,426 - src.training.federated - INFO -   Cardiac Vascular Intensive Care Unit (CVICU): 8118 samples, loss=0.0754
2026-05-24 16:20:34,442 - root - INFO - add_noise: grad_norm=2.4938, noise_norm=1.4048, sigma=0.2999, epsilon_per_round=16.0000
2026-05-24 16:20:34,442 - root - INFO - add_noise: grad_norm=2.8958, noise_norm=0.1992, sigma=0.2999, epsilon_per_round=16.0000
2026-05-24 16:20:34,442 - src.training.federated - INFO -   Coronary Care Unit (CCU): 5113 samples, loss=0.2288
2026-05-24 16:20:34,468 - root - INFO - add_noise: grad_norm=1.8491, noise_norm=1.6419, sigma=0.2999, epsilon_per_round=16.0000
2026-05-24 16:20:34,468 - root - INFO - add_noise: grad_norm=2.3548, noise_norm=0.3430, sigma=0.2999, epsilon_per_round=16.0000
2026-05-24 16:20:34,468 - src.training.federated - INFO -   Medical Intensive Care Unit (MICU): 8791 samples, loss=0.2735
2026-05-24 16:20:34,494 - root - INFO - add_noise: grad_norm=2.5337, noise_norm=1.3307, sigma=0.2999, epsilon_per_round=16.0000
2026-05-24 16:20:34,494 - root - INFO - add_noise: grad_norm=2.6518, noise_norm=0.4589, sigma=0.2999, epsilon_per_round=16.0000
2026-05-24 16:20:34,494 - src.training.federated - INFO -   Medical/Surgical Intensive Care Unit (MICU/SICU): 6983 samples, loss=0.2627
2026-05-24 16:20:34,502 - root - INFO - add_noise: grad_norm=3.2300, noise_norm=1.3653, sigma=0.2999, epsilon_per_round=16.0000
2026-05-24 16:20:34,502 - root - INFO - add_noise: grad_norm=1.4097, noise_norm=0.4457, sigma=0.2999, epsilon_per_round=16.0000
2026-05-24 16:20:34,502 - src.training.federated - INFO -   Neuro Surgical Intensive Care Unit (Neuro SICU): 907 samples, loss=0.3759
2026-05-24 16:20:34,522 - root - INFO - add_noise: grad_norm=2.9842, noise_norm=1.6692, sigma=0.2999, epsilon_per_round=16.0000
2026-05-24 16:20:34,522 - root - INFO - add_noise: grad_norm=2.5900, noise_norm=0.0499, sigma=0.2999, epsilon_per_round=16.0000
2026-05-24 16:20:34,522 - src.training.federated - INFO -   Surgical Intensive Care Unit (SICU): 6372 samples, loss=0.2279
2026-05-24 16:20:34,538 - root - INFO - add_noise: grad_norm=2.4832, noise_norm=1.5269, sigma=0.2999, epsilon_per_round=16.0000
2026-05-24 16:20:34,538 - root - INFO - add_noise: grad_norm=2.8690, noise_norm=0.2305, sigma=0.2999, epsilon_per_round=16.0000
2026-05-24 16:20:34,538 - src.training.federated - INFO -   Trauma SICU (TSICU): 5458 samples, loss=0.1753
2026-05-24 16:20:34,538 - src.training.federated - INFO - Round 4 complete: 7 clients aggregated
2026-05-24 16:20:34,544 - src.training.federated - INFO - Round 4 Validation AUROC: 0.8663
2026-05-24 16:20:34,544 - src.training.federated - INFO - 
======================================================================
2026-05-24 16:20:34,544 - src.training.federated - INFO - Round 5/20
2026-05-24 16:20:34,545 - src.training.federated - INFO - ======================================================================
2026-05-24 16:20:34,567 - root - INFO - add_noise: grad_norm=2.5904, noise_norm=1.2652, sigma=0.2999, epsilon_per_round=16.0000
2026-05-24 16:20:34,567 - root - INFO - add_noise: grad_norm=3.5588, noise_norm=0.0233, sigma=0.2999, epsilon_per_round=16.0000
2026-05-24 16:20:34,567 - src.training.federated - INFO -   Cardiac Vascular Intensive Care Unit (CVICU): 8118 samples, loss=0.0754
2026-05-24 16:20:34,582 - root - INFO - add_noise: grad_norm=2.4938, noise_norm=1.3403, sigma=0.2999, epsilon_per_round=16.0000
2026-05-24 16:20:34,583 - root - INFO - add_noise: grad_norm=2.8958, noise_norm=0.0714, sigma=0.2999, epsilon_per_round=16.0000
2026-05-24 16:20:34,583 - src.training.federated - INFO -   Coronary Care Unit (CCU): 5113 samples, loss=0.2288
2026-05-24 16:20:34,607 - root - INFO - add_noise: grad_norm=1.8491, noise_norm=1.6938, sigma=0.2999, epsilon_per_round=16.0000
2026-05-24 16:20:34,607 - root - INFO - add_noise: grad_norm=2.3548, noise_norm=0.0622, sigma=0.2999, epsilon_per_round=16.0000
2026-05-24 16:20:34,607 - src.training.federated - INFO -   Medical Intensive Care Unit (MICU): 8791 samples, loss=0.2735
2026-05-24 16:20:34,634 - root - INFO - add_noise: grad_norm=2.5337, noise_norm=1.7467, sigma=0.2999, epsilon_per_round=16.0000
2026-05-24 16:20:34,634 - root - INFO - add_noise: grad_norm=2.6518, noise_norm=0.6502, sigma=0.2999, epsilon_per_round=16.0000
2026-05-24 16:20:34,634 - src.training.federated - INFO -   Medical/Surgical Intensive Care Unit (MICU/SICU): 6983 samples, loss=0.2627
2026-05-24 16:20:34,641 - root - INFO - add_noise: grad_norm=3.2300, noise_norm=2.0831, sigma=0.2999, epsilon_per_round=16.0000
2026-05-24 16:20:34,641 - root - INFO - add_noise: grad_norm=1.4097, noise_norm=0.2538, sigma=0.2999, epsilon_per_round=16.0000
2026-05-24 16:20:34,641 - src.training.federated - INFO -   Neuro Surgical Intensive Care Unit (Neuro SICU): 907 samples, loss=0.3759
2026-05-24 16:20:34,661 - root - INFO - add_noise: grad_norm=2.9842, noise_norm=1.3984, sigma=0.2999, epsilon_per_round=16.0000
2026-05-24 16:20:34,661 - root - INFO - add_noise: grad_norm=2.5900, noise_norm=0.1378, sigma=0.2999, epsilon_per_round=16.0000
2026-05-24 16:20:34,661 - src.training.federated - INFO -   Surgical Intensive Care Unit (SICU): 6372 samples, loss=0.2279
2026-05-24 16:20:34,678 - root - INFO - add_noise: grad_norm=2.4832, noise_norm=1.5964, sigma=0.2999, epsilon_per_round=16.0000
2026-05-24 16:20:34,678 - root - INFO - add_noise: grad_norm=2.8690, noise_norm=0.3545, sigma=0.2999, epsilon_per_round=16.0000
2026-05-24 16:20:34,678 - src.training.federated - INFO -   Trauma SICU (TSICU): 5458 samples, loss=0.1753
2026-05-24 16:20:34,678 - src.training.federated - INFO - Round 5 complete: 7 clients aggregated
2026-05-24 16:20:34,684 - src.training.federated - INFO - Round 5 Validation AUROC: 0.8571
2026-05-24 16:20:34,684 - src.training.federated - INFO - 
======================================================================
2026-05-24 16:20:34,684 - src.training.federated - INFO - Round 6/20
2026-05-24 16:20:34,684 - src.training.federated - INFO - ======================================================================
2026-05-24 16:20:34,706 - root - INFO - add_noise: grad_norm=2.5904, noise_norm=1.7887, sigma=0.2999, epsilon_per_round=16.0000
2026-05-24 16:20:34,706 - root - INFO - add_noise: grad_norm=3.5588, noise_norm=0.2610, sigma=0.2999, epsilon_per_round=16.0000
2026-05-24 16:20:34,706 - src.training.federated - INFO -   Cardiac Vascular Intensive Care Unit (CVICU): 8118 samples, loss=0.0754
2026-05-24 16:20:34,722 - root - INFO - add_noise: grad_norm=2.4938, noise_norm=1.6706, sigma=0.2999, epsilon_per_round=16.0000
2026-05-24 16:20:34,722 - root - INFO - add_noise: grad_norm=2.8958, noise_norm=0.5832, sigma=0.2999, epsilon_per_round=16.0000
2026-05-24 16:20:34,722 - src.training.federated - INFO -   Coronary Care Unit (CCU): 5113 samples, loss=0.2288
2026-05-24 16:20:34,747 - root - INFO - add_noise: grad_norm=1.8491, noise_norm=1.8796, sigma=0.2999, epsilon_per_round=16.0000
2026-05-24 16:20:34,747 - root - INFO - add_noise: grad_norm=2.3548, noise_norm=0.0952, sigma=0.2999, epsilon_per_round=16.0000
2026-05-24 16:20:34,747 - src.training.federated - INFO -   Medical Intensive Care Unit (MICU): 8791 samples, loss=0.2735
2026-05-24 16:20:34,773 - root - INFO - add_noise: grad_norm=2.5337, noise_norm=1.7423, sigma=0.2999, epsilon_per_round=16.0000
2026-05-24 16:20:34,773 - root - INFO - add_noise: grad_norm=2.6518, noise_norm=0.0120, sigma=0.2999, epsilon_per_round=16.0000
2026-05-24 16:20:34,773 - src.training.federated - INFO -   Medical/Surgical Intensive Care Unit (MICU/SICU): 6983 samples, loss=0.2627
2026-05-24 16:20:34,781 - root - INFO - add_noise: grad_norm=3.2300, noise_norm=1.8426, sigma=0.2999, epsilon_per_round=16.0000
2026-05-24 16:20:34,782 - root - INFO - add_noise: grad_norm=1.4097, noise_norm=0.3421, sigma=0.2999, epsilon_per_round=16.0000
2026-05-24 16:20:34,782 - src.training.federated - INFO -   Neuro Surgical Intensive Care Unit (Neuro SICU): 907 samples, loss=0.3759
2026-05-24 16:20:34,801 - root - INFO - add_noise: grad_norm=2.9842, noise_norm=1.6078, sigma=0.2999, epsilon_per_round=16.0000
2026-05-24 16:20:34,801 - root - INFO - add_noise: grad_norm=2.5900, noise_norm=0.5253, sigma=0.2999, epsilon_per_round=16.0000
2026-05-24 16:20:34,801 - src.training.federated - INFO -   Surgical Intensive Care Unit (SICU): 6372 samples, loss=0.2279
2026-05-24 16:20:34,818 - root - INFO - add_noise: grad_norm=2.4832, noise_norm=1.9265, sigma=0.2999, epsilon_per_round=16.0000
2026-05-24 16:20:34,818 - root - INFO - add_noise: grad_norm=2.8690, noise_norm=0.0135, sigma=0.2999, epsilon_per_round=16.0000
2026-05-24 16:20:34,818 - src.training.federated - INFO -   Trauma SICU (TSICU): 5458 samples, loss=0.1753
2026-05-24 16:20:34,818 - src.training.federated - INFO - Round 6 complete: 7 clients aggregated
2026-05-24 16:20:34,824 - src.training.federated - INFO - Round 6 Validation AUROC: 0.8347
2026-05-24 16:20:34,824 - src.training.federated - INFO - 
======================================================================
2026-05-24 16:20:34,824 - src.training.federated - INFO - Round 7/20
2026-05-24 16:20:34,824 - src.training.federated - INFO - ======================================================================
2026-05-24 16:20:34,849 - root - INFO - add_noise: grad_norm=2.5904, noise_norm=1.6316, sigma=0.2999, epsilon_per_round=16.0000
2026-05-24 16:20:34,849 - root - INFO - add_noise: grad_norm=3.5588, noise_norm=0.2154, sigma=0.2999, epsilon_per_round=16.0000
2026-05-24 16:20:34,849 - src.training.federated - INFO -   Cardiac Vascular Intensive Care Unit (CVICU): 8118 samples, loss=0.0754
2026-05-24 16:20:34,865 - root - INFO - add_noise: grad_norm=2.4938, noise_norm=1.4996, sigma=0.2999, epsilon_per_round=16.0000
2026-05-24 16:20:34,865 - root - INFO - add_noise: grad_norm=2.8958, noise_norm=0.0762, sigma=0.2999, epsilon_per_round=16.0000
2026-05-24 16:20:34,865 - src.training.federated - INFO -   Coronary Care Unit (CCU): 5113 samples, loss=0.2288
2026-05-24 16:20:34,890 - root - INFO - add_noise: grad_norm=1.8491, noise_norm=1.4085, sigma=0.2999, epsilon_per_round=16.0000
2026-05-24 16:20:34,890 - root - INFO - add_noise: grad_norm=2.3548, noise_norm=0.1001, sigma=0.2999, epsilon_per_round=16.0000
2026-05-24 16:20:34,890 - src.training.federated - INFO -   Medical Intensive Care Unit (MICU): 8791 samples, loss=0.2735
2026-05-24 16:20:34,916 - root - INFO - add_noise: grad_norm=2.5337, noise_norm=1.3882, sigma=0.2999, epsilon_per_round=16.0000
2026-05-24 16:20:34,916 - root - INFO - add_noise: grad_norm=2.6518, noise_norm=0.1508, sigma=0.2999, epsilon_per_round=16.0000
2026-05-24 16:20:34,916 - src.training.federated - INFO -   Medical/Surgical Intensive Care Unit (MICU/SICU): 6983 samples, loss=0.2627
2026-05-24 16:20:34,924 - root - INFO - add_noise: grad_norm=3.2300, noise_norm=1.6310, sigma=0.2999, epsilon_per_round=16.0000
2026-05-24 16:20:34,924 - root - INFO - add_noise: grad_norm=1.4097, noise_norm=0.1578, sigma=0.2999, epsilon_per_round=16.0000
2026-05-24 16:20:34,924 - src.training.federated - INFO -   Neuro Surgical Intensive Care Unit (Neuro SICU): 907 samples, loss=0.3759
2026-05-24 16:20:34,944 - root - INFO - add_noise: grad_norm=2.9842, noise_norm=1.3879, sigma=0.2999, epsilon_per_round=16.0000
2026-05-24 16:20:34,944 - root - INFO - add_noise: grad_norm=2.5900, noise_norm=0.3751, sigma=0.2999, epsilon_per_round=16.0000
2026-05-24 16:20:34,944 - src.training.federated - INFO -   Surgical Intensive Care Unit (SICU): 6372 samples, loss=0.2279
2026-05-24 16:20:34,961 - root - INFO - add_noise: grad_norm=2.4832, noise_norm=1.7159, sigma=0.2999, epsilon_per_round=16.0000
2026-05-24 16:20:34,961 - root - INFO - add_noise: grad_norm=2.8690, noise_norm=0.1226, sigma=0.2999, epsilon_per_round=16.0000
2026-05-24 16:20:34,961 - src.training.federated - INFO -   Trauma SICU (TSICU): 5458 samples, loss=0.1753
2026-05-24 16:20:34,961 - src.training.federated - INFO - Round 7 complete: 7 clients aggregated
2026-05-24 16:20:34,967 - src.training.federated - INFO - Round 7 Validation AUROC: 0.8767
2026-05-24 16:20:34,967 - src.training.federated - INFO - 
======================================================================
2026-05-24 16:20:34,967 - src.training.federated - INFO - Round 8/20
2026-05-24 16:20:34,967 - src.training.federated - INFO - ======================================================================
2026-05-24 16:20:34,989 - root - INFO - add_noise: grad_norm=2.5904, noise_norm=1.7744, sigma=0.2999, epsilon_per_round=16.0000
2026-05-24 16:20:34,989 - root - INFO - add_noise: grad_norm=3.5588, noise_norm=0.4139, sigma=0.2999, epsilon_per_round=16.0000
2026-05-24 16:20:34,989 - src.training.federated - INFO -   Cardiac Vascular Intensive Care Unit (CVICU): 8118 samples, loss=0.0754
2026-05-24 16:20:35,005 - root - INFO - add_noise: grad_norm=2.4938, noise_norm=1.4911, sigma=0.2999, epsilon_per_round=16.0000
2026-05-24 16:20:35,005 - root - INFO - add_noise: grad_norm=2.8958, noise_norm=0.2625, sigma=0.2999, epsilon_per_round=16.0000
2026-05-24 16:20:35,005 - src.training.federated - INFO -   Coronary Care Unit (CCU): 5113 samples, loss=0.2288
2026-05-24 16:20:35,030 - root - INFO - add_noise: grad_norm=1.8491, noise_norm=1.6914, sigma=0.2999, epsilon_per_round=16.0000
2026-05-24 16:20:35,031 - root - INFO - add_noise: grad_norm=2.3548, noise_norm=0.2941, sigma=0.2999, epsilon_per_round=16.0000
2026-05-24 16:20:35,031 - src.training.federated - INFO -   Medical Intensive Care Unit (MICU): 8791 samples, loss=0.2735
2026-05-24 16:20:35,056 - root - INFO - add_noise: grad_norm=2.5337, noise_norm=1.5200, sigma=0.2999, epsilon_per_round=16.0000
2026-05-24 16:20:35,056 - root - INFO - add_noise: grad_norm=2.6518, noise_norm=0.2230, sigma=0.2999, epsilon_per_round=16.0000
2026-05-24 16:20:35,056 - src.training.federated - INFO -   Medical/Surgical Intensive Care Unit (MICU/SICU): 6983 samples, loss=0.2627
2026-05-24 16:20:35,064 - root - INFO - add_noise: grad_norm=3.2300, noise_norm=1.9370, sigma=0.2999, epsilon_per_round=16.0000
2026-05-24 16:20:35,064 - root - INFO - add_noise: grad_norm=1.4097, noise_norm=0.5350, sigma=0.2999, epsilon_per_round=16.0000
2026-05-24 16:20:35,064 - src.training.federated - INFO -   Neuro Surgical Intensive Care Unit (Neuro SICU): 907 samples, loss=0.3759
2026-05-24 16:20:35,084 - root - INFO - add_noise: grad_norm=2.9842, noise_norm=1.3789, sigma=0.2999, epsilon_per_round=16.0000
2026-05-24 16:20:35,084 - root - INFO - add_noise: grad_norm=2.5900, noise_norm=0.1039, sigma=0.2999, epsilon_per_round=16.0000
2026-05-24 16:20:35,084 - src.training.federated - INFO -   Surgical Intensive Care Unit (SICU): 6372 samples, loss=0.2279
2026-05-24 16:20:35,101 - root - INFO - add_noise: grad_norm=2.4832, noise_norm=1.3191, sigma=0.2999, epsilon_per_round=16.0000
2026-05-24 16:20:35,101 - root - INFO - add_noise: grad_norm=2.8690, noise_norm=0.0089, sigma=0.2999, epsilon_per_round=16.0000
2026-05-24 16:20:35,101 - src.training.federated - INFO -   Trauma SICU (TSICU): 5458 samples, loss=0.1753
2026-05-24 16:20:35,101 - src.training.federated - INFO - Round 8 complete: 7 clients aggregated
2026-05-24 16:20:35,107 - src.training.federated - INFO - Round 8 Validation AUROC: 0.8653
2026-05-24 16:20:35,107 - src.training.federated - INFO - 
======================================================================
2026-05-24 16:20:35,107 - src.training.federated - INFO - Round 9/20
2026-05-24 16:20:35,107 - src.training.federated - INFO - ======================================================================
2026-05-24 16:20:35,129 - root - INFO - add_noise: grad_norm=2.5904, noise_norm=1.5941, sigma=0.2999, epsilon_per_round=16.0000
2026-05-24 16:20:35,129 - root - INFO - add_noise: grad_norm=3.5588, noise_norm=0.3266, sigma=0.2999, epsilon_per_round=16.0000
2026-05-24 16:20:35,129 - src.training.federated - INFO -   Cardiac Vascular Intensive Care Unit (CVICU): 8118 samples, loss=0.0754
2026-05-24 16:20:35,144 - root - INFO - add_noise: grad_norm=2.4938, noise_norm=1.3646, sigma=0.2999, epsilon_per_round=16.0000
2026-05-24 16:20:35,144 - root - INFO - add_noise: grad_norm=2.8958, noise_norm=0.1003, sigma=0.2999, epsilon_per_round=16.0000
2026-05-24 16:20:35,145 - src.training.federated - INFO -   Coronary Care Unit (CCU): 5113 samples, loss=0.2288
2026-05-24 16:20:35,169 - root - INFO - add_noise: grad_norm=1.8491, noise_norm=1.8073, sigma=0.2999, epsilon_per_round=16.0000
2026-05-24 16:20:35,170 - root - INFO - add_noise: grad_norm=2.3548, noise_norm=0.3102, sigma=0.2999, epsilon_per_round=16.0000
2026-05-24 16:20:35,170 - src.training.federated - INFO -   Medical Intensive Care Unit (MICU): 8791 samples, loss=0.2735
2026-05-24 16:20:35,195 - root - INFO - add_noise: grad_norm=2.5337, noise_norm=1.6492, sigma=0.2999, epsilon_per_round=16.0000
2026-05-24 16:20:35,196 - root - INFO - add_noise: grad_norm=2.6518, noise_norm=0.7502, sigma=0.2999, epsilon_per_round=16.0000
2026-05-24 16:20:35,196 - src.training.federated - INFO -   Medical/Surgical Intensive Care Unit (MICU/SICU): 6983 samples, loss=0.2627
2026-05-24 16:20:35,204 - root - INFO - add_noise: grad_norm=3.2300, noise_norm=1.6403, sigma=0.2999, epsilon_per_round=16.0000
2026-05-24 16:20:35,204 - root - INFO - add_noise: grad_norm=1.4097, noise_norm=0.1387, sigma=0.2999, epsilon_per_round=16.0000
2026-05-24 16:20:35,204 - src.training.federated - INFO -   Neuro Surgical Intensive Care Unit (Neuro SICU): 907 samples, loss=0.3759
2026-05-24 16:20:35,224 - root - INFO - add_noise: grad_norm=2.9842, noise_norm=1.4870, sigma=0.2999, epsilon_per_round=16.0000
2026-05-24 16:20:35,224 - root - INFO - add_noise: grad_norm=2.5900, noise_norm=0.0199, sigma=0.2999, epsilon_per_round=16.0000
2026-05-24 16:20:35,224 - src.training.federated - INFO -   Surgical Intensive Care Unit (SICU): 6372 samples, loss=0.2279
2026-05-24 16:20:35,241 - root - INFO - add_noise: grad_norm=2.4832, noise_norm=1.7932, sigma=0.2999, epsilon_per_round=16.0000
2026-05-24 16:20:35,241 - root - INFO - add_noise: grad_norm=2.8690, noise_norm=0.0667, sigma=0.2999, epsilon_per_round=16.0000
2026-05-24 16:20:35,241 - src.training.federated - INFO -   Trauma SICU (TSICU): 5458 samples, loss=0.1753
2026-05-24 16:20:35,241 - src.training.federated - INFO - Round 9 complete: 7 clients aggregated
2026-05-24 16:20:35,247 - src.training.federated - INFO - Round 9 Validation AUROC: 0.8827
2026-05-24 16:20:35,247 - src.training.federated - INFO - 
======================================================================
2026-05-24 16:20:35,247 - src.training.federated - INFO - Round 10/20
2026-05-24 16:20:35,247 - src.training.federated - INFO - ======================================================================
2026-05-24 16:20:35,270 - root - INFO - add_noise: grad_norm=2.5904, noise_norm=1.4756, sigma=0.2999, epsilon_per_round=16.0000
2026-05-24 16:20:35,270 - root - INFO - add_noise: grad_norm=3.5588, noise_norm=0.6445, sigma=0.2999, epsilon_per_round=16.0000
2026-05-24 16:20:35,270 - src.training.federated - INFO -   Cardiac Vascular Intensive Care Unit (CVICU): 8118 samples, loss=0.0754
2026-05-24 16:20:35,286 - root - INFO - add_noise: grad_norm=2.4938, noise_norm=1.4157, sigma=0.2999, epsilon_per_round=16.0000
2026-05-24 16:20:35,286 - root - INFO - add_noise: grad_norm=2.8958, noise_norm=0.5718, sigma=0.2999, epsilon_per_round=16.0000
2026-05-24 16:20:35,286 - src.training.federated - INFO -   Coronary Care Unit (CCU): 5113 samples, loss=0.2288
2026-05-24 16:20:35,311 - root - INFO - add_noise: grad_norm=1.8491, noise_norm=1.5529, sigma=0.2999, epsilon_per_round=16.0000
2026-05-24 16:20:35,311 - root - INFO - add_noise: grad_norm=2.3548, noise_norm=0.1170, sigma=0.2999, epsilon_per_round=16.0000
2026-05-24 16:20:35,311 - src.training.federated - INFO -   Medical Intensive Care Unit (MICU): 8791 samples, loss=0.2735
2026-05-24 16:20:35,337 - root - INFO - add_noise: grad_norm=2.5337, noise_norm=1.6011, sigma=0.2999, epsilon_per_round=16.0000
2026-05-24 16:20:35,337 - root - INFO - add_noise: grad_norm=2.6518, noise_norm=0.2005, sigma=0.2999, epsilon_per_round=16.0000
2026-05-24 16:20:35,337 - src.training.federated - INFO -   Medical/Surgical Intensive Care Unit (MICU/SICU): 6983 samples, loss=0.2627
2026-05-24 16:20:35,346 - root - INFO - add_noise: grad_norm=3.2300, noise_norm=1.4664, sigma=0.2999, epsilon_per_round=16.0000
2026-05-24 16:20:35,346 - root - INFO - add_noise: grad_norm=1.4097, noise_norm=0.0698, sigma=0.2999, epsilon_per_round=16.0000
2026-05-24 16:20:35,346 - src.training.federated - INFO -   Neuro Surgical Intensive Care Unit (Neuro SICU): 907 samples, loss=0.3759
2026-05-24 16:20:35,367 - root - INFO - add_noise: grad_norm=2.9842, noise_norm=1.4028, sigma=0.2999, epsilon_per_round=16.0000
2026-05-24 16:20:35,367 - root - INFO - add_noise: grad_norm=2.5900, noise_norm=0.0704, sigma=0.2999, epsilon_per_round=16.0000
2026-05-24 16:20:35,367 - src.training.federated - INFO -   Surgical Intensive Care Unit (SICU): 6372 samples, loss=0.2279
2026-05-24 16:20:35,383 - root - INFO - add_noise: grad_norm=2.4832, noise_norm=1.8845, sigma=0.2999, epsilon_per_round=16.0000
2026-05-24 16:20:35,383 - root - INFO - add_noise: grad_norm=2.8690, noise_norm=0.2624, sigma=0.2999, epsilon_per_round=16.0000
2026-05-24 16:20:35,383 - src.training.federated - INFO -   Trauma SICU (TSICU): 5458 samples, loss=0.1753
2026-05-24 16:20:35,384 - src.training.federated - INFO - Round 10 complete: 7 clients aggregated
2026-05-24 16:20:35,389 - src.training.federated - INFO - Round 10 Validation AUROC: 0.8693
2026-05-24 16:20:35,389 - src.training.federated - INFO - 
======================================================================
2026-05-24 16:20:35,389 - src.training.federated - INFO - Round 11/20
2026-05-24 16:20:35,390 - src.training.federated - INFO - ======================================================================
2026-05-24 16:20:35,411 - root - INFO - add_noise: grad_norm=2.5904, noise_norm=1.7225, sigma=0.2999, epsilon_per_round=16.0000
2026-05-24 16:20:35,411 - root - INFO - add_noise: grad_norm=3.5588, noise_norm=0.4539, sigma=0.2999, epsilon_per_round=16.0000
2026-05-24 16:20:35,412 - src.training.federated - INFO -   Cardiac Vascular Intensive Care Unit (CVICU): 8118 samples, loss=0.0754
2026-05-24 16:20:35,427 - root - INFO - add_noise: grad_norm=2.4938, noise_norm=1.7599, sigma=0.2999, epsilon_per_round=16.0000
2026-05-24 16:20:35,427 - root - INFO - add_noise: grad_norm=2.8958, noise_norm=0.1896, sigma=0.2999, epsilon_per_round=16.0000
2026-05-24 16:20:35,427 - src.training.federated - INFO -   Coronary Care Unit (CCU): 5113 samples, loss=0.2288
2026-05-24 16:20:35,452 - root - INFO - add_noise: grad_norm=1.8491, noise_norm=1.4279, sigma=0.2999, epsilon_per_round=16.0000
2026-05-24 16:20:35,452 - root - INFO - add_noise: grad_norm=2.3548, noise_norm=0.0579, sigma=0.2999, epsilon_per_round=16.0000
2026-05-24 16:20:35,452 - src.training.federated - INFO -   Medical Intensive Care Unit (MICU): 8791 samples, loss=0.2735
2026-05-24 16:20:35,478 - root - INFO - add_noise: grad_norm=2.5337, noise_norm=1.4672, sigma=0.2999, epsilon_per_round=16.0000
2026-05-24 16:20:35,478 - root - INFO - add_noise: grad_norm=2.6518, noise_norm=0.0166, sigma=0.2999, epsilon_per_round=16.0000
2026-05-24 16:20:35,478 - src.training.federated - INFO -   Medical/Surgical Intensive Care Unit (MICU/SICU): 6983 samples, loss=0.2627
2026-05-24 16:20:35,486 - root - INFO - add_noise: grad_norm=3.2300, noise_norm=1.5145, sigma=0.2999, epsilon_per_round=16.0000
2026-05-24 16:20:35,486 - root - INFO - add_noise: grad_norm=1.4097, noise_norm=0.3382, sigma=0.2999, epsilon_per_round=16.0000
2026-05-24 16:20:35,486 - src.training.federated - INFO -   Neuro Surgical Intensive Care Unit (Neuro SICU): 907 samples, loss=0.3759
2026-05-24 16:20:35,506 - root - INFO - add_noise: grad_norm=2.9842, noise_norm=1.6001, sigma=0.2999, epsilon_per_round=16.0000
2026-05-24 16:20:35,506 - root - INFO - add_noise: grad_norm=2.5900, noise_norm=0.0946, sigma=0.2999, epsilon_per_round=16.0000
2026-05-24 16:20:35,506 - src.training.federated - INFO -   Surgical Intensive Care Unit (SICU): 6372 samples, loss=0.2279
2026-05-24 16:20:35,523 - root - INFO - add_noise: grad_norm=2.4832, noise_norm=1.7325, sigma=0.2999, epsilon_per_round=16.0000
2026-05-24 16:20:35,523 - root - INFO - add_noise: grad_norm=2.8690, noise_norm=0.2277, sigma=0.2999, epsilon_per_round=16.0000
2026-05-24 16:20:35,523 - src.training.federated - INFO -   Trauma SICU (TSICU): 5458 samples, loss=0.1753
2026-05-24 16:20:35,523 - src.training.federated - INFO - Round 11 complete: 7 clients aggregated
2026-05-24 16:20:35,529 - src.training.federated - INFO - Round 11 Validation AUROC: 0.8447
2026-05-24 16:20:35,529 - src.training.federated - INFO - 
======================================================================
2026-05-24 16:20:35,529 - src.training.federated - INFO - Round 12/20
2026-05-24 16:20:35,529 - src.training.federated - INFO - ======================================================================
2026-05-24 16:20:35,552 - root - INFO - add_noise: grad_norm=2.5904, noise_norm=1.5272, sigma=0.2999, epsilon_per_round=16.0000
2026-05-24 16:20:35,552 - root - INFO - add_noise: grad_norm=3.5588, noise_norm=0.0067, sigma=0.2999, epsilon_per_round=16.0000
2026-05-24 16:20:35,552 - src.training.federated - INFO -   Cardiac Vascular Intensive Care Unit (CVICU): 8118 samples, loss=0.0754
2026-05-24 16:20:35,568 - root - INFO - add_noise: grad_norm=2.4938, noise_norm=1.7712, sigma=0.2999, epsilon_per_round=16.0000
2026-05-24 16:20:35,568 - root - INFO - add_noise: grad_norm=2.8958, noise_norm=0.3486, sigma=0.2999, epsilon_per_round=16.0000
2026-05-24 16:20:35,568 - src.training.federated - INFO -   Coronary Care Unit (CCU): 5113 samples, loss=0.2288
2026-05-24 16:20:35,593 - root - INFO - add_noise: grad_norm=1.8491, noise_norm=1.4898, sigma=0.2999, epsilon_per_round=16.0000
2026-05-24 16:20:35,593 - root - INFO - add_noise: grad_norm=2.3548, noise_norm=0.0279, sigma=0.2999, epsilon_per_round=16.0000
2026-05-24 16:20:35,593 - src.training.federated - INFO -   Medical Intensive Care Unit (MICU): 8791 samples, loss=0.2735
2026-05-24 16:20:35,619 - root - INFO - add_noise: grad_norm=2.5337, noise_norm=1.4514, sigma=0.2999, epsilon_per_round=16.0000
2026-05-24 16:20:35,619 - root - INFO - add_noise: grad_norm=2.6518, noise_norm=0.2945, sigma=0.2999, epsilon_per_round=16.0000
2026-05-24 16:20:35,619 - src.training.federated - INFO -   Medical/Surgical Intensive Care Unit (MICU/SICU): 6983 samples, loss=0.2627
2026-05-24 16:20:35,627 - root - INFO - add_noise: grad_norm=3.2300, noise_norm=1.4561, sigma=0.2999, epsilon_per_round=16.0000
2026-05-24 16:20:35,627 - root - INFO - add_noise: grad_norm=1.4097, noise_norm=0.3797, sigma=0.2999, epsilon_per_round=16.0000
2026-05-24 16:20:35,627 - src.training.federated - INFO -   Neuro Surgical Intensive Care Unit (Neuro SICU): 907 samples, loss=0.3759
2026-05-24 16:20:35,647 - root - INFO - add_noise: grad_norm=2.9842, noise_norm=1.8296, sigma=0.2999, epsilon_per_round=16.0000
2026-05-24 16:20:35,647 - root - INFO - add_noise: grad_norm=2.5900, noise_norm=0.1234, sigma=0.2999, epsilon_per_round=16.0000
2026-05-24 16:20:35,647 - src.training.federated - INFO -   Surgical Intensive Care Unit (SICU): 6372 samples, loss=0.2279
2026-05-24 16:20:35,664 - root - INFO - add_noise: grad_norm=2.4832, noise_norm=1.7839, sigma=0.2999, epsilon_per_round=16.0000
2026-05-24 16:20:35,664 - root - INFO - add_noise: grad_norm=2.8690, noise_norm=0.3334, sigma=0.2999, epsilon_per_round=16.0000
2026-05-24 16:20:35,664 - src.training.federated - INFO -   Trauma SICU (TSICU): 5458 samples, loss=0.1753
2026-05-24 16:20:35,664 - src.training.federated - INFO - Round 12 complete: 7 clients aggregated
2026-05-24 16:20:35,670 - src.training.federated - INFO - Round 12 Validation AUROC: 0.8674
2026-05-24 16:20:35,670 - src.training.federated - INFO - 
======================================================================
2026-05-24 16:20:35,670 - src.training.federated - INFO - Round 13/20
2026-05-24 16:20:35,670 - src.training.federated - INFO - ======================================================================
2026-05-24 16:20:35,693 - root - INFO - add_noise: grad_norm=2.5904, noise_norm=1.7056, sigma=0.2999, epsilon_per_round=16.0000
2026-05-24 16:20:35,693 - root - INFO - add_noise: grad_norm=3.5588, noise_norm=0.2626, sigma=0.2999, epsilon_per_round=16.0000
2026-05-24 16:20:35,693 - src.training.federated - INFO -   Cardiac Vascular Intensive Care Unit (CVICU): 8118 samples, loss=0.0754
2026-05-24 16:20:35,709 - root - INFO - add_noise: grad_norm=2.4938, noise_norm=1.3553, sigma=0.2999, epsilon_per_round=16.0000
2026-05-24 16:20:35,709 - root - INFO - add_noise: grad_norm=2.8958, noise_norm=0.1612, sigma=0.2999, epsilon_per_round=16.0000
2026-05-24 16:20:35,709 - src.training.federated - INFO -   Coronary Care Unit (CCU): 5113 samples, loss=0.2288
2026-05-24 16:20:35,735 - root - INFO - add_noise: grad_norm=1.8491, noise_norm=1.7585, sigma=0.2999, epsilon_per_round=16.0000
2026-05-24 16:20:35,735 - root - INFO - add_noise: grad_norm=2.3548, noise_norm=0.6149, sigma=0.2999, epsilon_per_round=16.0000
2026-05-24 16:20:35,735 - src.training.federated - INFO -   Medical Intensive Care Unit (MICU): 8791 samples, loss=0.2735
2026-05-24 16:20:35,761 - root - INFO - add_noise: grad_norm=2.5337, noise_norm=1.9733, sigma=0.2999, epsilon_per_round=16.0000
2026-05-24 16:20:35,761 - root - INFO - add_noise: grad_norm=2.6518, noise_norm=0.0654, sigma=0.2999, epsilon_per_round=16.0000
2026-05-24 16:20:35,761 - src.training.federated - INFO -   Medical/Surgical Intensive Care Unit (MICU/SICU): 6983 samples, loss=0.2627
2026-05-24 16:20:35,769 - root - INFO - add_noise: grad_norm=3.2300, noise_norm=1.5144, sigma=0.2999, epsilon_per_round=16.0000
2026-05-24 16:20:35,769 - root - INFO - add_noise: grad_norm=1.4097, noise_norm=0.0203, sigma=0.2999, epsilon_per_round=16.0000
2026-05-24 16:20:35,769 - src.training.federated - INFO -   Neuro Surgical Intensive Care Unit (Neuro SICU): 907 samples, loss=0.3759
2026-05-24 16:20:35,789 - root - INFO - add_noise: grad_norm=2.9842, noise_norm=1.6199, sigma=0.2999, epsilon_per_round=16.0000
2026-05-24 16:20:35,789 - root - INFO - add_noise: grad_norm=2.5900, noise_norm=0.4048, sigma=0.2999, epsilon_per_round=16.0000
2026-05-24 16:20:35,789 - src.training.federated - INFO -   Surgical Intensive Care Unit (SICU): 6372 samples, loss=0.2279
2026-05-24 16:20:35,807 - root - INFO - add_noise: grad_norm=2.4832, noise_norm=1.6692, sigma=0.2999, epsilon_per_round=16.0000
2026-05-24 16:20:35,807 - root - INFO - add_noise: grad_norm=2.8690, noise_norm=0.0715, sigma=0.2999, epsilon_per_round=16.0000
2026-05-24 16:20:35,807 - src.training.federated - INFO -   Trauma SICU (TSICU): 5458 samples, loss=0.1753
2026-05-24 16:20:35,807 - src.training.federated - INFO - Round 13 complete: 7 clients aggregated
2026-05-24 16:20:35,813 - src.training.federated - INFO - Round 13 Validation AUROC: 0.8674
2026-05-24 16:20:35,813 - src.training.federated - INFO - 
======================================================================
2026-05-24 16:20:35,813 - src.training.federated - INFO - Round 14/20
2026-05-24 16:20:35,813 - src.training.federated - INFO - ======================================================================
2026-05-24 16:20:35,837 - root - INFO - add_noise: grad_norm=2.5904, noise_norm=1.7142, sigma=0.2999, epsilon_per_round=16.0000
2026-05-24 16:20:35,838 - root - INFO - add_noise: grad_norm=3.5588, noise_norm=0.0472, sigma=0.2999, epsilon_per_round=16.0000
2026-05-24 16:20:35,838 - src.training.federated - INFO -   Cardiac Vascular Intensive Care Unit (CVICU): 8118 samples, loss=0.0754
2026-05-24 16:20:35,855 - root - INFO - add_noise: grad_norm=2.4938, noise_norm=1.7795, sigma=0.2999, epsilon_per_round=16.0000
2026-05-24 16:20:35,855 - root - INFO - add_noise: grad_norm=2.8958, noise_norm=0.1507, sigma=0.2999, epsilon_per_round=16.0000
2026-05-24 16:20:35,855 - src.training.federated - INFO -   Coronary Care Unit (CCU): 5113 samples, loss=0.2288
2026-05-24 16:20:35,882 - root - INFO - add_noise: grad_norm=1.8491, noise_norm=1.6612, sigma=0.2999, epsilon_per_round=16.0000
2026-05-24 16:20:35,882 - root - INFO - add_noise: grad_norm=2.3548, noise_norm=0.1901, sigma=0.2999, epsilon_per_round=16.0000
2026-05-24 16:20:35,882 - src.training.federated - INFO -   Medical Intensive Care Unit (MICU): 8791 samples, loss=0.2735
2026-05-24 16:20:35,908 - root - INFO - add_noise: grad_norm=2.5337, noise_norm=1.6992, sigma=0.2999, epsilon_per_round=16.0000
2026-05-24 16:20:35,909 - root - INFO - add_noise: grad_norm=2.6518, noise_norm=0.4629, sigma=0.2999, epsilon_per_round=16.0000
2026-05-24 16:20:35,909 - src.training.federated - INFO -   Medical/Surgical Intensive Care Unit (MICU/SICU): 6983 samples, loss=0.2627
2026-05-24 16:20:35,917 - root - INFO - add_noise: grad_norm=3.2300, noise_norm=1.8619, sigma=0.2999, epsilon_per_round=16.0000
2026-05-24 16:20:35,917 - root - INFO - add_noise: grad_norm=1.4097, noise_norm=0.3666, sigma=0.2999, epsilon_per_round=16.0000
2026-05-24 16:20:35,917 - src.training.federated - INFO -   Neuro Surgical Intensive Care Unit (Neuro SICU): 907 samples, loss=0.3759
2026-05-24 16:20:35,937 - root - INFO - add_noise: grad_norm=2.9842, noise_norm=1.8913, sigma=0.2999, epsilon_per_round=16.0000
2026-05-24 16:20:35,937 - root - INFO - add_noise: grad_norm=2.5900, noise_norm=0.0594, sigma=0.2999, epsilon_per_round=16.0000
2026-05-24 16:20:35,937 - src.training.federated - INFO -   Surgical Intensive Care Unit (SICU): 6372 samples, loss=0.2279
2026-05-24 16:20:35,954 - root - INFO - add_noise: grad_norm=2.4832, noise_norm=1.5550, sigma=0.2999, epsilon_per_round=16.0000
2026-05-24 16:20:35,954 - root - INFO - add_noise: grad_norm=2.8690, noise_norm=0.0536, sigma=0.2999, epsilon_per_round=16.0000
2026-05-24 16:20:35,954 - src.training.federated - INFO -   Trauma SICU (TSICU): 5458 samples, loss=0.1753
2026-05-24 16:20:35,954 - src.training.federated - INFO - Round 14 complete: 7 clients aggregated
2026-05-24 16:20:35,960 - src.training.federated - INFO - Round 14 Validation AUROC: 0.8501
2026-05-24 16:20:35,960 - src.training.federated - INFO - 
======================================================================
2026-05-24 16:20:35,960 - src.training.federated - INFO - Round 15/20
2026-05-24 16:20:35,960 - src.training.federated - INFO - ======================================================================
2026-05-24 16:20:35,982 - root - INFO - add_noise: grad_norm=2.5904, noise_norm=1.8196, sigma=0.2999, epsilon_per_round=16.0000
2026-05-24 16:20:35,983 - root - INFO - add_noise: grad_norm=3.5588, noise_norm=0.1196, sigma=0.2999, epsilon_per_round=16.0000
2026-05-24 16:20:35,983 - src.training.federated - INFO -   Cardiac Vascular Intensive Care Unit (CVICU): 8118 samples, loss=0.0754
2026-05-24 16:20:35,999 - root - INFO - add_noise: grad_norm=2.4938, noise_norm=1.9719, sigma=0.2999, epsilon_per_round=16.0000
2026-05-24 16:20:35,999 - root - INFO - add_noise: grad_norm=2.8958, noise_norm=0.0735, sigma=0.2999, epsilon_per_round=16.0000
2026-05-24 16:20:35,999 - src.training.federated - INFO -   Coronary Care Unit (CCU): 5113 samples, loss=0.2288
2026-05-24 16:20:36,025 - root - INFO - add_noise: grad_norm=1.8491, noise_norm=1.7754, sigma=0.2999, epsilon_per_round=16.0000
2026-05-24 16:20:36,025 - root - INFO - add_noise: grad_norm=2.3548, noise_norm=0.3755, sigma=0.2999, epsilon_per_round=16.0000
2026-05-24 16:20:36,025 - src.training.federated - INFO -   Medical Intensive Care Unit (MICU): 8791 samples, loss=0.2735
2026-05-24 16:20:36,052 - root - INFO - add_noise: grad_norm=2.5337, noise_norm=1.3215, sigma=0.2999, epsilon_per_round=16.0000
2026-05-24 16:20:36,052 - root - INFO - add_noise: grad_norm=2.6518, noise_norm=0.1987, sigma=0.2999, epsilon_per_round=16.0000
2026-05-24 16:20:36,052 - src.training.federated - INFO -   Medical/Surgical Intensive Care Unit (MICU/SICU): 6983 samples, loss=0.2627
2026-05-24 16:20:36,059 - root - INFO - add_noise: grad_norm=3.2300, noise_norm=1.6185, sigma=0.2999, epsilon_per_round=16.0000
2026-05-24 16:20:36,060 - root - INFO - add_noise: grad_norm=1.4097, noise_norm=0.0492, sigma=0.2999, epsilon_per_round=16.0000
2026-05-24 16:20:36,060 - src.training.federated - INFO -   Neuro Surgical Intensive Care Unit (Neuro SICU): 907 samples, loss=0.3759
2026-05-24 16:20:36,080 - root - INFO - add_noise: grad_norm=2.9842, noise_norm=1.6387, sigma=0.2999, epsilon_per_round=16.0000
2026-05-24 16:20:36,080 - root - INFO - add_noise: grad_norm=2.5900, noise_norm=0.0999, sigma=0.2999, epsilon_per_round=16.0000
2026-05-24 16:20:36,080 - src.training.federated - INFO -   Surgical Intensive Care Unit (SICU): 6372 samples, loss=0.2279
2026-05-24 16:20:36,097 - root - INFO - add_noise: grad_norm=2.4832, noise_norm=1.3950, sigma=0.2999, epsilon_per_round=16.0000
2026-05-24 16:20:36,097 - root - INFO - add_noise: grad_norm=2.8690, noise_norm=0.2761, sigma=0.2999, epsilon_per_round=16.0000
2026-05-24 16:20:36,097 - src.training.federated - INFO -   Trauma SICU (TSICU): 5458 samples, loss=0.1753
2026-05-24 16:20:36,097 - src.training.federated - INFO - Round 15 complete: 7 clients aggregated
2026-05-24 16:20:36,103 - src.training.federated - INFO - Round 15 Validation AUROC: 0.8711
2026-05-24 16:20:36,103 - src.training.federated - INFO - 
======================================================================
2026-05-24 16:20:36,103 - src.training.federated - INFO - Round 16/20
2026-05-24 16:20:36,103 - src.training.federated - INFO - ======================================================================
2026-05-24 16:20:36,125 - root - INFO - add_noise: grad_norm=2.5904, noise_norm=1.5858, sigma=0.2999, epsilon_per_round=16.0000
2026-05-24 16:20:36,126 - root - INFO - add_noise: grad_norm=3.5588, noise_norm=0.1827, sigma=0.2999, epsilon_per_round=16.0000
2026-05-24 16:20:36,126 - src.training.federated - INFO -   Cardiac Vascular Intensive Care Unit (CVICU): 8118 samples, loss=0.0754
2026-05-24 16:20:36,142 - root - INFO - add_noise: grad_norm=2.4938, noise_norm=1.6514, sigma=0.2999, epsilon_per_round=16.0000
2026-05-24 16:20:36,142 - root - INFO - add_noise: grad_norm=2.8958, noise_norm=0.0826, sigma=0.2999, epsilon_per_round=16.0000
2026-05-24 16:20:36,142 - src.training.federated - INFO -   Coronary Care Unit (CCU): 5113 samples, loss=0.2288
2026-05-24 16:20:36,167 - root - INFO - add_noise: grad_norm=1.8491, noise_norm=1.8140, sigma=0.2999, epsilon_per_round=16.0000
2026-05-24 16:20:36,167 - root - INFO - add_noise: grad_norm=2.3548, noise_norm=0.1755, sigma=0.2999, epsilon_per_round=16.0000
2026-05-24 16:20:36,167 - src.training.federated - INFO -   Medical Intensive Care Unit (MICU): 8791 samples, loss=0.2735
2026-05-24 16:20:36,196 - root - INFO - add_noise: grad_norm=2.5337, noise_norm=2.0503, sigma=0.2999, epsilon_per_round=16.0000
2026-05-24 16:20:36,196 - root - INFO - add_noise: grad_norm=2.6518, noise_norm=0.3214, sigma=0.2999, epsilon_per_round=16.0000
2026-05-24 16:20:36,196 - src.training.federated - INFO -   Medical/Surgical Intensive Care Unit (MICU/SICU): 6983 samples, loss=0.2627
2026-05-24 16:20:36,205 - root - INFO - add_noise: grad_norm=3.2300, noise_norm=1.9588, sigma=0.2999, epsilon_per_round=16.0000
2026-05-24 16:20:36,205 - root - INFO - add_noise: grad_norm=1.4097, noise_norm=0.1638, sigma=0.2999, epsilon_per_round=16.0000
2026-05-24 16:20:36,205 - src.training.federated - INFO -   Neuro Surgical Intensive Care Unit (Neuro SICU): 907 samples, loss=0.3759
2026-05-24 16:20:36,225 - root - INFO - add_noise: grad_norm=2.9842, noise_norm=1.5729, sigma=0.2999, epsilon_per_round=16.0000
2026-05-24 16:20:36,225 - root - INFO - add_noise: grad_norm=2.5900, noise_norm=0.1682, sigma=0.2999, epsilon_per_round=16.0000
2026-05-24 16:20:36,225 - src.training.federated - INFO -   Surgical Intensive Care Unit (SICU): 6372 samples, loss=0.2279
2026-05-24 16:20:36,243 - root - INFO - add_noise: grad_norm=2.4832, noise_norm=1.5633, sigma=0.2999, epsilon_per_round=16.0000
2026-05-24 16:20:36,243 - root - INFO - add_noise: grad_norm=2.8690, noise_norm=0.0524, sigma=0.2999, epsilon_per_round=16.0000
2026-05-24 16:20:36,243 - src.training.federated - INFO -   Trauma SICU (TSICU): 5458 samples, loss=0.1753
2026-05-24 16:20:36,243 - src.training.federated - INFO - Round 16 complete: 7 clients aggregated
2026-05-24 16:20:36,248 - src.training.federated - INFO - Round 16 Validation AUROC: 0.8701
2026-05-24 16:20:36,249 - src.training.federated - INFO - 
======================================================================
2026-05-24 16:20:36,249 - src.training.federated - INFO - Round 17/20
2026-05-24 16:20:36,249 - src.training.federated - INFO - ======================================================================
2026-05-24 16:20:36,272 - root - INFO - add_noise: grad_norm=2.5904, noise_norm=1.3755, sigma=0.2999, epsilon_per_round=16.0000
2026-05-24 16:20:36,273 - root - INFO - add_noise: grad_norm=3.5588, noise_norm=0.1923, sigma=0.2999, epsilon_per_round=16.0000
2026-05-24 16:20:36,273 - src.training.federated - INFO -   Cardiac Vascular Intensive Care Unit (CVICU): 8118 samples, loss=0.0754
2026-05-24 16:20:36,289 - root - INFO - add_noise: grad_norm=2.4938, noise_norm=1.5876, sigma=0.2999, epsilon_per_round=16.0000
2026-05-24 16:20:36,289 - root - INFO - add_noise: grad_norm=2.8958, noise_norm=0.0976, sigma=0.2999, epsilon_per_round=16.0000
2026-05-24 16:20:36,289 - src.training.federated - INFO -   Coronary Care Unit (CCU): 5113 samples, loss=0.2288
2026-05-24 16:20:36,315 - root - INFO - add_noise: grad_norm=1.8491, noise_norm=1.5305, sigma=0.2999, epsilon_per_round=16.0000
2026-05-24 16:20:36,315 - root - INFO - add_noise: grad_norm=2.3548, noise_norm=0.0770, sigma=0.2999, epsilon_per_round=16.0000
2026-05-24 16:20:36,315 - src.training.federated - INFO -   Medical Intensive Care Unit (MICU): 8791 samples, loss=0.2735
2026-05-24 16:20:36,344 - root - INFO - add_noise: grad_norm=2.5337, noise_norm=2.1493, sigma=0.2999, epsilon_per_round=16.0000
2026-05-24 16:20:36,344 - root - INFO - add_noise: grad_norm=2.6518, noise_norm=0.0757, sigma=0.2999, epsilon_per_round=16.0000
2026-05-24 16:20:36,344 - src.training.federated - INFO -   Medical/Surgical Intensive Care Unit (MICU/SICU): 6983 samples, loss=0.2627
2026-05-24 16:20:36,353 - root - INFO - add_noise: grad_norm=3.2300, noise_norm=1.6839, sigma=0.2999, epsilon_per_round=16.0000
2026-05-24 16:20:36,353 - root - INFO - add_noise: grad_norm=1.4097, noise_norm=0.2175, sigma=0.2999, epsilon_per_round=16.0000
2026-05-24 16:20:36,353 - src.training.federated - INFO -   Neuro Surgical Intensive Care Unit (Neuro SICU): 907 samples, loss=0.3759
2026-05-24 16:20:36,374 - root - INFO - add_noise: grad_norm=2.9842, noise_norm=1.6846, sigma=0.2999, epsilon_per_round=16.0000
2026-05-24 16:20:36,374 - root - INFO - add_noise: grad_norm=2.5900, noise_norm=0.2099, sigma=0.2999, epsilon_per_round=16.0000
2026-05-24 16:20:36,374 - src.training.federated - INFO -   Surgical Intensive Care Unit (SICU): 6372 samples, loss=0.2279
2026-05-24 16:20:36,392 - root - INFO - add_noise: grad_norm=2.4832, noise_norm=1.5391, sigma=0.2999, epsilon_per_round=16.0000
2026-05-24 16:20:36,392 - root - INFO - add_noise: grad_norm=2.8690, noise_norm=0.0262, sigma=0.2999, epsilon_per_round=16.0000
2026-05-24 16:20:36,392 - src.training.federated - INFO -   Trauma SICU (TSICU): 5458 samples, loss=0.1753
2026-05-24 16:20:36,392 - src.training.federated - INFO - Round 17 complete: 7 clients aggregated
2026-05-24 16:20:36,399 - src.training.federated - INFO - Round 17 Validation AUROC: 0.8644
2026-05-24 16:20:36,399 - src.training.federated - INFO - 
======================================================================
2026-05-24 16:20:36,399 - src.training.federated - INFO - Round 18/20
2026-05-24 16:20:36,399 - src.training.federated - INFO - ======================================================================
2026-05-24 16:20:36,422 - root - INFO - add_noise: grad_norm=2.5904, noise_norm=1.4396, sigma=0.2999, epsilon_per_round=16.0000
2026-05-24 16:20:36,422 - root - INFO - add_noise: grad_norm=3.5588, noise_norm=0.1083, sigma=0.2999, epsilon_per_round=16.0000
2026-05-24 16:20:36,422 - src.training.federated - INFO -   Cardiac Vascular Intensive Care Unit (CVICU): 8118 samples, loss=0.0754
2026-05-24 16:20:36,438 - root - INFO - add_noise: grad_norm=2.4938, noise_norm=1.9214, sigma=0.2999, epsilon_per_round=16.0000
2026-05-24 16:20:36,438 - root - INFO - add_noise: grad_norm=2.8958, noise_norm=0.1007, sigma=0.2999, epsilon_per_round=16.0000
2026-05-24 16:20:36,438 - src.training.federated - INFO -   Coronary Care Unit (CCU): 5113 samples, loss=0.2288
2026-05-24 16:20:36,464 - root - INFO - add_noise: grad_norm=1.8491, noise_norm=1.5800, sigma=0.2999, epsilon_per_round=16.0000
2026-05-24 16:20:36,464 - root - INFO - add_noise: grad_norm=2.3548, noise_norm=0.0125, sigma=0.2999, epsilon_per_round=16.0000
2026-05-24 16:20:36,464 - src.training.federated - INFO -   Medical Intensive Care Unit (MICU): 8791 samples, loss=0.2735
2026-05-24 16:20:36,492 - root - INFO - add_noise: grad_norm=2.5337, noise_norm=1.1878, sigma=0.2999, epsilon_per_round=16.0000
2026-05-24 16:20:36,492 - root - INFO - add_noise: grad_norm=2.6518, noise_norm=0.1084, sigma=0.2999, epsilon_per_round=16.0000
2026-05-24 16:20:36,492 - src.training.federated - INFO -   Medical/Surgical Intensive Care Unit (MICU/SICU): 6983 samples, loss=0.2627
2026-05-24 16:20:36,500 - root - INFO - add_noise: grad_norm=3.2300, noise_norm=2.1280, sigma=0.2999, epsilon_per_round=16.0000
2026-05-24 16:20:36,500 - root - INFO - add_noise: grad_norm=1.4097, noise_norm=0.3830, sigma=0.2999, epsilon_per_round=16.0000
2026-05-24 16:20:36,500 - src.training.federated - INFO -   Neuro Surgical Intensive Care Unit (Neuro SICU): 907 samples, loss=0.3759
2026-05-24 16:20:36,521 - root - INFO - add_noise: grad_norm=2.9842, noise_norm=1.4241, sigma=0.2999, epsilon_per_round=16.0000
2026-05-24 16:20:36,521 - root - INFO - add_noise: grad_norm=2.5900, noise_norm=0.5194, sigma=0.2999, epsilon_per_round=16.0000
2026-05-24 16:20:36,521 - src.training.federated - INFO -   Surgical Intensive Care Unit (SICU): 6372 samples, loss=0.2279
2026-05-24 16:20:36,538 - root - INFO - add_noise: grad_norm=2.4832, noise_norm=1.8243, sigma=0.2999, epsilon_per_round=16.0000
2026-05-24 16:20:36,539 - root - INFO - add_noise: grad_norm=2.8690, noise_norm=0.4147, sigma=0.2999, epsilon_per_round=16.0000
2026-05-24 16:20:36,539 - src.training.federated - INFO -   Trauma SICU (TSICU): 5458 samples, loss=0.1753
2026-05-24 16:20:36,539 - src.training.federated - INFO - Round 18 complete: 7 clients aggregated
2026-05-24 16:20:36,545 - src.training.federated - INFO - Round 18 Validation AUROC: 0.8726
2026-05-24 16:20:36,545 - src.training.federated - INFO - 
======================================================================
2026-05-24 16:20:36,545 - src.training.federated - INFO - Round 19/20
2026-05-24 16:20:36,545 - src.training.federated - INFO - ======================================================================
2026-05-24 16:20:36,569 - root - INFO - add_noise: grad_norm=2.5904, noise_norm=1.6952, sigma=0.2999, epsilon_per_round=16.0000
2026-05-24 16:20:36,569 - root - INFO - add_noise: grad_norm=3.5588, noise_norm=0.0093, sigma=0.2999, epsilon_per_round=16.0000
2026-05-24 16:20:36,569 - src.training.federated - INFO -   Cardiac Vascular Intensive Care Unit (CVICU): 8118 samples, loss=0.0754
2026-05-24 16:20:36,585 - root - INFO - add_noise: grad_norm=2.4938, noise_norm=1.5943, sigma=0.2999, epsilon_per_round=16.0000
2026-05-24 16:20:36,585 - root - INFO - add_noise: grad_norm=2.8958, noise_norm=0.3635, sigma=0.2999, epsilon_per_round=16.0000
2026-05-24 16:20:36,585 - src.training.federated - INFO -   Coronary Care Unit (CCU): 5113 samples, loss=0.2288
2026-05-24 16:20:36,611 - root - INFO - add_noise: grad_norm=1.8491, noise_norm=1.0668, sigma=0.2999, epsilon_per_round=16.0000
2026-05-24 16:20:36,611 - root - INFO - add_noise: grad_norm=2.3548, noise_norm=0.3630, sigma=0.2999, epsilon_per_round=16.0000
2026-05-24 16:20:36,611 - src.training.federated - INFO -   Medical Intensive Care Unit (MICU): 8791 samples, loss=0.2735
2026-05-24 16:20:36,638 - root - INFO - add_noise: grad_norm=2.5337, noise_norm=1.6676, sigma=0.2999, epsilon_per_round=16.0000
2026-05-24 16:20:36,638 - root - INFO - add_noise: grad_norm=2.6518, noise_norm=0.3828, sigma=0.2999, epsilon_per_round=16.0000
2026-05-24 16:20:36,638 - src.training.federated - INFO -   Medical/Surgical Intensive Care Unit (MICU/SICU): 6983 samples, loss=0.2627
2026-05-24 16:20:36,646 - root - INFO - add_noise: grad_norm=3.2300, noise_norm=1.5953, sigma=0.2999, epsilon_per_round=16.0000
2026-05-24 16:20:36,646 - root - INFO - add_noise: grad_norm=1.4097, noise_norm=0.1234, sigma=0.2999, epsilon_per_round=16.0000
2026-05-24 16:20:36,646 - src.training.federated - INFO -   Neuro Surgical Intensive Care Unit (Neuro SICU): 907 samples, loss=0.3759
2026-05-24 16:20:36,667 - root - INFO - add_noise: grad_norm=2.9842, noise_norm=1.7663, sigma=0.2999, epsilon_per_round=16.0000
2026-05-24 16:20:36,667 - root - INFO - add_noise: grad_norm=2.5900, noise_norm=0.3574, sigma=0.2999, epsilon_per_round=16.0000
2026-05-24 16:20:36,667 - src.training.federated - INFO -   Surgical Intensive Care Unit (SICU): 6372 samples, loss=0.2279
2026-05-24 16:20:36,684 - root - INFO - add_noise: grad_norm=2.4832, noise_norm=1.4596, sigma=0.2999, epsilon_per_round=16.0000
2026-05-24 16:20:36,684 - root - INFO - add_noise: grad_norm=2.8690, noise_norm=0.1542, sigma=0.2999, epsilon_per_round=16.0000
2026-05-24 16:20:36,684 - src.training.federated - INFO -   Trauma SICU (TSICU): 5458 samples, loss=0.1753
2026-05-24 16:20:36,684 - src.training.federated - INFO - Round 19 complete: 7 clients aggregated
2026-05-24 16:20:36,690 - src.training.federated - INFO - Round 19 Validation AUROC: 0.8755
2026-05-24 16:20:36,690 - src.training.federated - INFO - 
======================================================================
2026-05-24 16:20:36,690 - src.training.federated - INFO - Round 20/20
2026-05-24 16:20:36,690 - src.training.federated - INFO - ======================================================================
2026-05-24 16:20:36,712 - root - INFO - add_noise: grad_norm=2.5904, noise_norm=1.1933, sigma=0.2999, epsilon_per_round=16.0000
2026-05-24 16:20:36,712 - root - INFO - add_noise: grad_norm=3.5588, noise_norm=0.1449, sigma=0.2999, epsilon_per_round=16.0000
2026-05-24 16:20:36,712 - src.training.federated - INFO -   Cardiac Vascular Intensive Care Unit (CVICU): 8118 samples, loss=0.0754
2026-05-24 16:20:36,728 - root - INFO - add_noise: grad_norm=2.4938, noise_norm=1.8681, sigma=0.2999, epsilon_per_round=16.0000
2026-05-24 16:20:36,728 - root - INFO - add_noise: grad_norm=2.8958, noise_norm=0.0252, sigma=0.2999, epsilon_per_round=16.0000
2026-05-24 16:20:36,728 - src.training.federated - INFO -   Coronary Care Unit (CCU): 5113 samples, loss=0.2288
2026-05-24 16:20:36,754 - root - INFO - add_noise: grad_norm=1.8491, noise_norm=1.5872, sigma=0.2999, epsilon_per_round=16.0000
2026-05-24 16:20:36,755 - root - INFO - add_noise: grad_norm=2.3548, noise_norm=0.0591, sigma=0.2999, epsilon_per_round=16.0000
2026-05-24 16:20:36,755 - src.training.federated - INFO -   Medical Intensive Care Unit (MICU): 8791 samples, loss=0.2735
2026-05-24 16:20:36,781 - root - INFO - add_noise: grad_norm=2.5337, noise_norm=1.4887, sigma=0.2999, epsilon_per_round=16.0000
2026-05-24 16:20:36,781 - root - INFO - add_noise: grad_norm=2.6518, noise_norm=0.1502, sigma=0.2999, epsilon_per_round=16.0000
2026-05-24 16:20:36,781 - src.training.federated - INFO -   Medical/Surgical Intensive Care Unit (MICU/SICU): 6983 samples, loss=0.2627
2026-05-24 16:20:36,789 - root - INFO - add_noise: grad_norm=3.2300, noise_norm=1.7499, sigma=0.2999, epsilon_per_round=16.0000
2026-05-24 16:20:36,789 - root - INFO - add_noise: grad_norm=1.4097, noise_norm=0.5287, sigma=0.2999, epsilon_per_round=16.0000
2026-05-24 16:20:36,789 - src.training.federated - INFO -   Neuro Surgical Intensive Care Unit (Neuro SICU): 907 samples, loss=0.3759
2026-05-24 16:20:36,809 - root - INFO - add_noise: grad_norm=2.9842, noise_norm=1.4420, sigma=0.2999, epsilon_per_round=16.0000
2026-05-24 16:20:36,809 - root - INFO - add_noise: grad_norm=2.5900, noise_norm=0.2033, sigma=0.2999, epsilon_per_round=16.0000
2026-05-24 16:20:36,809 - src.training.federated - INFO -   Surgical Intensive Care Unit (SICU): 6372 samples, loss=0.2279
2026-05-24 16:20:36,826 - root - INFO - add_noise: grad_norm=2.4832, noise_norm=1.8967, sigma=0.2999, epsilon_per_round=16.0000
2026-05-24 16:20:36,826 - root - INFO - add_noise: grad_norm=2.8690, noise_norm=0.3041, sigma=0.2999, epsilon_per_round=16.0000
2026-05-24 16:20:36,826 - src.training.federated - INFO -   Trauma SICU (TSICU): 5458 samples, loss=0.1753
2026-05-24 16:20:36,826 - src.training.federated - INFO - Round 20 complete: 7 clients aggregated
2026-05-24 16:20:36,833 - src.training.federated - INFO - Round 20 Validation AUROC: 0.8638
2026-05-24 16:20:36,839 - src.training.federated - INFO - 
======================================================================
2026-05-24 16:20:36,839 - src.training.federated - INFO - Final Test AUROC: 0.8702
2026-05-24 16:20:36,839 - src.training.federated - INFO - ======================================================================

2026-05-24 16:20:36,839 - __main__ - INFO - 
======================================================================
2026-05-24 16:20:36,840 - __main__ - INFO - Phase 1.5: Results Comparison
2026-05-24 16:20:36,840 - __main__ - INFO - ======================================================================
2026-05-24 16:20:36,840 - __main__ - INFO - 
Test AUROC Comparison:
2026-05-24 16:20:36,840 - __main__ - INFO -   Centralized: 0.8880
2026-05-24 16:20:36,840 - __main__ - INFO -   Federated:   0.8702
2026-05-24 16:20:36,840 - __main__ - INFO -   Divergence:  0.0177
2026-05-24 16:20:36,840 - __main__ - INFO - ✓ Federated AUROC (0.8702) ≥ 0.85 target
2026-05-24 16:20:36,840 - __main__ - INFO - ✓ Divergence (0.0177) within 0.05
2026-05-24 16:20:36,840 - __main__ - INFO - 
======================================================================
2026-05-24 16:20:36,840 - __main__ - INFO - ✅ EXPERIMENT 1 PASSED - Ready for Phase 2
2026-05-24 16:20:36,840 - __main__ - INFO - ======================================================================
