2026-05-24 16:20:43,640 - __main__ - INFO - 
================================================================================
2026-05-24 16:20:43,640 - __main__ - INFO - # EXPERIMENT 1: FEDERATED LEARNING BASELINE
2026-05-24 16:20:43,640 - __main__ - INFO - ================================================================================
2026-05-24 16:20:43,641 - __main__ - INFO - 
Phase 1.1: Loading Phase 0 cohort and splits...
2026-05-24 16:20:43,641 - src.data.loader - INFO - Loading cohort from cache: /home/raiyanjiyon/Projects/federated-healthcare-ml/data/cache/mimic_iv_cohort.csv
2026-05-24 16:20:43,815 - src.data.loader - WARNING - Missing features: {'admission_type_emergency'}
2026-05-24 16:20:43,822 - src.data.loader - INFO - Dataset: 65273 patients, 31 features
2026-05-24 16:20:43,822 - src.data.loader - INFO - Target distribution: [58207  7066]
2026-05-24 16:20:43,822 - __main__ - INFO - Loaded: 65273 samples, 31 features
2026-05-24 16:20:43,822 - __main__ - INFO - Target distribution: 7066 deaths (10.8%)
2026-05-24 16:20:43,822 - __main__ - INFO - 
Phase 1.2: Distributing data to federated clients by care unit...
2026-05-24 16:20:43,827 - src.data.split - INFO - ✓ Medical Intensive Care Unit (MICU): 8791 patients, 1410 deaths (16.0%)
2026-05-24 16:20:43,831 - src.data.split - INFO - ✓ Surgical Intensive Care Unit (SICU): 6372 patients, 754 deaths (11.8%)
2026-05-24 16:20:43,835 - src.data.split - INFO - ✓ Medical/Surgical Intensive Care Unit (MICU/SICU): 6983 patients, 957 deaths (13.7%)
2026-05-24 16:20:43,839 - src.data.split - INFO - ✓ Cardiac Vascular Intensive Care Unit (CVICU): 8118 patients, 265 deaths (3.3%)
2026-05-24 16:20:43,842 - src.data.split - INFO - ✓ Coronary Care Unit (CCU): 5113 patients, 643 deaths (12.6%)
2026-05-24 16:20:43,846 - src.data.split - INFO - ✓ Trauma SICU (TSICU): 5458 patients, 569 deaths (10.4%)
2026-05-24 16:20:43,849 - src.data.split - INFO - ✓ Neuro Surgical Intensive Care Unit (Neuro SICU): 907 patients, 256 deaths (28.2%)
2026-05-24 16:20:43,853 - src.data.split - INFO -   (skipped Intensive Care Unit (ICU): 16 patients, < 100)
2026-05-24 16:20:43,856 - src.data.split - INFO -   (skipped Medicine: 9 patients, < 100)
2026-05-24 16:20:43,858 - src.data.split - INFO -   (skipped Neuro Intermediate: 3035 patients, < 100)
2026-05-24 16:20:43,860 - src.data.split - INFO -   (skipped Neuro Stepdown: 784 patients, < 100)
2026-05-24 16:20:43,862 - src.data.split - INFO -   (skipped PACU: 43 patients, < 100)
2026-05-24 16:20:43,865 - src.data.split - INFO -   (skipped Surgery/Trauma: 2 patients, < 100)
2026-05-24 16:20:43,867 - src.data.split - INFO -   (skipped Surgery/Vascular/Intermediate: 60 patients, < 100)
2026-05-24 16:20:43,867 - src.data.split - INFO - 
✓ Federated learning ready: 7 clients
2026-05-24 16:20:43,867 - __main__ - INFO - 
✓ Created 7 federated clients
2026-05-24 16:20:43,867 - __main__ - INFO - 
Client Statistics:
2026-05-24 16:20:43,867 - __main__ - INFO - ----------------------------------------------------------------------
2026-05-24 16:20:43,867 - __main__ - INFO -   Medical Intensive Care Unit (MICU)         8791 patients, 1410 deaths ( 16.0%)
2026-05-24 16:20:43,867 - __main__ - INFO -   Cardiac Vascular Intensive Care Unit (CVICU)   8118 patients,  265 deaths (  3.3%)
2026-05-24 16:20:43,867 - __main__ - INFO -   Medical/Surgical Intensive Care Unit (MICU/SICU)   6983 patients,  957 deaths ( 13.7%)
2026-05-24 16:20:43,867 - __main__ - INFO -   Surgical Intensive Care Unit (SICU)        6372 patients,  754 deaths ( 11.8%)
2026-05-24 16:20:43,867 - __main__ - INFO -   Trauma SICU (TSICU)                        5458 patients,  569 deaths ( 10.4%)
2026-05-24 16:20:43,867 - __main__ - INFO -   Coronary Care Unit (CCU)                   5113 patients,  643 deaths ( 12.6%)
2026-05-24 16:20:43,867 - __main__ - INFO -   Neuro Surgical Intensive Care Unit (Neuro SICU)    907 patients,  256 deaths ( 28.2%)
2026-05-24 16:20:43,867 - __main__ - INFO - 
======================================================================
2026-05-24 16:20:43,867 - __main__ - INFO - Phase 1.3: Training Centralized Baseline (for comparison)...
2026-05-24 16:20:43,867 - __main__ - INFO - ======================================================================
2026-05-24 16:20:44,456 - __main__ - INFO - 
Centralized Train AUROC: 0.8857
2026-05-24 16:20:44,456 - __main__ - INFO - Centralized Val AUROC:   0.8846
2026-05-24 16:20:44,456 - __main__ - INFO - Centralized Test AUROC:  0.8880
2026-05-24 16:20:44,456 - __main__ - INFO - 
======================================================================
2026-05-24 16:20:44,456 - __main__ - INFO - Phase 1.4: Training Federated Learning Model...
2026-05-24 16:20:44,456 - __main__ - INFO - ======================================================================
2026-05-24 16:20:44,456 - __main__ - INFO - Overriding DP epsilon to 8.0
2026-05-24 16:20:44,456 - __main__ - INFO - Overriding clipping threshold to 1.0
2026-05-24 16:20:44,487 - root - INFO - 
======================================================================
2026-05-24 16:20:44,487 - root - INFO - Differential Privacy Mechanism Initialized: GaussianDP
2026-05-24 16:20:44,487 - root - INFO - ======================================================================
2026-05-24 16:20:44,487 - root - INFO -   Privacy Budget (ε):     8.0000
2026-05-24 16:20:44,487 - root - INFO -   Failure Probability (δ): 0.000010
2026-05-24 16:20:44,487 - root - INFO -   Clipping Norm (C):      1.0000
2026-05-24 16:20:44,487 - root - INFO -   Noise Scale (σ):        0.5998
2026-05-24 16:20:44,487 - root - INFO - ======================================================================

2026-05-24 16:20:44,487 - src.training.federated - INFO - FederatedTrainer initialized:
2026-05-24 16:20:44,487 - src.training.federated - INFO -   Clients: 7
2026-05-24 16:20:44,487 - src.training.federated - INFO -   Training samples: 41742
2026-05-24 16:20:44,487 - src.training.federated - INFO -   Validation samples: 9791
2026-05-24 16:20:44,487 - src.training.federated - INFO -   Test samples: 9791
2026-05-24 16:20:44,487 - src.training.federated - INFO -   Features: 31
2026-05-24 16:20:44,487 - src.training.federated - INFO -   Rounds: 20
2026-05-24 16:20:44,487 - src.training.federated - INFO -   Strategy: FEDAVG
2026-05-24 16:20:44,487 - src.training.federated - INFO -   Privacy: Enabled (ε=1.0, δ=1e-5)
2026-05-24 16:20:44,487 - src.training.federated - INFO - 
######################################################################
2026-05-24 16:20:44,487 - src.training.federated - INFO - # FEDERATED LEARNING TRAINING (20 rounds)
2026-05-24 16:20:44,487 - src.training.federated - INFO - # Strategy: FEDAVG
2026-05-24 16:20:44,487 - src.training.federated - INFO - ######################################################################

2026-05-24 16:20:44,487 - src.training.federated - INFO - 
======================================================================
2026-05-24 16:20:44,487 - src.training.federated - INFO - Round 1/20
2026-05-24 16:20:44,487 - src.training.federated - INFO - ======================================================================
2026-05-24 16:20:44,551 - root - INFO - add_noise: grad_norm=2.5904, noise_norm=3.3095, sigma=0.5998, epsilon_per_round=8.0000
2026-05-24 16:20:44,551 - root - INFO - add_noise: grad_norm=3.5588, noise_norm=1.3384, sigma=0.5998, epsilon_per_round=8.0000
2026-05-24 16:20:44,551 - src.training.federated - INFO -   Cardiac Vascular Intensive Care Unit (CVICU): 8118 samples, loss=0.0754
2026-05-24 16:20:44,569 - root - INFO - add_noise: grad_norm=2.4938, noise_norm=3.1268, sigma=0.5998, epsilon_per_round=8.0000
2026-05-24 16:20:44,570 - root - INFO - add_noise: grad_norm=2.8958, noise_norm=0.1955, sigma=0.5998, epsilon_per_round=8.0000
2026-05-24 16:20:44,570 - src.training.federated - INFO -   Coronary Care Unit (CCU): 5113 samples, loss=0.2288
2026-05-24 16:20:44,594 - root - INFO - add_noise: grad_norm=1.8491, noise_norm=3.6864, sigma=0.5998, epsilon_per_round=8.0000
2026-05-24 16:20:44,594 - root - INFO - add_noise: grad_norm=2.3548, noise_norm=0.6243, sigma=0.5998, epsilon_per_round=8.0000
2026-05-24 16:20:44,594 - src.training.federated - INFO -   Medical Intensive Care Unit (MICU): 8791 samples, loss=0.2735
2026-05-24 16:20:44,619 - root - INFO - add_noise: grad_norm=2.5337, noise_norm=3.6728, sigma=0.5998, epsilon_per_round=8.0000
2026-05-24 16:20:44,619 - root - INFO - add_noise: grad_norm=2.6518, noise_norm=0.5961, sigma=0.5998, epsilon_per_round=8.0000
2026-05-24 16:20:44,619 - src.training.federated - INFO -   Medical/Surgical Intensive Care Unit (MICU/SICU): 6983 samples, loss=0.2627
2026-05-24 16:20:44,627 - root - INFO - add_noise: grad_norm=3.2300, noise_norm=4.0154, sigma=0.5998, epsilon_per_round=8.0000
2026-05-24 16:20:44,627 - root - INFO - add_noise: grad_norm=1.4097, noise_norm=0.2684, sigma=0.5998, epsilon_per_round=8.0000
2026-05-24 16:20:44,627 - src.training.federated - INFO -   Neuro Surgical Intensive Care Unit (Neuro SICU): 907 samples, loss=0.3759
2026-05-24 16:20:44,646 - root - INFO - add_noise: grad_norm=2.9842, noise_norm=3.7769, sigma=0.5998, epsilon_per_round=8.0000
2026-05-24 16:20:44,646 - root - INFO - add_noise: grad_norm=2.5900, noise_norm=0.4549, sigma=0.5998, epsilon_per_round=8.0000
2026-05-24 16:20:44,646 - src.training.federated - INFO -   Surgical Intensive Care Unit (SICU): 6372 samples, loss=0.2279
2026-05-24 16:20:44,661 - root - INFO - add_noise: grad_norm=2.4832, noise_norm=3.1744, sigma=0.5998, epsilon_per_round=8.0000
2026-05-24 16:20:44,661 - root - INFO - add_noise: grad_norm=2.8690, noise_norm=0.5079, sigma=0.5998, epsilon_per_round=8.0000
2026-05-24 16:20:44,661 - src.training.federated - INFO -   Trauma SICU (TSICU): 5458 samples, loss=0.1753
2026-05-24 16:20:44,661 - src.training.federated - INFO - Round 1 complete: 7 clients aggregated
2026-05-24 16:20:44,667 - src.training.federated - INFO - Round 1 Validation AUROC: 0.8085
2026-05-24 16:20:44,667 - src.training.federated - INFO - 
======================================================================
2026-05-24 16:20:44,667 - src.training.federated - INFO - Round 2/20
2026-05-24 16:20:44,667 - src.training.federated - INFO - ======================================================================
2026-05-24 16:20:44,688 - root - INFO - add_noise: grad_norm=2.5904, noise_norm=3.4869, sigma=0.5998, epsilon_per_round=8.0000
2026-05-24 16:20:44,688 - root - INFO - add_noise: grad_norm=3.5588, noise_norm=0.0351, sigma=0.5998, epsilon_per_round=8.0000
2026-05-24 16:20:44,688 - src.training.federated - INFO -   Cardiac Vascular Intensive Care Unit (CVICU): 8118 samples, loss=0.0754
2026-05-24 16:20:44,703 - root - INFO - add_noise: grad_norm=2.4938, noise_norm=3.1557, sigma=0.5998, epsilon_per_round=8.0000
2026-05-24 16:20:44,703 - root - INFO - add_noise: grad_norm=2.8958, noise_norm=0.9840, sigma=0.5998, epsilon_per_round=8.0000
2026-05-24 16:20:44,703 - src.training.federated - INFO -   Coronary Care Unit (CCU): 5113 samples, loss=0.2288
2026-05-24 16:20:44,727 - root - INFO - add_noise: grad_norm=1.8491, noise_norm=2.9810, sigma=0.5998, epsilon_per_round=8.0000
2026-05-24 16:20:44,728 - root - INFO - add_noise: grad_norm=2.3548, noise_norm=0.8729, sigma=0.5998, epsilon_per_round=8.0000
2026-05-24 16:20:44,728 - src.training.federated - INFO -   Medical Intensive Care Unit (MICU): 8791 samples, loss=0.2735
2026-05-24 16:20:44,753 - root - INFO - add_noise: grad_norm=2.5337, noise_norm=3.5265, sigma=0.5998, epsilon_per_round=8.0000
2026-05-24 16:20:44,754 - root - INFO - add_noise: grad_norm=2.6518, noise_norm=0.0252, sigma=0.5998, epsilon_per_round=8.0000
2026-05-24 16:20:44,754 - src.training.federated - INFO -   Medical/Surgical Intensive Care Unit (MICU/SICU): 6983 samples, loss=0.2627
2026-05-24 16:20:44,761 - root - INFO - add_noise: grad_norm=3.2300, noise_norm=3.6008, sigma=0.5998, epsilon_per_round=8.0000
2026-05-24 16:20:44,761 - root - INFO - add_noise: grad_norm=1.4097, noise_norm=0.0684, sigma=0.5998, epsilon_per_round=8.0000
2026-05-24 16:20:44,761 - src.training.federated - INFO -   Neuro Surgical Intensive Care Unit (Neuro SICU): 907 samples, loss=0.3759
2026-05-24 16:20:44,780 - root - INFO - add_noise: grad_norm=2.9842, noise_norm=3.5457, sigma=0.5998, epsilon_per_round=8.0000
2026-05-24 16:20:44,780 - root - INFO - add_noise: grad_norm=2.5900, noise_norm=0.1527, sigma=0.5998, epsilon_per_round=8.0000
2026-05-24 16:20:44,780 - src.training.federated - INFO -   Surgical Intensive Care Unit (SICU): 6372 samples, loss=0.2279
2026-05-24 16:20:44,796 - root - INFO - add_noise: grad_norm=2.4832, noise_norm=2.9609, sigma=0.5998, epsilon_per_round=8.0000
2026-05-24 16:20:44,796 - root - INFO - add_noise: grad_norm=2.8690, noise_norm=0.6448, sigma=0.5998, epsilon_per_round=8.0000
2026-05-24 16:20:44,796 - src.training.federated - INFO -   Trauma SICU (TSICU): 5458 samples, loss=0.1753
2026-05-24 16:20:44,796 - src.training.federated - INFO - Round 2 complete: 7 clients aggregated
2026-05-24 16:20:44,801 - src.training.federated - INFO - Round 2 Validation AUROC: 0.8354
2026-05-24 16:20:44,801 - src.training.federated - INFO - 
======================================================================
2026-05-24 16:20:44,801 - src.training.federated - INFO - Round 3/20
2026-05-24 16:20:44,801 - src.training.federated - INFO - ======================================================================
2026-05-24 16:20:44,823 - root - INFO - add_noise: grad_norm=2.5904, noise_norm=3.4567, sigma=0.5998, epsilon_per_round=8.0000
2026-05-24 16:20:44,823 - root - INFO - add_noise: grad_norm=3.5588, noise_norm=0.0425, sigma=0.5998, epsilon_per_round=8.0000
2026-05-24 16:20:44,823 - src.training.federated - INFO -   Cardiac Vascular Intensive Care Unit (CVICU): 8118 samples, loss=0.0754
2026-05-24 16:20:44,839 - root - INFO - add_noise: grad_norm=2.4938, noise_norm=3.6753, sigma=0.5998, epsilon_per_round=8.0000
2026-05-24 16:20:44,839 - root - INFO - add_noise: grad_norm=2.8958, noise_norm=0.4978, sigma=0.5998, epsilon_per_round=8.0000
2026-05-24 16:20:44,839 - src.training.federated - INFO -   Coronary Care Unit (CCU): 5113 samples, loss=0.2288
2026-05-24 16:20:44,866 - root - INFO - add_noise: grad_norm=1.8491, noise_norm=4.0815, sigma=0.5998, epsilon_per_round=8.0000
2026-05-24 16:20:44,866 - root - INFO - add_noise: grad_norm=2.3548, noise_norm=0.4472, sigma=0.5998, epsilon_per_round=8.0000
2026-05-24 16:20:44,866 - src.training.federated - INFO -   Medical Intensive Care Unit (MICU): 8791 samples, loss=0.2735
2026-05-24 16:20:44,893 - root - INFO - add_noise: grad_norm=2.5337, noise_norm=3.1199, sigma=0.5998, epsilon_per_round=8.0000
2026-05-24 16:20:44,893 - root - INFO - add_noise: grad_norm=2.6518, noise_norm=0.2624, sigma=0.5998, epsilon_per_round=8.0000
2026-05-24 16:20:44,893 - src.training.federated - INFO -   Medical/Surgical Intensive Care Unit (MICU/SICU): 6983 samples, loss=0.2627
2026-05-24 16:20:44,900 - root - INFO - add_noise: grad_norm=3.2300, noise_norm=3.1397, sigma=0.5998, epsilon_per_round=8.0000
2026-05-24 16:20:44,900 - root - INFO - add_noise: grad_norm=1.4097, noise_norm=0.4014, sigma=0.5998, epsilon_per_round=8.0000
2026-05-24 16:20:44,900 - src.training.federated - INFO -   Neuro Surgical Intensive Care Unit (Neuro SICU): 907 samples, loss=0.3759
2026-05-24 16:20:44,919 - root - INFO - add_noise: grad_norm=2.9842, noise_norm=2.9413, sigma=0.5998, epsilon_per_round=8.0000
2026-05-24 16:20:44,920 - root - INFO - add_noise: grad_norm=2.5900, noise_norm=0.6006, sigma=0.5998, epsilon_per_round=8.0000
2026-05-24 16:20:44,920 - src.training.federated - INFO -   Surgical Intensive Care Unit (SICU): 6372 samples, loss=0.2279
2026-05-24 16:20:44,935 - root - INFO - add_noise: grad_norm=2.4832, noise_norm=3.2352, sigma=0.5998, epsilon_per_round=8.0000
2026-05-24 16:20:44,935 - root - INFO - add_noise: grad_norm=2.8690, noise_norm=0.7653, sigma=0.5998, epsilon_per_round=8.0000
2026-05-24 16:20:44,935 - src.training.federated - INFO -   Trauma SICU (TSICU): 5458 samples, loss=0.1753
2026-05-24 16:20:44,935 - src.training.federated - INFO - Round 3 complete: 7 clients aggregated
2026-05-24 16:20:44,942 - src.training.federated - INFO - Round 3 Validation AUROC: 0.8139
2026-05-24 16:20:44,942 - src.training.federated - INFO - 
======================================================================
2026-05-24 16:20:44,942 - src.training.federated - INFO - Round 4/20
2026-05-24 16:20:44,942 - src.training.federated - INFO - ======================================================================
2026-05-24 16:20:44,964 - root - INFO - add_noise: grad_norm=2.5904, noise_norm=3.2260, sigma=0.5998, epsilon_per_round=8.0000
2026-05-24 16:20:44,964 - root - INFO - add_noise: grad_norm=3.5588, noise_norm=0.7830, sigma=0.5998, epsilon_per_round=8.0000
2026-05-24 16:20:44,964 - src.training.federated - INFO -   Cardiac Vascular Intensive Care Unit (CVICU): 8118 samples, loss=0.0754
2026-05-24 16:20:44,980 - root - INFO - add_noise: grad_norm=2.4938, noise_norm=3.2147, sigma=0.5998, epsilon_per_round=8.0000
2026-05-24 16:20:44,980 - root - INFO - add_noise: grad_norm=2.8958, noise_norm=0.0484, sigma=0.5998, epsilon_per_round=8.0000
2026-05-24 16:20:44,980 - src.training.federated - INFO -   Coronary Care Unit (CCU): 5113 samples, loss=0.2288
2026-05-24 16:20:45,006 - root - INFO - add_noise: grad_norm=1.8491, noise_norm=2.9058, sigma=0.5998, epsilon_per_round=8.0000
2026-05-24 16:20:45,006 - root - INFO - add_noise: grad_norm=2.3548, noise_norm=1.1698, sigma=0.5998, epsilon_per_round=8.0000
2026-05-24 16:20:45,006 - src.training.federated - INFO -   Medical Intensive Care Unit (MICU): 8791 samples, loss=0.2735
2026-05-24 16:20:45,032 - root - INFO - add_noise: grad_norm=2.5337, noise_norm=3.4444, sigma=0.5998, epsilon_per_round=8.0000
2026-05-24 16:20:45,032 - root - INFO - add_noise: grad_norm=2.6518, noise_norm=0.8004, sigma=0.5998, epsilon_per_round=8.0000
2026-05-24 16:20:45,032 - src.training.federated - INFO -   Medical/Surgical Intensive Care Unit (MICU/SICU): 6983 samples, loss=0.2627
2026-05-24 16:20:45,040 - root - INFO - add_noise: grad_norm=3.2300, noise_norm=3.6876, sigma=0.5998, epsilon_per_round=8.0000
2026-05-24 16:20:45,040 - root - INFO - add_noise: grad_norm=1.4097, noise_norm=0.6220, sigma=0.5998, epsilon_per_round=8.0000
2026-05-24 16:20:45,040 - src.training.federated - INFO -   Neuro Surgical Intensive Care Unit (Neuro SICU): 907 samples, loss=0.3759
2026-05-24 16:20:45,059 - root - INFO - add_noise: grad_norm=2.9842, noise_norm=3.6428, sigma=0.5998, epsilon_per_round=8.0000
2026-05-24 16:20:45,059 - root - INFO - add_noise: grad_norm=2.5900, noise_norm=0.4096, sigma=0.5998, epsilon_per_round=8.0000
2026-05-24 16:20:45,059 - src.training.federated - INFO -   Surgical Intensive Care Unit (SICU): 6372 samples, loss=0.2279
2026-05-24 16:20:45,076 - root - INFO - add_noise: grad_norm=2.4832, noise_norm=2.8925, sigma=0.5998, epsilon_per_round=8.0000
2026-05-24 16:20:45,076 - root - INFO - add_noise: grad_norm=2.8690, noise_norm=0.0356, sigma=0.5998, epsilon_per_round=8.0000
2026-05-24 16:20:45,076 - src.training.federated - INFO -   Trauma SICU (TSICU): 5458 samples, loss=0.1753
2026-05-24 16:20:45,076 - src.training.federated - INFO - Round 4 complete: 7 clients aggregated
2026-05-24 16:20:45,082 - src.training.federated - INFO - Round 4 Validation AUROC: 0.7834
2026-05-24 16:20:45,082 - src.training.federated - INFO - 
======================================================================
2026-05-24 16:20:45,082 - src.training.federated - INFO - Round 5/20
2026-05-24 16:20:45,082 - src.training.federated - INFO - ======================================================================
2026-05-24 16:20:45,104 - root - INFO - add_noise: grad_norm=2.5904, noise_norm=2.6830, sigma=0.5998, epsilon_per_round=8.0000
2026-05-24 16:20:45,104 - root - INFO - add_noise: grad_norm=3.5588, noise_norm=0.4033, sigma=0.5998, epsilon_per_round=8.0000
2026-05-24 16:20:45,104 - src.training.federated - INFO -   Cardiac Vascular Intensive Care Unit (CVICU): 8118 samples, loss=0.0754
2026-05-24 16:20:45,119 - root - INFO - add_noise: grad_norm=2.4938, noise_norm=3.8284, sigma=0.5998, epsilon_per_round=8.0000
2026-05-24 16:20:45,119 - root - INFO - add_noise: grad_norm=2.8958, noise_norm=0.1273, sigma=0.5998, epsilon_per_round=8.0000
2026-05-24 16:20:45,119 - src.training.federated - INFO -   Coronary Care Unit (CCU): 5113 samples, loss=0.2288
2026-05-24 16:20:45,144 - root - INFO - add_noise: grad_norm=1.8491, noise_norm=2.5377, sigma=0.5998, epsilon_per_round=8.0000
2026-05-24 16:20:45,144 - root - INFO - add_noise: grad_norm=2.3548, noise_norm=0.8409, sigma=0.5998, epsilon_per_round=8.0000
2026-05-24 16:20:45,144 - src.training.federated - INFO -   Medical Intensive Care Unit (MICU): 8791 samples, loss=0.2735
2026-05-24 16:20:45,170 - root - INFO - add_noise: grad_norm=2.5337, noise_norm=2.4321, sigma=0.5998, epsilon_per_round=8.0000
2026-05-24 16:20:45,170 - root - INFO - add_noise: grad_norm=2.6518, noise_norm=0.0576, sigma=0.5998, epsilon_per_round=8.0000
2026-05-24 16:20:45,170 - src.training.federated - INFO -   Medical/Surgical Intensive Care Unit (MICU/SICU): 6983 samples, loss=0.2627
2026-05-24 16:20:45,177 - root - INFO - add_noise: grad_norm=3.2300, noise_norm=3.5014, sigma=0.5998, epsilon_per_round=8.0000
2026-05-24 16:20:45,178 - root - INFO - add_noise: grad_norm=1.4097, noise_norm=0.9314, sigma=0.5998, epsilon_per_round=8.0000
2026-05-24 16:20:45,178 - src.training.federated - INFO -   Neuro Surgical Intensive Care Unit (Neuro SICU): 907 samples, loss=0.3759
2026-05-24 16:20:45,197 - root - INFO - add_noise: grad_norm=2.9842, noise_norm=3.2124, sigma=0.5998, epsilon_per_round=8.0000
2026-05-24 16:20:45,197 - root - INFO - add_noise: grad_norm=2.5900, noise_norm=1.1997, sigma=0.5998, epsilon_per_round=8.0000
2026-05-24 16:20:45,197 - src.training.federated - INFO -   Surgical Intensive Care Unit (SICU): 6372 samples, loss=0.2279
2026-05-24 16:20:45,213 - root - INFO - add_noise: grad_norm=2.4832, noise_norm=2.8936, sigma=0.5998, epsilon_per_round=8.0000
2026-05-24 16:20:45,213 - root - INFO - add_noise: grad_norm=2.8690, noise_norm=1.1889, sigma=0.5998, epsilon_per_round=8.0000
2026-05-24 16:20:45,213 - src.training.federated - INFO -   Trauma SICU (TSICU): 5458 samples, loss=0.1753
2026-05-24 16:20:45,213 - src.training.federated - INFO - Round 5 complete: 7 clients aggregated
2026-05-24 16:20:45,219 - src.training.federated - INFO - Round 5 Validation AUROC: 0.8386
2026-05-24 16:20:45,219 - src.training.federated - INFO - 
======================================================================
2026-05-24 16:20:45,219 - src.training.federated - INFO - Round 6/20
2026-05-24 16:20:45,219 - src.training.federated - INFO - ======================================================================
2026-05-24 16:20:45,242 - root - INFO - add_noise: grad_norm=2.5904, noise_norm=2.4048, sigma=0.5998, epsilon_per_round=8.0000
2026-05-24 16:20:45,242 - root - INFO - add_noise: grad_norm=3.5588, noise_norm=0.8225, sigma=0.5998, epsilon_per_round=8.0000
2026-05-24 16:20:45,242 - src.training.federated - INFO -   Cardiac Vascular Intensive Care Unit (CVICU): 8118 samples, loss=0.0754
2026-05-24 16:20:45,258 - root - INFO - add_noise: grad_norm=2.4938, noise_norm=3.0475, sigma=0.5998, epsilon_per_round=8.0000
2026-05-24 16:20:45,258 - root - INFO - add_noise: grad_norm=2.8958, noise_norm=0.4493, sigma=0.5998, epsilon_per_round=8.0000
2026-05-24 16:20:45,258 - src.training.federated - INFO -   Coronary Care Unit (CCU): 5113 samples, loss=0.2288
2026-05-24 16:20:45,283 - root - INFO - add_noise: grad_norm=1.8491, noise_norm=2.9287, sigma=0.5998, epsilon_per_round=8.0000
2026-05-24 16:20:45,284 - root - INFO - add_noise: grad_norm=2.3548, noise_norm=0.4004, sigma=0.5998, epsilon_per_round=8.0000
2026-05-24 16:20:45,284 - src.training.federated - INFO -   Medical Intensive Care Unit (MICU): 8791 samples, loss=0.2735
2026-05-24 16:20:45,310 - root - INFO - add_noise: grad_norm=2.5337, noise_norm=3.6859, sigma=0.5998, epsilon_per_round=8.0000
2026-05-24 16:20:45,310 - root - INFO - add_noise: grad_norm=2.6518, noise_norm=1.1190, sigma=0.5998, epsilon_per_round=8.0000
2026-05-24 16:20:45,310 - src.training.federated - INFO -   Medical/Surgical Intensive Care Unit (MICU/SICU): 6983 samples, loss=0.2627
2026-05-24 16:20:45,317 - root - INFO - add_noise: grad_norm=3.2300, noise_norm=2.4958, sigma=0.5998, epsilon_per_round=8.0000
2026-05-24 16:20:45,317 - root - INFO - add_noise: grad_norm=1.4097, noise_norm=0.7206, sigma=0.5998, epsilon_per_round=8.0000
2026-05-24 16:20:45,317 - src.training.federated - INFO -   Neuro Surgical Intensive Care Unit (Neuro SICU): 907 samples, loss=0.3759
2026-05-24 16:20:45,340 - root - INFO - add_noise: grad_norm=2.9842, noise_norm=3.3568, sigma=0.5998, epsilon_per_round=8.0000
2026-05-24 16:20:45,340 - root - INFO - add_noise: grad_norm=2.5900, noise_norm=0.1583, sigma=0.5998, epsilon_per_round=8.0000
2026-05-24 16:20:45,340 - src.training.federated - INFO -   Surgical Intensive Care Unit (SICU): 6372 samples, loss=0.2279
2026-05-24 16:20:45,358 - root - INFO - add_noise: grad_norm=2.4832, noise_norm=3.4824, sigma=0.5998, epsilon_per_round=8.0000
2026-05-24 16:20:45,359 - root - INFO - add_noise: grad_norm=2.8690, noise_norm=1.1113, sigma=0.5998, epsilon_per_round=8.0000
2026-05-24 16:20:45,359 - src.training.federated - INFO -   Trauma SICU (TSICU): 5458 samples, loss=0.1753
2026-05-24 16:20:45,359 - src.training.federated - INFO - Round 6 complete: 7 clients aggregated
2026-05-24 16:20:45,365 - src.training.federated - INFO - Round 6 Validation AUROC: 0.8164
2026-05-24 16:20:45,365 - src.training.federated - INFO - 
======================================================================
2026-05-24 16:20:45,365 - src.training.federated - INFO - Round 7/20
2026-05-24 16:20:45,365 - src.training.federated - INFO - ======================================================================
2026-05-24 16:20:45,388 - root - INFO - add_noise: grad_norm=2.5904, noise_norm=2.9026, sigma=0.5998, epsilon_per_round=8.0000
2026-05-24 16:20:45,388 - root - INFO - add_noise: grad_norm=3.5588, noise_norm=0.6870, sigma=0.5998, epsilon_per_round=8.0000
2026-05-24 16:20:45,388 - src.training.federated - INFO -   Cardiac Vascular Intensive Care Unit (CVICU): 8118 samples, loss=0.0754
2026-05-24 16:20:45,404 - root - INFO - add_noise: grad_norm=2.4938, noise_norm=4.3283, sigma=0.5998, epsilon_per_round=8.0000
2026-05-24 16:20:45,404 - root - INFO - add_noise: grad_norm=2.8958, noise_norm=1.2242, sigma=0.5998, epsilon_per_round=8.0000
2026-05-24 16:20:45,404 - src.training.federated - INFO -   Coronary Care Unit (CCU): 5113 samples, loss=0.2288
2026-05-24 16:20:45,430 - root - INFO - add_noise: grad_norm=1.8491, noise_norm=3.5545, sigma=0.5998, epsilon_per_round=8.0000
2026-05-24 16:20:45,430 - root - INFO - add_noise: grad_norm=2.3548, noise_norm=0.3791, sigma=0.5998, epsilon_per_round=8.0000
2026-05-24 16:20:45,430 - src.training.federated - INFO -   Medical Intensive Care Unit (MICU): 8791 samples, loss=0.2735
2026-05-24 16:20:45,457 - root - INFO - add_noise: grad_norm=2.5337, noise_norm=3.4461, sigma=0.5998, epsilon_per_round=8.0000
2026-05-24 16:20:45,457 - root - INFO - add_noise: grad_norm=2.6518, noise_norm=0.4331, sigma=0.5998, epsilon_per_round=8.0000
2026-05-24 16:20:45,457 - src.training.federated - INFO -   Medical/Surgical Intensive Care Unit (MICU/SICU): 6983 samples, loss=0.2627
2026-05-24 16:20:45,465 - root - INFO - add_noise: grad_norm=3.2300, noise_norm=3.3689, sigma=0.5998, epsilon_per_round=8.0000
2026-05-24 16:20:45,465 - root - INFO - add_noise: grad_norm=1.4097, noise_norm=0.6037, sigma=0.5998, epsilon_per_round=8.0000
2026-05-24 16:20:45,465 - src.training.federated - INFO -   Neuro Surgical Intensive Care Unit (Neuro SICU): 907 samples, loss=0.3759
2026-05-24 16:20:45,485 - root - INFO - add_noise: grad_norm=2.9842, noise_norm=2.8332, sigma=0.5998, epsilon_per_round=8.0000
2026-05-24 16:20:45,485 - root - INFO - add_noise: grad_norm=2.5900, noise_norm=0.3526, sigma=0.5998, epsilon_per_round=8.0000
2026-05-24 16:20:45,486 - src.training.federated - INFO -   Surgical Intensive Care Unit (SICU): 6372 samples, loss=0.2279
2026-05-24 16:20:45,502 - root - INFO - add_noise: grad_norm=2.4832, noise_norm=3.1507, sigma=0.5998, epsilon_per_round=8.0000
2026-05-24 16:20:45,502 - root - INFO - add_noise: grad_norm=2.8690, noise_norm=0.0707, sigma=0.5998, epsilon_per_round=8.0000
2026-05-24 16:20:45,502 - src.training.federated - INFO -   Trauma SICU (TSICU): 5458 samples, loss=0.1753
2026-05-24 16:20:45,502 - src.training.federated - INFO - Round 7 complete: 7 clients aggregated
2026-05-24 16:20:45,508 - src.training.federated - INFO - Round 7 Validation AUROC: 0.8350
2026-05-24 16:20:45,508 - src.training.federated - INFO - 
======================================================================
2026-05-24 16:20:45,508 - src.training.federated - INFO - Round 8/20
2026-05-24 16:20:45,508 - src.training.federated - INFO - ======================================================================
2026-05-24 16:20:45,530 - root - INFO - add_noise: grad_norm=2.5904, noise_norm=3.4566, sigma=0.5998, epsilon_per_round=8.0000
2026-05-24 16:20:45,531 - root - INFO - add_noise: grad_norm=3.5588, noise_norm=0.2094, sigma=0.5998, epsilon_per_round=8.0000
2026-05-24 16:20:45,531 - src.training.federated - INFO -   Cardiac Vascular Intensive Care Unit (CVICU): 8118 samples, loss=0.0754
2026-05-24 16:20:45,546 - root - INFO - add_noise: grad_norm=2.4938, noise_norm=3.3960, sigma=0.5998, epsilon_per_round=8.0000
2026-05-24 16:20:45,546 - root - INFO - add_noise: grad_norm=2.8958, noise_norm=0.1886, sigma=0.5998, epsilon_per_round=8.0000
2026-05-24 16:20:45,546 - src.training.federated - INFO -   Coronary Care Unit (CCU): 5113 samples, loss=0.2288
2026-05-24 16:20:45,572 - root - INFO - add_noise: grad_norm=1.8491, noise_norm=3.1231, sigma=0.5998, epsilon_per_round=8.0000
2026-05-24 16:20:45,572 - root - INFO - add_noise: grad_norm=2.3548, noise_norm=0.2512, sigma=0.5998, epsilon_per_round=8.0000
2026-05-24 16:20:45,572 - src.training.federated - INFO -   Medical Intensive Care Unit (MICU): 8791 samples, loss=0.2735
2026-05-24 16:20:45,597 - root - INFO - add_noise: grad_norm=2.5337, noise_norm=3.2641, sigma=0.5998, epsilon_per_round=8.0000
2026-05-24 16:20:45,598 - root - INFO - add_noise: grad_norm=2.6518, noise_norm=0.0279, sigma=0.5998, epsilon_per_round=8.0000
2026-05-24 16:20:45,598 - src.training.federated - INFO -   Medical/Surgical Intensive Care Unit (MICU/SICU): 6983 samples, loss=0.2627
2026-05-24 16:20:45,606 - root - INFO - add_noise: grad_norm=3.2300, noise_norm=2.9885, sigma=0.5998, epsilon_per_round=8.0000
2026-05-24 16:20:45,606 - root - INFO - add_noise: grad_norm=1.4097, noise_norm=1.3793, sigma=0.5998, epsilon_per_round=8.0000
2026-05-24 16:20:45,606 - src.training.federated - INFO -   Neuro Surgical Intensive Care Unit (Neuro SICU): 907 samples, loss=0.3759
2026-05-24 16:20:45,625 - root - INFO - add_noise: grad_norm=2.9842, noise_norm=3.2362, sigma=0.5998, epsilon_per_round=8.0000
2026-05-24 16:20:45,625 - root - INFO - add_noise: grad_norm=2.5900, noise_norm=0.6842, sigma=0.5998, epsilon_per_round=8.0000
2026-05-24 16:20:45,625 - src.training.federated - INFO -   Surgical Intensive Care Unit (SICU): 6372 samples, loss=0.2279
2026-05-24 16:20:45,642 - root - INFO - add_noise: grad_norm=2.4832, noise_norm=3.2333, sigma=0.5998, epsilon_per_round=8.0000
2026-05-24 16:20:45,642 - root - INFO - add_noise: grad_norm=2.8690, noise_norm=0.5941, sigma=0.5998, epsilon_per_round=8.0000
2026-05-24 16:20:45,642 - src.training.federated - INFO -   Trauma SICU (TSICU): 5458 samples, loss=0.1753
2026-05-24 16:20:45,642 - src.training.federated - INFO - Round 8 complete: 7 clients aggregated
2026-05-24 16:20:45,648 - src.training.federated - INFO - Round 8 Validation AUROC: 0.8046
2026-05-24 16:20:45,648 - src.training.federated - INFO - 
======================================================================
2026-05-24 16:20:45,648 - src.training.federated - INFO - Round 9/20
2026-05-24 16:20:45,648 - src.training.federated - INFO - ======================================================================
2026-05-24 16:20:45,671 - root - INFO - add_noise: grad_norm=2.5904, noise_norm=3.2340, sigma=0.5998, epsilon_per_round=8.0000
2026-05-24 16:20:45,672 - root - INFO - add_noise: grad_norm=3.5588, noise_norm=0.0206, sigma=0.5998, epsilon_per_round=8.0000
2026-05-24 16:20:45,672 - src.training.federated - INFO -   Cardiac Vascular Intensive Care Unit (CVICU): 8118 samples, loss=0.0754
2026-05-24 16:20:45,687 - root - INFO - add_noise: grad_norm=2.4938, noise_norm=3.1674, sigma=0.5998, epsilon_per_round=8.0000
2026-05-24 16:20:45,687 - root - INFO - add_noise: grad_norm=2.8958, noise_norm=0.0504, sigma=0.5998, epsilon_per_round=8.0000
2026-05-24 16:20:45,687 - src.training.federated - INFO -   Coronary Care Unit (CCU): 5113 samples, loss=0.2288
2026-05-24 16:20:45,712 - root - INFO - add_noise: grad_norm=1.8491, noise_norm=3.4721, sigma=0.5998, epsilon_per_round=8.0000
2026-05-24 16:20:45,712 - root - INFO - add_noise: grad_norm=2.3548, noise_norm=0.0754, sigma=0.5998, epsilon_per_round=8.0000
2026-05-24 16:20:45,712 - src.training.federated - INFO -   Medical Intensive Care Unit (MICU): 8791 samples, loss=0.2735
2026-05-24 16:20:45,738 - root - INFO - add_noise: grad_norm=2.5337, noise_norm=2.8414, sigma=0.5998, epsilon_per_round=8.0000
2026-05-24 16:20:45,738 - root - INFO - add_noise: grad_norm=2.6518, noise_norm=0.0031, sigma=0.5998, epsilon_per_round=8.0000
2026-05-24 16:20:45,738 - src.training.federated - INFO -   Medical/Surgical Intensive Care Unit (MICU/SICU): 6983 samples, loss=0.2627
2026-05-24 16:20:45,746 - root - INFO - add_noise: grad_norm=3.2300, noise_norm=4.0011, sigma=0.5998, epsilon_per_round=8.0000
2026-05-24 16:20:45,746 - root - INFO - add_noise: grad_norm=1.4097, noise_norm=0.2056, sigma=0.5998, epsilon_per_round=8.0000
2026-05-24 16:20:45,746 - src.training.federated - INFO -   Neuro Surgical Intensive Care Unit (Neuro SICU): 907 samples, loss=0.3759
2026-05-24 16:20:45,765 - root - INFO - add_noise: grad_norm=2.9842, noise_norm=3.5434, sigma=0.5998, epsilon_per_round=8.0000
2026-05-24 16:20:45,765 - root - INFO - add_noise: grad_norm=2.5900, noise_norm=0.1002, sigma=0.5998, epsilon_per_round=8.0000
2026-05-24 16:20:45,765 - src.training.federated - INFO -   Surgical Intensive Care Unit (SICU): 6372 samples, loss=0.2279
2026-05-24 16:20:45,781 - root - INFO - add_noise: grad_norm=2.4832, noise_norm=1.9551, sigma=0.5998, epsilon_per_round=8.0000
2026-05-24 16:20:45,782 - root - INFO - add_noise: grad_norm=2.8690, noise_norm=0.9480, sigma=0.5998, epsilon_per_round=8.0000
2026-05-24 16:20:45,782 - src.training.federated - INFO -   Trauma SICU (TSICU): 5458 samples, loss=0.1753
2026-05-24 16:20:45,782 - src.training.federated - INFO - Round 9 complete: 7 clients aggregated
2026-05-24 16:20:45,788 - src.training.federated - INFO - Round 9 Validation AUROC: 0.8499
2026-05-24 16:20:45,788 - src.training.federated - INFO - 
======================================================================
2026-05-24 16:20:45,788 - src.training.federated - INFO - Round 10/20
2026-05-24 16:20:45,788 - src.training.federated - INFO - ======================================================================
2026-05-24 16:20:45,809 - root - INFO - add_noise: grad_norm=2.5904, noise_norm=2.5460, sigma=0.5998, epsilon_per_round=8.0000
2026-05-24 16:20:45,809 - root - INFO - add_noise: grad_norm=3.5588, noise_norm=0.0635, sigma=0.5998, epsilon_per_round=8.0000
2026-05-24 16:20:45,809 - src.training.federated - INFO -   Cardiac Vascular Intensive Care Unit (CVICU): 8118 samples, loss=0.0754
2026-05-24 16:20:45,825 - root - INFO - add_noise: grad_norm=2.4938, noise_norm=3.4243, sigma=0.5998, epsilon_per_round=8.0000
2026-05-24 16:20:45,825 - root - INFO - add_noise: grad_norm=2.8958, noise_norm=0.8377, sigma=0.5998, epsilon_per_round=8.0000
2026-05-24 16:20:45,825 - src.training.federated - INFO -   Coronary Care Unit (CCU): 5113 samples, loss=0.2288
2026-05-24 16:20:45,854 - root - INFO - add_noise: grad_norm=1.8491, noise_norm=3.3326, sigma=0.5998, epsilon_per_round=8.0000
2026-05-24 16:20:45,854 - root - INFO - add_noise: grad_norm=2.3548, noise_norm=0.3172, sigma=0.5998, epsilon_per_round=8.0000
2026-05-24 16:20:45,854 - src.training.federated - INFO -   Medical Intensive Care Unit (MICU): 8791 samples, loss=0.2735
2026-05-24 16:20:45,880 - root - INFO - add_noise: grad_norm=2.5337, noise_norm=3.4842, sigma=0.5998, epsilon_per_round=8.0000
2026-05-24 16:20:45,880 - root - INFO - add_noise: grad_norm=2.6518, noise_norm=0.1937, sigma=0.5998, epsilon_per_round=8.0000
2026-05-24 16:20:45,880 - src.training.federated - INFO -   Medical/Surgical Intensive Care Unit (MICU/SICU): 6983 samples, loss=0.2627
2026-05-24 16:20:45,888 - root - INFO - add_noise: grad_norm=3.2300, noise_norm=3.9264, sigma=0.5998, epsilon_per_round=8.0000
2026-05-24 16:20:45,888 - root - INFO - add_noise: grad_norm=1.4097, noise_norm=0.5017, sigma=0.5998, epsilon_per_round=8.0000
2026-05-24 16:20:45,888 - src.training.federated - INFO -   Neuro Surgical Intensive Care Unit (Neuro SICU): 907 samples, loss=0.3759
2026-05-24 16:20:45,913 - root - INFO - add_noise: grad_norm=2.9842, noise_norm=3.4289, sigma=0.5998, epsilon_per_round=8.0000
2026-05-24 16:20:45,913 - root - INFO - add_noise: grad_norm=2.5900, noise_norm=0.3645, sigma=0.5998, epsilon_per_round=8.0000
2026-05-24 16:20:45,913 - src.training.federated - INFO -   Surgical Intensive Care Unit (SICU): 6372 samples, loss=0.2279
2026-05-24 16:20:45,929 - root - INFO - add_noise: grad_norm=2.4832, noise_norm=3.1415, sigma=0.5998, epsilon_per_round=8.0000
2026-05-24 16:20:45,929 - root - INFO - add_noise: grad_norm=2.8690, noise_norm=0.4564, sigma=0.5998, epsilon_per_round=8.0000
2026-05-24 16:20:45,929 - src.training.federated - INFO -   Trauma SICU (TSICU): 5458 samples, loss=0.1753
2026-05-24 16:20:45,929 - src.training.federated - INFO - Round 10 complete: 7 clients aggregated
2026-05-24 16:20:45,935 - src.training.federated - INFO - Round 10 Validation AUROC: 0.8673
2026-05-24 16:20:45,935 - src.training.federated - INFO - 
======================================================================
2026-05-24 16:20:45,935 - src.training.federated - INFO - Round 11/20
2026-05-24 16:20:45,935 - src.training.federated - INFO - ======================================================================
2026-05-24 16:20:45,957 - root - INFO - add_noise: grad_norm=2.5904, noise_norm=4.6233, sigma=0.5998, epsilon_per_round=8.0000
2026-05-24 16:20:45,957 - root - INFO - add_noise: grad_norm=3.5588, noise_norm=0.2145, sigma=0.5998, epsilon_per_round=8.0000
2026-05-24 16:20:45,957 - src.training.federated - INFO -   Cardiac Vascular Intensive Care Unit (CVICU): 8118 samples, loss=0.0754
2026-05-24 16:20:45,973 - root - INFO - add_noise: grad_norm=2.4938, noise_norm=3.3248, sigma=0.5998, epsilon_per_round=8.0000
2026-05-24 16:20:45,973 - root - INFO - add_noise: grad_norm=2.8958, noise_norm=0.1666, sigma=0.5998, epsilon_per_round=8.0000
2026-05-24 16:20:45,973 - src.training.federated - INFO -   Coronary Care Unit (CCU): 5113 samples, loss=0.2288
2026-05-24 16:20:45,998 - root - INFO - add_noise: grad_norm=1.8491, noise_norm=2.7248, sigma=0.5998, epsilon_per_round=8.0000
2026-05-24 16:20:45,998 - root - INFO - add_noise: grad_norm=2.3548, noise_norm=0.6502, sigma=0.5998, epsilon_per_round=8.0000
2026-05-24 16:20:45,998 - src.training.federated - INFO -   Medical Intensive Care Unit (MICU): 8791 samples, loss=0.2735
2026-05-24 16:20:46,025 - root - INFO - add_noise: grad_norm=2.5337, noise_norm=3.9391, sigma=0.5998, epsilon_per_round=8.0000
2026-05-24 16:20:46,025 - root - INFO - add_noise: grad_norm=2.6518, noise_norm=0.8389, sigma=0.5998, epsilon_per_round=8.0000
2026-05-24 16:20:46,025 - src.training.federated - INFO -   Medical/Surgical Intensive Care Unit (MICU/SICU): 6983 samples, loss=0.2627
2026-05-24 16:20:46,032 - root - INFO - add_noise: grad_norm=3.2300, noise_norm=3.1997, sigma=0.5998, epsilon_per_round=8.0000
2026-05-24 16:20:46,033 - root - INFO - add_noise: grad_norm=1.4097, noise_norm=0.8978, sigma=0.5998, epsilon_per_round=8.0000
2026-05-24 16:20:46,033 - src.training.federated - INFO -   Neuro Surgical Intensive Care Unit (Neuro SICU): 907 samples, loss=0.3759
2026-05-24 16:20:46,052 - root - INFO - add_noise: grad_norm=2.9842, noise_norm=3.5592, sigma=0.5998, epsilon_per_round=8.0000
2026-05-24 16:20:46,052 - root - INFO - add_noise: grad_norm=2.5900, noise_norm=0.7002, sigma=0.5998, epsilon_per_round=8.0000
2026-05-24 16:20:46,052 - src.training.federated - INFO -   Surgical Intensive Care Unit (SICU): 6372 samples, loss=0.2279
2026-05-24 16:20:46,067 - root - INFO - add_noise: grad_norm=2.4832, noise_norm=3.2306, sigma=0.5998, epsilon_per_round=8.0000
2026-05-24 16:20:46,067 - root - INFO - add_noise: grad_norm=2.8690, noise_norm=0.1861, sigma=0.5998, epsilon_per_round=8.0000
2026-05-24 16:20:46,067 - src.training.federated - INFO -   Trauma SICU (TSICU): 5458 samples, loss=0.1753
2026-05-24 16:20:46,067 - src.training.federated - INFO - Round 11 complete: 7 clients aggregated
2026-05-24 16:20:46,074 - src.training.federated - INFO - Round 11 Validation AUROC: 0.7804
2026-05-24 16:20:46,074 - src.training.federated - INFO - 
======================================================================
2026-05-24 16:20:46,074 - src.training.federated - INFO - Round 12/20
2026-05-24 16:20:46,074 - src.training.federated - INFO - ======================================================================
2026-05-24 16:20:46,096 - root - INFO - add_noise: grad_norm=2.5904, noise_norm=3.3921, sigma=0.5998, epsilon_per_round=8.0000
2026-05-24 16:20:46,096 - root - INFO - add_noise: grad_norm=3.5588, noise_norm=0.9500, sigma=0.5998, epsilon_per_round=8.0000
2026-05-24 16:20:46,096 - src.training.federated - INFO -   Cardiac Vascular Intensive Care Unit (CVICU): 8118 samples, loss=0.0754
2026-05-24 16:20:46,111 - root - INFO - add_noise: grad_norm=2.4938, noise_norm=3.2637, sigma=0.5998, epsilon_per_round=8.0000
2026-05-24 16:20:46,111 - root - INFO - add_noise: grad_norm=2.8958, noise_norm=0.2058, sigma=0.5998, epsilon_per_round=8.0000
2026-05-24 16:20:46,111 - src.training.federated - INFO -   Coronary Care Unit (CCU): 5113 samples, loss=0.2288
2026-05-24 16:20:46,138 - root - INFO - add_noise: grad_norm=1.8491, noise_norm=2.5635, sigma=0.5998, epsilon_per_round=8.0000
2026-05-24 16:20:46,139 - root - INFO - add_noise: grad_norm=2.3548, noise_norm=0.2034, sigma=0.5998, epsilon_per_round=8.0000
2026-05-24 16:20:46,139 - src.training.federated - INFO -   Medical Intensive Care Unit (MICU): 8791 samples, loss=0.2735
2026-05-24 16:20:46,164 - root - INFO - add_noise: grad_norm=2.5337, noise_norm=3.2689, sigma=0.5998, epsilon_per_round=8.0000
2026-05-24 16:20:46,164 - root - INFO - add_noise: grad_norm=2.6518, noise_norm=1.0716, sigma=0.5998, epsilon_per_round=8.0000
2026-05-24 16:20:46,164 - src.training.federated - INFO -   Medical/Surgical Intensive Care Unit (MICU/SICU): 6983 samples, loss=0.2627
2026-05-24 16:20:46,172 - root - INFO - add_noise: grad_norm=3.2300, noise_norm=3.4209, sigma=0.5998, epsilon_per_round=8.0000
2026-05-24 16:20:46,172 - root - INFO - add_noise: grad_norm=1.4097, noise_norm=0.6649, sigma=0.5998, epsilon_per_round=8.0000
2026-05-24 16:20:46,172 - src.training.federated - INFO -   Neuro Surgical Intensive Care Unit (Neuro SICU): 907 samples, loss=0.3759
2026-05-24 16:20:46,192 - root - INFO - add_noise: grad_norm=2.9842, noise_norm=3.1363, sigma=0.5998, epsilon_per_round=8.0000
2026-05-24 16:20:46,192 - root - INFO - add_noise: grad_norm=2.5900, noise_norm=0.0442, sigma=0.5998, epsilon_per_round=8.0000
2026-05-24 16:20:46,192 - src.training.federated - INFO -   Surgical Intensive Care Unit (SICU): 6372 samples, loss=0.2279
2026-05-24 16:20:46,209 - root - INFO - add_noise: grad_norm=2.4832, noise_norm=3.1161, sigma=0.5998, epsilon_per_round=8.0000
2026-05-24 16:20:46,209 - root - INFO - add_noise: grad_norm=2.8690, noise_norm=0.3781, sigma=0.5998, epsilon_per_round=8.0000
2026-05-24 16:20:46,209 - src.training.federated - INFO -   Trauma SICU (TSICU): 5458 samples, loss=0.1753
2026-05-24 16:20:46,209 - src.training.federated - INFO - Round 12 complete: 7 clients aggregated
2026-05-24 16:20:46,215 - src.training.federated - INFO - Round 12 Validation AUROC: 0.8008
2026-05-24 16:20:46,215 - src.training.federated - INFO - 
======================================================================
2026-05-24 16:20:46,215 - src.training.federated - INFO - Round 13/20
2026-05-24 16:20:46,215 - src.training.federated - INFO - ======================================================================
2026-05-24 16:20:46,237 - root - INFO - add_noise: grad_norm=2.5904, noise_norm=3.3791, sigma=0.5998, epsilon_per_round=8.0000
2026-05-24 16:20:46,238 - root - INFO - add_noise: grad_norm=3.5588, noise_norm=0.6249, sigma=0.5998, epsilon_per_round=8.0000
2026-05-24 16:20:46,238 - src.training.federated - INFO -   Cardiac Vascular Intensive Care Unit (CVICU): 8118 samples, loss=0.0754
2026-05-24 16:20:46,253 - root - INFO - add_noise: grad_norm=2.4938, noise_norm=3.9249, sigma=0.5998, epsilon_per_round=8.0000
2026-05-24 16:20:46,253 - root - INFO - add_noise: grad_norm=2.8958, noise_norm=1.3557, sigma=0.5998, epsilon_per_round=8.0000
2026-05-24 16:20:46,253 - src.training.federated - INFO -   Coronary Care Unit (CCU): 5113 samples, loss=0.2288
2026-05-24 16:20:46,278 - root - INFO - add_noise: grad_norm=1.8491, noise_norm=3.6215, sigma=0.5998, epsilon_per_round=8.0000
2026-05-24 16:20:46,278 - root - INFO - add_noise: grad_norm=2.3548, noise_norm=0.1479, sigma=0.5998, epsilon_per_round=8.0000
2026-05-24 16:20:46,278 - src.training.federated - INFO -   Medical Intensive Care Unit (MICU): 8791 samples, loss=0.2735
2026-05-24 16:20:46,306 - root - INFO - add_noise: grad_norm=2.5337, noise_norm=3.4063, sigma=0.5998, epsilon_per_round=8.0000
2026-05-24 16:20:46,306 - root - INFO - add_noise: grad_norm=2.6518, noise_norm=0.7316, sigma=0.5998, epsilon_per_round=8.0000
2026-05-24 16:20:46,306 - src.training.federated - INFO -   Medical/Surgical Intensive Care Unit (MICU/SICU): 6983 samples, loss=0.2627
2026-05-24 16:20:46,313 - root - INFO - add_noise: grad_norm=3.2300, noise_norm=3.6611, sigma=0.5998, epsilon_per_round=8.0000
2026-05-24 16:20:46,313 - root - INFO - add_noise: grad_norm=1.4097, noise_norm=0.7119, sigma=0.5998, epsilon_per_round=8.0000
2026-05-24 16:20:46,313 - src.training.federated - INFO -   Neuro Surgical Intensive Care Unit (Neuro SICU): 907 samples, loss=0.3759
2026-05-24 16:20:46,335 - root - INFO - add_noise: grad_norm=2.9842, noise_norm=3.4823, sigma=0.5998, epsilon_per_round=8.0000
2026-05-24 16:20:46,335 - root - INFO - add_noise: grad_norm=2.5900, noise_norm=0.4477, sigma=0.5998, epsilon_per_round=8.0000
2026-05-24 16:20:46,335 - src.training.federated - INFO -   Surgical Intensive Care Unit (SICU): 6372 samples, loss=0.2279
2026-05-24 16:20:46,354 - root - INFO - add_noise: grad_norm=2.4832, noise_norm=3.9102, sigma=0.5998, epsilon_per_round=8.0000
2026-05-24 16:20:46,354 - root - INFO - add_noise: grad_norm=2.8690, noise_norm=0.2218, sigma=0.5998, epsilon_per_round=8.0000
2026-05-24 16:20:46,354 - src.training.federated - INFO -   Trauma SICU (TSICU): 5458 samples, loss=0.1753
2026-05-24 16:20:46,355 - src.training.federated - INFO - Round 13 complete: 7 clients aggregated
2026-05-24 16:20:46,360 - src.training.federated - INFO - Round 13 Validation AUROC: 0.8413
2026-05-24 16:20:46,360 - src.training.federated - INFO - 
======================================================================
2026-05-24 16:20:46,360 - src.training.federated - INFO - Round 14/20
2026-05-24 16:20:46,360 - src.training.federated - INFO - ======================================================================
2026-05-24 16:20:46,383 - root - INFO - add_noise: grad_norm=2.5904, noise_norm=3.2768, sigma=0.5998, epsilon_per_round=8.0000
2026-05-24 16:20:46,383 - root - INFO - add_noise: grad_norm=3.5588, noise_norm=1.0109, sigma=0.5998, epsilon_per_round=8.0000
2026-05-24 16:20:46,383 - src.training.federated - INFO -   Cardiac Vascular Intensive Care Unit (CVICU): 8118 samples, loss=0.0754
2026-05-24 16:20:46,399 - root - INFO - add_noise: grad_norm=2.4938, noise_norm=4.0018, sigma=0.5998, epsilon_per_round=8.0000
2026-05-24 16:20:46,399 - root - INFO - add_noise: grad_norm=2.8958, noise_norm=0.7420, sigma=0.5998, epsilon_per_round=8.0000
2026-05-24 16:20:46,399 - src.training.federated - INFO -   Coronary Care Unit (CCU): 5113 samples, loss=0.2288
2026-05-24 16:20:46,425 - root - INFO - add_noise: grad_norm=1.8491, noise_norm=4.2411, sigma=0.5998, epsilon_per_round=8.0000
2026-05-24 16:20:46,425 - root - INFO - add_noise: grad_norm=2.3548, noise_norm=0.8350, sigma=0.5998, epsilon_per_round=8.0000
2026-05-24 16:20:46,425 - src.training.federated - INFO -   Medical Intensive Care Unit (MICU): 8791 samples, loss=0.2735
2026-05-24 16:20:46,451 - root - INFO - add_noise: grad_norm=2.5337, noise_norm=3.2734, sigma=0.5998, epsilon_per_round=8.0000
2026-05-24 16:20:46,451 - root - INFO - add_noise: grad_norm=2.6518, noise_norm=0.8972, sigma=0.5998, epsilon_per_round=8.0000
2026-05-24 16:20:46,451 - src.training.federated - INFO -   Medical/Surgical Intensive Care Unit (MICU/SICU): 6983 samples, loss=0.2627
2026-05-24 16:20:46,459 - root - INFO - add_noise: grad_norm=3.2300, noise_norm=4.3980, sigma=0.5998, epsilon_per_round=8.0000
2026-05-24 16:20:46,459 - root - INFO - add_noise: grad_norm=1.4097, noise_norm=1.2375, sigma=0.5998, epsilon_per_round=8.0000
2026-05-24 16:20:46,459 - src.training.federated - INFO -   Neuro Surgical Intensive Care Unit (Neuro SICU): 907 samples, loss=0.3759
2026-05-24 16:20:46,478 - root - INFO - add_noise: grad_norm=2.9842, noise_norm=3.2779, sigma=0.5998, epsilon_per_round=8.0000
2026-05-24 16:20:46,479 - root - INFO - add_noise: grad_norm=2.5900, noise_norm=0.0964, sigma=0.5998, epsilon_per_round=8.0000
2026-05-24 16:20:46,479 - src.training.federated - INFO -   Surgical Intensive Care Unit (SICU): 6372 samples, loss=0.2279
2026-05-24 16:20:46,495 - root - INFO - add_noise: grad_norm=2.4832, noise_norm=3.2124, sigma=0.5998, epsilon_per_round=8.0000
2026-05-24 16:20:46,495 - root - INFO - add_noise: grad_norm=2.8690, noise_norm=0.2209, sigma=0.5998, epsilon_per_round=8.0000
2026-05-24 16:20:46,495 - src.training.federated - INFO -   Trauma SICU (TSICU): 5458 samples, loss=0.1753
2026-05-24 16:20:46,495 - src.training.federated - INFO - Round 14 complete: 7 clients aggregated
2026-05-24 16:20:46,501 - src.training.federated - INFO - Round 14 Validation AUROC: 0.8410
2026-05-24 16:20:46,501 - src.training.federated - INFO - 
======================================================================
2026-05-24 16:20:46,501 - src.training.federated - INFO - Round 15/20
2026-05-24 16:20:46,501 - src.training.federated - INFO - ======================================================================
2026-05-24 16:20:46,523 - root - INFO - add_noise: grad_norm=2.5904, noise_norm=3.1066, sigma=0.5998, epsilon_per_round=8.0000
2026-05-24 16:20:46,523 - root - INFO - add_noise: grad_norm=3.5588, noise_norm=0.1234, sigma=0.5998, epsilon_per_round=8.0000
2026-05-24 16:20:46,523 - src.training.federated - INFO -   Cardiac Vascular Intensive Care Unit (CVICU): 8118 samples, loss=0.0754
2026-05-24 16:20:46,539 - root - INFO - add_noise: grad_norm=2.4938, noise_norm=4.2324, sigma=0.5998, epsilon_per_round=8.0000
2026-05-24 16:20:46,539 - root - INFO - add_noise: grad_norm=2.8958, noise_norm=0.6844, sigma=0.5998, epsilon_per_round=8.0000
2026-05-24 16:20:46,540 - src.training.federated - INFO -   Coronary Care Unit (CCU): 5113 samples, loss=0.2288
2026-05-24 16:20:46,565 - root - INFO - add_noise: grad_norm=1.8491, noise_norm=3.3520, sigma=0.5998, epsilon_per_round=8.0000
2026-05-24 16:20:46,565 - root - INFO - add_noise: grad_norm=2.3548, noise_norm=0.2282, sigma=0.5998, epsilon_per_round=8.0000
2026-05-24 16:20:46,565 - src.training.federated - INFO -   Medical Intensive Care Unit (MICU): 8791 samples, loss=0.2735
2026-05-24 16:20:46,591 - root - INFO - add_noise: grad_norm=2.5337, noise_norm=3.9400, sigma=0.5998, epsilon_per_round=8.0000
2026-05-24 16:20:46,592 - root - INFO - add_noise: grad_norm=2.6518, noise_norm=0.1183, sigma=0.5998, epsilon_per_round=8.0000
2026-05-24 16:20:46,592 - src.training.federated - INFO -   Medical/Surgical Intensive Care Unit (MICU/SICU): 6983 samples, loss=0.2627
2026-05-24 16:20:46,599 - root - INFO - add_noise: grad_norm=3.2300, noise_norm=3.3991, sigma=0.5998, epsilon_per_round=8.0000
2026-05-24 16:20:46,599 - root - INFO - add_noise: grad_norm=1.4097, noise_norm=0.6782, sigma=0.5998, epsilon_per_round=8.0000
2026-05-24 16:20:46,599 - src.training.federated - INFO -   Neuro Surgical Intensive Care Unit (Neuro SICU): 907 samples, loss=0.3759
2026-05-24 16:20:46,619 - root - INFO - add_noise: grad_norm=2.9842, noise_norm=2.9873, sigma=0.5998, epsilon_per_round=8.0000
2026-05-24 16:20:46,619 - root - INFO - add_noise: grad_norm=2.5900, noise_norm=0.2378, sigma=0.5998, epsilon_per_round=8.0000
2026-05-24 16:20:46,619 - src.training.federated - INFO -   Surgical Intensive Care Unit (SICU): 6372 samples, loss=0.2279
2026-05-24 16:20:46,635 - root - INFO - add_noise: grad_norm=2.4832, noise_norm=3.2442, sigma=0.5998, epsilon_per_round=8.0000
2026-05-24 16:20:46,635 - root - INFO - add_noise: grad_norm=2.8690, noise_norm=1.0405, sigma=0.5998, epsilon_per_round=8.0000
2026-05-24 16:20:46,635 - src.training.federated - INFO -   Trauma SICU (TSICU): 5458 samples, loss=0.1753
2026-05-24 16:20:46,635 - src.training.federated - INFO - Round 15 complete: 7 clients aggregated
2026-05-24 16:20:46,641 - src.training.federated - INFO - Round 15 Validation AUROC: 0.8254
2026-05-24 16:20:46,641 - src.training.federated - INFO - 
======================================================================
2026-05-24 16:20:46,641 - src.training.federated - INFO - Round 16/20
2026-05-24 16:20:46,641 - src.training.federated - INFO - ======================================================================
2026-05-24 16:20:46,663 - root - INFO - add_noise: grad_norm=2.5904, noise_norm=3.3559, sigma=0.5998, epsilon_per_round=8.0000
2026-05-24 16:20:46,663 - root - INFO - add_noise: grad_norm=3.5588, noise_norm=0.4962, sigma=0.5998, epsilon_per_round=8.0000
2026-05-24 16:20:46,663 - src.training.federated - INFO -   Cardiac Vascular Intensive Care Unit (CVICU): 8118 samples, loss=0.0754
2026-05-24 16:20:46,679 - root - INFO - add_noise: grad_norm=2.4938, noise_norm=3.6040, sigma=0.5998, epsilon_per_round=8.0000
2026-05-24 16:20:46,679 - root - INFO - add_noise: grad_norm=2.8958, noise_norm=0.2990, sigma=0.5998, epsilon_per_round=8.0000
2026-05-24 16:20:46,679 - src.training.federated - INFO -   Coronary Care Unit (CCU): 5113 samples, loss=0.2288
2026-05-24 16:20:46,706 - root - INFO - add_noise: grad_norm=1.8491, noise_norm=3.0187, sigma=0.5998, epsilon_per_round=8.0000
2026-05-24 16:20:46,706 - root - INFO - add_noise: grad_norm=2.3548, noise_norm=0.6930, sigma=0.5998, epsilon_per_round=8.0000
2026-05-24 16:20:46,706 - src.training.federated - INFO -   Medical Intensive Care Unit (MICU): 8791 samples, loss=0.2735
2026-05-24 16:20:46,731 - root - INFO - add_noise: grad_norm=2.5337, noise_norm=3.9052, sigma=0.5998, epsilon_per_round=8.0000
2026-05-24 16:20:46,731 - root - INFO - add_noise: grad_norm=2.6518, noise_norm=0.0642, sigma=0.5998, epsilon_per_round=8.0000
2026-05-24 16:20:46,731 - src.training.federated - INFO -   Medical/Surgical Intensive Care Unit (MICU/SICU): 6983 samples, loss=0.2627
2026-05-24 16:20:46,739 - root - INFO - add_noise: grad_norm=3.2300, noise_norm=3.5009, sigma=0.5998, epsilon_per_round=8.0000
2026-05-24 16:20:46,739 - root - INFO - add_noise: grad_norm=1.4097, noise_norm=0.3443, sigma=0.5998, epsilon_per_round=8.0000
2026-05-24 16:20:46,739 - src.training.federated - INFO -   Neuro Surgical Intensive Care Unit (Neuro SICU): 907 samples, loss=0.3759
2026-05-24 16:20:46,758 - root - INFO - add_noise: grad_norm=2.9842, noise_norm=3.1189, sigma=0.5998, epsilon_per_round=8.0000
2026-05-24 16:20:46,758 - root - INFO - add_noise: grad_norm=2.5900, noise_norm=0.5542, sigma=0.5998, epsilon_per_round=8.0000
2026-05-24 16:20:46,758 - src.training.federated - INFO -   Surgical Intensive Care Unit (SICU): 6372 samples, loss=0.2279
2026-05-24 16:20:46,775 - root - INFO - add_noise: grad_norm=2.4832, noise_norm=3.3673, sigma=0.5998, epsilon_per_round=8.0000
2026-05-24 16:20:46,775 - root - INFO - add_noise: grad_norm=2.8690, noise_norm=0.5025, sigma=0.5998, epsilon_per_round=8.0000
2026-05-24 16:20:46,775 - src.training.federated - INFO -   Trauma SICU (TSICU): 5458 samples, loss=0.1753
2026-05-24 16:20:46,775 - src.training.federated - INFO - Round 16 complete: 7 clients aggregated
2026-05-24 16:20:46,781 - src.training.federated - INFO - Round 16 Validation AUROC: 0.8186
2026-05-24 16:20:46,781 - src.training.federated - INFO - 
======================================================================
2026-05-24 16:20:46,781 - src.training.federated - INFO - Round 17/20
2026-05-24 16:20:46,781 - src.training.federated - INFO - ======================================================================
2026-05-24 16:20:46,803 - root - INFO - add_noise: grad_norm=2.5904, noise_norm=3.2778, sigma=0.5998, epsilon_per_round=8.0000
2026-05-24 16:20:46,804 - root - INFO - add_noise: grad_norm=3.5588, noise_norm=0.4961, sigma=0.5998, epsilon_per_round=8.0000
2026-05-24 16:20:46,804 - src.training.federated - INFO -   Cardiac Vascular Intensive Care Unit (CVICU): 8118 samples, loss=0.0754
2026-05-24 16:20:46,819 - root - INFO - add_noise: grad_norm=2.4938, noise_norm=2.5367, sigma=0.5998, epsilon_per_round=8.0000
2026-05-24 16:20:46,819 - root - INFO - add_noise: grad_norm=2.8958, noise_norm=0.1309, sigma=0.5998, epsilon_per_round=8.0000
2026-05-24 16:20:46,819 - src.training.federated - INFO -   Coronary Care Unit (CCU): 5113 samples, loss=0.2288
2026-05-24 16:20:46,847 - root - INFO - add_noise: grad_norm=1.8491, noise_norm=3.7186, sigma=0.5998, epsilon_per_round=8.0000
2026-05-24 16:20:46,847 - root - INFO - add_noise: grad_norm=2.3548, noise_norm=0.2234, sigma=0.5998, epsilon_per_round=8.0000
2026-05-24 16:20:46,847 - src.training.federated - INFO -   Medical Intensive Care Unit (MICU): 8791 samples, loss=0.2735
2026-05-24 16:20:46,873 - root - INFO - add_noise: grad_norm=2.5337, noise_norm=2.9955, sigma=0.5998, epsilon_per_round=8.0000
2026-05-24 16:20:46,873 - root - INFO - add_noise: grad_norm=2.6518, noise_norm=0.2599, sigma=0.5998, epsilon_per_round=8.0000
2026-05-24 16:20:46,873 - src.training.federated - INFO -   Medical/Surgical Intensive Care Unit (MICU/SICU): 6983 samples, loss=0.2627
2026-05-24 16:20:46,881 - root - INFO - add_noise: grad_norm=3.2300, noise_norm=3.3385, sigma=0.5998, epsilon_per_round=8.0000
2026-05-24 16:20:46,882 - root - INFO - add_noise: grad_norm=1.4097, noise_norm=0.6285, sigma=0.5998, epsilon_per_round=8.0000
2026-05-24 16:20:46,882 - src.training.federated - INFO -   Neuro Surgical Intensive Care Unit (Neuro SICU): 907 samples, loss=0.3759
2026-05-24 16:20:46,901 - root - INFO - add_noise: grad_norm=2.9842, noise_norm=3.9446, sigma=0.5998, epsilon_per_round=8.0000
2026-05-24 16:20:46,901 - root - INFO - add_noise: grad_norm=2.5900, noise_norm=0.3433, sigma=0.5998, epsilon_per_round=8.0000
2026-05-24 16:20:46,901 - src.training.federated - INFO -   Surgical Intensive Care Unit (SICU): 6372 samples, loss=0.2279
2026-05-24 16:20:46,918 - root - INFO - add_noise: grad_norm=2.4832, noise_norm=2.7988, sigma=0.5998, epsilon_per_round=8.0000
2026-05-24 16:20:46,918 - root - INFO - add_noise: grad_norm=2.8690, noise_norm=0.3941, sigma=0.5998, epsilon_per_round=8.0000
2026-05-24 16:20:46,918 - src.training.federated - INFO -   Trauma SICU (TSICU): 5458 samples, loss=0.1753
2026-05-24 16:20:46,918 - src.training.federated - INFO - Round 17 complete: 7 clients aggregated
2026-05-24 16:20:46,923 - src.training.federated - INFO - Round 17 Validation AUROC: 0.7866
2026-05-24 16:20:46,923 - src.training.federated - INFO - 
======================================================================
2026-05-24 16:20:46,923 - src.training.federated - INFO - Round 18/20
2026-05-24 16:20:46,923 - src.training.federated - INFO - ======================================================================
2026-05-24 16:20:46,949 - root - INFO - add_noise: grad_norm=2.5904, noise_norm=3.5500, sigma=0.5998, epsilon_per_round=8.0000
2026-05-24 16:20:46,950 - root - INFO - add_noise: grad_norm=3.5588, noise_norm=0.8651, sigma=0.5998, epsilon_per_round=8.0000
2026-05-24 16:20:46,950 - src.training.federated - INFO -   Cardiac Vascular Intensive Care Unit (CVICU): 8118 samples, loss=0.0754
2026-05-24 16:20:46,972 - root - INFO - add_noise: grad_norm=2.4938, noise_norm=3.2852, sigma=0.5998, epsilon_per_round=8.0000
2026-05-24 16:20:46,972 - root - INFO - add_noise: grad_norm=2.8958, noise_norm=0.8059, sigma=0.5998, epsilon_per_round=8.0000
2026-05-24 16:20:46,972 - src.training.federated - INFO -   Coronary Care Unit (CCU): 5113 samples, loss=0.2288
2026-05-24 16:20:47,004 - root - INFO - add_noise: grad_norm=1.8491, noise_norm=3.5073, sigma=0.5998, epsilon_per_round=8.0000
2026-05-24 16:20:47,004 - root - INFO - add_noise: grad_norm=2.3548, noise_norm=0.0563, sigma=0.5998, epsilon_per_round=8.0000
2026-05-24 16:20:47,004 - src.training.federated - INFO -   Medical Intensive Care Unit (MICU): 8791 samples, loss=0.2735
2026-05-24 16:20:47,030 - root - INFO - add_noise: grad_norm=2.5337, noise_norm=3.2988, sigma=0.5998, epsilon_per_round=8.0000
2026-05-24 16:20:47,030 - root - INFO - add_noise: grad_norm=2.6518, noise_norm=0.7912, sigma=0.5998, epsilon_per_round=8.0000
2026-05-24 16:20:47,030 - src.training.federated - INFO -   Medical/Surgical Intensive Care Unit (MICU/SICU): 6983 samples, loss=0.2627
2026-05-24 16:20:47,038 - root - INFO - add_noise: grad_norm=3.2300, noise_norm=3.0381, sigma=0.5998, epsilon_per_round=8.0000
2026-05-24 16:20:47,038 - root - INFO - add_noise: grad_norm=1.4097, noise_norm=0.6008, sigma=0.5998, epsilon_per_round=8.0000
2026-05-24 16:20:47,038 - src.training.federated - INFO -   Neuro Surgical Intensive Care Unit (Neuro SICU): 907 samples, loss=0.3759
2026-05-24 16:20:47,057 - root - INFO - add_noise: grad_norm=2.9842, noise_norm=4.0651, sigma=0.5998, epsilon_per_round=8.0000
2026-05-24 16:20:47,057 - root - INFO - add_noise: grad_norm=2.5900, noise_norm=0.1914, sigma=0.5998, epsilon_per_round=8.0000
2026-05-24 16:20:47,057 - src.training.federated - INFO -   Surgical Intensive Care Unit (SICU): 6372 samples, loss=0.2279
2026-05-24 16:20:47,073 - root - INFO - add_noise: grad_norm=2.4832, noise_norm=3.5378, sigma=0.5998, epsilon_per_round=8.0000
2026-05-24 16:20:47,073 - root - INFO - add_noise: grad_norm=2.8690, noise_norm=0.8149, sigma=0.5998, epsilon_per_round=8.0000
2026-05-24 16:20:47,073 - src.training.federated - INFO -   Trauma SICU (TSICU): 5458 samples, loss=0.1753
2026-05-24 16:20:47,073 - src.training.federated - INFO - Round 18 complete: 7 clients aggregated
2026-05-24 16:20:47,079 - src.training.federated - INFO - Round 18 Validation AUROC: 0.7902
2026-05-24 16:20:47,079 - src.training.federated - INFO - 
======================================================================
2026-05-24 16:20:47,079 - src.training.federated - INFO - Round 19/20
2026-05-24 16:20:47,079 - src.training.federated - INFO - ======================================================================
2026-05-24 16:20:47,103 - root - INFO - add_noise: grad_norm=2.5904, noise_norm=3.3319, sigma=0.5998, epsilon_per_round=8.0000
2026-05-24 16:20:47,103 - root - INFO - add_noise: grad_norm=3.5588, noise_norm=0.8240, sigma=0.5998, epsilon_per_round=8.0000
2026-05-24 16:20:47,103 - src.training.federated - INFO -   Cardiac Vascular Intensive Care Unit (CVICU): 8118 samples, loss=0.0754
2026-05-24 16:20:47,121 - root - INFO - add_noise: grad_norm=2.4938, noise_norm=3.6733, sigma=0.5998, epsilon_per_round=8.0000
2026-05-24 16:20:47,121 - root - INFO - add_noise: grad_norm=2.8958, noise_norm=1.0534, sigma=0.5998, epsilon_per_round=8.0000
2026-05-24 16:20:47,121 - src.training.federated - INFO -   Coronary Care Unit (CCU): 5113 samples, loss=0.2288
2026-05-24 16:20:47,146 - root - INFO - add_noise: grad_norm=1.8491, noise_norm=2.9261, sigma=0.5998, epsilon_per_round=8.0000
2026-05-24 16:20:47,147 - root - INFO - add_noise: grad_norm=2.3548, noise_norm=0.3948, sigma=0.5998, epsilon_per_round=8.0000
2026-05-24 16:20:47,147 - src.training.federated - INFO -   Medical Intensive Care Unit (MICU): 8791 samples, loss=0.2735
2026-05-24 16:20:47,174 - root - INFO - add_noise: grad_norm=2.5337, noise_norm=3.3110, sigma=0.5998, epsilon_per_round=8.0000
2026-05-24 16:20:47,174 - root - INFO - add_noise: grad_norm=2.6518, noise_norm=0.4902, sigma=0.5998, epsilon_per_round=8.0000
2026-05-24 16:20:47,174 - src.training.federated - INFO -   Medical/Surgical Intensive Care Unit (MICU/SICU): 6983 samples, loss=0.2627
2026-05-24 16:20:47,184 - root - INFO - add_noise: grad_norm=3.2300, noise_norm=2.8137, sigma=0.5998, epsilon_per_round=8.0000
2026-05-24 16:20:47,184 - root - INFO - add_noise: grad_norm=1.4097, noise_norm=0.0139, sigma=0.5998, epsilon_per_round=8.0000
2026-05-24 16:20:47,184 - src.training.federated - INFO -   Neuro Surgical Intensive Care Unit (Neuro SICU): 907 samples, loss=0.3759
2026-05-24 16:20:47,205 - root - INFO - add_noise: grad_norm=2.9842, noise_norm=2.6109, sigma=0.5998, epsilon_per_round=8.0000
2026-05-24 16:20:47,205 - root - INFO - add_noise: grad_norm=2.5900, noise_norm=0.0597, sigma=0.5998, epsilon_per_round=8.0000
2026-05-24 16:20:47,205 - src.training.federated - INFO -   Surgical Intensive Care Unit (SICU): 6372 samples, loss=0.2279
2026-05-24 16:20:47,223 - root - INFO - add_noise: grad_norm=2.4832, noise_norm=3.8745, sigma=0.5998, epsilon_per_round=8.0000
2026-05-24 16:20:47,223 - root - INFO - add_noise: grad_norm=2.8690, noise_norm=0.0459, sigma=0.5998, epsilon_per_round=8.0000
2026-05-24 16:20:47,223 - src.training.federated - INFO -   Trauma SICU (TSICU): 5458 samples, loss=0.1753
2026-05-24 16:20:47,223 - src.training.federated - INFO - Round 19 complete: 7 clients aggregated
2026-05-24 16:20:47,229 - src.training.federated - INFO - Round 19 Validation AUROC: 0.8117
2026-05-24 16:20:47,229 - src.training.federated - INFO - 
======================================================================
2026-05-24 16:20:47,229 - src.training.federated - INFO - Round 20/20
2026-05-24 16:20:47,229 - src.training.federated - INFO - ======================================================================
2026-05-24 16:20:47,254 - root - INFO - add_noise: grad_norm=2.5904, noise_norm=2.7441, sigma=0.5998, epsilon_per_round=8.0000
2026-05-24 16:20:47,254 - root - INFO - add_noise: grad_norm=3.5588, noise_norm=0.4219, sigma=0.5998, epsilon_per_round=8.0000
2026-05-24 16:20:47,254 - src.training.federated - INFO -   Cardiac Vascular Intensive Care Unit (CVICU): 8118 samples, loss=0.0754
2026-05-24 16:20:47,271 - root - INFO - add_noise: grad_norm=2.4938, noise_norm=2.9869, sigma=0.5998, epsilon_per_round=8.0000
2026-05-24 16:20:47,272 - root - INFO - add_noise: grad_norm=2.8958, noise_norm=0.6710, sigma=0.5998, epsilon_per_round=8.0000
2026-05-24 16:20:47,272 - src.training.federated - INFO -   Coronary Care Unit (CCU): 5113 samples, loss=0.2288
2026-05-24 16:20:47,298 - root - INFO - add_noise: grad_norm=1.8491, noise_norm=2.7151, sigma=0.5998, epsilon_per_round=8.0000
2026-05-24 16:20:47,298 - root - INFO - add_noise: grad_norm=2.3548, noise_norm=1.1639, sigma=0.5998, epsilon_per_round=8.0000
2026-05-24 16:20:47,299 - src.training.federated - INFO -   Medical Intensive Care Unit (MICU): 8791 samples, loss=0.2735
2026-05-24 16:20:47,331 - root - INFO - add_noise: grad_norm=2.5337, noise_norm=3.3369, sigma=0.5998, epsilon_per_round=8.0000
2026-05-24 16:20:47,331 - root - INFO - add_noise: grad_norm=2.6518, noise_norm=0.2367, sigma=0.5998, epsilon_per_round=8.0000
2026-05-24 16:20:47,331 - src.training.federated - INFO -   Medical/Surgical Intensive Care Unit (MICU/SICU): 6983 samples, loss=0.2627
2026-05-24 16:20:47,340 - root - INFO - add_noise: grad_norm=3.2300, noise_norm=3.4642, sigma=0.5998, epsilon_per_round=8.0000
2026-05-24 16:20:47,340 - root - INFO - add_noise: grad_norm=1.4097, noise_norm=0.2582, sigma=0.5998, epsilon_per_round=8.0000
2026-05-24 16:20:47,340 - src.training.federated - INFO -   Neuro Surgical Intensive Care Unit (Neuro SICU): 907 samples, loss=0.3759
2026-05-24 16:20:47,360 - root - INFO - add_noise: grad_norm=2.9842, noise_norm=3.2896, sigma=0.5998, epsilon_per_round=8.0000
2026-05-24 16:20:47,360 - root - INFO - add_noise: grad_norm=2.5900, noise_norm=0.4568, sigma=0.5998, epsilon_per_round=8.0000
2026-05-24 16:20:47,360 - src.training.federated - INFO -   Surgical Intensive Care Unit (SICU): 6372 samples, loss=0.2279
2026-05-24 16:20:47,376 - root - INFO - add_noise: grad_norm=2.4832, noise_norm=3.4472, sigma=0.5998, epsilon_per_round=8.0000
2026-05-24 16:20:47,376 - root - INFO - add_noise: grad_norm=2.8690, noise_norm=0.6606, sigma=0.5998, epsilon_per_round=8.0000
2026-05-24 16:20:47,377 - src.training.federated - INFO -   Trauma SICU (TSICU): 5458 samples, loss=0.1753
2026-05-24 16:20:47,377 - src.training.federated - INFO - Round 20 complete: 7 clients aggregated
2026-05-24 16:20:47,383 - src.training.federated - INFO - Round 20 Validation AUROC: 0.8348
2026-05-24 16:20:47,389 - src.training.federated - INFO - 
======================================================================
2026-05-24 16:20:47,389 - src.training.federated - INFO - Final Test AUROC: 0.8367
2026-05-24 16:20:47,389 - src.training.federated - INFO - ======================================================================

2026-05-24 16:20:47,389 - __main__ - INFO - 
======================================================================
2026-05-24 16:20:47,389 - __main__ - INFO - Phase 1.5: Results Comparison
2026-05-24 16:20:47,389 - __main__ - INFO - ======================================================================
2026-05-24 16:20:47,389 - __main__ - INFO - 
Test AUROC Comparison:
2026-05-24 16:20:47,389 - __main__ - INFO -   Centralized: 0.8880
2026-05-24 16:20:47,389 - __main__ - INFO -   Federated:   0.8367
2026-05-24 16:20:47,389 - __main__ - INFO -   Divergence:  0.0512
2026-05-24 16:20:47,389 - __main__ - WARNING - ⚠ Federated AUROC (0.8367) < 0.85 target
2026-05-24 16:20:47,389 - __main__ - WARNING - ⚠ Divergence between centralized and federated (0.0512) > 0.05
2026-05-24 16:20:47,389 - __main__ - INFO - 
======================================================================
2026-05-24 16:20:47,389 - __main__ - INFO - ⚠️  EXPERIMENT 1 PARTIAL - Manual review recommended
2026-05-24 16:20:47,389 - __main__ - INFO - ======================================================================
