2026-05-24 15:41:27,964 - __main__ - INFO - 
================================================================================
2026-05-24 15:41:27,964 - __main__ - INFO - # EXPERIMENT 1: FEDERATED LEARNING BASELINE
2026-05-24 15:41:27,964 - __main__ - INFO - ================================================================================
2026-05-24 15:41:27,965 - __main__ - INFO - 
Phase 1.1: Loading Phase 0 cohort and splits...
2026-05-24 15:41:27,965 - src.data.loader - INFO - Loading cohort from cache: /home/raiyanjiyon/Projects/federated-healthcare-ml/data/cache/mimic_iv_cohort.csv
2026-05-24 15:41:28,141 - src.data.loader - WARNING - Missing features: {'admission_type_emergency'}
2026-05-24 15:41:28,148 - src.data.loader - INFO - Dataset: 65273 patients, 31 features
2026-05-24 15:41:28,149 - src.data.loader - INFO - Target distribution: [58207  7066]
2026-05-24 15:41:28,149 - __main__ - INFO - Loaded: 65273 samples, 31 features
2026-05-24 15:41:28,149 - __main__ - INFO - Target distribution: 7066 deaths (10.8%)
2026-05-24 15:41:28,149 - __main__ - INFO - 
Phase 1.2: Distributing data to federated clients by care unit...
2026-05-24 15:41:28,153 - src.data.split - INFO - ✓ Medical Intensive Care Unit (MICU): 8791 patients, 1410 deaths (16.0%)
2026-05-24 15:41:28,157 - src.data.split - INFO - ✓ Surgical Intensive Care Unit (SICU): 6372 patients, 754 deaths (11.8%)
2026-05-24 15:41:28,161 - src.data.split - INFO - ✓ Medical/Surgical Intensive Care Unit (MICU/SICU): 6983 patients, 957 deaths (13.7%)
2026-05-24 15:41:28,165 - src.data.split - INFO - ✓ Cardiac Vascular Intensive Care Unit (CVICU): 8118 patients, 265 deaths (3.3%)
2026-05-24 15:41:28,169 - src.data.split - INFO - ✓ Coronary Care Unit (CCU): 5113 patients, 643 deaths (12.6%)
2026-05-24 15:41:28,172 - src.data.split - INFO - ✓ Trauma SICU (TSICU): 5458 patients, 569 deaths (10.4%)
2026-05-24 15:41:28,175 - src.data.split - INFO - ✓ Neuro Surgical Intensive Care Unit (Neuro SICU): 907 patients, 256 deaths (28.2%)
2026-05-24 15:41:28,181 - src.data.split - INFO -   (skipped Intensive Care Unit (ICU): 16 patients, < 100)
2026-05-24 15:41:28,183 - src.data.split - INFO -   (skipped Medicine: 9 patients, < 100)
2026-05-24 15:41:28,185 - src.data.split - INFO -   (skipped Neuro Intermediate: 3035 patients, < 100)
2026-05-24 15:41:28,187 - src.data.split - INFO -   (skipped Neuro Stepdown: 784 patients, < 100)
2026-05-24 15:41:28,189 - src.data.split - INFO -   (skipped PACU: 43 patients, < 100)
2026-05-24 15:41:28,191 - src.data.split - INFO -   (skipped Surgery/Trauma: 2 patients, < 100)
2026-05-24 15:41:28,194 - src.data.split - INFO -   (skipped Surgery/Vascular/Intermediate: 60 patients, < 100)
2026-05-24 15:41:28,194 - src.data.split - INFO - 
✓ Federated learning ready: 7 clients
2026-05-24 15:41:28,194 - __main__ - INFO - 
✓ Created 7 federated clients
2026-05-24 15:41:28,194 - __main__ - INFO - 
Client Statistics:
2026-05-24 15:41:28,194 - __main__ - INFO - ----------------------------------------------------------------------
2026-05-24 15:41:28,194 - __main__ - INFO -   Medical Intensive Care Unit (MICU)         8791 patients, 1410 deaths ( 16.0%)
2026-05-24 15:41:28,194 - __main__ - INFO -   Cardiac Vascular Intensive Care Unit (CVICU)   8118 patients,  265 deaths (  3.3%)
2026-05-24 15:41:28,194 - __main__ - INFO -   Medical/Surgical Intensive Care Unit (MICU/SICU)   6983 patients,  957 deaths ( 13.7%)
2026-05-24 15:41:28,194 - __main__ - INFO -   Surgical Intensive Care Unit (SICU)        6372 patients,  754 deaths ( 11.8%)
2026-05-24 15:41:28,194 - __main__ - INFO -   Trauma SICU (TSICU)                        5458 patients,  569 deaths ( 10.4%)
2026-05-24 15:41:28,194 - __main__ - INFO -   Coronary Care Unit (CCU)                   5113 patients,  643 deaths ( 12.6%)
2026-05-24 15:41:28,194 - __main__ - INFO -   Neuro Surgical Intensive Care Unit (Neuro SICU)    907 patients,  256 deaths ( 28.2%)
2026-05-24 15:41:28,194 - __main__ - INFO - 
======================================================================
2026-05-24 15:41:28,194 - __main__ - INFO - Phase 1.3: Training Centralized Baseline (for comparison)...
2026-05-24 15:41:28,194 - __main__ - INFO - ======================================================================
2026-05-24 15:41:28,628 - __main__ - INFO - 
Centralized Train AUROC: 0.8857
2026-05-24 15:41:28,628 - __main__ - INFO - Centralized Val AUROC:   0.8846
2026-05-24 15:41:28,628 - __main__ - INFO - Centralized Test AUROC:  0.8880
2026-05-24 15:41:28,628 - __main__ - INFO - 
======================================================================
2026-05-24 15:41:28,629 - __main__ - INFO - Phase 1.4: Training Federated Learning Model...
2026-05-24 15:41:28,629 - __main__ - INFO - ======================================================================
2026-05-24 15:41:28,629 - __main__ - INFO - Overriding DP epsilon to 1.0
2026-05-24 15:41:28,629 - __main__ - INFO - Overriding clipping threshold to 0.01
2026-05-24 15:41:28,643 - root - INFO - 
======================================================================
2026-05-24 15:41:28,643 - root - INFO - Differential Privacy Mechanism Initialized: GaussianDP
2026-05-24 15:41:28,643 - root - INFO - ======================================================================
2026-05-24 15:41:28,643 - root - INFO -   Privacy Budget (ε):     1.0000
2026-05-24 15:41:28,643 - root - INFO -   Failure Probability (δ): 0.000010
2026-05-24 15:41:28,643 - root - INFO -   Clipping Norm (C):      1.0000
2026-05-24 15:41:28,643 - root - INFO -   Noise Scale (σ):        4.7985
2026-05-24 15:41:28,643 - root - INFO - ======================================================================

2026-05-24 15:41:28,643 - src.training.federated - INFO - FederatedTrainer initialized:
2026-05-24 15:41:28,643 - src.training.federated - INFO -   Clients: 7
2026-05-24 15:41:28,643 - src.training.federated - INFO -   Training samples: 41742
2026-05-24 15:41:28,643 - src.training.federated - INFO -   Validation samples: 9791
2026-05-24 15:41:28,643 - src.training.federated - INFO -   Test samples: 9791
2026-05-24 15:41:28,643 - src.training.federated - INFO -   Features: 31
2026-05-24 15:41:28,643 - src.training.federated - INFO -   Rounds: 10
2026-05-24 15:41:28,643 - src.training.federated - INFO -   Strategy: FEDAVG
2026-05-24 15:41:28,643 - src.training.federated - INFO -   Privacy: Enabled (ε=1.0, δ=1e-5)
2026-05-24 15:41:28,644 - src.training.federated - INFO - 
######################################################################
2026-05-24 15:41:28,644 - src.training.federated - INFO - # FEDERATED LEARNING TRAINING (10 rounds)
2026-05-24 15:41:28,644 - src.training.federated - INFO - # Strategy: FEDAVG
2026-05-24 15:41:28,644 - src.training.federated - INFO - ######################################################################

2026-05-24 15:41:28,644 - src.training.federated - INFO - 
======================================================================
2026-05-24 15:41:28,644 - src.training.federated - INFO - Round 1/10
2026-05-24 15:41:28,644 - src.training.federated - INFO - ======================================================================
2026-05-24 15:41:28,709 - src.training.federated - INFO -   Cardiac Vascular Intensive Care Unit (CVICU): 8118 samples, loss=0.0754
2026-05-24 15:41:28,724 - src.training.federated - INFO -   Coronary Care Unit (CCU): 5113 samples, loss=0.2288
2026-05-24 15:41:28,751 - src.training.federated - INFO -   Medical Intensive Care Unit (MICU): 8791 samples, loss=0.2735
2026-05-24 15:41:28,780 - src.training.federated - INFO -   Medical/Surgical Intensive Care Unit (MICU/SICU): 6983 samples, loss=0.2627
2026-05-24 15:41:28,788 - src.training.federated - INFO -   Neuro Surgical Intensive Care Unit (Neuro SICU): 907 samples, loss=0.3759
2026-05-24 15:41:28,807 - src.training.federated - INFO -   Surgical Intensive Care Unit (SICU): 6372 samples, loss=0.2279
2026-05-24 15:41:28,824 - src.training.federated - INFO -   Trauma SICU (TSICU): 5458 samples, loss=0.1753
2026-05-24 15:41:28,824 - src.training.federated - INFO - Round 1 complete: 7 clients aggregated
2026-05-24 15:41:28,830 - src.training.federated - INFO - Round 1 Validation AUROC: 0.7373
2026-05-24 15:41:28,830 - src.training.federated - INFO - 
======================================================================
2026-05-24 15:41:28,830 - src.training.federated - INFO - Round 2/10
2026-05-24 15:41:28,830 - src.training.federated - INFO - ======================================================================
2026-05-24 15:41:28,853 - src.training.federated - INFO -   Cardiac Vascular Intensive Care Unit (CVICU): 8118 samples, loss=0.0754
2026-05-24 15:41:28,869 - src.training.federated - INFO -   Coronary Care Unit (CCU): 5113 samples, loss=0.2288
2026-05-24 15:41:28,895 - src.training.federated - INFO -   Medical Intensive Care Unit (MICU): 8791 samples, loss=0.2735
2026-05-24 15:41:28,920 - src.training.federated - INFO -   Medical/Surgical Intensive Care Unit (MICU/SICU): 6983 samples, loss=0.2627
2026-05-24 15:41:28,927 - src.training.federated - INFO -   Neuro Surgical Intensive Care Unit (Neuro SICU): 907 samples, loss=0.3759
2026-05-24 15:41:28,947 - src.training.federated - INFO -   Surgical Intensive Care Unit (SICU): 6372 samples, loss=0.2279
2026-05-24 15:41:28,963 - src.training.federated - INFO -   Trauma SICU (TSICU): 5458 samples, loss=0.1753
2026-05-24 15:41:28,963 - src.training.federated - INFO - Round 2 complete: 7 clients aggregated
2026-05-24 15:41:28,969 - src.training.federated - INFO - Round 2 Validation AUROC: 0.6685
2026-05-24 15:41:28,969 - src.training.federated - INFO - 
======================================================================
2026-05-24 15:41:28,969 - src.training.federated - INFO - Round 3/10
2026-05-24 15:41:28,969 - src.training.federated - INFO - ======================================================================
2026-05-24 15:41:28,991 - src.training.federated - INFO -   Cardiac Vascular Intensive Care Unit (CVICU): 8118 samples, loss=0.0754
2026-05-24 15:41:29,007 - src.training.federated - INFO -   Coronary Care Unit (CCU): 5113 samples, loss=0.2288
2026-05-24 15:41:29,033 - src.training.federated - INFO -   Medical Intensive Care Unit (MICU): 8791 samples, loss=0.2735
2026-05-24 15:41:29,059 - src.training.federated - INFO -   Medical/Surgical Intensive Care Unit (MICU/SICU): 6983 samples, loss=0.2627
2026-05-24 15:41:29,067 - src.training.federated - INFO -   Neuro Surgical Intensive Care Unit (Neuro SICU): 907 samples, loss=0.3759
2026-05-24 15:41:29,087 - src.training.federated - INFO -   Surgical Intensive Care Unit (SICU): 6372 samples, loss=0.2279
2026-05-24 15:41:29,104 - src.training.federated - INFO -   Trauma SICU (TSICU): 5458 samples, loss=0.1753
2026-05-24 15:41:29,104 - src.training.federated - INFO - Round 3 complete: 7 clients aggregated
2026-05-24 15:41:29,110 - src.training.federated - INFO - Round 3 Validation AUROC: 0.5341
2026-05-24 15:41:29,110 - src.training.federated - INFO - 
======================================================================
2026-05-24 15:41:29,110 - src.training.federated - INFO - Round 4/10
2026-05-24 15:41:29,110 - src.training.federated - INFO - ======================================================================
2026-05-24 15:41:29,133 - src.training.federated - INFO -   Cardiac Vascular Intensive Care Unit (CVICU): 8118 samples, loss=0.0754
2026-05-24 15:41:29,149 - src.training.federated - INFO -   Coronary Care Unit (CCU): 5113 samples, loss=0.2288
2026-05-24 15:41:29,175 - src.training.federated - INFO -   Medical Intensive Care Unit (MICU): 8791 samples, loss=0.2735
2026-05-24 15:41:29,202 - src.training.federated - INFO -   Medical/Surgical Intensive Care Unit (MICU/SICU): 6983 samples, loss=0.2627
2026-05-24 15:41:29,210 - src.training.federated - INFO -   Neuro Surgical Intensive Care Unit (Neuro SICU): 907 samples, loss=0.3759
2026-05-24 15:41:29,230 - src.training.federated - INFO -   Surgical Intensive Care Unit (SICU): 6372 samples, loss=0.2279
2026-05-24 15:41:29,247 - src.training.federated - INFO -   Trauma SICU (TSICU): 5458 samples, loss=0.1753
2026-05-24 15:41:29,247 - src.training.federated - INFO - Round 4 complete: 7 clients aggregated
2026-05-24 15:41:29,253 - src.training.federated - INFO - Round 4 Validation AUROC: 0.7420
2026-05-24 15:41:29,253 - src.training.federated - INFO - 
======================================================================
2026-05-24 15:41:29,253 - src.training.federated - INFO - Round 5/10
2026-05-24 15:41:29,253 - src.training.federated - INFO - ======================================================================
2026-05-24 15:41:29,276 - src.training.federated - INFO -   Cardiac Vascular Intensive Care Unit (CVICU): 8118 samples, loss=0.0754
2026-05-24 15:41:29,292 - src.training.federated - INFO -   Coronary Care Unit (CCU): 5113 samples, loss=0.2288
2026-05-24 15:41:29,317 - src.training.federated - INFO -   Medical Intensive Care Unit (MICU): 8791 samples, loss=0.2735
2026-05-24 15:41:29,343 - src.training.federated - INFO -   Medical/Surgical Intensive Care Unit (MICU/SICU): 6983 samples, loss=0.2627
2026-05-24 15:41:29,350 - src.training.federated - INFO -   Neuro Surgical Intensive Care Unit (Neuro SICU): 907 samples, loss=0.3759
2026-05-24 15:41:29,370 - src.training.federated - INFO -   Surgical Intensive Care Unit (SICU): 6372 samples, loss=0.2279
2026-05-24 15:41:29,387 - src.training.federated - INFO -   Trauma SICU (TSICU): 5458 samples, loss=0.1753
2026-05-24 15:41:29,387 - src.training.federated - INFO - Round 5 complete: 7 clients aggregated
2026-05-24 15:41:29,394 - src.training.federated - INFO - Round 5 Validation AUROC: 0.3943
2026-05-24 15:41:29,394 - src.training.federated - INFO - 
======================================================================
2026-05-24 15:41:29,394 - src.training.federated - INFO - Round 6/10
2026-05-24 15:41:29,394 - src.training.federated - INFO - ======================================================================
2026-05-24 15:41:29,416 - src.training.federated - INFO -   Cardiac Vascular Intensive Care Unit (CVICU): 8118 samples, loss=0.0754
2026-05-24 15:41:29,432 - src.training.federated - INFO -   Coronary Care Unit (CCU): 5113 samples, loss=0.2288
2026-05-24 15:41:29,458 - src.training.federated - INFO -   Medical Intensive Care Unit (MICU): 8791 samples, loss=0.2735
2026-05-24 15:41:29,484 - src.training.federated - INFO -   Medical/Surgical Intensive Care Unit (MICU/SICU): 6983 samples, loss=0.2627
2026-05-24 15:41:29,492 - src.training.federated - INFO -   Neuro Surgical Intensive Care Unit (Neuro SICU): 907 samples, loss=0.3759
2026-05-24 15:41:29,512 - src.training.federated - INFO -   Surgical Intensive Care Unit (SICU): 6372 samples, loss=0.2279
2026-05-24 15:41:29,529 - src.training.federated - INFO -   Trauma SICU (TSICU): 5458 samples, loss=0.1753
2026-05-24 15:41:29,529 - src.training.federated - INFO - Round 6 complete: 7 clients aggregated
2026-05-24 15:41:29,535 - src.training.federated - INFO - Round 6 Validation AUROC: 0.5295
2026-05-24 15:41:29,535 - src.training.federated - INFO - 
======================================================================
2026-05-24 15:41:29,535 - src.training.federated - INFO - Round 7/10
2026-05-24 15:41:29,535 - src.training.federated - INFO - ======================================================================
2026-05-24 15:41:29,558 - src.training.federated - INFO -   Cardiac Vascular Intensive Care Unit (CVICU): 8118 samples, loss=0.0754
2026-05-24 15:41:29,573 - src.training.federated - INFO -   Coronary Care Unit (CCU): 5113 samples, loss=0.2288
2026-05-24 15:41:29,599 - src.training.federated - INFO -   Medical Intensive Care Unit (MICU): 8791 samples, loss=0.2735
2026-05-24 15:41:29,627 - src.training.federated - INFO -   Medical/Surgical Intensive Care Unit (MICU/SICU): 6983 samples, loss=0.2627
2026-05-24 15:41:29,634 - src.training.federated - INFO -   Neuro Surgical Intensive Care Unit (Neuro SICU): 907 samples, loss=0.3759
2026-05-24 15:41:29,654 - src.training.federated - INFO -   Surgical Intensive Care Unit (SICU): 6372 samples, loss=0.2279
2026-05-24 15:41:29,671 - src.training.federated - INFO -   Trauma SICU (TSICU): 5458 samples, loss=0.1753
2026-05-24 15:41:29,672 - src.training.federated - INFO - Round 7 complete: 7 clients aggregated
2026-05-24 15:41:29,678 - src.training.federated - INFO - Round 7 Validation AUROC: 0.7414
2026-05-24 15:41:29,678 - src.training.federated - INFO - 
======================================================================
2026-05-24 15:41:29,678 - src.training.federated - INFO - Round 8/10
2026-05-24 15:41:29,678 - src.training.federated - INFO - ======================================================================
2026-05-24 15:41:29,701 - src.training.federated - INFO -   Cardiac Vascular Intensive Care Unit (CVICU): 8118 samples, loss=0.0754
2026-05-24 15:41:29,717 - src.training.federated - INFO -   Coronary Care Unit (CCU): 5113 samples, loss=0.2288
2026-05-24 15:41:29,747 - src.training.federated - INFO -   Medical Intensive Care Unit (MICU): 8791 samples, loss=0.2735
2026-05-24 15:41:29,774 - src.training.federated - INFO -   Medical/Surgical Intensive Care Unit (MICU/SICU): 6983 samples, loss=0.2627
2026-05-24 15:41:29,782 - src.training.federated - INFO -   Neuro Surgical Intensive Care Unit (Neuro SICU): 907 samples, loss=0.3759
2026-05-24 15:41:29,802 - src.training.federated - INFO -   Surgical Intensive Care Unit (SICU): 6372 samples, loss=0.2279
2026-05-24 15:41:29,819 - src.training.federated - INFO -   Trauma SICU (TSICU): 5458 samples, loss=0.1753
2026-05-24 15:41:29,819 - src.training.federated - INFO - Round 8 complete: 7 clients aggregated
2026-05-24 15:41:29,826 - src.training.federated - INFO - Round 8 Validation AUROC: 0.5366
2026-05-24 15:41:29,826 - src.training.federated - INFO - 
======================================================================
2026-05-24 15:41:29,826 - src.training.federated - INFO - Round 9/10
2026-05-24 15:41:29,826 - src.training.federated - INFO - ======================================================================
2026-05-24 15:41:29,848 - src.training.federated - INFO -   Cardiac Vascular Intensive Care Unit (CVICU): 8118 samples, loss=0.0754
2026-05-24 15:41:29,865 - src.training.federated - INFO -   Coronary Care Unit (CCU): 5113 samples, loss=0.2288
2026-05-24 15:41:29,890 - src.training.federated - INFO -   Medical Intensive Care Unit (MICU): 8791 samples, loss=0.2735
2026-05-24 15:41:29,916 - src.training.federated - INFO -   Medical/Surgical Intensive Care Unit (MICU/SICU): 6983 samples, loss=0.2627
2026-05-24 15:41:29,924 - src.training.federated - INFO -   Neuro Surgical Intensive Care Unit (Neuro SICU): 907 samples, loss=0.3759
2026-05-24 15:41:29,944 - src.training.federated - INFO -   Surgical Intensive Care Unit (SICU): 6372 samples, loss=0.2279
2026-05-24 15:41:29,961 - src.training.federated - INFO -   Trauma SICU (TSICU): 5458 samples, loss=0.1753
2026-05-24 15:41:29,961 - src.training.federated - INFO - Round 9 complete: 7 clients aggregated
2026-05-24 15:41:29,967 - src.training.federated - INFO - Round 9 Validation AUROC: 0.6864
2026-05-24 15:41:29,967 - src.training.federated - INFO - 
======================================================================
2026-05-24 15:41:29,967 - src.training.federated - INFO - Round 10/10
2026-05-24 15:41:29,967 - src.training.federated - INFO - ======================================================================
2026-05-24 15:41:29,990 - src.training.federated - INFO -   Cardiac Vascular Intensive Care Unit (CVICU): 8118 samples, loss=0.0754
2026-05-24 15:41:30,006 - src.training.federated - INFO -   Coronary Care Unit (CCU): 5113 samples, loss=0.2288
2026-05-24 15:41:30,032 - src.training.federated - INFO -   Medical Intensive Care Unit (MICU): 8791 samples, loss=0.2735
2026-05-24 15:41:30,059 - src.training.federated - INFO -   Medical/Surgical Intensive Care Unit (MICU/SICU): 6983 samples, loss=0.2627
2026-05-24 15:41:30,066 - src.training.federated - INFO -   Neuro Surgical Intensive Care Unit (Neuro SICU): 907 samples, loss=0.3759
2026-05-24 15:41:30,086 - src.training.federated - INFO -   Surgical Intensive Care Unit (SICU): 6372 samples, loss=0.2279
2026-05-24 15:41:30,103 - src.training.federated - INFO -   Trauma SICU (TSICU): 5458 samples, loss=0.1753
2026-05-24 15:41:30,103 - src.training.federated - INFO - Round 10 complete: 7 clients aggregated
2026-05-24 15:41:30,110 - src.training.federated - INFO - Round 10 Validation AUROC: 0.5018
2026-05-24 15:41:30,116 - src.training.federated - INFO - 
======================================================================
2026-05-24 15:41:30,116 - src.training.federated - INFO - Final Test AUROC: 0.4880
2026-05-24 15:41:30,116 - src.training.federated - INFO - ======================================================================

2026-05-24 15:41:30,116 - __main__ - INFO - 
======================================================================
2026-05-24 15:41:30,116 - __main__ - INFO - Phase 1.5: Results Comparison
2026-05-24 15:41:30,116 - __main__ - INFO - ======================================================================
2026-05-24 15:41:30,116 - __main__ - INFO - 
Test AUROC Comparison:
2026-05-24 15:41:30,116 - __main__ - INFO -   Centralized: 0.8880
2026-05-24 15:41:30,116 - __main__ - INFO -   Federated:   0.4880
2026-05-24 15:41:30,116 - __main__ - INFO -   Divergence:  0.3999
2026-05-24 15:41:30,116 - __main__ - WARNING - ⚠ Federated AUROC (0.4880) < 0.85 target
2026-05-24 15:41:30,116 - __main__ - WARNING - ⚠ Divergence between centralized and federated (0.3999) > 0.05
2026-05-24 15:41:30,116 - __main__ - INFO - 
======================================================================
2026-05-24 15:41:30,116 - __main__ - INFO - ⚠️  EXPERIMENT 1 PARTIAL - Manual review recommended
2026-05-24 15:41:30,116 - __main__ - INFO - ======================================================================
