2026-05-24 15:38:22,062 - __main__ - INFO - 
================================================================================
2026-05-24 15:38:22,062 - __main__ - INFO - # EXPERIMENT 1: FEDERATED LEARNING BASELINE
2026-05-24 15:38:22,062 - __main__ - INFO - ================================================================================
2026-05-24 15:38:22,062 - __main__ - INFO - 
Phase 1.1: Loading Phase 0 cohort and splits...
2026-05-24 15:38:22,062 - src.data.loader - INFO - Loading cohort from cache: /home/raiyanjiyon/Projects/federated-healthcare-ml/data/cache/mimic_iv_cohort.csv
2026-05-24 15:38:22,250 - src.data.loader - WARNING - Missing features: {'admission_type_emergency'}
2026-05-24 15:38:22,259 - src.data.loader - INFO - Dataset: 65273 patients, 31 features
2026-05-24 15:38:22,259 - src.data.loader - INFO - Target distribution: [58207  7066]
2026-05-24 15:38:22,259 - __main__ - INFO - Loaded: 65273 samples, 31 features
2026-05-24 15:38:22,259 - __main__ - INFO - Target distribution: 7066 deaths (10.8%)
2026-05-24 15:38:22,259 - __main__ - INFO - 
Phase 1.2: Distributing data to federated clients by care unit...
2026-05-24 15:38:22,263 - src.data.split - INFO - ✓ Medical Intensive Care Unit (MICU): 8791 patients, 1410 deaths (16.0%)
2026-05-24 15:38:22,267 - src.data.split - INFO - ✓ Surgical Intensive Care Unit (SICU): 6372 patients, 754 deaths (11.8%)
2026-05-24 15:38:22,271 - src.data.split - INFO - ✓ Medical/Surgical Intensive Care Unit (MICU/SICU): 6983 patients, 957 deaths (13.7%)
2026-05-24 15:38:22,275 - src.data.split - INFO - ✓ Cardiac Vascular Intensive Care Unit (CVICU): 8118 patients, 265 deaths (3.3%)
2026-05-24 15:38:22,278 - src.data.split - INFO - ✓ Coronary Care Unit (CCU): 5113 patients, 643 deaths (12.6%)
2026-05-24 15:38:22,282 - src.data.split - INFO - ✓ Trauma SICU (TSICU): 5458 patients, 569 deaths (10.4%)
2026-05-24 15:38:22,284 - src.data.split - INFO - ✓ Neuro Surgical Intensive Care Unit (Neuro SICU): 907 patients, 256 deaths (28.2%)
2026-05-24 15:38:22,289 - src.data.split - INFO -   (skipped Intensive Care Unit (ICU): 16 patients, < 100)
2026-05-24 15:38:22,291 - src.data.split - INFO -   (skipped Medicine: 9 patients, < 100)
2026-05-24 15:38:22,293 - src.data.split - INFO -   (skipped Neuro Intermediate: 3035 patients, < 100)
2026-05-24 15:38:22,295 - src.data.split - INFO -   (skipped Neuro Stepdown: 784 patients, < 100)
2026-05-24 15:38:22,297 - src.data.split - INFO -   (skipped PACU: 43 patients, < 100)
2026-05-24 15:38:22,299 - src.data.split - INFO -   (skipped Surgery/Trauma: 2 patients, < 100)
2026-05-24 15:38:22,301 - src.data.split - INFO -   (skipped Surgery/Vascular/Intermediate: 60 patients, < 100)
2026-05-24 15:38:22,301 - src.data.split - INFO - 
✓ Federated learning ready: 7 clients
2026-05-24 15:38:22,301 - __main__ - INFO - 
✓ Created 7 federated clients
2026-05-24 15:38:22,301 - __main__ - INFO - 
Client Statistics:
2026-05-24 15:38:22,301 - __main__ - INFO - ----------------------------------------------------------------------
2026-05-24 15:38:22,301 - __main__ - INFO -   Medical Intensive Care Unit (MICU)         8791 patients, 1410 deaths ( 16.0%)
2026-05-24 15:38:22,301 - __main__ - INFO -   Cardiac Vascular Intensive Care Unit (CVICU)   8118 patients,  265 deaths (  3.3%)
2026-05-24 15:38:22,301 - __main__ - INFO -   Medical/Surgical Intensive Care Unit (MICU/SICU)   6983 patients,  957 deaths ( 13.7%)
2026-05-24 15:38:22,301 - __main__ - INFO -   Surgical Intensive Care Unit (SICU)        6372 patients,  754 deaths ( 11.8%)
2026-05-24 15:38:22,301 - __main__ - INFO -   Trauma SICU (TSICU)                        5458 patients,  569 deaths ( 10.4%)
2026-05-24 15:38:22,301 - __main__ - INFO -   Coronary Care Unit (CCU)                   5113 patients,  643 deaths ( 12.6%)
2026-05-24 15:38:22,302 - __main__ - INFO -   Neuro Surgical Intensive Care Unit (Neuro SICU)    907 patients,  256 deaths ( 28.2%)
2026-05-24 15:38:22,302 - __main__ - INFO - 
======================================================================
2026-05-24 15:38:22,302 - __main__ - INFO - Phase 1.3: Training Centralized Baseline (for comparison)...
2026-05-24 15:38:22,302 - __main__ - INFO - ======================================================================
2026-05-24 15:38:22,817 - __main__ - INFO - 
Centralized Train AUROC: 0.8857
2026-05-24 15:38:22,817 - __main__ - INFO - Centralized Val AUROC:   0.8846
2026-05-24 15:38:22,817 - __main__ - INFO - Centralized Test AUROC:  0.8880
2026-05-24 15:38:22,817 - __main__ - INFO - 
======================================================================
2026-05-24 15:38:22,817 - __main__ - INFO - Phase 1.4: Training Federated Learning Model...
2026-05-24 15:38:22,817 - __main__ - INFO - ======================================================================
2026-05-24 15:38:22,817 - __main__ - INFO - Overriding DP epsilon to 20.0
2026-05-24 15:38:22,847 - root - INFO - 
======================================================================
2026-05-24 15:38:22,847 - root - INFO - Differential Privacy Mechanism Initialized: GaussianDP
2026-05-24 15:38:22,847 - root - INFO - ======================================================================
2026-05-24 15:38:22,847 - root - INFO -   Privacy Budget (ε):     1.0000
2026-05-24 15:38:22,847 - root - INFO -   Failure Probability (δ): 0.000010
2026-05-24 15:38:22,847 - root - INFO -   Clipping Norm (C):      1.0000
2026-05-24 15:38:22,847 - root - INFO -   Noise Scale (σ):        4.7985
2026-05-24 15:38:22,847 - root - INFO - ======================================================================

2026-05-24 15:38:22,847 - src.training.federated - INFO - FederatedTrainer initialized:
2026-05-24 15:38:22,847 - src.training.federated - INFO -   Clients: 7
2026-05-24 15:38:22,847 - src.training.federated - INFO -   Training samples: 41742
2026-05-24 15:38:22,847 - src.training.federated - INFO -   Validation samples: 9791
2026-05-24 15:38:22,847 - src.training.federated - INFO -   Test samples: 9791
2026-05-24 15:38:22,847 - src.training.federated - INFO -   Features: 31
2026-05-24 15:38:22,847 - src.training.federated - INFO -   Rounds: 10
2026-05-24 15:38:22,847 - src.training.federated - INFO -   Strategy: FEDAVG
2026-05-24 15:38:22,847 - src.training.federated - INFO -   Privacy: Enabled (ε=1.0, δ=1e-5)
2026-05-24 15:38:22,847 - src.training.federated - INFO - 
######################################################################
2026-05-24 15:38:22,847 - src.training.federated - INFO - # FEDERATED LEARNING TRAINING (10 rounds)
2026-05-24 15:38:22,847 - src.training.federated - INFO - # Strategy: FEDAVG
2026-05-24 15:38:22,847 - src.training.federated - INFO - ######################################################################

2026-05-24 15:38:22,847 - src.training.federated - INFO - 
======================================================================
2026-05-24 15:38:22,847 - src.training.federated - INFO - Round 1/10
2026-05-24 15:38:22,847 - src.training.federated - INFO - ======================================================================
2026-05-24 15:38:22,893 - src.training.federated - INFO -   Cardiac Vascular Intensive Care Unit (CVICU): 8118 samples, loss=0.0754
2026-05-24 15:38:22,907 - src.training.federated - INFO -   Coronary Care Unit (CCU): 5113 samples, loss=0.2288
2026-05-24 15:38:22,931 - src.training.federated - INFO -   Medical Intensive Care Unit (MICU): 8791 samples, loss=0.2735
2026-05-24 15:38:22,955 - src.training.federated - INFO -   Medical/Surgical Intensive Care Unit (MICU/SICU): 6983 samples, loss=0.2627
2026-05-24 15:38:22,964 - src.training.federated - INFO -   Neuro Surgical Intensive Care Unit (Neuro SICU): 907 samples, loss=0.3759
2026-05-24 15:38:22,982 - src.training.federated - INFO -   Surgical Intensive Care Unit (SICU): 6372 samples, loss=0.2279
2026-05-24 15:38:22,998 - src.training.federated - INFO -   Trauma SICU (TSICU): 5458 samples, loss=0.1753
2026-05-24 15:38:22,998 - src.training.federated - INFO - Round 1 complete: 7 clients aggregated
2026-05-24 15:38:23,003 - src.training.federated - INFO - Round 1 Validation AUROC: 0.7373
2026-05-24 15:38:23,003 - src.training.federated - INFO - 
======================================================================
2026-05-24 15:38:23,003 - src.training.federated - INFO - Round 2/10
2026-05-24 15:38:23,003 - src.training.federated - INFO - ======================================================================
2026-05-24 15:38:23,024 - src.training.federated - INFO -   Cardiac Vascular Intensive Care Unit (CVICU): 8118 samples, loss=0.0754
2026-05-24 15:38:23,038 - src.training.federated - INFO -   Coronary Care Unit (CCU): 5113 samples, loss=0.2288
2026-05-24 15:38:23,063 - src.training.federated - INFO -   Medical Intensive Care Unit (MICU): 8791 samples, loss=0.2735
2026-05-24 15:38:23,088 - src.training.federated - INFO -   Medical/Surgical Intensive Care Unit (MICU/SICU): 6983 samples, loss=0.2627
2026-05-24 15:38:23,096 - src.training.federated - INFO -   Neuro Surgical Intensive Care Unit (Neuro SICU): 907 samples, loss=0.3759
2026-05-24 15:38:23,115 - src.training.federated - INFO -   Surgical Intensive Care Unit (SICU): 6372 samples, loss=0.2279
2026-05-24 15:38:23,131 - src.training.federated - INFO -   Trauma SICU (TSICU): 5458 samples, loss=0.1753
2026-05-24 15:38:23,131 - src.training.federated - INFO - Round 2 complete: 7 clients aggregated
2026-05-24 15:38:23,137 - src.training.federated - INFO - Round 2 Validation AUROC: 0.6685
2026-05-24 15:38:23,137 - src.training.federated - INFO - 
======================================================================
2026-05-24 15:38:23,137 - src.training.federated - INFO - Round 3/10
2026-05-24 15:38:23,137 - src.training.federated - INFO - ======================================================================
2026-05-24 15:38:23,160 - src.training.federated - INFO -   Cardiac Vascular Intensive Care Unit (CVICU): 8118 samples, loss=0.0754
2026-05-24 15:38:23,174 - src.training.federated - INFO -   Coronary Care Unit (CCU): 5113 samples, loss=0.2288
2026-05-24 15:38:23,199 - src.training.federated - INFO -   Medical Intensive Care Unit (MICU): 8791 samples, loss=0.2735
2026-05-24 15:38:23,224 - src.training.federated - INFO -   Medical/Surgical Intensive Care Unit (MICU/SICU): 6983 samples, loss=0.2627
2026-05-24 15:38:23,232 - src.training.federated - INFO -   Neuro Surgical Intensive Care Unit (Neuro SICU): 907 samples, loss=0.3759
2026-05-24 15:38:23,251 - src.training.federated - INFO -   Surgical Intensive Care Unit (SICU): 6372 samples, loss=0.2279
2026-05-24 15:38:23,267 - src.training.federated - INFO -   Trauma SICU (TSICU): 5458 samples, loss=0.1753
2026-05-24 15:38:23,267 - src.training.federated - INFO - Round 3 complete: 7 clients aggregated
2026-05-24 15:38:23,273 - src.training.federated - INFO - Round 3 Validation AUROC: 0.5341
2026-05-24 15:38:23,273 - src.training.federated - INFO - 
======================================================================
2026-05-24 15:38:23,273 - src.training.federated - INFO - Round 4/10
2026-05-24 15:38:23,273 - src.training.federated - INFO - ======================================================================
2026-05-24 15:38:23,295 - src.training.federated - INFO -   Cardiac Vascular Intensive Care Unit (CVICU): 8118 samples, loss=0.0754
2026-05-24 15:38:23,310 - src.training.federated - INFO -   Coronary Care Unit (CCU): 5113 samples, loss=0.2288
2026-05-24 15:38:23,338 - src.training.federated - INFO -   Medical Intensive Care Unit (MICU): 8791 samples, loss=0.2735
2026-05-24 15:38:23,362 - src.training.federated - INFO -   Medical/Surgical Intensive Care Unit (MICU/SICU): 6983 samples, loss=0.2627
2026-05-24 15:38:23,369 - src.training.federated - INFO -   Neuro Surgical Intensive Care Unit (Neuro SICU): 907 samples, loss=0.3759
2026-05-24 15:38:23,387 - src.training.federated - INFO -   Surgical Intensive Care Unit (SICU): 6372 samples, loss=0.2279
2026-05-24 15:38:23,403 - src.training.federated - INFO -   Trauma SICU (TSICU): 5458 samples, loss=0.1753
2026-05-24 15:38:23,403 - src.training.federated - INFO - Round 4 complete: 7 clients aggregated
2026-05-24 15:38:23,410 - src.training.federated - INFO - Round 4 Validation AUROC: 0.7420
2026-05-24 15:38:23,410 - src.training.federated - INFO - 
======================================================================
2026-05-24 15:38:23,410 - src.training.federated - INFO - Round 5/10
2026-05-24 15:38:23,410 - src.training.federated - INFO - ======================================================================
2026-05-24 15:38:23,431 - src.training.federated - INFO -   Cardiac Vascular Intensive Care Unit (CVICU): 8118 samples, loss=0.0754
2026-05-24 15:38:23,447 - src.training.federated - INFO -   Coronary Care Unit (CCU): 5113 samples, loss=0.2288
2026-05-24 15:38:23,470 - src.training.federated - INFO -   Medical Intensive Care Unit (MICU): 8791 samples, loss=0.2735
2026-05-24 15:38:23,495 - src.training.federated - INFO -   Medical/Surgical Intensive Care Unit (MICU/SICU): 6983 samples, loss=0.2627
2026-05-24 15:38:23,501 - src.training.federated - INFO -   Neuro Surgical Intensive Care Unit (Neuro SICU): 907 samples, loss=0.3759
2026-05-24 15:38:23,519 - src.training.federated - INFO -   Surgical Intensive Care Unit (SICU): 6372 samples, loss=0.2279
2026-05-24 15:38:23,535 - src.training.federated - INFO -   Trauma SICU (TSICU): 5458 samples, loss=0.1753
2026-05-24 15:38:23,535 - src.training.federated - INFO - Round 5 complete: 7 clients aggregated
2026-05-24 15:38:23,541 - src.training.federated - INFO - Round 5 Validation AUROC: 0.3943
2026-05-24 15:38:23,541 - src.training.federated - INFO - 
======================================================================
2026-05-24 15:38:23,541 - src.training.federated - INFO - Round 6/10
2026-05-24 15:38:23,541 - src.training.federated - INFO - ======================================================================
2026-05-24 15:38:23,560 - src.training.federated - INFO -   Cardiac Vascular Intensive Care Unit (CVICU): 8118 samples, loss=0.0754
2026-05-24 15:38:23,574 - src.training.federated - INFO -   Coronary Care Unit (CCU): 5113 samples, loss=0.2288
2026-05-24 15:38:23,597 - src.training.federated - INFO -   Medical Intensive Care Unit (MICU): 8791 samples, loss=0.2735
2026-05-24 15:38:23,620 - src.training.federated - INFO -   Medical/Surgical Intensive Care Unit (MICU/SICU): 6983 samples, loss=0.2627
2026-05-24 15:38:23,629 - src.training.federated - INFO -   Neuro Surgical Intensive Care Unit (Neuro SICU): 907 samples, loss=0.3759
2026-05-24 15:38:23,647 - src.training.federated - INFO -   Surgical Intensive Care Unit (SICU): 6372 samples, loss=0.2279
2026-05-24 15:38:23,663 - src.training.federated - INFO -   Trauma SICU (TSICU): 5458 samples, loss=0.1753
2026-05-24 15:38:23,663 - src.training.federated - INFO - Round 6 complete: 7 clients aggregated
2026-05-24 15:38:23,668 - src.training.federated - INFO - Round 6 Validation AUROC: 0.5295
2026-05-24 15:38:23,668 - src.training.federated - INFO - 
======================================================================
2026-05-24 15:38:23,668 - src.training.federated - INFO - Round 7/10
2026-05-24 15:38:23,668 - src.training.federated - INFO - ======================================================================
2026-05-24 15:38:23,687 - src.training.federated - INFO -   Cardiac Vascular Intensive Care Unit (CVICU): 8118 samples, loss=0.0754
2026-05-24 15:38:23,701 - src.training.federated - INFO -   Coronary Care Unit (CCU): 5113 samples, loss=0.2288
2026-05-24 15:38:23,724 - src.training.federated - INFO -   Medical Intensive Care Unit (MICU): 8791 samples, loss=0.2735
2026-05-24 15:38:23,747 - src.training.federated - INFO -   Medical/Surgical Intensive Care Unit (MICU/SICU): 6983 samples, loss=0.2627
2026-05-24 15:38:23,753 - src.training.federated - INFO -   Neuro Surgical Intensive Care Unit (Neuro SICU): 907 samples, loss=0.3759
2026-05-24 15:38:23,771 - src.training.federated - INFO -   Surgical Intensive Care Unit (SICU): 6372 samples, loss=0.2279
2026-05-24 15:38:23,785 - src.training.federated - INFO -   Trauma SICU (TSICU): 5458 samples, loss=0.1753
2026-05-24 15:38:23,785 - src.training.federated - INFO - Round 7 complete: 7 clients aggregated
2026-05-24 15:38:23,791 - src.training.federated - INFO - Round 7 Validation AUROC: 0.7414
2026-05-24 15:38:23,791 - src.training.federated - INFO - 
======================================================================
2026-05-24 15:38:23,791 - src.training.federated - INFO - Round 8/10
2026-05-24 15:38:23,791 - src.training.federated - INFO - ======================================================================
2026-05-24 15:38:23,810 - src.training.federated - INFO -   Cardiac Vascular Intensive Care Unit (CVICU): 8118 samples, loss=0.0754
2026-05-24 15:38:23,826 - src.training.federated - INFO -   Coronary Care Unit (CCU): 5113 samples, loss=0.2288
2026-05-24 15:38:23,850 - src.training.federated - INFO -   Medical Intensive Care Unit (MICU): 8791 samples, loss=0.2735
2026-05-24 15:38:23,873 - src.training.federated - INFO -   Medical/Surgical Intensive Care Unit (MICU/SICU): 6983 samples, loss=0.2627
2026-05-24 15:38:23,881 - src.training.federated - INFO -   Neuro Surgical Intensive Care Unit (Neuro SICU): 907 samples, loss=0.3759
2026-05-24 15:38:23,898 - src.training.federated - INFO -   Surgical Intensive Care Unit (SICU): 6372 samples, loss=0.2279
2026-05-24 15:38:23,916 - src.training.federated - INFO -   Trauma SICU (TSICU): 5458 samples, loss=0.1753
2026-05-24 15:38:23,916 - src.training.federated - INFO - Round 8 complete: 7 clients aggregated
2026-05-24 15:38:23,921 - src.training.federated - INFO - Round 8 Validation AUROC: 0.5366
2026-05-24 15:38:23,921 - src.training.federated - INFO - 
======================================================================
2026-05-24 15:38:23,921 - src.training.federated - INFO - Round 9/10
2026-05-24 15:38:23,921 - src.training.federated - INFO - ======================================================================
2026-05-24 15:38:23,941 - src.training.federated - INFO -   Cardiac Vascular Intensive Care Unit (CVICU): 8118 samples, loss=0.0754
2026-05-24 15:38:23,955 - src.training.federated - INFO -   Coronary Care Unit (CCU): 5113 samples, loss=0.2288
2026-05-24 15:38:23,980 - src.training.federated - INFO -   Medical Intensive Care Unit (MICU): 8791 samples, loss=0.2735
2026-05-24 15:38:24,003 - src.training.federated - INFO -   Medical/Surgical Intensive Care Unit (MICU/SICU): 6983 samples, loss=0.2627
2026-05-24 15:38:24,012 - src.training.federated - INFO -   Neuro Surgical Intensive Care Unit (Neuro SICU): 907 samples, loss=0.3759
2026-05-24 15:38:24,030 - src.training.federated - INFO -   Surgical Intensive Care Unit (SICU): 6372 samples, loss=0.2279
2026-05-24 15:38:24,046 - src.training.federated - INFO -   Trauma SICU (TSICU): 5458 samples, loss=0.1753
2026-05-24 15:38:24,046 - src.training.federated - INFO - Round 9 complete: 7 clients aggregated
2026-05-24 15:38:24,051 - src.training.federated - INFO - Round 9 Validation AUROC: 0.6864
2026-05-24 15:38:24,051 - src.training.federated - INFO - 
======================================================================
2026-05-24 15:38:24,051 - src.training.federated - INFO - Round 10/10
2026-05-24 15:38:24,051 - src.training.federated - INFO - ======================================================================
2026-05-24 15:38:24,071 - src.training.federated - INFO -   Cardiac Vascular Intensive Care Unit (CVICU): 8118 samples, loss=0.0754
2026-05-24 15:38:24,086 - src.training.federated - INFO -   Coronary Care Unit (CCU): 5113 samples, loss=0.2288
2026-05-24 15:38:24,111 - src.training.federated - INFO -   Medical Intensive Care Unit (MICU): 8791 samples, loss=0.2735
2026-05-24 15:38:24,135 - src.training.federated - INFO -   Medical/Surgical Intensive Care Unit (MICU/SICU): 6983 samples, loss=0.2627
2026-05-24 15:38:24,143 - src.training.federated - INFO -   Neuro Surgical Intensive Care Unit (Neuro SICU): 907 samples, loss=0.3759
2026-05-24 15:38:24,163 - src.training.federated - INFO -   Surgical Intensive Care Unit (SICU): 6372 samples, loss=0.2279
2026-05-24 15:38:24,179 - src.training.federated - INFO -   Trauma SICU (TSICU): 5458 samples, loss=0.1753
2026-05-24 15:38:24,179 - src.training.federated - INFO - Round 10 complete: 7 clients aggregated
2026-05-24 15:38:24,184 - src.training.federated - INFO - Round 10 Validation AUROC: 0.5018
2026-05-24 15:38:24,189 - src.training.federated - INFO - 
======================================================================
2026-05-24 15:38:24,189 - src.training.federated - INFO - Final Test AUROC: 0.4880
2026-05-24 15:38:24,190 - src.training.federated - INFO - ======================================================================

2026-05-24 15:38:24,190 - __main__ - INFO - 
======================================================================
2026-05-24 15:38:24,190 - __main__ - INFO - Phase 1.5: Results Comparison
2026-05-24 15:38:24,190 - __main__ - INFO - ======================================================================
2026-05-24 15:38:24,190 - __main__ - INFO - 
Test AUROC Comparison:
2026-05-24 15:38:24,190 - __main__ - INFO -   Centralized: 0.8880
2026-05-24 15:38:24,190 - __main__ - INFO -   Federated:   0.4880
2026-05-24 15:38:24,190 - __main__ - INFO -   Divergence:  0.3999
2026-05-24 15:38:24,190 - __main__ - WARNING - ⚠ Federated AUROC (0.4880) < 0.85 target
2026-05-24 15:38:24,190 - __main__ - WARNING - ⚠ Divergence between centralized and federated (0.3999) > 0.05
2026-05-24 15:38:24,190 - __main__ - INFO - 
======================================================================
2026-05-24 15:38:24,190 - __main__ - INFO - ⚠️  EXPERIMENT 1 PARTIAL - Manual review recommended
2026-05-24 15:38:24,190 - __main__ - INFO - ======================================================================
