2026-05-24 15:42:16,513 - __main__ - INFO - 
================================================================================
2026-05-24 15:42:16,513 - __main__ - INFO - # EXPERIMENT 1: FEDERATED LEARNING BASELINE
2026-05-24 15:42:16,513 - __main__ - INFO - ================================================================================
2026-05-24 15:42:16,513 - __main__ - INFO - 
Phase 1.1: Loading Phase 0 cohort and splits...
2026-05-24 15:42:16,513 - src.data.loader - INFO - Loading cohort from cache: /home/raiyanjiyon/Projects/federated-healthcare-ml/data/cache/mimic_iv_cohort.csv
2026-05-24 15:42:16,684 - src.data.loader - WARNING - Missing features: {'admission_type_emergency'}
2026-05-24 15:42:16,692 - src.data.loader - INFO - Dataset: 65273 patients, 31 features
2026-05-24 15:42:16,692 - src.data.loader - INFO - Target distribution: [58207  7066]
2026-05-24 15:42:16,692 - __main__ - INFO - Loaded: 65273 samples, 31 features
2026-05-24 15:42:16,692 - __main__ - INFO - Target distribution: 7066 deaths (10.8%)
2026-05-24 15:42:16,692 - __main__ - INFO - 
Phase 1.2: Distributing data to federated clients by care unit...
2026-05-24 15:42:16,696 - src.data.split - INFO - ✓ Medical Intensive Care Unit (MICU): 8791 patients, 1410 deaths (16.0%)
2026-05-24 15:42:16,700 - src.data.split - INFO - ✓ Surgical Intensive Care Unit (SICU): 6372 patients, 754 deaths (11.8%)
2026-05-24 15:42:16,703 - src.data.split - INFO - ✓ Medical/Surgical Intensive Care Unit (MICU/SICU): 6983 patients, 957 deaths (13.7%)
2026-05-24 15:42:16,707 - src.data.split - INFO - ✓ Cardiac Vascular Intensive Care Unit (CVICU): 8118 patients, 265 deaths (3.3%)
2026-05-24 15:42:16,711 - src.data.split - INFO - ✓ Coronary Care Unit (CCU): 5113 patients, 643 deaths (12.6%)
2026-05-24 15:42:16,714 - src.data.split - INFO - ✓ Trauma SICU (TSICU): 5458 patients, 569 deaths (10.4%)
2026-05-24 15:42:16,717 - src.data.split - INFO - ✓ Neuro Surgical Intensive Care Unit (Neuro SICU): 907 patients, 256 deaths (28.2%)
2026-05-24 15:42:16,721 - src.data.split - INFO -   (skipped Intensive Care Unit (ICU): 16 patients, < 100)
2026-05-24 15:42:16,723 - src.data.split - INFO -   (skipped Medicine: 9 patients, < 100)
2026-05-24 15:42:16,725 - src.data.split - INFO -   (skipped Neuro Intermediate: 3035 patients, < 100)
2026-05-24 15:42:16,727 - src.data.split - INFO -   (skipped Neuro Stepdown: 784 patients, < 100)
2026-05-24 15:42:16,729 - src.data.split - INFO -   (skipped PACU: 43 patients, < 100)
2026-05-24 15:42:16,731 - src.data.split - INFO -   (skipped Surgery/Trauma: 2 patients, < 100)
2026-05-24 15:42:16,733 - src.data.split - INFO -   (skipped Surgery/Vascular/Intermediate: 60 patients, < 100)
2026-05-24 15:42:16,733 - src.data.split - INFO - 
✓ Federated learning ready: 7 clients
2026-05-24 15:42:16,733 - __main__ - INFO - 
✓ Created 7 federated clients
2026-05-24 15:42:16,733 - __main__ - INFO - 
Client Statistics:
2026-05-24 15:42:16,733 - __main__ - INFO - ----------------------------------------------------------------------
2026-05-24 15:42:16,733 - __main__ - INFO -   Medical Intensive Care Unit (MICU)         8791 patients, 1410 deaths ( 16.0%)
2026-05-24 15:42:16,733 - __main__ - INFO -   Cardiac Vascular Intensive Care Unit (CVICU)   8118 patients,  265 deaths (  3.3%)
2026-05-24 15:42:16,733 - __main__ - INFO -   Medical/Surgical Intensive Care Unit (MICU/SICU)   6983 patients,  957 deaths ( 13.7%)
2026-05-24 15:42:16,733 - __main__ - INFO -   Surgical Intensive Care Unit (SICU)        6372 patients,  754 deaths ( 11.8%)
2026-05-24 15:42:16,733 - __main__ - INFO -   Trauma SICU (TSICU)                        5458 patients,  569 deaths ( 10.4%)
2026-05-24 15:42:16,733 - __main__ - INFO -   Coronary Care Unit (CCU)                   5113 patients,  643 deaths ( 12.6%)
2026-05-24 15:42:16,733 - __main__ - INFO -   Neuro Surgical Intensive Care Unit (Neuro SICU)    907 patients,  256 deaths ( 28.2%)
2026-05-24 15:42:16,733 - __main__ - INFO - 
======================================================================
2026-05-24 15:42:16,733 - __main__ - INFO - Phase 1.3: Training Centralized Baseline (for comparison)...
2026-05-24 15:42:16,733 - __main__ - INFO - ======================================================================
2026-05-24 15:42:17,203 - __main__ - INFO - 
Centralized Train AUROC: 0.8857
2026-05-24 15:42:17,204 - __main__ - INFO - Centralized Val AUROC:   0.8846
2026-05-24 15:42:17,204 - __main__ - INFO - Centralized Test AUROC:  0.8880
2026-05-24 15:42:17,204 - __main__ - INFO - 
======================================================================
2026-05-24 15:42:17,204 - __main__ - INFO - Phase 1.4: Training Federated Learning Model...
2026-05-24 15:42:17,204 - __main__ - INFO - ======================================================================
2026-05-24 15:42:17,204 - __main__ - INFO - Overriding DP epsilon to 5.0
2026-05-24 15:42:17,204 - __main__ - INFO - Overriding clipping threshold to 10.0
2026-05-24 15:42:17,219 - root - INFO - 
======================================================================
2026-05-24 15:42:17,219 - root - INFO - Differential Privacy Mechanism Initialized: GaussianDP
2026-05-24 15:42:17,219 - root - INFO - ======================================================================
2026-05-24 15:42:17,219 - root - INFO -   Privacy Budget (ε):     1.0000
2026-05-24 15:42:17,219 - root - INFO -   Failure Probability (δ): 0.000010
2026-05-24 15:42:17,219 - root - INFO -   Clipping Norm (C):      1.0000
2026-05-24 15:42:17,219 - root - INFO -   Noise Scale (σ):        4.7985
2026-05-24 15:42:17,220 - root - INFO - ======================================================================

2026-05-24 15:42:17,220 - src.training.federated - INFO - FederatedTrainer initialized:
2026-05-24 15:42:17,220 - src.training.federated - INFO -   Clients: 7
2026-05-24 15:42:17,220 - src.training.federated - INFO -   Training samples: 41742
2026-05-24 15:42:17,220 - src.training.federated - INFO -   Validation samples: 9791
2026-05-24 15:42:17,220 - src.training.federated - INFO -   Test samples: 9791
2026-05-24 15:42:17,220 - src.training.federated - INFO -   Features: 31
2026-05-24 15:42:17,220 - src.training.federated - INFO -   Rounds: 10
2026-05-24 15:42:17,220 - src.training.federated - INFO -   Strategy: FEDAVG
2026-05-24 15:42:17,220 - src.training.federated - INFO -   Privacy: Enabled (ε=1.0, δ=1e-5)
2026-05-24 15:42:17,220 - src.training.federated - INFO - 
######################################################################
2026-05-24 15:42:17,220 - src.training.federated - INFO - # FEDERATED LEARNING TRAINING (10 rounds)
2026-05-24 15:42:17,220 - src.training.federated - INFO - # Strategy: FEDAVG
2026-05-24 15:42:17,220 - src.training.federated - INFO - ######################################################################

2026-05-24 15:42:17,220 - src.training.federated - INFO - 
======================================================================
2026-05-24 15:42:17,220 - src.training.federated - INFO - Round 1/10
2026-05-24 15:42:17,220 - src.training.federated - INFO - ======================================================================
2026-05-24 15:42:17,320 - src.training.federated - INFO -   Cardiac Vascular Intensive Care Unit (CVICU): 8118 samples, loss=0.0754
2026-05-24 15:42:17,338 - src.training.federated - INFO -   Coronary Care Unit (CCU): 5113 samples, loss=0.2288
2026-05-24 15:42:17,366 - src.training.federated - INFO -   Medical Intensive Care Unit (MICU): 8791 samples, loss=0.2735
2026-05-24 15:42:17,396 - src.training.federated - INFO -   Medical/Surgical Intensive Care Unit (MICU/SICU): 6983 samples, loss=0.2627
2026-05-24 15:42:17,404 - src.training.federated - INFO -   Neuro Surgical Intensive Care Unit (Neuro SICU): 907 samples, loss=0.3759
2026-05-24 15:42:17,426 - src.training.federated - INFO -   Surgical Intensive Care Unit (SICU): 6372 samples, loss=0.2279
2026-05-24 15:42:17,444 - src.training.federated - INFO -   Trauma SICU (TSICU): 5458 samples, loss=0.1753
2026-05-24 15:42:17,444 - src.training.federated - INFO - Round 1 complete: 7 clients aggregated
2026-05-24 15:42:17,450 - src.training.federated - INFO - Round 1 Validation AUROC: 0.7373
2026-05-24 15:42:17,450 - src.training.federated - INFO - 
======================================================================
2026-05-24 15:42:17,450 - src.training.federated - INFO - Round 2/10
2026-05-24 15:42:17,450 - src.training.federated - INFO - ======================================================================
2026-05-24 15:42:17,476 - src.training.federated - INFO -   Cardiac Vascular Intensive Care Unit (CVICU): 8118 samples, loss=0.0754
2026-05-24 15:42:17,496 - src.training.federated - INFO -   Coronary Care Unit (CCU): 5113 samples, loss=0.2288
2026-05-24 15:42:17,529 - src.training.federated - INFO -   Medical Intensive Care Unit (MICU): 8791 samples, loss=0.2735
2026-05-24 15:42:17,566 - src.training.federated - INFO -   Medical/Surgical Intensive Care Unit (MICU/SICU): 6983 samples, loss=0.2627
2026-05-24 15:42:17,575 - src.training.federated - INFO -   Neuro Surgical Intensive Care Unit (Neuro SICU): 907 samples, loss=0.3759
2026-05-24 15:42:17,602 - src.training.federated - INFO -   Surgical Intensive Care Unit (SICU): 6372 samples, loss=0.2279
2026-05-24 15:42:17,636 - src.training.federated - INFO -   Trauma SICU (TSICU): 5458 samples, loss=0.1753
2026-05-24 15:42:17,636 - src.training.federated - INFO - Round 2 complete: 7 clients aggregated
2026-05-24 15:42:17,643 - src.training.federated - INFO - Round 2 Validation AUROC: 0.6685
2026-05-24 15:42:17,643 - src.training.federated - INFO - 
======================================================================
2026-05-24 15:42:17,643 - src.training.federated - INFO - Round 3/10
2026-05-24 15:42:17,643 - src.training.federated - INFO - ======================================================================
2026-05-24 15:42:17,697 - src.training.federated - INFO -   Cardiac Vascular Intensive Care Unit (CVICU): 8118 samples, loss=0.0754
2026-05-24 15:42:17,744 - src.training.federated - INFO -   Coronary Care Unit (CCU): 5113 samples, loss=0.2288
2026-05-24 15:42:17,826 - src.training.federated - INFO -   Medical Intensive Care Unit (MICU): 8791 samples, loss=0.2735
2026-05-24 15:42:17,857 - src.training.federated - INFO -   Medical/Surgical Intensive Care Unit (MICU/SICU): 6983 samples, loss=0.2627
2026-05-24 15:42:17,865 - src.training.federated - INFO -   Neuro Surgical Intensive Care Unit (Neuro SICU): 907 samples, loss=0.3759
2026-05-24 15:42:17,891 - src.training.federated - INFO -   Surgical Intensive Care Unit (SICU): 6372 samples, loss=0.2279
2026-05-24 15:42:17,910 - src.training.federated - INFO -   Trauma SICU (TSICU): 5458 samples, loss=0.1753
2026-05-24 15:42:17,910 - src.training.federated - INFO - Round 3 complete: 7 clients aggregated
2026-05-24 15:42:17,917 - src.training.federated - INFO - Round 3 Validation AUROC: 0.5341
2026-05-24 15:42:17,917 - src.training.federated - INFO - 
======================================================================
2026-05-24 15:42:17,917 - src.training.federated - INFO - Round 4/10
2026-05-24 15:42:17,917 - src.training.federated - INFO - ======================================================================
2026-05-24 15:42:17,944 - src.training.federated - INFO -   Cardiac Vascular Intensive Care Unit (CVICU): 8118 samples, loss=0.0754
2026-05-24 15:42:17,963 - src.training.federated - INFO -   Coronary Care Unit (CCU): 5113 samples, loss=0.2288
2026-05-24 15:42:17,989 - src.training.federated - INFO -   Medical Intensive Care Unit (MICU): 8791 samples, loss=0.2735
2026-05-24 15:42:18,018 - src.training.federated - INFO -   Medical/Surgical Intensive Care Unit (MICU/SICU): 6983 samples, loss=0.2627
2026-05-24 15:42:18,026 - src.training.federated - INFO -   Neuro Surgical Intensive Care Unit (Neuro SICU): 907 samples, loss=0.3759
2026-05-24 15:42:18,047 - src.training.federated - INFO -   Surgical Intensive Care Unit (SICU): 6372 samples, loss=0.2279
2026-05-24 15:42:18,065 - src.training.federated - INFO -   Trauma SICU (TSICU): 5458 samples, loss=0.1753
2026-05-24 15:42:18,065 - src.training.federated - INFO - Round 4 complete: 7 clients aggregated
2026-05-24 15:42:18,071 - src.training.federated - INFO - Round 4 Validation AUROC: 0.7420
2026-05-24 15:42:18,071 - src.training.federated - INFO - 
======================================================================
2026-05-24 15:42:18,071 - src.training.federated - INFO - Round 5/10
2026-05-24 15:42:18,071 - src.training.federated - INFO - ======================================================================
2026-05-24 15:42:18,096 - src.training.federated - INFO -   Cardiac Vascular Intensive Care Unit (CVICU): 8118 samples, loss=0.0754
2026-05-24 15:42:18,113 - src.training.federated - INFO -   Coronary Care Unit (CCU): 5113 samples, loss=0.2288
2026-05-24 15:42:18,140 - src.training.federated - INFO -   Medical Intensive Care Unit (MICU): 8791 samples, loss=0.2735
2026-05-24 15:42:18,170 - src.training.federated - INFO -   Medical/Surgical Intensive Care Unit (MICU/SICU): 6983 samples, loss=0.2627
2026-05-24 15:42:18,178 - src.training.federated - INFO -   Neuro Surgical Intensive Care Unit (Neuro SICU): 907 samples, loss=0.3759
2026-05-24 15:42:18,200 - src.training.federated - INFO -   Surgical Intensive Care Unit (SICU): 6372 samples, loss=0.2279
2026-05-24 15:42:18,219 - src.training.federated - INFO -   Trauma SICU (TSICU): 5458 samples, loss=0.1753
2026-05-24 15:42:18,219 - src.training.federated - INFO - Round 5 complete: 7 clients aggregated
2026-05-24 15:42:18,225 - src.training.federated - INFO - Round 5 Validation AUROC: 0.3943
2026-05-24 15:42:18,225 - src.training.federated - INFO - 
======================================================================
2026-05-24 15:42:18,225 - src.training.federated - INFO - Round 6/10
2026-05-24 15:42:18,225 - src.training.federated - INFO - ======================================================================
2026-05-24 15:42:18,250 - src.training.federated - INFO -   Cardiac Vascular Intensive Care Unit (CVICU): 8118 samples, loss=0.0754
2026-05-24 15:42:18,267 - src.training.federated - INFO -   Coronary Care Unit (CCU): 5113 samples, loss=0.2288
2026-05-24 15:42:18,296 - src.training.federated - INFO -   Medical Intensive Care Unit (MICU): 8791 samples, loss=0.2735
2026-05-24 15:42:18,324 - src.training.federated - INFO -   Medical/Surgical Intensive Care Unit (MICU/SICU): 6983 samples, loss=0.2627
2026-05-24 15:42:18,332 - src.training.federated - INFO -   Neuro Surgical Intensive Care Unit (Neuro SICU): 907 samples, loss=0.3759
2026-05-24 15:42:18,353 - src.training.federated - INFO -   Surgical Intensive Care Unit (SICU): 6372 samples, loss=0.2279
2026-05-24 15:42:18,371 - src.training.federated - INFO -   Trauma SICU (TSICU): 5458 samples, loss=0.1753
2026-05-24 15:42:18,371 - src.training.federated - INFO - Round 6 complete: 7 clients aggregated
2026-05-24 15:42:18,377 - src.training.federated - INFO - Round 6 Validation AUROC: 0.5295
2026-05-24 15:42:18,377 - src.training.federated - INFO - 
======================================================================
2026-05-24 15:42:18,378 - src.training.federated - INFO - Round 7/10
2026-05-24 15:42:18,378 - src.training.federated - INFO - ======================================================================
2026-05-24 15:42:18,401 - src.training.federated - INFO -   Cardiac Vascular Intensive Care Unit (CVICU): 8118 samples, loss=0.0754
2026-05-24 15:42:18,418 - src.training.federated - INFO -   Coronary Care Unit (CCU): 5113 samples, loss=0.2288
2026-05-24 15:42:18,447 - src.training.federated - INFO -   Medical Intensive Care Unit (MICU): 8791 samples, loss=0.2735
2026-05-24 15:42:18,475 - src.training.federated - INFO -   Medical/Surgical Intensive Care Unit (MICU/SICU): 6983 samples, loss=0.2627
2026-05-24 15:42:18,483 - src.training.federated - INFO -   Neuro Surgical Intensive Care Unit (Neuro SICU): 907 samples, loss=0.3759
2026-05-24 15:42:18,504 - src.training.federated - INFO -   Surgical Intensive Care Unit (SICU): 6372 samples, loss=0.2279
2026-05-24 15:42:18,521 - src.training.federated - INFO -   Trauma SICU (TSICU): 5458 samples, loss=0.1753
2026-05-24 15:42:18,521 - src.training.federated - INFO - Round 7 complete: 7 clients aggregated
2026-05-24 15:42:18,528 - src.training.federated - INFO - Round 7 Validation AUROC: 0.7414
2026-05-24 15:42:18,528 - src.training.federated - INFO - 
======================================================================
2026-05-24 15:42:18,528 - src.training.federated - INFO - Round 8/10
2026-05-24 15:42:18,528 - src.training.federated - INFO - ======================================================================
2026-05-24 15:42:18,552 - src.training.federated - INFO -   Cardiac Vascular Intensive Care Unit (CVICU): 8118 samples, loss=0.0754
2026-05-24 15:42:18,569 - src.training.federated - INFO -   Coronary Care Unit (CCU): 5113 samples, loss=0.2288
2026-05-24 15:42:18,597 - src.training.federated - INFO -   Medical Intensive Care Unit (MICU): 8791 samples, loss=0.2735
2026-05-24 15:42:18,624 - src.training.federated - INFO -   Medical/Surgical Intensive Care Unit (MICU/SICU): 6983 samples, loss=0.2627
2026-05-24 15:42:18,633 - src.training.federated - INFO -   Neuro Surgical Intensive Care Unit (Neuro SICU): 907 samples, loss=0.3759
2026-05-24 15:42:18,653 - src.training.federated - INFO -   Surgical Intensive Care Unit (SICU): 6372 samples, loss=0.2279
2026-05-24 15:42:18,672 - src.training.federated - INFO -   Trauma SICU (TSICU): 5458 samples, loss=0.1753
2026-05-24 15:42:18,672 - src.training.federated - INFO - Round 8 complete: 7 clients aggregated
2026-05-24 15:42:18,678 - src.training.federated - INFO - Round 8 Validation AUROC: 0.5366
2026-05-24 15:42:18,679 - src.training.federated - INFO - 
======================================================================
2026-05-24 15:42:18,679 - src.training.federated - INFO - Round 9/10
2026-05-24 15:42:18,679 - src.training.federated - INFO - ======================================================================
2026-05-24 15:42:18,702 - src.training.federated - INFO -   Cardiac Vascular Intensive Care Unit (CVICU): 8118 samples, loss=0.0754
2026-05-24 15:42:18,719 - src.training.federated - INFO -   Coronary Care Unit (CCU): 5113 samples, loss=0.2288
2026-05-24 15:42:18,747 - src.training.federated - INFO -   Medical Intensive Care Unit (MICU): 8791 samples, loss=0.2735
2026-05-24 15:42:18,774 - src.training.federated - INFO -   Medical/Surgical Intensive Care Unit (MICU/SICU): 6983 samples, loss=0.2627
2026-05-24 15:42:18,783 - src.training.federated - INFO -   Neuro Surgical Intensive Care Unit (Neuro SICU): 907 samples, loss=0.3759
2026-05-24 15:42:18,803 - src.training.federated - INFO -   Surgical Intensive Care Unit (SICU): 6372 samples, loss=0.2279
2026-05-24 15:42:18,821 - src.training.federated - INFO -   Trauma SICU (TSICU): 5458 samples, loss=0.1753
2026-05-24 15:42:18,821 - src.training.federated - INFO - Round 9 complete: 7 clients aggregated
2026-05-24 15:42:18,827 - src.training.federated - INFO - Round 9 Validation AUROC: 0.6864
2026-05-24 15:42:18,827 - src.training.federated - INFO - 
======================================================================
2026-05-24 15:42:18,827 - src.training.federated - INFO - Round 10/10
2026-05-24 15:42:18,827 - src.training.federated - INFO - ======================================================================
2026-05-24 15:42:18,852 - src.training.federated - INFO -   Cardiac Vascular Intensive Care Unit (CVICU): 8118 samples, loss=0.0754
2026-05-24 15:42:18,869 - src.training.federated - INFO -   Coronary Care Unit (CCU): 5113 samples, loss=0.2288
2026-05-24 15:42:18,896 - src.training.federated - INFO -   Medical Intensive Care Unit (MICU): 8791 samples, loss=0.2735
2026-05-24 15:42:18,923 - src.training.federated - INFO -   Medical/Surgical Intensive Care Unit (MICU/SICU): 6983 samples, loss=0.2627
2026-05-24 15:42:18,931 - src.training.federated - INFO -   Neuro Surgical Intensive Care Unit (Neuro SICU): 907 samples, loss=0.3759
2026-05-24 15:42:18,952 - src.training.federated - INFO -   Surgical Intensive Care Unit (SICU): 6372 samples, loss=0.2279
2026-05-24 15:42:18,969 - src.training.federated - INFO -   Trauma SICU (TSICU): 5458 samples, loss=0.1753
2026-05-24 15:42:18,969 - src.training.federated - INFO - Round 10 complete: 7 clients aggregated
2026-05-24 15:42:18,976 - src.training.federated - INFO - Round 10 Validation AUROC: 0.5018
2026-05-24 15:42:18,982 - src.training.federated - INFO - 
======================================================================
2026-05-24 15:42:18,982 - src.training.federated - INFO - Final Test AUROC: 0.4880
2026-05-24 15:42:18,982 - src.training.federated - INFO - ======================================================================

2026-05-24 15:42:18,982 - __main__ - INFO - 
======================================================================
2026-05-24 15:42:18,982 - __main__ - INFO - Phase 1.5: Results Comparison
2026-05-24 15:42:18,982 - __main__ - INFO - ======================================================================
2026-05-24 15:42:18,982 - __main__ - INFO - 
Test AUROC Comparison:
2026-05-24 15:42:18,982 - __main__ - INFO -   Centralized: 0.8880
2026-05-24 15:42:18,982 - __main__ - INFO -   Federated:   0.4880
2026-05-24 15:42:18,982 - __main__ - INFO -   Divergence:  0.3999
2026-05-24 15:42:18,982 - __main__ - WARNING - ⚠ Federated AUROC (0.4880) < 0.85 target
2026-05-24 15:42:18,982 - __main__ - WARNING - ⚠ Divergence between centralized and federated (0.3999) > 0.05
2026-05-24 15:42:18,982 - __main__ - INFO - 
======================================================================
2026-05-24 15:42:18,982 - __main__ - INFO - ⚠️  EXPERIMENT 1 PARTIAL - Manual review recommended
2026-05-24 15:42:18,982 - __main__ - INFO - ======================================================================
