2026-05-24 15:41:46,506 - __main__ - INFO - 
================================================================================
2026-05-24 15:41:46,506 - __main__ - INFO - # EXPERIMENT 1: FEDERATED LEARNING BASELINE
2026-05-24 15:41:46,506 - __main__ - INFO - ================================================================================
2026-05-24 15:41:46,507 - __main__ - INFO - 
Phase 1.1: Loading Phase 0 cohort and splits...
2026-05-24 15:41:46,507 - src.data.loader - INFO - Loading cohort from cache: /home/raiyanjiyon/Projects/federated-healthcare-ml/data/cache/mimic_iv_cohort.csv
2026-05-24 15:41:46,681 - src.data.loader - WARNING - Missing features: {'admission_type_emergency'}
2026-05-24 15:41:46,688 - src.data.loader - INFO - Dataset: 65273 patients, 31 features
2026-05-24 15:41:46,688 - src.data.loader - INFO - Target distribution: [58207  7066]
2026-05-24 15:41:46,688 - __main__ - INFO - Loaded: 65273 samples, 31 features
2026-05-24 15:41:46,688 - __main__ - INFO - Target distribution: 7066 deaths (10.8%)
2026-05-24 15:41:46,688 - __main__ - INFO - 
Phase 1.2: Distributing data to federated clients by care unit...
2026-05-24 15:41:46,693 - src.data.split - INFO - ✓ Medical Intensive Care Unit (MICU): 8791 patients, 1410 deaths (16.0%)
2026-05-24 15:41:46,697 - src.data.split - INFO - ✓ Surgical Intensive Care Unit (SICU): 6372 patients, 754 deaths (11.8%)
2026-05-24 15:41:46,700 - src.data.split - INFO - ✓ Medical/Surgical Intensive Care Unit (MICU/SICU): 6983 patients, 957 deaths (13.7%)
2026-05-24 15:41:46,704 - src.data.split - INFO - ✓ Cardiac Vascular Intensive Care Unit (CVICU): 8118 patients, 265 deaths (3.3%)
2026-05-24 15:41:46,708 - src.data.split - INFO - ✓ Coronary Care Unit (CCU): 5113 patients, 643 deaths (12.6%)
2026-05-24 15:41:46,712 - src.data.split - INFO - ✓ Trauma SICU (TSICU): 5458 patients, 569 deaths (10.4%)
2026-05-24 15:41:46,714 - src.data.split - INFO - ✓ Neuro Surgical Intensive Care Unit (Neuro SICU): 907 patients, 256 deaths (28.2%)
2026-05-24 15:41:46,719 - src.data.split - INFO -   (skipped Intensive Care Unit (ICU): 16 patients, < 100)
2026-05-24 15:41:46,721 - src.data.split - INFO -   (skipped Medicine: 9 patients, < 100)
2026-05-24 15:41:46,723 - src.data.split - INFO -   (skipped Neuro Intermediate: 3035 patients, < 100)
2026-05-24 15:41:46,725 - src.data.split - INFO -   (skipped Neuro Stepdown: 784 patients, < 100)
2026-05-24 15:41:46,728 - src.data.split - INFO -   (skipped PACU: 43 patients, < 100)
2026-05-24 15:41:46,730 - src.data.split - INFO -   (skipped Surgery/Trauma: 2 patients, < 100)
2026-05-24 15:41:46,732 - src.data.split - INFO -   (skipped Surgery/Vascular/Intermediate: 60 patients, < 100)
2026-05-24 15:41:46,732 - src.data.split - INFO - 
✓ Federated learning ready: 7 clients
2026-05-24 15:41:46,732 - __main__ - INFO - 
✓ Created 7 federated clients
2026-05-24 15:41:46,732 - __main__ - INFO - 
Client Statistics:
2026-05-24 15:41:46,732 - __main__ - INFO - ----------------------------------------------------------------------
2026-05-24 15:41:46,732 - __main__ - INFO -   Medical Intensive Care Unit (MICU)         8791 patients, 1410 deaths ( 16.0%)
2026-05-24 15:41:46,732 - __main__ - INFO -   Cardiac Vascular Intensive Care Unit (CVICU)   8118 patients,  265 deaths (  3.3%)
2026-05-24 15:41:46,732 - __main__ - INFO -   Medical/Surgical Intensive Care Unit (MICU/SICU)   6983 patients,  957 deaths ( 13.7%)
2026-05-24 15:41:46,732 - __main__ - INFO -   Surgical Intensive Care Unit (SICU)        6372 patients,  754 deaths ( 11.8%)
2026-05-24 15:41:46,732 - __main__ - INFO -   Trauma SICU (TSICU)                        5458 patients,  569 deaths ( 10.4%)
2026-05-24 15:41:46,732 - __main__ - INFO -   Coronary Care Unit (CCU)                   5113 patients,  643 deaths ( 12.6%)
2026-05-24 15:41:46,732 - __main__ - INFO -   Neuro Surgical Intensive Care Unit (Neuro SICU)    907 patients,  256 deaths ( 28.2%)
2026-05-24 15:41:46,732 - __main__ - INFO - 
======================================================================
2026-05-24 15:41:46,733 - __main__ - INFO - Phase 1.3: Training Centralized Baseline (for comparison)...
2026-05-24 15:41:46,733 - __main__ - INFO - ======================================================================
2026-05-24 15:41:47,445 - __main__ - INFO - 
Centralized Train AUROC: 0.8857
2026-05-24 15:41:47,445 - __main__ - INFO - Centralized Val AUROC:   0.8846
2026-05-24 15:41:47,445 - __main__ - INFO - Centralized Test AUROC:  0.8880
2026-05-24 15:41:47,445 - __main__ - INFO - 
======================================================================
2026-05-24 15:41:47,445 - __main__ - INFO - Phase 1.4: Training Federated Learning Model...
2026-05-24 15:41:47,445 - __main__ - INFO - ======================================================================
2026-05-24 15:41:47,445 - __main__ - INFO - Overriding DP epsilon to 10.0
2026-05-24 15:41:47,445 - __main__ - INFO - Overriding clipping threshold to 0.1
2026-05-24 15:41:47,465 - root - INFO - 
======================================================================
2026-05-24 15:41:47,465 - root - INFO - Differential Privacy Mechanism Initialized: GaussianDP
2026-05-24 15:41:47,465 - root - INFO - ======================================================================
2026-05-24 15:41:47,465 - root - INFO -   Privacy Budget (ε):     1.0000
2026-05-24 15:41:47,465 - root - INFO -   Failure Probability (δ): 0.000010
2026-05-24 15:41:47,465 - root - INFO -   Clipping Norm (C):      1.0000
2026-05-24 15:41:47,465 - root - INFO -   Noise Scale (σ):        4.7985
2026-05-24 15:41:47,465 - root - INFO - ======================================================================

2026-05-24 15:41:47,465 - src.training.federated - INFO - FederatedTrainer initialized:
2026-05-24 15:41:47,465 - src.training.federated - INFO -   Clients: 7
2026-05-24 15:41:47,465 - src.training.federated - INFO -   Training samples: 41742
2026-05-24 15:41:47,465 - src.training.federated - INFO -   Validation samples: 9791
2026-05-24 15:41:47,465 - src.training.federated - INFO -   Test samples: 9791
2026-05-24 15:41:47,465 - src.training.federated - INFO -   Features: 31
2026-05-24 15:41:47,465 - src.training.federated - INFO -   Rounds: 10
2026-05-24 15:41:47,465 - src.training.federated - INFO -   Strategy: FEDAVG
2026-05-24 15:41:47,465 - src.training.federated - INFO -   Privacy: Enabled (ε=1.0, δ=1e-5)
2026-05-24 15:41:47,465 - src.training.federated - INFO - 
######################################################################
2026-05-24 15:41:47,465 - src.training.federated - INFO - # FEDERATED LEARNING TRAINING (10 rounds)
2026-05-24 15:41:47,466 - src.training.federated - INFO - # Strategy: FEDAVG
2026-05-24 15:41:47,466 - src.training.federated - INFO - ######################################################################

2026-05-24 15:41:47,466 - src.training.federated - INFO - 
======================================================================
2026-05-24 15:41:47,466 - src.training.federated - INFO - Round 1/10
2026-05-24 15:41:47,466 - src.training.federated - INFO - ======================================================================
2026-05-24 15:41:47,534 - src.training.federated - INFO -   Cardiac Vascular Intensive Care Unit (CVICU): 8118 samples, loss=0.0754
2026-05-24 15:41:47,552 - src.training.federated - INFO -   Coronary Care Unit (CCU): 5113 samples, loss=0.2288
2026-05-24 15:41:47,577 - src.training.federated - INFO -   Medical Intensive Care Unit (MICU): 8791 samples, loss=0.2735
2026-05-24 15:41:47,603 - src.training.federated - INFO -   Medical/Surgical Intensive Care Unit (MICU/SICU): 6983 samples, loss=0.2627
2026-05-24 15:41:47,612 - src.training.federated - INFO -   Neuro Surgical Intensive Care Unit (Neuro SICU): 907 samples, loss=0.3759
2026-05-24 15:41:47,631 - src.training.federated - INFO -   Surgical Intensive Care Unit (SICU): 6372 samples, loss=0.2279
2026-05-24 15:41:47,647 - src.training.federated - INFO -   Trauma SICU (TSICU): 5458 samples, loss=0.1753
2026-05-24 15:41:47,647 - src.training.federated - INFO - Round 1 complete: 7 clients aggregated
2026-05-24 15:41:47,652 - src.training.federated - INFO - Round 1 Validation AUROC: 0.7373
2026-05-24 15:41:47,652 - src.training.federated - INFO - 
======================================================================
2026-05-24 15:41:47,652 - src.training.federated - INFO - Round 2/10
2026-05-24 15:41:47,652 - src.training.federated - INFO - ======================================================================
2026-05-24 15:41:47,675 - src.training.federated - INFO -   Cardiac Vascular Intensive Care Unit (CVICU): 8118 samples, loss=0.0754
2026-05-24 15:41:47,690 - src.training.federated - INFO -   Coronary Care Unit (CCU): 5113 samples, loss=0.2288
2026-05-24 15:41:47,722 - src.training.federated - INFO -   Medical Intensive Care Unit (MICU): 8791 samples, loss=0.2735
2026-05-24 15:41:47,755 - src.training.federated - INFO -   Medical/Surgical Intensive Care Unit (MICU/SICU): 6983 samples, loss=0.2627
2026-05-24 15:41:47,765 - src.training.federated - INFO -   Neuro Surgical Intensive Care Unit (Neuro SICU): 907 samples, loss=0.3759
2026-05-24 15:41:47,784 - src.training.federated - INFO -   Surgical Intensive Care Unit (SICU): 6372 samples, loss=0.2279
2026-05-24 15:41:47,801 - src.training.federated - INFO -   Trauma SICU (TSICU): 5458 samples, loss=0.1753
2026-05-24 15:41:47,801 - src.training.federated - INFO - Round 2 complete: 7 clients aggregated
2026-05-24 15:41:47,806 - src.training.federated - INFO - Round 2 Validation AUROC: 0.6685
2026-05-24 15:41:47,806 - src.training.federated - INFO - 
======================================================================
2026-05-24 15:41:47,806 - src.training.federated - INFO - Round 3/10
2026-05-24 15:41:47,806 - src.training.federated - INFO - ======================================================================
2026-05-24 15:41:47,829 - src.training.federated - INFO -   Cardiac Vascular Intensive Care Unit (CVICU): 8118 samples, loss=0.0754
2026-05-24 15:41:47,843 - src.training.federated - INFO -   Coronary Care Unit (CCU): 5113 samples, loss=0.2288
2026-05-24 15:41:47,869 - src.training.federated - INFO -   Medical Intensive Care Unit (MICU): 8791 samples, loss=0.2735
2026-05-24 15:41:47,893 - src.training.federated - INFO -   Medical/Surgical Intensive Care Unit (MICU/SICU): 6983 samples, loss=0.2627
2026-05-24 15:41:47,901 - src.training.federated - INFO -   Neuro Surgical Intensive Care Unit (Neuro SICU): 907 samples, loss=0.3759
2026-05-24 15:41:47,921 - src.training.federated - INFO -   Surgical Intensive Care Unit (SICU): 6372 samples, loss=0.2279
2026-05-24 15:41:47,937 - src.training.federated - INFO -   Trauma SICU (TSICU): 5458 samples, loss=0.1753
2026-05-24 15:41:47,937 - src.training.federated - INFO - Round 3 complete: 7 clients aggregated
2026-05-24 15:41:47,943 - src.training.federated - INFO - Round 3 Validation AUROC: 0.5341
2026-05-24 15:41:47,944 - src.training.federated - INFO - 
======================================================================
2026-05-24 15:41:47,944 - src.training.federated - INFO - Round 4/10
2026-05-24 15:41:47,944 - src.training.federated - INFO - ======================================================================
2026-05-24 15:41:47,964 - src.training.federated - INFO -   Cardiac Vascular Intensive Care Unit (CVICU): 8118 samples, loss=0.0754
2026-05-24 15:41:47,979 - src.training.federated - INFO -   Coronary Care Unit (CCU): 5113 samples, loss=0.2288
2026-05-24 15:41:48,003 - src.training.federated - INFO -   Medical Intensive Care Unit (MICU): 8791 samples, loss=0.2735
2026-05-24 15:41:48,028 - src.training.federated - INFO -   Medical/Surgical Intensive Care Unit (MICU/SICU): 6983 samples, loss=0.2627
2026-05-24 15:41:48,035 - src.training.federated - INFO -   Neuro Surgical Intensive Care Unit (Neuro SICU): 907 samples, loss=0.3759
2026-05-24 15:41:48,054 - src.training.federated - INFO -   Surgical Intensive Care Unit (SICU): 6372 samples, loss=0.2279
2026-05-24 15:41:48,069 - src.training.federated - INFO -   Trauma SICU (TSICU): 5458 samples, loss=0.1753
2026-05-24 15:41:48,069 - src.training.federated - INFO - Round 4 complete: 7 clients aggregated
2026-05-24 15:41:48,075 - src.training.federated - INFO - Round 4 Validation AUROC: 0.7420
2026-05-24 15:41:48,075 - src.training.federated - INFO - 
======================================================================
2026-05-24 15:41:48,075 - src.training.federated - INFO - Round 5/10
2026-05-24 15:41:48,075 - src.training.federated - INFO - ======================================================================
2026-05-24 15:41:48,096 - src.training.federated - INFO -   Cardiac Vascular Intensive Care Unit (CVICU): 8118 samples, loss=0.0754
2026-05-24 15:41:48,110 - src.training.federated - INFO -   Coronary Care Unit (CCU): 5113 samples, loss=0.2288
2026-05-24 15:41:48,133 - src.training.federated - INFO -   Medical Intensive Care Unit (MICU): 8791 samples, loss=0.2735
2026-05-24 15:41:48,157 - src.training.federated - INFO -   Medical/Surgical Intensive Care Unit (MICU/SICU): 6983 samples, loss=0.2627
2026-05-24 15:41:48,167 - src.training.federated - INFO -   Neuro Surgical Intensive Care Unit (Neuro SICU): 907 samples, loss=0.3759
2026-05-24 15:41:48,191 - src.training.federated - INFO -   Surgical Intensive Care Unit (SICU): 6372 samples, loss=0.2279
2026-05-24 15:41:48,205 - src.training.federated - INFO -   Trauma SICU (TSICU): 5458 samples, loss=0.1753
2026-05-24 15:41:48,205 - src.training.federated - INFO - Round 5 complete: 7 clients aggregated
2026-05-24 15:41:48,211 - src.training.federated - INFO - Round 5 Validation AUROC: 0.3943
2026-05-24 15:41:48,212 - src.training.federated - INFO - 
======================================================================
2026-05-24 15:41:48,212 - src.training.federated - INFO - Round 6/10
2026-05-24 15:41:48,212 - src.training.federated - INFO - ======================================================================
2026-05-24 15:41:48,232 - src.training.federated - INFO -   Cardiac Vascular Intensive Care Unit (CVICU): 8118 samples, loss=0.0754
2026-05-24 15:41:48,246 - src.training.federated - INFO -   Coronary Care Unit (CCU): 5113 samples, loss=0.2288
2026-05-24 15:41:48,270 - src.training.federated - INFO -   Medical Intensive Care Unit (MICU): 8791 samples, loss=0.2735
2026-05-24 15:41:48,295 - src.training.federated - INFO -   Medical/Surgical Intensive Care Unit (MICU/SICU): 6983 samples, loss=0.2627
2026-05-24 15:41:48,302 - src.training.federated - INFO -   Neuro Surgical Intensive Care Unit (Neuro SICU): 907 samples, loss=0.3759
2026-05-24 15:41:48,320 - src.training.federated - INFO -   Surgical Intensive Care Unit (SICU): 6372 samples, loss=0.2279
2026-05-24 15:41:48,335 - src.training.federated - INFO -   Trauma SICU (TSICU): 5458 samples, loss=0.1753
2026-05-24 15:41:48,335 - src.training.federated - INFO - Round 6 complete: 7 clients aggregated
2026-05-24 15:41:48,340 - src.training.federated - INFO - Round 6 Validation AUROC: 0.5295
2026-05-24 15:41:48,341 - src.training.federated - INFO - 
======================================================================
2026-05-24 15:41:48,341 - src.training.federated - INFO - Round 7/10
2026-05-24 15:41:48,341 - src.training.federated - INFO - ======================================================================
2026-05-24 15:41:48,361 - src.training.federated - INFO -   Cardiac Vascular Intensive Care Unit (CVICU): 8118 samples, loss=0.0754
2026-05-24 15:41:48,375 - src.training.federated - INFO -   Coronary Care Unit (CCU): 5113 samples, loss=0.2288
2026-05-24 15:41:48,399 - src.training.federated - INFO -   Medical Intensive Care Unit (MICU): 8791 samples, loss=0.2735
2026-05-24 15:41:48,422 - src.training.federated - INFO -   Medical/Surgical Intensive Care Unit (MICU/SICU): 6983 samples, loss=0.2627
2026-05-24 15:41:48,430 - src.training.federated - INFO -   Neuro Surgical Intensive Care Unit (Neuro SICU): 907 samples, loss=0.3759
2026-05-24 15:41:48,448 - src.training.federated - INFO -   Surgical Intensive Care Unit (SICU): 6372 samples, loss=0.2279
2026-05-24 15:41:48,463 - src.training.federated - INFO -   Trauma SICU (TSICU): 5458 samples, loss=0.1753
2026-05-24 15:41:48,463 - src.training.federated - INFO - Round 7 complete: 7 clients aggregated
2026-05-24 15:41:48,468 - src.training.federated - INFO - Round 7 Validation AUROC: 0.7414
2026-05-24 15:41:48,468 - src.training.federated - INFO - 
======================================================================
2026-05-24 15:41:48,468 - src.training.federated - INFO - Round 8/10
2026-05-24 15:41:48,468 - src.training.federated - INFO - ======================================================================
2026-05-24 15:41:48,488 - src.training.federated - INFO -   Cardiac Vascular Intensive Care Unit (CVICU): 8118 samples, loss=0.0754
2026-05-24 15:41:48,503 - src.training.federated - INFO -   Coronary Care Unit (CCU): 5113 samples, loss=0.2288
2026-05-24 15:41:48,527 - src.training.federated - INFO -   Medical Intensive Care Unit (MICU): 8791 samples, loss=0.2735
2026-05-24 15:41:48,551 - src.training.federated - INFO -   Medical/Surgical Intensive Care Unit (MICU/SICU): 6983 samples, loss=0.2627
2026-05-24 15:41:48,558 - src.training.federated - INFO -   Neuro Surgical Intensive Care Unit (Neuro SICU): 907 samples, loss=0.3759
2026-05-24 15:41:48,576 - src.training.federated - INFO -   Surgical Intensive Care Unit (SICU): 6372 samples, loss=0.2279
2026-05-24 15:41:48,590 - src.training.federated - INFO -   Trauma SICU (TSICU): 5458 samples, loss=0.1753
2026-05-24 15:41:48,590 - src.training.federated - INFO - Round 8 complete: 7 clients aggregated
2026-05-24 15:41:48,596 - src.training.federated - INFO - Round 8 Validation AUROC: 0.5366
2026-05-24 15:41:48,596 - src.training.federated - INFO - 
======================================================================
2026-05-24 15:41:48,596 - src.training.federated - INFO - Round 9/10
2026-05-24 15:41:48,596 - src.training.federated - INFO - ======================================================================
2026-05-24 15:41:48,616 - src.training.federated - INFO -   Cardiac Vascular Intensive Care Unit (CVICU): 8118 samples, loss=0.0754
2026-05-24 15:41:48,631 - src.training.federated - INFO -   Coronary Care Unit (CCU): 5113 samples, loss=0.2288
2026-05-24 15:41:48,654 - src.training.federated - INFO -   Medical Intensive Care Unit (MICU): 8791 samples, loss=0.2735
2026-05-24 15:41:48,684 - src.training.federated - INFO -   Medical/Surgical Intensive Care Unit (MICU/SICU): 6983 samples, loss=0.2627
2026-05-24 15:41:48,691 - src.training.federated - INFO -   Neuro Surgical Intensive Care Unit (Neuro SICU): 907 samples, loss=0.3759
2026-05-24 15:41:48,709 - src.training.federated - INFO -   Surgical Intensive Care Unit (SICU): 6372 samples, loss=0.2279
2026-05-24 15:41:48,723 - src.training.federated - INFO -   Trauma SICU (TSICU): 5458 samples, loss=0.1753
2026-05-24 15:41:48,723 - src.training.federated - INFO - Round 9 complete: 7 clients aggregated
2026-05-24 15:41:48,729 - src.training.federated - INFO - Round 9 Validation AUROC: 0.6864
2026-05-24 15:41:48,729 - src.training.federated - INFO - 
======================================================================
2026-05-24 15:41:48,729 - src.training.federated - INFO - Round 10/10
2026-05-24 15:41:48,729 - src.training.federated - INFO - ======================================================================
2026-05-24 15:41:48,749 - src.training.federated - INFO -   Cardiac Vascular Intensive Care Unit (CVICU): 8118 samples, loss=0.0754
2026-05-24 15:41:48,764 - src.training.federated - INFO -   Coronary Care Unit (CCU): 5113 samples, loss=0.2288
2026-05-24 15:41:48,793 - src.training.federated - INFO -   Medical Intensive Care Unit (MICU): 8791 samples, loss=0.2735
2026-05-24 15:41:48,818 - src.training.federated - INFO -   Medical/Surgical Intensive Care Unit (MICU/SICU): 6983 samples, loss=0.2627
2026-05-24 15:41:48,825 - src.training.federated - INFO -   Neuro Surgical Intensive Care Unit (Neuro SICU): 907 samples, loss=0.3759
2026-05-24 15:41:48,843 - src.training.federated - INFO -   Surgical Intensive Care Unit (SICU): 6372 samples, loss=0.2279
2026-05-24 15:41:48,859 - src.training.federated - INFO -   Trauma SICU (TSICU): 5458 samples, loss=0.1753
2026-05-24 15:41:48,859 - src.training.federated - INFO - Round 10 complete: 7 clients aggregated
2026-05-24 15:41:48,864 - src.training.federated - INFO - Round 10 Validation AUROC: 0.5018
2026-05-24 15:41:48,869 - src.training.federated - INFO - 
======================================================================
2026-05-24 15:41:48,870 - src.training.federated - INFO - Final Test AUROC: 0.4880
2026-05-24 15:41:48,870 - src.training.federated - INFO - ======================================================================

2026-05-24 15:41:48,870 - __main__ - INFO - 
======================================================================
2026-05-24 15:41:48,870 - __main__ - INFO - Phase 1.5: Results Comparison
2026-05-24 15:41:48,870 - __main__ - INFO - ======================================================================
2026-05-24 15:41:48,870 - __main__ - INFO - 
Test AUROC Comparison:
2026-05-24 15:41:48,870 - __main__ - INFO -   Centralized: 0.8880
2026-05-24 15:41:48,870 - __main__ - INFO -   Federated:   0.4880
2026-05-24 15:41:48,870 - __main__ - INFO -   Divergence:  0.3999
2026-05-24 15:41:48,870 - __main__ - WARNING - ⚠ Federated AUROC (0.4880) < 0.85 target
2026-05-24 15:41:48,870 - __main__ - WARNING - ⚠ Divergence between centralized and federated (0.3999) > 0.05
2026-05-24 15:41:48,870 - __main__ - INFO - 
======================================================================
2026-05-24 15:41:48,870 - __main__ - INFO - ⚠️  EXPERIMENT 1 PARTIAL - Manual review recommended
2026-05-24 15:41:48,870 - __main__ - INFO - ======================================================================
