2026-05-24 15:38:14,614 - __main__ - INFO - 
================================================================================
2026-05-24 15:38:14,614 - __main__ - INFO - # EXPERIMENT 1: FEDERATED LEARNING BASELINE
2026-05-24 15:38:14,614 - __main__ - INFO - ================================================================================
2026-05-24 15:38:14,615 - __main__ - INFO - 
Phase 1.1: Loading Phase 0 cohort and splits...
2026-05-24 15:38:14,615 - src.data.loader - INFO - Loading cohort from cache: /home/raiyanjiyon/Projects/federated-healthcare-ml/data/cache/mimic_iv_cohort.csv
2026-05-24 15:38:14,783 - src.data.loader - WARNING - Missing features: {'admission_type_emergency'}
2026-05-24 15:38:14,791 - src.data.loader - INFO - Dataset: 65273 patients, 31 features
2026-05-24 15:38:14,792 - src.data.loader - INFO - Target distribution: [58207  7066]
2026-05-24 15:38:14,792 - __main__ - INFO - Loaded: 65273 samples, 31 features
2026-05-24 15:38:14,792 - __main__ - INFO - Target distribution: 7066 deaths (10.8%)
2026-05-24 15:38:14,792 - __main__ - INFO - 
Phase 1.2: Distributing data to federated clients by care unit...
2026-05-24 15:38:14,796 - src.data.split - INFO - ✓ Medical Intensive Care Unit (MICU): 8791 patients, 1410 deaths (16.0%)
2026-05-24 15:38:14,799 - src.data.split - INFO - ✓ Surgical Intensive Care Unit (SICU): 6372 patients, 754 deaths (11.8%)
2026-05-24 15:38:14,803 - src.data.split - INFO - ✓ Medical/Surgical Intensive Care Unit (MICU/SICU): 6983 patients, 957 deaths (13.7%)
2026-05-24 15:38:14,807 - src.data.split - INFO - ✓ Cardiac Vascular Intensive Care Unit (CVICU): 8118 patients, 265 deaths (3.3%)
2026-05-24 15:38:14,811 - src.data.split - INFO - ✓ Coronary Care Unit (CCU): 5113 patients, 643 deaths (12.6%)
2026-05-24 15:38:14,815 - src.data.split - INFO - ✓ Trauma SICU (TSICU): 5458 patients, 569 deaths (10.4%)
2026-05-24 15:38:14,817 - src.data.split - INFO - ✓ Neuro Surgical Intensive Care Unit (Neuro SICU): 907 patients, 256 deaths (28.2%)
2026-05-24 15:38:14,822 - src.data.split - INFO -   (skipped Intensive Care Unit (ICU): 16 patients, < 100)
2026-05-24 15:38:14,824 - src.data.split - INFO -   (skipped Medicine: 9 patients, < 100)
2026-05-24 15:38:14,826 - src.data.split - INFO -   (skipped Neuro Intermediate: 3035 patients, < 100)
2026-05-24 15:38:14,828 - src.data.split - INFO -   (skipped Neuro Stepdown: 784 patients, < 100)
2026-05-24 15:38:14,830 - src.data.split - INFO -   (skipped PACU: 43 patients, < 100)
2026-05-24 15:38:14,833 - src.data.split - INFO -   (skipped Surgery/Trauma: 2 patients, < 100)
2026-05-24 15:38:14,835 - src.data.split - INFO -   (skipped Surgery/Vascular/Intermediate: 60 patients, < 100)
2026-05-24 15:38:14,835 - src.data.split - INFO - 
✓ Federated learning ready: 7 clients
2026-05-24 15:38:14,835 - __main__ - INFO - 
✓ Created 7 federated clients
2026-05-24 15:38:14,835 - __main__ - INFO - 
Client Statistics:
2026-05-24 15:38:14,835 - __main__ - INFO - ----------------------------------------------------------------------
2026-05-24 15:38:14,835 - __main__ - INFO -   Medical Intensive Care Unit (MICU)         8791 patients, 1410 deaths ( 16.0%)
2026-05-24 15:38:14,835 - __main__ - INFO -   Cardiac Vascular Intensive Care Unit (CVICU)   8118 patients,  265 deaths (  3.3%)
2026-05-24 15:38:14,835 - __main__ - INFO -   Medical/Surgical Intensive Care Unit (MICU/SICU)   6983 patients,  957 deaths ( 13.7%)
2026-05-24 15:38:14,835 - __main__ - INFO -   Surgical Intensive Care Unit (SICU)        6372 patients,  754 deaths ( 11.8%)
2026-05-24 15:38:14,835 - __main__ - INFO -   Trauma SICU (TSICU)                        5458 patients,  569 deaths ( 10.4%)
2026-05-24 15:38:14,835 - __main__ - INFO -   Coronary Care Unit (CCU)                   5113 patients,  643 deaths ( 12.6%)
2026-05-24 15:38:14,835 - __main__ - INFO -   Neuro Surgical Intensive Care Unit (Neuro SICU)    907 patients,  256 deaths ( 28.2%)
2026-05-24 15:38:14,835 - __main__ - INFO - 
======================================================================
2026-05-24 15:38:14,835 - __main__ - INFO - Phase 1.3: Training Centralized Baseline (for comparison)...
2026-05-24 15:38:14,835 - __main__ - INFO - ======================================================================
2026-05-24 15:38:15,393 - __main__ - INFO - 
Centralized Train AUROC: 0.8857
2026-05-24 15:38:15,393 - __main__ - INFO - Centralized Val AUROC:   0.8846
2026-05-24 15:38:15,393 - __main__ - INFO - Centralized Test AUROC:  0.8880
2026-05-24 15:38:15,393 - __main__ - INFO - 
======================================================================
2026-05-24 15:38:15,393 - __main__ - INFO - Phase 1.4: Training Federated Learning Model...
2026-05-24 15:38:15,393 - __main__ - INFO - ======================================================================
2026-05-24 15:38:15,393 - __main__ - INFO - Overriding DP epsilon to 5.0
2026-05-24 15:38:15,423 - root - INFO - 
======================================================================
2026-05-24 15:38:15,423 - root - INFO - Differential Privacy Mechanism Initialized: GaussianDP
2026-05-24 15:38:15,423 - root - INFO - ======================================================================
2026-05-24 15:38:15,423 - root - INFO -   Privacy Budget (ε):     1.0000
2026-05-24 15:38:15,423 - root - INFO -   Failure Probability (δ): 0.000010
2026-05-24 15:38:15,423 - root - INFO -   Clipping Norm (C):      1.0000
2026-05-24 15:38:15,423 - root - INFO -   Noise Scale (σ):        4.7985
2026-05-24 15:38:15,423 - root - INFO - ======================================================================

2026-05-24 15:38:15,423 - src.training.federated - INFO - FederatedTrainer initialized:
2026-05-24 15:38:15,423 - src.training.federated - INFO -   Clients: 7
2026-05-24 15:38:15,423 - src.training.federated - INFO -   Training samples: 41742
2026-05-24 15:38:15,423 - src.training.federated - INFO -   Validation samples: 9791
2026-05-24 15:38:15,423 - src.training.federated - INFO -   Test samples: 9791
2026-05-24 15:38:15,423 - src.training.federated - INFO -   Features: 31
2026-05-24 15:38:15,423 - src.training.federated - INFO -   Rounds: 10
2026-05-24 15:38:15,423 - src.training.federated - INFO -   Strategy: FEDAVG
2026-05-24 15:38:15,423 - src.training.federated - INFO -   Privacy: Enabled (ε=1.0, δ=1e-5)
2026-05-24 15:38:15,423 - src.training.federated - INFO - 
######################################################################
2026-05-24 15:38:15,423 - src.training.federated - INFO - # FEDERATED LEARNING TRAINING (10 rounds)
2026-05-24 15:38:15,423 - src.training.federated - INFO - # Strategy: FEDAVG
2026-05-24 15:38:15,423 - src.training.federated - INFO - ######################################################################

2026-05-24 15:38:15,423 - src.training.federated - INFO - 
======================================================================
2026-05-24 15:38:15,423 - src.training.federated - INFO - Round 1/10
2026-05-24 15:38:15,423 - src.training.federated - INFO - ======================================================================
2026-05-24 15:38:15,478 - src.training.federated - INFO -   Cardiac Vascular Intensive Care Unit (CVICU): 8118 samples, loss=0.0754
2026-05-24 15:38:15,494 - src.training.federated - INFO -   Coronary Care Unit (CCU): 5113 samples, loss=0.2288
2026-05-24 15:38:15,519 - src.training.federated - INFO -   Medical Intensive Care Unit (MICU): 8791 samples, loss=0.2735
2026-05-24 15:38:15,545 - src.training.federated - INFO -   Medical/Surgical Intensive Care Unit (MICU/SICU): 6983 samples, loss=0.2627
2026-05-24 15:38:15,552 - src.training.federated - INFO -   Neuro Surgical Intensive Care Unit (Neuro SICU): 907 samples, loss=0.3759
2026-05-24 15:38:15,572 - src.training.federated - INFO -   Surgical Intensive Care Unit (SICU): 6372 samples, loss=0.2279
2026-05-24 15:38:15,588 - src.training.federated - INFO -   Trauma SICU (TSICU): 5458 samples, loss=0.1753
2026-05-24 15:38:15,588 - src.training.federated - INFO - Round 1 complete: 7 clients aggregated
2026-05-24 15:38:15,594 - src.training.federated - INFO - Round 1 Validation AUROC: 0.7373
2026-05-24 15:38:15,594 - src.training.federated - INFO - 
======================================================================
2026-05-24 15:38:15,594 - src.training.federated - INFO - Round 2/10
2026-05-24 15:38:15,594 - src.training.federated - INFO - ======================================================================
2026-05-24 15:38:15,616 - src.training.federated - INFO -   Cardiac Vascular Intensive Care Unit (CVICU): 8118 samples, loss=0.0754
2026-05-24 15:38:15,631 - src.training.federated - INFO -   Coronary Care Unit (CCU): 5113 samples, loss=0.2288
2026-05-24 15:38:15,657 - src.training.federated - INFO -   Medical Intensive Care Unit (MICU): 8791 samples, loss=0.2735
2026-05-24 15:38:15,682 - src.training.federated - INFO -   Medical/Surgical Intensive Care Unit (MICU/SICU): 6983 samples, loss=0.2627
2026-05-24 15:38:15,690 - src.training.federated - INFO -   Neuro Surgical Intensive Care Unit (Neuro SICU): 907 samples, loss=0.3759
2026-05-24 15:38:15,709 - src.training.federated - INFO -   Surgical Intensive Care Unit (SICU): 6372 samples, loss=0.2279
2026-05-24 15:38:15,726 - src.training.federated - INFO -   Trauma SICU (TSICU): 5458 samples, loss=0.1753
2026-05-24 15:38:15,726 - src.training.federated - INFO - Round 2 complete: 7 clients aggregated
2026-05-24 15:38:15,732 - src.training.federated - INFO - Round 2 Validation AUROC: 0.6685
2026-05-24 15:38:15,732 - src.training.federated - INFO - 
======================================================================
2026-05-24 15:38:15,732 - src.training.federated - INFO - Round 3/10
2026-05-24 15:38:15,732 - src.training.federated - INFO - ======================================================================
2026-05-24 15:38:15,753 - src.training.federated - INFO -   Cardiac Vascular Intensive Care Unit (CVICU): 8118 samples, loss=0.0754
2026-05-24 15:38:15,769 - src.training.federated - INFO -   Coronary Care Unit (CCU): 5113 samples, loss=0.2288
2026-05-24 15:38:15,794 - src.training.federated - INFO -   Medical Intensive Care Unit (MICU): 8791 samples, loss=0.2735
2026-05-24 15:38:15,820 - src.training.federated - INFO -   Medical/Surgical Intensive Care Unit (MICU/SICU): 6983 samples, loss=0.2627
2026-05-24 15:38:15,828 - src.training.federated - INFO -   Neuro Surgical Intensive Care Unit (Neuro SICU): 907 samples, loss=0.3759
2026-05-24 15:38:15,848 - src.training.federated - INFO -   Surgical Intensive Care Unit (SICU): 6372 samples, loss=0.2279
2026-05-24 15:38:15,864 - src.training.federated - INFO -   Trauma SICU (TSICU): 5458 samples, loss=0.1753
2026-05-24 15:38:15,864 - src.training.federated - INFO - Round 3 complete: 7 clients aggregated
2026-05-24 15:38:15,871 - src.training.federated - INFO - Round 3 Validation AUROC: 0.5341
2026-05-24 15:38:15,871 - src.training.federated - INFO - 
======================================================================
2026-05-24 15:38:15,871 - src.training.federated - INFO - Round 4/10
2026-05-24 15:38:15,871 - src.training.federated - INFO - ======================================================================
2026-05-24 15:38:15,894 - src.training.federated - INFO -   Cardiac Vascular Intensive Care Unit (CVICU): 8118 samples, loss=0.0754
2026-05-24 15:38:15,910 - src.training.federated - INFO -   Coronary Care Unit (CCU): 5113 samples, loss=0.2288
2026-05-24 15:38:15,937 - src.training.federated - INFO -   Medical Intensive Care Unit (MICU): 8791 samples, loss=0.2735
2026-05-24 15:38:15,964 - src.training.federated - INFO -   Medical/Surgical Intensive Care Unit (MICU/SICU): 6983 samples, loss=0.2627
2026-05-24 15:38:15,972 - src.training.federated - INFO -   Neuro Surgical Intensive Care Unit (Neuro SICU): 907 samples, loss=0.3759
2026-05-24 15:38:15,992 - src.training.federated - INFO -   Surgical Intensive Care Unit (SICU): 6372 samples, loss=0.2279
2026-05-24 15:38:16,009 - src.training.federated - INFO -   Trauma SICU (TSICU): 5458 samples, loss=0.1753
2026-05-24 15:38:16,009 - src.training.federated - INFO - Round 4 complete: 7 clients aggregated
2026-05-24 15:38:16,016 - src.training.federated - INFO - Round 4 Validation AUROC: 0.7420
2026-05-24 15:38:16,016 - src.training.federated - INFO - 
======================================================================
2026-05-24 15:38:16,016 - src.training.federated - INFO - Round 5/10
2026-05-24 15:38:16,016 - src.training.federated - INFO - ======================================================================
2026-05-24 15:38:16,039 - src.training.federated - INFO -   Cardiac Vascular Intensive Care Unit (CVICU): 8118 samples, loss=0.0754
2026-05-24 15:38:16,055 - src.training.federated - INFO -   Coronary Care Unit (CCU): 5113 samples, loss=0.2288
2026-05-24 15:38:16,081 - src.training.federated - INFO -   Medical Intensive Care Unit (MICU): 8791 samples, loss=0.2735
2026-05-24 15:38:16,109 - src.training.federated - INFO -   Medical/Surgical Intensive Care Unit (MICU/SICU): 6983 samples, loss=0.2627
2026-05-24 15:38:16,117 - src.training.federated - INFO -   Neuro Surgical Intensive Care Unit (Neuro SICU): 907 samples, loss=0.3759
2026-05-24 15:38:16,137 - src.training.federated - INFO -   Surgical Intensive Care Unit (SICU): 6372 samples, loss=0.2279
2026-05-24 15:38:16,154 - src.training.federated - INFO -   Trauma SICU (TSICU): 5458 samples, loss=0.1753
2026-05-24 15:38:16,154 - src.training.federated - INFO - Round 5 complete: 7 clients aggregated
2026-05-24 15:38:16,160 - src.training.federated - INFO - Round 5 Validation AUROC: 0.3943
2026-05-24 15:38:16,160 - src.training.federated - INFO - 
======================================================================
2026-05-24 15:38:16,160 - src.training.federated - INFO - Round 6/10
2026-05-24 15:38:16,160 - src.training.federated - INFO - ======================================================================
2026-05-24 15:38:16,184 - src.training.federated - INFO -   Cardiac Vascular Intensive Care Unit (CVICU): 8118 samples, loss=0.0754
2026-05-24 15:38:16,200 - src.training.federated - INFO -   Coronary Care Unit (CCU): 5113 samples, loss=0.2288
2026-05-24 15:38:16,226 - src.training.federated - INFO -   Medical Intensive Care Unit (MICU): 8791 samples, loss=0.2735
2026-05-24 15:38:16,254 - src.training.federated - INFO -   Medical/Surgical Intensive Care Unit (MICU/SICU): 6983 samples, loss=0.2627
2026-05-24 15:38:16,261 - src.training.federated - INFO -   Neuro Surgical Intensive Care Unit (Neuro SICU): 907 samples, loss=0.3759
2026-05-24 15:38:16,282 - src.training.federated - INFO -   Surgical Intensive Care Unit (SICU): 6372 samples, loss=0.2279
2026-05-24 15:38:16,299 - src.training.federated - INFO -   Trauma SICU (TSICU): 5458 samples, loss=0.1753
2026-05-24 15:38:16,299 - src.training.federated - INFO - Round 6 complete: 7 clients aggregated
2026-05-24 15:38:16,305 - src.training.federated - INFO - Round 6 Validation AUROC: 0.5295
2026-05-24 15:38:16,305 - src.training.federated - INFO - 
======================================================================
2026-05-24 15:38:16,305 - src.training.federated - INFO - Round 7/10
2026-05-24 15:38:16,305 - src.training.federated - INFO - ======================================================================
2026-05-24 15:38:16,328 - src.training.federated - INFO -   Cardiac Vascular Intensive Care Unit (CVICU): 8118 samples, loss=0.0754
2026-05-24 15:38:16,344 - src.training.federated - INFO -   Coronary Care Unit (CCU): 5113 samples, loss=0.2288
2026-05-24 15:38:16,371 - src.training.federated - INFO -   Medical Intensive Care Unit (MICU): 8791 samples, loss=0.2735
2026-05-24 15:38:16,398 - src.training.federated - INFO -   Medical/Surgical Intensive Care Unit (MICU/SICU): 6983 samples, loss=0.2627
2026-05-24 15:38:16,405 - src.training.federated - INFO -   Neuro Surgical Intensive Care Unit (Neuro SICU): 907 samples, loss=0.3759
2026-05-24 15:38:16,426 - src.training.federated - INFO -   Surgical Intensive Care Unit (SICU): 6372 samples, loss=0.2279
2026-05-24 15:38:16,443 - src.training.federated - INFO -   Trauma SICU (TSICU): 5458 samples, loss=0.1753
2026-05-24 15:38:16,443 - src.training.federated - INFO - Round 7 complete: 7 clients aggregated
2026-05-24 15:38:16,449 - src.training.federated - INFO - Round 7 Validation AUROC: 0.7414
2026-05-24 15:38:16,449 - src.training.federated - INFO - 
======================================================================
2026-05-24 15:38:16,449 - src.training.federated - INFO - Round 8/10
2026-05-24 15:38:16,449 - src.training.federated - INFO - ======================================================================
2026-05-24 15:38:16,472 - src.training.federated - INFO -   Cardiac Vascular Intensive Care Unit (CVICU): 8118 samples, loss=0.0754
2026-05-24 15:38:16,488 - src.training.federated - INFO -   Coronary Care Unit (CCU): 5113 samples, loss=0.2288
2026-05-24 15:38:16,514 - src.training.federated - INFO -   Medical Intensive Care Unit (MICU): 8791 samples, loss=0.2735
2026-05-24 15:38:16,541 - src.training.federated - INFO -   Medical/Surgical Intensive Care Unit (MICU/SICU): 6983 samples, loss=0.2627
2026-05-24 15:38:16,549 - src.training.federated - INFO -   Neuro Surgical Intensive Care Unit (Neuro SICU): 907 samples, loss=0.3759
2026-05-24 15:38:16,569 - src.training.federated - INFO -   Surgical Intensive Care Unit (SICU): 6372 samples, loss=0.2279
2026-05-24 15:38:16,586 - src.training.federated - INFO -   Trauma SICU (TSICU): 5458 samples, loss=0.1753
2026-05-24 15:38:16,586 - src.training.federated - INFO - Round 8 complete: 7 clients aggregated
2026-05-24 15:38:16,592 - src.training.federated - INFO - Round 8 Validation AUROC: 0.5366
2026-05-24 15:38:16,592 - src.training.federated - INFO - 
======================================================================
2026-05-24 15:38:16,592 - src.training.federated - INFO - Round 9/10
2026-05-24 15:38:16,592 - src.training.federated - INFO - ======================================================================
2026-05-24 15:38:16,615 - src.training.federated - INFO -   Cardiac Vascular Intensive Care Unit (CVICU): 8118 samples, loss=0.0754
2026-05-24 15:38:16,631 - src.training.federated - INFO -   Coronary Care Unit (CCU): 5113 samples, loss=0.2288
2026-05-24 15:38:16,658 - src.training.federated - INFO -   Medical Intensive Care Unit (MICU): 8791 samples, loss=0.2735
2026-05-24 15:38:16,685 - src.training.federated - INFO -   Medical/Surgical Intensive Care Unit (MICU/SICU): 6983 samples, loss=0.2627
2026-05-24 15:38:16,693 - src.training.federated - INFO -   Neuro Surgical Intensive Care Unit (Neuro SICU): 907 samples, loss=0.3759
2026-05-24 15:38:16,712 - src.training.federated - INFO -   Surgical Intensive Care Unit (SICU): 6372 samples, loss=0.2279
2026-05-24 15:38:16,729 - src.training.federated - INFO -   Trauma SICU (TSICU): 5458 samples, loss=0.1753
2026-05-24 15:38:16,730 - src.training.federated - INFO - Round 9 complete: 7 clients aggregated
2026-05-24 15:38:16,736 - src.training.federated - INFO - Round 9 Validation AUROC: 0.6864
2026-05-24 15:38:16,736 - src.training.federated - INFO - 
======================================================================
2026-05-24 15:38:16,736 - src.training.federated - INFO - Round 10/10
2026-05-24 15:38:16,736 - src.training.federated - INFO - ======================================================================
2026-05-24 15:38:16,759 - src.training.federated - INFO -   Cardiac Vascular Intensive Care Unit (CVICU): 8118 samples, loss=0.0754
2026-05-24 15:38:16,775 - src.training.federated - INFO -   Coronary Care Unit (CCU): 5113 samples, loss=0.2288
2026-05-24 15:38:16,803 - src.training.federated - INFO -   Medical Intensive Care Unit (MICU): 8791 samples, loss=0.2735
2026-05-24 15:38:16,829 - src.training.federated - INFO -   Medical/Surgical Intensive Care Unit (MICU/SICU): 6983 samples, loss=0.2627
2026-05-24 15:38:16,837 - src.training.federated - INFO -   Neuro Surgical Intensive Care Unit (Neuro SICU): 907 samples, loss=0.3759
2026-05-24 15:38:16,857 - src.training.federated - INFO -   Surgical Intensive Care Unit (SICU): 6372 samples, loss=0.2279
2026-05-24 15:38:16,876 - src.training.federated - INFO -   Trauma SICU (TSICU): 5458 samples, loss=0.1753
2026-05-24 15:38:16,876 - src.training.federated - INFO - Round 10 complete: 7 clients aggregated
2026-05-24 15:38:16,882 - src.training.federated - INFO - Round 10 Validation AUROC: 0.5018
2026-05-24 15:38:16,888 - src.training.federated - INFO - 
======================================================================
2026-05-24 15:38:16,888 - src.training.federated - INFO - Final Test AUROC: 0.4880
2026-05-24 15:38:16,888 - src.training.federated - INFO - ======================================================================

2026-05-24 15:38:16,888 - __main__ - INFO - 
======================================================================
2026-05-24 15:38:16,888 - __main__ - INFO - Phase 1.5: Results Comparison
2026-05-24 15:38:16,888 - __main__ - INFO - ======================================================================
2026-05-24 15:38:16,888 - __main__ - INFO - 
Test AUROC Comparison:
2026-05-24 15:38:16,888 - __main__ - INFO -   Centralized: 0.8880
2026-05-24 15:38:16,888 - __main__ - INFO -   Federated:   0.4880
2026-05-24 15:38:16,888 - __main__ - INFO -   Divergence:  0.3999
2026-05-24 15:38:16,888 - __main__ - WARNING - ⚠ Federated AUROC (0.4880) < 0.85 target
2026-05-24 15:38:16,888 - __main__ - WARNING - ⚠ Divergence between centralized and federated (0.3999) > 0.05
2026-05-24 15:38:16,888 - __main__ - INFO - 
======================================================================
2026-05-24 15:38:16,888 - __main__ - INFO - ⚠️  EXPERIMENT 1 PARTIAL - Manual review recommended
2026-05-24 15:38:16,888 - __main__ - INFO - ======================================================================
