2026-05-24 15:41:57,992 - __main__ - INFO - 
================================================================================
2026-05-24 15:41:57,992 - __main__ - INFO - # EXPERIMENT 1: FEDERATED LEARNING BASELINE
2026-05-24 15:41:57,992 - __main__ - INFO - ================================================================================
2026-05-24 15:41:57,993 - __main__ - INFO - 
Phase 1.1: Loading Phase 0 cohort and splits...
2026-05-24 15:41:57,993 - src.data.loader - INFO - Loading cohort from cache: /home/raiyanjiyon/Projects/federated-healthcare-ml/data/cache/mimic_iv_cohort.csv
2026-05-24 15:41:58,167 - src.data.loader - WARNING - Missing features: {'admission_type_emergency'}
2026-05-24 15:41:58,175 - src.data.loader - INFO - Dataset: 65273 patients, 31 features
2026-05-24 15:41:58,176 - src.data.loader - INFO - Target distribution: [58207  7066]
2026-05-24 15:41:58,176 - __main__ - INFO - Loaded: 65273 samples, 31 features
2026-05-24 15:41:58,176 - __main__ - INFO - Target distribution: 7066 deaths (10.8%)
2026-05-24 15:41:58,176 - __main__ - INFO - 
Phase 1.2: Distributing data to federated clients by care unit...
2026-05-24 15:41:58,180 - src.data.split - INFO - ✓ Medical Intensive Care Unit (MICU): 8791 patients, 1410 deaths (16.0%)
2026-05-24 15:41:58,184 - src.data.split - INFO - ✓ Surgical Intensive Care Unit (SICU): 6372 patients, 754 deaths (11.8%)
2026-05-24 15:41:58,188 - src.data.split - INFO - ✓ Medical/Surgical Intensive Care Unit (MICU/SICU): 6983 patients, 957 deaths (13.7%)
2026-05-24 15:41:58,192 - src.data.split - INFO - ✓ Cardiac Vascular Intensive Care Unit (CVICU): 8118 patients, 265 deaths (3.3%)
2026-05-24 15:41:58,195 - src.data.split - INFO - ✓ Coronary Care Unit (CCU): 5113 patients, 643 deaths (12.6%)
2026-05-24 15:41:58,199 - src.data.split - INFO - ✓ Trauma SICU (TSICU): 5458 patients, 569 deaths (10.4%)
2026-05-24 15:41:58,202 - src.data.split - INFO - ✓ Neuro Surgical Intensive Care Unit (Neuro SICU): 907 patients, 256 deaths (28.2%)
2026-05-24 15:41:58,206 - src.data.split - INFO -   (skipped Intensive Care Unit (ICU): 16 patients, < 100)
2026-05-24 15:41:58,208 - src.data.split - INFO -   (skipped Medicine: 9 patients, < 100)
2026-05-24 15:41:58,210 - src.data.split - INFO -   (skipped Neuro Intermediate: 3035 patients, < 100)
2026-05-24 15:41:58,212 - src.data.split - INFO -   (skipped Neuro Stepdown: 784 patients, < 100)
2026-05-24 15:41:58,214 - src.data.split - INFO -   (skipped PACU: 43 patients, < 100)
2026-05-24 15:41:58,216 - src.data.split - INFO -   (skipped Surgery/Trauma: 2 patients, < 100)
2026-05-24 15:41:58,219 - src.data.split - INFO -   (skipped Surgery/Vascular/Intermediate: 60 patients, < 100)
2026-05-24 15:41:58,219 - src.data.split - INFO - 
✓ Federated learning ready: 7 clients
2026-05-24 15:41:58,219 - __main__ - INFO - 
✓ Created 7 federated clients
2026-05-24 15:41:58,219 - __main__ - INFO - 
Client Statistics:
2026-05-24 15:41:58,219 - __main__ - INFO - ----------------------------------------------------------------------
2026-05-24 15:41:58,219 - __main__ - INFO -   Medical Intensive Care Unit (MICU)         8791 patients, 1410 deaths ( 16.0%)
2026-05-24 15:41:58,219 - __main__ - INFO -   Cardiac Vascular Intensive Care Unit (CVICU)   8118 patients,  265 deaths (  3.3%)
2026-05-24 15:41:58,219 - __main__ - INFO -   Medical/Surgical Intensive Care Unit (MICU/SICU)   6983 patients,  957 deaths ( 13.7%)
2026-05-24 15:41:58,219 - __main__ - INFO -   Surgical Intensive Care Unit (SICU)        6372 patients,  754 deaths ( 11.8%)
2026-05-24 15:41:58,219 - __main__ - INFO -   Trauma SICU (TSICU)                        5458 patients,  569 deaths ( 10.4%)
2026-05-24 15:41:58,219 - __main__ - INFO -   Coronary Care Unit (CCU)                   5113 patients,  643 deaths ( 12.6%)
2026-05-24 15:41:58,219 - __main__ - INFO -   Neuro Surgical Intensive Care Unit (Neuro SICU)    907 patients,  256 deaths ( 28.2%)
2026-05-24 15:41:58,219 - __main__ - INFO - 
======================================================================
2026-05-24 15:41:58,219 - __main__ - INFO - Phase 1.3: Training Centralized Baseline (for comparison)...
2026-05-24 15:41:58,219 - __main__ - INFO - ======================================================================
2026-05-24 15:41:58,746 - __main__ - INFO - 
Centralized Train AUROC: 0.8857
2026-05-24 15:41:58,746 - __main__ - INFO - Centralized Val AUROC:   0.8846
2026-05-24 15:41:58,746 - __main__ - INFO - Centralized Test AUROC:  0.8880
2026-05-24 15:41:58,746 - __main__ - INFO - 
======================================================================
2026-05-24 15:41:58,746 - __main__ - INFO - Phase 1.4: Training Federated Learning Model...
2026-05-24 15:41:58,746 - __main__ - INFO - ======================================================================
2026-05-24 15:41:58,746 - __main__ - INFO - Overriding DP epsilon to 10.0
2026-05-24 15:41:58,746 - __main__ - INFO - Overriding clipping threshold to 1.0
2026-05-24 15:41:58,778 - root - INFO - 
======================================================================
2026-05-24 15:41:58,778 - root - INFO - Differential Privacy Mechanism Initialized: GaussianDP
2026-05-24 15:41:58,779 - root - INFO - ======================================================================
2026-05-24 15:41:58,779 - root - INFO -   Privacy Budget (ε):     1.0000
2026-05-24 15:41:58,779 - root - INFO -   Failure Probability (δ): 0.000010
2026-05-24 15:41:58,779 - root - INFO -   Clipping Norm (C):      1.0000
2026-05-24 15:41:58,779 - root - INFO -   Noise Scale (σ):        4.7985
2026-05-24 15:41:58,779 - root - INFO - ======================================================================

2026-05-24 15:41:58,779 - src.training.federated - INFO - FederatedTrainer initialized:
2026-05-24 15:41:58,779 - src.training.federated - INFO -   Clients: 7
2026-05-24 15:41:58,779 - src.training.federated - INFO -   Training samples: 41742
2026-05-24 15:41:58,779 - src.training.federated - INFO -   Validation samples: 9791
2026-05-24 15:41:58,779 - src.training.federated - INFO -   Test samples: 9791
2026-05-24 15:41:58,779 - src.training.federated - INFO -   Features: 31
2026-05-24 15:41:58,779 - src.training.federated - INFO -   Rounds: 10
2026-05-24 15:41:58,779 - src.training.federated - INFO -   Strategy: FEDAVG
2026-05-24 15:41:58,779 - src.training.federated - INFO -   Privacy: Enabled (ε=1.0, δ=1e-5)
2026-05-24 15:41:58,779 - src.training.federated - INFO - 
######################################################################
2026-05-24 15:41:58,779 - src.training.federated - INFO - # FEDERATED LEARNING TRAINING (10 rounds)
2026-05-24 15:41:58,779 - src.training.federated - INFO - # Strategy: FEDAVG
2026-05-24 15:41:58,779 - src.training.federated - INFO - ######################################################################

2026-05-24 15:41:58,779 - src.training.federated - INFO - 
======================================================================
2026-05-24 15:41:58,779 - src.training.federated - INFO - Round 1/10
2026-05-24 15:41:58,779 - src.training.federated - INFO - ======================================================================
2026-05-24 15:41:58,829 - src.training.federated - INFO -   Cardiac Vascular Intensive Care Unit (CVICU): 8118 samples, loss=0.0754
2026-05-24 15:41:58,845 - src.training.federated - INFO -   Coronary Care Unit (CCU): 5113 samples, loss=0.2288
2026-05-24 15:41:58,870 - src.training.federated - INFO -   Medical Intensive Care Unit (MICU): 8791 samples, loss=0.2735
2026-05-24 15:41:58,896 - src.training.federated - INFO -   Medical/Surgical Intensive Care Unit (MICU/SICU): 6983 samples, loss=0.2627
2026-05-24 15:41:58,904 - src.training.federated - INFO -   Neuro Surgical Intensive Care Unit (Neuro SICU): 907 samples, loss=0.3759
2026-05-24 15:41:58,924 - src.training.federated - INFO -   Surgical Intensive Care Unit (SICU): 6372 samples, loss=0.2279
2026-05-24 15:41:58,941 - src.training.federated - INFO -   Trauma SICU (TSICU): 5458 samples, loss=0.1753
2026-05-24 15:41:58,941 - src.training.federated - INFO - Round 1 complete: 7 clients aggregated
2026-05-24 15:41:58,947 - src.training.federated - INFO - Round 1 Validation AUROC: 0.7373
2026-05-24 15:41:58,947 - src.training.federated - INFO - 
======================================================================
2026-05-24 15:41:58,947 - src.training.federated - INFO - Round 2/10
2026-05-24 15:41:58,947 - src.training.federated - INFO - ======================================================================
2026-05-24 15:41:58,969 - src.training.federated - INFO -   Cardiac Vascular Intensive Care Unit (CVICU): 8118 samples, loss=0.0754
2026-05-24 15:41:58,985 - src.training.federated - INFO -   Coronary Care Unit (CCU): 5113 samples, loss=0.2288
2026-05-24 15:41:59,010 - src.training.federated - INFO -   Medical Intensive Care Unit (MICU): 8791 samples, loss=0.2735
2026-05-24 15:41:59,036 - src.training.federated - INFO -   Medical/Surgical Intensive Care Unit (MICU/SICU): 6983 samples, loss=0.2627
2026-05-24 15:41:59,044 - src.training.federated - INFO -   Neuro Surgical Intensive Care Unit (Neuro SICU): 907 samples, loss=0.3759
2026-05-24 15:41:59,064 - src.training.federated - INFO -   Surgical Intensive Care Unit (SICU): 6372 samples, loss=0.2279
2026-05-24 15:41:59,080 - src.training.federated - INFO -   Trauma SICU (TSICU): 5458 samples, loss=0.1753
2026-05-24 15:41:59,080 - src.training.federated - INFO - Round 2 complete: 7 clients aggregated
2026-05-24 15:41:59,087 - src.training.federated - INFO - Round 2 Validation AUROC: 0.6685
2026-05-24 15:41:59,087 - src.training.federated - INFO - 
======================================================================
2026-05-24 15:41:59,087 - src.training.federated - INFO - Round 3/10
2026-05-24 15:41:59,087 - src.training.federated - INFO - ======================================================================
2026-05-24 15:41:59,109 - src.training.federated - INFO -   Cardiac Vascular Intensive Care Unit (CVICU): 8118 samples, loss=0.0754
2026-05-24 15:41:59,125 - src.training.federated - INFO -   Coronary Care Unit (CCU): 5113 samples, loss=0.2288
2026-05-24 15:41:59,150 - src.training.federated - INFO -   Medical Intensive Care Unit (MICU): 8791 samples, loss=0.2735
2026-05-24 15:41:59,177 - src.training.federated - INFO -   Medical/Surgical Intensive Care Unit (MICU/SICU): 6983 samples, loss=0.2627
2026-05-24 15:41:59,184 - src.training.federated - INFO -   Neuro Surgical Intensive Care Unit (Neuro SICU): 907 samples, loss=0.3759
2026-05-24 15:41:59,204 - src.training.federated - INFO -   Surgical Intensive Care Unit (SICU): 6372 samples, loss=0.2279
2026-05-24 15:41:59,221 - src.training.federated - INFO -   Trauma SICU (TSICU): 5458 samples, loss=0.1753
2026-05-24 15:41:59,221 - src.training.federated - INFO - Round 3 complete: 7 clients aggregated
2026-05-24 15:41:59,227 - src.training.federated - INFO - Round 3 Validation AUROC: 0.5341
2026-05-24 15:41:59,227 - src.training.federated - INFO - 
======================================================================
2026-05-24 15:41:59,227 - src.training.federated - INFO - Round 4/10
2026-05-24 15:41:59,227 - src.training.federated - INFO - ======================================================================
2026-05-24 15:41:59,249 - src.training.federated - INFO -   Cardiac Vascular Intensive Care Unit (CVICU): 8118 samples, loss=0.0754
2026-05-24 15:41:59,265 - src.training.federated - INFO -   Coronary Care Unit (CCU): 5113 samples, loss=0.2288
2026-05-24 15:41:59,290 - src.training.federated - INFO -   Medical Intensive Care Unit (MICU): 8791 samples, loss=0.2735
2026-05-24 15:41:59,317 - src.training.federated - INFO -   Medical/Surgical Intensive Care Unit (MICU/SICU): 6983 samples, loss=0.2627
2026-05-24 15:41:59,324 - src.training.federated - INFO -   Neuro Surgical Intensive Care Unit (Neuro SICU): 907 samples, loss=0.3759
2026-05-24 15:41:59,344 - src.training.federated - INFO -   Surgical Intensive Care Unit (SICU): 6372 samples, loss=0.2279
2026-05-24 15:41:59,361 - src.training.federated - INFO -   Trauma SICU (TSICU): 5458 samples, loss=0.1753
2026-05-24 15:41:59,361 - src.training.federated - INFO - Round 4 complete: 7 clients aggregated
2026-05-24 15:41:59,367 - src.training.federated - INFO - Round 4 Validation AUROC: 0.7420
2026-05-24 15:41:59,367 - src.training.federated - INFO - 
======================================================================
2026-05-24 15:41:59,367 - src.training.federated - INFO - Round 5/10
2026-05-24 15:41:59,367 - src.training.federated - INFO - ======================================================================
2026-05-24 15:41:59,389 - src.training.federated - INFO -   Cardiac Vascular Intensive Care Unit (CVICU): 8118 samples, loss=0.0754
2026-05-24 15:41:59,405 - src.training.federated - INFO -   Coronary Care Unit (CCU): 5113 samples, loss=0.2288
2026-05-24 15:41:59,430 - src.training.federated - INFO -   Medical Intensive Care Unit (MICU): 8791 samples, loss=0.2735
2026-05-24 15:41:59,457 - src.training.federated - INFO -   Medical/Surgical Intensive Care Unit (MICU/SICU): 6983 samples, loss=0.2627
2026-05-24 15:41:59,464 - src.training.federated - INFO -   Neuro Surgical Intensive Care Unit (Neuro SICU): 907 samples, loss=0.3759
2026-05-24 15:41:59,484 - src.training.federated - INFO -   Surgical Intensive Care Unit (SICU): 6372 samples, loss=0.2279
2026-05-24 15:41:59,501 - src.training.federated - INFO -   Trauma SICU (TSICU): 5458 samples, loss=0.1753
2026-05-24 15:41:59,501 - src.training.federated - INFO - Round 5 complete: 7 clients aggregated
2026-05-24 15:41:59,507 - src.training.federated - INFO - Round 5 Validation AUROC: 0.3943
2026-05-24 15:41:59,507 - src.training.federated - INFO - 
======================================================================
2026-05-24 15:41:59,507 - src.training.federated - INFO - Round 6/10
2026-05-24 15:41:59,507 - src.training.federated - INFO - ======================================================================
2026-05-24 15:41:59,529 - src.training.federated - INFO -   Cardiac Vascular Intensive Care Unit (CVICU): 8118 samples, loss=0.0754
2026-05-24 15:41:59,545 - src.training.federated - INFO -   Coronary Care Unit (CCU): 5113 samples, loss=0.2288
2026-05-24 15:41:59,570 - src.training.federated - INFO -   Medical Intensive Care Unit (MICU): 8791 samples, loss=0.2735
2026-05-24 15:41:59,596 - src.training.federated - INFO -   Medical/Surgical Intensive Care Unit (MICU/SICU): 6983 samples, loss=0.2627
2026-05-24 15:41:59,604 - src.training.federated - INFO -   Neuro Surgical Intensive Care Unit (Neuro SICU): 907 samples, loss=0.3759
2026-05-24 15:41:59,623 - src.training.federated - INFO -   Surgical Intensive Care Unit (SICU): 6372 samples, loss=0.2279
2026-05-24 15:41:59,640 - src.training.federated - INFO -   Trauma SICU (TSICU): 5458 samples, loss=0.1753
2026-05-24 15:41:59,640 - src.training.federated - INFO - Round 6 complete: 7 clients aggregated
2026-05-24 15:41:59,646 - src.training.federated - INFO - Round 6 Validation AUROC: 0.5295
2026-05-24 15:41:59,646 - src.training.federated - INFO - 
======================================================================
2026-05-24 15:41:59,646 - src.training.federated - INFO - Round 7/10
2026-05-24 15:41:59,646 - src.training.federated - INFO - ======================================================================
2026-05-24 15:41:59,669 - src.training.federated - INFO -   Cardiac Vascular Intensive Care Unit (CVICU): 8118 samples, loss=0.0754
2026-05-24 15:41:59,685 - src.training.federated - INFO -   Coronary Care Unit (CCU): 5113 samples, loss=0.2288
2026-05-24 15:41:59,710 - src.training.federated - INFO -   Medical Intensive Care Unit (MICU): 8791 samples, loss=0.2735
2026-05-24 15:41:59,736 - src.training.federated - INFO -   Medical/Surgical Intensive Care Unit (MICU/SICU): 6983 samples, loss=0.2627
2026-05-24 15:41:59,744 - src.training.federated - INFO -   Neuro Surgical Intensive Care Unit (Neuro SICU): 907 samples, loss=0.3759
2026-05-24 15:41:59,764 - src.training.federated - INFO -   Surgical Intensive Care Unit (SICU): 6372 samples, loss=0.2279
2026-05-24 15:41:59,781 - src.training.federated - INFO -   Trauma SICU (TSICU): 5458 samples, loss=0.1753
2026-05-24 15:41:59,781 - src.training.federated - INFO - Round 7 complete: 7 clients aggregated
2026-05-24 15:41:59,787 - src.training.federated - INFO - Round 7 Validation AUROC: 0.7414
2026-05-24 15:41:59,787 - src.training.federated - INFO - 
======================================================================
2026-05-24 15:41:59,787 - src.training.federated - INFO - Round 8/10
2026-05-24 15:41:59,787 - src.training.federated - INFO - ======================================================================
2026-05-24 15:41:59,809 - src.training.federated - INFO -   Cardiac Vascular Intensive Care Unit (CVICU): 8118 samples, loss=0.0754
2026-05-24 15:41:59,825 - src.training.federated - INFO -   Coronary Care Unit (CCU): 5113 samples, loss=0.2288
2026-05-24 15:41:59,850 - src.training.federated - INFO -   Medical Intensive Care Unit (MICU): 8791 samples, loss=0.2735
2026-05-24 15:41:59,877 - src.training.federated - INFO -   Medical/Surgical Intensive Care Unit (MICU/SICU): 6983 samples, loss=0.2627
2026-05-24 15:41:59,884 - src.training.federated - INFO -   Neuro Surgical Intensive Care Unit (Neuro SICU): 907 samples, loss=0.3759
2026-05-24 15:41:59,904 - src.training.federated - INFO -   Surgical Intensive Care Unit (SICU): 6372 samples, loss=0.2279
2026-05-24 15:41:59,921 - src.training.federated - INFO -   Trauma SICU (TSICU): 5458 samples, loss=0.1753
2026-05-24 15:41:59,921 - src.training.federated - INFO - Round 8 complete: 7 clients aggregated
2026-05-24 15:41:59,927 - src.training.federated - INFO - Round 8 Validation AUROC: 0.5366
2026-05-24 15:41:59,927 - src.training.federated - INFO - 
======================================================================
2026-05-24 15:41:59,927 - src.training.federated - INFO - Round 9/10
2026-05-24 15:41:59,928 - src.training.federated - INFO - ======================================================================
2026-05-24 15:41:59,950 - src.training.federated - INFO -   Cardiac Vascular Intensive Care Unit (CVICU): 8118 samples, loss=0.0754
2026-05-24 15:41:59,965 - src.training.federated - INFO -   Coronary Care Unit (CCU): 5113 samples, loss=0.2288
2026-05-24 15:41:59,991 - src.training.federated - INFO -   Medical Intensive Care Unit (MICU): 8791 samples, loss=0.2735
2026-05-24 15:42:00,017 - src.training.federated - INFO -   Medical/Surgical Intensive Care Unit (MICU/SICU): 6983 samples, loss=0.2627
2026-05-24 15:42:00,025 - src.training.federated - INFO -   Neuro Surgical Intensive Care Unit (Neuro SICU): 907 samples, loss=0.3759
2026-05-24 15:42:00,046 - src.training.federated - INFO -   Surgical Intensive Care Unit (SICU): 6372 samples, loss=0.2279
2026-05-24 15:42:00,068 - src.training.federated - INFO -   Trauma SICU (TSICU): 5458 samples, loss=0.1753
2026-05-24 15:42:00,068 - src.training.federated - INFO - Round 9 complete: 7 clients aggregated
2026-05-24 15:42:00,074 - src.training.federated - INFO - Round 9 Validation AUROC: 0.6864
2026-05-24 15:42:00,075 - src.training.federated - INFO - 
======================================================================
2026-05-24 15:42:00,075 - src.training.federated - INFO - Round 10/10
2026-05-24 15:42:00,075 - src.training.federated - INFO - ======================================================================
2026-05-24 15:42:00,103 - src.training.federated - INFO -   Cardiac Vascular Intensive Care Unit (CVICU): 8118 samples, loss=0.0754
2026-05-24 15:42:00,123 - src.training.federated - INFO -   Coronary Care Unit (CCU): 5113 samples, loss=0.2288
2026-05-24 15:42:00,153 - src.training.federated - INFO -   Medical Intensive Care Unit (MICU): 8791 samples, loss=0.2735
2026-05-24 15:42:00,182 - src.training.federated - INFO -   Medical/Surgical Intensive Care Unit (MICU/SICU): 6983 samples, loss=0.2627
2026-05-24 15:42:00,191 - src.training.federated - INFO -   Neuro Surgical Intensive Care Unit (Neuro SICU): 907 samples, loss=0.3759
2026-05-24 15:42:00,212 - src.training.federated - INFO -   Surgical Intensive Care Unit (SICU): 6372 samples, loss=0.2279
2026-05-24 15:42:00,230 - src.training.federated - INFO -   Trauma SICU (TSICU): 5458 samples, loss=0.1753
2026-05-24 15:42:00,230 - src.training.federated - INFO - Round 10 complete: 7 clients aggregated
2026-05-24 15:42:00,237 - src.training.federated - INFO - Round 10 Validation AUROC: 0.5018
2026-05-24 15:42:00,243 - src.training.federated - INFO - 
======================================================================
2026-05-24 15:42:00,243 - src.training.federated - INFO - Final Test AUROC: 0.4880
2026-05-24 15:42:00,243 - src.training.federated - INFO - ======================================================================

2026-05-24 15:42:00,243 - __main__ - INFO - 
======================================================================
2026-05-24 15:42:00,243 - __main__ - INFO - Phase 1.5: Results Comparison
2026-05-24 15:42:00,243 - __main__ - INFO - ======================================================================
2026-05-24 15:42:00,243 - __main__ - INFO - 
Test AUROC Comparison:
2026-05-24 15:42:00,243 - __main__ - INFO -   Centralized: 0.8880
2026-05-24 15:42:00,243 - __main__ - INFO -   Federated:   0.4880
2026-05-24 15:42:00,243 - __main__ - INFO -   Divergence:  0.3999
2026-05-24 15:42:00,243 - __main__ - WARNING - ⚠ Federated AUROC (0.4880) < 0.85 target
2026-05-24 15:42:00,243 - __main__ - WARNING - ⚠ Divergence between centralized and federated (0.3999) > 0.05
2026-05-24 15:42:00,243 - __main__ - INFO - 
======================================================================
2026-05-24 15:42:00,243 - __main__ - INFO - ⚠️  EXPERIMENT 1 PARTIAL - Manual review recommended
2026-05-24 15:42:00,243 - __main__ - INFO - ======================================================================
