2026-05-24 15:41:54,066 - __main__ - INFO - 
================================================================================
2026-05-24 15:41:54,066 - __main__ - INFO - # EXPERIMENT 1: FEDERATED LEARNING BASELINE
2026-05-24 15:41:54,066 - __main__ - INFO - ================================================================================
2026-05-24 15:41:54,067 - __main__ - INFO - 
Phase 1.1: Loading Phase 0 cohort and splits...
2026-05-24 15:41:54,067 - src.data.loader - INFO - Loading cohort from cache: /home/raiyanjiyon/Projects/federated-healthcare-ml/data/cache/mimic_iv_cohort.csv
2026-05-24 15:41:54,239 - src.data.loader - WARNING - Missing features: {'admission_type_emergency'}
2026-05-24 15:41:54,247 - src.data.loader - INFO - Dataset: 65273 patients, 31 features
2026-05-24 15:41:54,247 - src.data.loader - INFO - Target distribution: [58207  7066]
2026-05-24 15:41:54,247 - __main__ - INFO - Loaded: 65273 samples, 31 features
2026-05-24 15:41:54,247 - __main__ - INFO - Target distribution: 7066 deaths (10.8%)
2026-05-24 15:41:54,247 - __main__ - INFO - 
Phase 1.2: Distributing data to federated clients by care unit...
2026-05-24 15:41:54,251 - src.data.split - INFO - ✓ Medical Intensive Care Unit (MICU): 8791 patients, 1410 deaths (16.0%)
2026-05-24 15:41:54,255 - src.data.split - INFO - ✓ Surgical Intensive Care Unit (SICU): 6372 patients, 754 deaths (11.8%)
2026-05-24 15:41:54,258 - src.data.split - INFO - ✓ Medical/Surgical Intensive Care Unit (MICU/SICU): 6983 patients, 957 deaths (13.7%)
2026-05-24 15:41:54,262 - src.data.split - INFO - ✓ Cardiac Vascular Intensive Care Unit (CVICU): 8118 patients, 265 deaths (3.3%)
2026-05-24 15:41:54,266 - src.data.split - INFO - ✓ Coronary Care Unit (CCU): 5113 patients, 643 deaths (12.6%)
2026-05-24 15:41:54,270 - src.data.split - INFO - ✓ Trauma SICU (TSICU): 5458 patients, 569 deaths (10.4%)
2026-05-24 15:41:54,272 - src.data.split - INFO - ✓ Neuro Surgical Intensive Care Unit (Neuro SICU): 907 patients, 256 deaths (28.2%)
2026-05-24 15:41:54,277 - src.data.split - INFO -   (skipped Intensive Care Unit (ICU): 16 patients, < 100)
2026-05-24 15:41:54,279 - src.data.split - INFO -   (skipped Medicine: 9 patients, < 100)
2026-05-24 15:41:54,281 - src.data.split - INFO -   (skipped Neuro Intermediate: 3035 patients, < 100)
2026-05-24 15:41:54,283 - src.data.split - INFO -   (skipped Neuro Stepdown: 784 patients, < 100)
2026-05-24 15:41:54,285 - src.data.split - INFO -   (skipped PACU: 43 patients, < 100)
2026-05-24 15:41:54,287 - src.data.split - INFO -   (skipped Surgery/Trauma: 2 patients, < 100)
2026-05-24 15:41:54,289 - src.data.split - INFO -   (skipped Surgery/Vascular/Intermediate: 60 patients, < 100)
2026-05-24 15:41:54,289 - src.data.split - INFO - 
✓ Federated learning ready: 7 clients
2026-05-24 15:41:54,289 - __main__ - INFO - 
✓ Created 7 federated clients
2026-05-24 15:41:54,289 - __main__ - INFO - 
Client Statistics:
2026-05-24 15:41:54,289 - __main__ - INFO - ----------------------------------------------------------------------
2026-05-24 15:41:54,289 - __main__ - INFO -   Medical Intensive Care Unit (MICU)         8791 patients, 1410 deaths ( 16.0%)
2026-05-24 15:41:54,289 - __main__ - INFO -   Cardiac Vascular Intensive Care Unit (CVICU)   8118 patients,  265 deaths (  3.3%)
2026-05-24 15:41:54,289 - __main__ - INFO -   Medical/Surgical Intensive Care Unit (MICU/SICU)   6983 patients,  957 deaths ( 13.7%)
2026-05-24 15:41:54,289 - __main__ - INFO -   Surgical Intensive Care Unit (SICU)        6372 patients,  754 deaths ( 11.8%)
2026-05-24 15:41:54,289 - __main__ - INFO -   Trauma SICU (TSICU)                        5458 patients,  569 deaths ( 10.4%)
2026-05-24 15:41:54,289 - __main__ - INFO -   Coronary Care Unit (CCU)                   5113 patients,  643 deaths ( 12.6%)
2026-05-24 15:41:54,289 - __main__ - INFO -   Neuro Surgical Intensive Care Unit (Neuro SICU)    907 patients,  256 deaths ( 28.2%)
2026-05-24 15:41:54,289 - __main__ - INFO - 
======================================================================
2026-05-24 15:41:54,289 - __main__ - INFO - Phase 1.3: Training Centralized Baseline (for comparison)...
2026-05-24 15:41:54,289 - __main__ - INFO - ======================================================================
2026-05-24 15:41:54,797 - __main__ - INFO - 
Centralized Train AUROC: 0.8857
2026-05-24 15:41:54,797 - __main__ - INFO - Centralized Val AUROC:   0.8846
2026-05-24 15:41:54,797 - __main__ - INFO - Centralized Test AUROC:  0.8880
2026-05-24 15:41:54,797 - __main__ - INFO - 
======================================================================
2026-05-24 15:41:54,797 - __main__ - INFO - Phase 1.4: Training Federated Learning Model...
2026-05-24 15:41:54,797 - __main__ - INFO - ======================================================================
2026-05-24 15:41:54,797 - __main__ - INFO - Overriding DP epsilon to 5.0
2026-05-24 15:41:54,797 - __main__ - INFO - Overriding clipping threshold to 1.0
2026-05-24 15:41:54,835 - root - INFO - 
======================================================================
2026-05-24 15:41:54,835 - root - INFO - Differential Privacy Mechanism Initialized: GaussianDP
2026-05-24 15:41:54,835 - root - INFO - ======================================================================
2026-05-24 15:41:54,835 - root - INFO -   Privacy Budget (ε):     1.0000
2026-05-24 15:41:54,835 - root - INFO -   Failure Probability (δ): 0.000010
2026-05-24 15:41:54,835 - root - INFO -   Clipping Norm (C):      1.0000
2026-05-24 15:41:54,835 - root - INFO -   Noise Scale (σ):        4.7985
2026-05-24 15:41:54,835 - root - INFO - ======================================================================

2026-05-24 15:41:54,835 - src.training.federated - INFO - FederatedTrainer initialized:
2026-05-24 15:41:54,835 - src.training.federated - INFO -   Clients: 7
2026-05-24 15:41:54,835 - src.training.federated - INFO -   Training samples: 41742
2026-05-24 15:41:54,835 - src.training.federated - INFO -   Validation samples: 9791
2026-05-24 15:41:54,835 - src.training.federated - INFO -   Test samples: 9791
2026-05-24 15:41:54,835 - src.training.federated - INFO -   Features: 31
2026-05-24 15:41:54,835 - src.training.federated - INFO -   Rounds: 10
2026-05-24 15:41:54,835 - src.training.federated - INFO -   Strategy: FEDAVG
2026-05-24 15:41:54,835 - src.training.federated - INFO -   Privacy: Enabled (ε=1.0, δ=1e-5)
2026-05-24 15:41:54,835 - src.training.federated - INFO - 
######################################################################
2026-05-24 15:41:54,835 - src.training.federated - INFO - # FEDERATED LEARNING TRAINING (10 rounds)
2026-05-24 15:41:54,835 - src.training.federated - INFO - # Strategy: FEDAVG
2026-05-24 15:41:54,836 - src.training.federated - INFO - ######################################################################

2026-05-24 15:41:54,836 - src.training.federated - INFO - 
======================================================================
2026-05-24 15:41:54,836 - src.training.federated - INFO - Round 1/10
2026-05-24 15:41:54,836 - src.training.federated - INFO - ======================================================================
2026-05-24 15:41:54,895 - src.training.federated - INFO -   Cardiac Vascular Intensive Care Unit (CVICU): 8118 samples, loss=0.0754
2026-05-24 15:41:54,913 - src.training.federated - INFO -   Coronary Care Unit (CCU): 5113 samples, loss=0.2288
2026-05-24 15:41:54,942 - src.training.federated - INFO -   Medical Intensive Care Unit (MICU): 8791 samples, loss=0.2735
2026-05-24 15:41:54,972 - src.training.federated - INFO -   Medical/Surgical Intensive Care Unit (MICU/SICU): 6983 samples, loss=0.2627
2026-05-24 15:41:54,981 - src.training.federated - INFO -   Neuro Surgical Intensive Care Unit (Neuro SICU): 907 samples, loss=0.3759
2026-05-24 15:41:55,004 - src.training.federated - INFO -   Surgical Intensive Care Unit (SICU): 6372 samples, loss=0.2279
2026-05-24 15:41:55,024 - src.training.federated - INFO -   Trauma SICU (TSICU): 5458 samples, loss=0.1753
2026-05-24 15:41:55,024 - src.training.federated - INFO - Round 1 complete: 7 clients aggregated
2026-05-24 15:41:55,030 - src.training.federated - INFO - Round 1 Validation AUROC: 0.7373
2026-05-24 15:41:55,031 - src.training.federated - INFO - 
======================================================================
2026-05-24 15:41:55,031 - src.training.federated - INFO - Round 2/10
2026-05-24 15:41:55,031 - src.training.federated - INFO - ======================================================================
2026-05-24 15:41:55,066 - src.training.federated - INFO -   Cardiac Vascular Intensive Care Unit (CVICU): 8118 samples, loss=0.0754
2026-05-24 15:41:55,163 - src.training.federated - INFO -   Coronary Care Unit (CCU): 5113 samples, loss=0.2288
2026-05-24 15:41:55,213 - src.training.federated - INFO -   Medical Intensive Care Unit (MICU): 8791 samples, loss=0.2735
2026-05-24 15:41:55,251 - src.training.federated - INFO -   Medical/Surgical Intensive Care Unit (MICU/SICU): 6983 samples, loss=0.2627
2026-05-24 15:41:55,278 - src.training.federated - INFO -   Neuro Surgical Intensive Care Unit (Neuro SICU): 907 samples, loss=0.3759
2026-05-24 15:41:55,299 - src.training.federated - INFO -   Surgical Intensive Care Unit (SICU): 6372 samples, loss=0.2279
2026-05-24 15:41:55,317 - src.training.federated - INFO -   Trauma SICU (TSICU): 5458 samples, loss=0.1753
2026-05-24 15:41:55,317 - src.training.federated - INFO - Round 2 complete: 7 clients aggregated
2026-05-24 15:41:55,323 - src.training.federated - INFO - Round 2 Validation AUROC: 0.6685
2026-05-24 15:41:55,323 - src.training.federated - INFO - 
======================================================================
2026-05-24 15:41:55,323 - src.training.federated - INFO - Round 3/10
2026-05-24 15:41:55,323 - src.training.federated - INFO - ======================================================================
2026-05-24 15:41:55,348 - src.training.federated - INFO -   Cardiac Vascular Intensive Care Unit (CVICU): 8118 samples, loss=0.0754
2026-05-24 15:41:55,365 - src.training.federated - INFO -   Coronary Care Unit (CCU): 5113 samples, loss=0.2288
2026-05-24 15:41:55,393 - src.training.federated - INFO -   Medical Intensive Care Unit (MICU): 8791 samples, loss=0.2735
2026-05-24 15:41:55,421 - src.training.federated - INFO -   Medical/Surgical Intensive Care Unit (MICU/SICU): 6983 samples, loss=0.2627
2026-05-24 15:41:55,429 - src.training.federated - INFO -   Neuro Surgical Intensive Care Unit (Neuro SICU): 907 samples, loss=0.3759
2026-05-24 15:41:55,451 - src.training.federated - INFO -   Surgical Intensive Care Unit (SICU): 6372 samples, loss=0.2279
2026-05-24 15:41:55,469 - src.training.federated - INFO -   Trauma SICU (TSICU): 5458 samples, loss=0.1753
2026-05-24 15:41:55,469 - src.training.federated - INFO - Round 3 complete: 7 clients aggregated
2026-05-24 15:41:55,475 - src.training.federated - INFO - Round 3 Validation AUROC: 0.5341
2026-05-24 15:41:55,475 - src.training.federated - INFO - 
======================================================================
2026-05-24 15:41:55,475 - src.training.federated - INFO - Round 4/10
2026-05-24 15:41:55,475 - src.training.federated - INFO - ======================================================================
2026-05-24 15:41:55,501 - src.training.federated - INFO -   Cardiac Vascular Intensive Care Unit (CVICU): 8118 samples, loss=0.0754
2026-05-24 15:41:55,518 - src.training.federated - INFO -   Coronary Care Unit (CCU): 5113 samples, loss=0.2288
2026-05-24 15:41:55,547 - src.training.federated - INFO -   Medical Intensive Care Unit (MICU): 8791 samples, loss=0.2735
2026-05-24 15:41:55,577 - src.training.federated - INFO -   Medical/Surgical Intensive Care Unit (MICU/SICU): 6983 samples, loss=0.2627
2026-05-24 15:41:55,585 - src.training.federated - INFO -   Neuro Surgical Intensive Care Unit (Neuro SICU): 907 samples, loss=0.3759
2026-05-24 15:41:55,608 - src.training.federated - INFO -   Surgical Intensive Care Unit (SICU): 6372 samples, loss=0.2279
2026-05-24 15:41:55,626 - src.training.federated - INFO -   Trauma SICU (TSICU): 5458 samples, loss=0.1753
2026-05-24 15:41:55,626 - src.training.federated - INFO - Round 4 complete: 7 clients aggregated
2026-05-24 15:41:55,633 - src.training.federated - INFO - Round 4 Validation AUROC: 0.7420
2026-05-24 15:41:55,633 - src.training.federated - INFO - 
======================================================================
2026-05-24 15:41:55,633 - src.training.federated - INFO - Round 5/10
2026-05-24 15:41:55,633 - src.training.federated - INFO - ======================================================================
2026-05-24 15:41:55,658 - src.training.federated - INFO -   Cardiac Vascular Intensive Care Unit (CVICU): 8118 samples, loss=0.0754
2026-05-24 15:41:55,675 - src.training.federated - INFO -   Coronary Care Unit (CCU): 5113 samples, loss=0.2288
2026-05-24 15:41:55,705 - src.training.federated - INFO -   Medical Intensive Care Unit (MICU): 8791 samples, loss=0.2735
2026-05-24 15:41:55,734 - src.training.federated - INFO -   Medical/Surgical Intensive Care Unit (MICU/SICU): 6983 samples, loss=0.2627
2026-05-24 15:41:55,743 - src.training.federated - INFO -   Neuro Surgical Intensive Care Unit (Neuro SICU): 907 samples, loss=0.3759
2026-05-24 15:41:55,765 - src.training.federated - INFO -   Surgical Intensive Care Unit (SICU): 6372 samples, loss=0.2279
2026-05-24 15:41:55,783 - src.training.federated - INFO -   Trauma SICU (TSICU): 5458 samples, loss=0.1753
2026-05-24 15:41:55,783 - src.training.federated - INFO - Round 5 complete: 7 clients aggregated
2026-05-24 15:41:55,790 - src.training.federated - INFO - Round 5 Validation AUROC: 0.3943
2026-05-24 15:41:55,790 - src.training.federated - INFO - 
======================================================================
2026-05-24 15:41:55,790 - src.training.federated - INFO - Round 6/10
2026-05-24 15:41:55,790 - src.training.federated - INFO - ======================================================================
2026-05-24 15:41:55,816 - src.training.federated - INFO -   Cardiac Vascular Intensive Care Unit (CVICU): 8118 samples, loss=0.0754
2026-05-24 15:41:55,833 - src.training.federated - INFO -   Coronary Care Unit (CCU): 5113 samples, loss=0.2288
2026-05-24 15:41:55,864 - src.training.federated - INFO -   Medical Intensive Care Unit (MICU): 8791 samples, loss=0.2735
2026-05-24 15:41:55,894 - src.training.federated - INFO -   Medical/Surgical Intensive Care Unit (MICU/SICU): 6983 samples, loss=0.2627
2026-05-24 15:41:55,903 - src.training.federated - INFO -   Neuro Surgical Intensive Care Unit (Neuro SICU): 907 samples, loss=0.3759
2026-05-24 15:41:55,925 - src.training.federated - INFO -   Surgical Intensive Care Unit (SICU): 6372 samples, loss=0.2279
2026-05-24 15:41:55,943 - src.training.federated - INFO -   Trauma SICU (TSICU): 5458 samples, loss=0.1753
2026-05-24 15:41:55,943 - src.training.federated - INFO - Round 6 complete: 7 clients aggregated
2026-05-24 15:41:55,949 - src.training.federated - INFO - Round 6 Validation AUROC: 0.5295
2026-05-24 15:41:55,950 - src.training.federated - INFO - 
======================================================================
2026-05-24 15:41:55,950 - src.training.federated - INFO - Round 7/10
2026-05-24 15:41:55,950 - src.training.federated - INFO - ======================================================================
2026-05-24 15:41:55,974 - src.training.federated - INFO -   Cardiac Vascular Intensive Care Unit (CVICU): 8118 samples, loss=0.0754
2026-05-24 15:41:55,991 - src.training.federated - INFO -   Coronary Care Unit (CCU): 5113 samples, loss=0.2288
2026-05-24 15:41:56,019 - src.training.federated - INFO -   Medical Intensive Care Unit (MICU): 8791 samples, loss=0.2735
2026-05-24 15:41:56,046 - src.training.federated - INFO -   Medical/Surgical Intensive Care Unit (MICU/SICU): 6983 samples, loss=0.2627
2026-05-24 15:41:56,054 - src.training.federated - INFO -   Neuro Surgical Intensive Care Unit (Neuro SICU): 907 samples, loss=0.3759
2026-05-24 15:41:56,075 - src.training.federated - INFO -   Surgical Intensive Care Unit (SICU): 6372 samples, loss=0.2279
2026-05-24 15:41:56,093 - src.training.federated - INFO -   Trauma SICU (TSICU): 5458 samples, loss=0.1753
2026-05-24 15:41:56,093 - src.training.federated - INFO - Round 7 complete: 7 clients aggregated
2026-05-24 15:41:56,099 - src.training.federated - INFO - Round 7 Validation AUROC: 0.7414
2026-05-24 15:41:56,099 - src.training.federated - INFO - 
======================================================================
2026-05-24 15:41:56,099 - src.training.federated - INFO - Round 8/10
2026-05-24 15:41:56,099 - src.training.federated - INFO - ======================================================================
2026-05-24 15:41:56,124 - src.training.federated - INFO -   Cardiac Vascular Intensive Care Unit (CVICU): 8118 samples, loss=0.0754
2026-05-24 15:41:56,141 - src.training.federated - INFO -   Coronary Care Unit (CCU): 5113 samples, loss=0.2288
2026-05-24 15:41:56,169 - src.training.federated - INFO -   Medical Intensive Care Unit (MICU): 8791 samples, loss=0.2735
2026-05-24 15:41:56,199 - src.training.federated - INFO -   Medical/Surgical Intensive Care Unit (MICU/SICU): 6983 samples, loss=0.2627
2026-05-24 15:41:56,208 - src.training.federated - INFO -   Neuro Surgical Intensive Care Unit (Neuro SICU): 907 samples, loss=0.3759
2026-05-24 15:41:56,229 - src.training.federated - INFO -   Surgical Intensive Care Unit (SICU): 6372 samples, loss=0.2279
2026-05-24 15:41:56,247 - src.training.federated - INFO -   Trauma SICU (TSICU): 5458 samples, loss=0.1753
2026-05-24 15:41:56,247 - src.training.federated - INFO - Round 8 complete: 7 clients aggregated
2026-05-24 15:41:56,254 - src.training.federated - INFO - Round 8 Validation AUROC: 0.5366
2026-05-24 15:41:56,254 - src.training.federated - INFO - 
======================================================================
2026-05-24 15:41:56,254 - src.training.federated - INFO - Round 9/10
2026-05-24 15:41:56,254 - src.training.federated - INFO - ======================================================================
2026-05-24 15:41:56,278 - src.training.federated - INFO -   Cardiac Vascular Intensive Care Unit (CVICU): 8118 samples, loss=0.0754
2026-05-24 15:41:56,295 - src.training.federated - INFO -   Coronary Care Unit (CCU): 5113 samples, loss=0.2288
2026-05-24 15:41:56,325 - src.training.federated - INFO -   Medical Intensive Care Unit (MICU): 8791 samples, loss=0.2735
2026-05-24 15:41:56,354 - src.training.federated - INFO -   Medical/Surgical Intensive Care Unit (MICU/SICU): 6983 samples, loss=0.2627
2026-05-24 15:41:56,363 - src.training.federated - INFO -   Neuro Surgical Intensive Care Unit (Neuro SICU): 907 samples, loss=0.3759
2026-05-24 15:41:56,385 - src.training.federated - INFO -   Surgical Intensive Care Unit (SICU): 6372 samples, loss=0.2279
2026-05-24 15:41:56,403 - src.training.federated - INFO -   Trauma SICU (TSICU): 5458 samples, loss=0.1753
2026-05-24 15:41:56,404 - src.training.federated - INFO - Round 9 complete: 7 clients aggregated
2026-05-24 15:41:56,410 - src.training.federated - INFO - Round 9 Validation AUROC: 0.6864
2026-05-24 15:41:56,410 - src.training.federated - INFO - 
======================================================================
2026-05-24 15:41:56,410 - src.training.federated - INFO - Round 10/10
2026-05-24 15:41:56,410 - src.training.federated - INFO - ======================================================================
2026-05-24 15:41:56,435 - src.training.federated - INFO -   Cardiac Vascular Intensive Care Unit (CVICU): 8118 samples, loss=0.0754
2026-05-24 15:41:56,451 - src.training.federated - INFO -   Coronary Care Unit (CCU): 5113 samples, loss=0.2288
2026-05-24 15:41:56,479 - src.training.federated - INFO -   Medical Intensive Care Unit (MICU): 8791 samples, loss=0.2735
2026-05-24 15:41:56,507 - src.training.federated - INFO -   Medical/Surgical Intensive Care Unit (MICU/SICU): 6983 samples, loss=0.2627
2026-05-24 15:41:56,515 - src.training.federated - INFO -   Neuro Surgical Intensive Care Unit (Neuro SICU): 907 samples, loss=0.3759
2026-05-24 15:41:56,535 - src.training.federated - INFO -   Surgical Intensive Care Unit (SICU): 6372 samples, loss=0.2279
2026-05-24 15:41:56,553 - src.training.federated - INFO -   Trauma SICU (TSICU): 5458 samples, loss=0.1753
2026-05-24 15:41:56,553 - src.training.federated - INFO - Round 10 complete: 7 clients aggregated
2026-05-24 15:41:56,559 - src.training.federated - INFO - Round 10 Validation AUROC: 0.5018
2026-05-24 15:41:56,565 - src.training.federated - INFO - 
======================================================================
2026-05-24 15:41:56,565 - src.training.federated - INFO - Final Test AUROC: 0.4880
2026-05-24 15:41:56,565 - src.training.federated - INFO - ======================================================================

2026-05-24 15:41:56,565 - __main__ - INFO - 
======================================================================
2026-05-24 15:41:56,565 - __main__ - INFO - Phase 1.5: Results Comparison
2026-05-24 15:41:56,566 - __main__ - INFO - ======================================================================
2026-05-24 15:41:56,566 - __main__ - INFO - 
Test AUROC Comparison:
2026-05-24 15:41:56,566 - __main__ - INFO -   Centralized: 0.8880
2026-05-24 15:41:56,566 - __main__ - INFO -   Federated:   0.4880
2026-05-24 15:41:56,566 - __main__ - INFO -   Divergence:  0.3999
2026-05-24 15:41:56,566 - __main__ - WARNING - ⚠ Federated AUROC (0.4880) < 0.85 target
2026-05-24 15:41:56,566 - __main__ - WARNING - ⚠ Divergence between centralized and federated (0.3999) > 0.05
2026-05-24 15:41:56,566 - __main__ - INFO - 
======================================================================
2026-05-24 15:41:56,566 - __main__ - INFO - ⚠️  EXPERIMENT 1 PARTIAL - Manual review recommended
2026-05-24 15:41:56,566 - __main__ - INFO - ======================================================================
