2026-05-24 15:38:10,860 - __main__ - INFO - 
================================================================================
2026-05-24 15:38:10,860 - __main__ - INFO - # EXPERIMENT 1: FEDERATED LEARNING BASELINE
2026-05-24 15:38:10,860 - __main__ - INFO - ================================================================================
2026-05-24 15:38:10,861 - __main__ - INFO - 
Phase 1.1: Loading Phase 0 cohort and splits...
2026-05-24 15:38:10,861 - src.data.loader - INFO - Loading cohort from cache: /home/raiyanjiyon/Projects/federated-healthcare-ml/data/cache/mimic_iv_cohort.csv
2026-05-24 15:38:11,041 - src.data.loader - WARNING - Missing features: {'admission_type_emergency'}
2026-05-24 15:38:11,048 - src.data.loader - INFO - Dataset: 65273 patients, 31 features
2026-05-24 15:38:11,049 - src.data.loader - INFO - Target distribution: [58207  7066]
2026-05-24 15:38:11,049 - __main__ - INFO - Loaded: 65273 samples, 31 features
2026-05-24 15:38:11,049 - __main__ - INFO - Target distribution: 7066 deaths (10.8%)
2026-05-24 15:38:11,049 - __main__ - INFO - 
Phase 1.2: Distributing data to federated clients by care unit...
2026-05-24 15:38:11,053 - src.data.split - INFO - ✓ Medical Intensive Care Unit (MICU): 8791 patients, 1410 deaths (16.0%)
2026-05-24 15:38:11,057 - src.data.split - INFO - ✓ Surgical Intensive Care Unit (SICU): 6372 patients, 754 deaths (11.8%)
2026-05-24 15:38:11,061 - src.data.split - INFO - ✓ Medical/Surgical Intensive Care Unit (MICU/SICU): 6983 patients, 957 deaths (13.7%)
2026-05-24 15:38:11,064 - src.data.split - INFO - ✓ Cardiac Vascular Intensive Care Unit (CVICU): 8118 patients, 265 deaths (3.3%)
2026-05-24 15:38:11,068 - src.data.split - INFO - ✓ Coronary Care Unit (CCU): 5113 patients, 643 deaths (12.6%)
2026-05-24 15:38:11,072 - src.data.split - INFO - ✓ Trauma SICU (TSICU): 5458 patients, 569 deaths (10.4%)
2026-05-24 15:38:11,074 - src.data.split - INFO - ✓ Neuro Surgical Intensive Care Unit (Neuro SICU): 907 patients, 256 deaths (28.2%)
2026-05-24 15:38:11,079 - src.data.split - INFO -   (skipped Intensive Care Unit (ICU): 16 patients, < 100)
2026-05-24 15:38:11,081 - src.data.split - INFO -   (skipped Medicine: 9 patients, < 100)
2026-05-24 15:38:11,083 - src.data.split - INFO -   (skipped Neuro Intermediate: 3035 patients, < 100)
2026-05-24 15:38:11,086 - src.data.split - INFO -   (skipped Neuro Stepdown: 784 patients, < 100)
2026-05-24 15:38:11,088 - src.data.split - INFO -   (skipped PACU: 43 patients, < 100)
2026-05-24 15:38:11,090 - src.data.split - INFO -   (skipped Surgery/Trauma: 2 patients, < 100)
2026-05-24 15:38:11,092 - src.data.split - INFO -   (skipped Surgery/Vascular/Intermediate: 60 patients, < 100)
2026-05-24 15:38:11,093 - src.data.split - INFO - 
✓ Federated learning ready: 7 clients
2026-05-24 15:38:11,093 - __main__ - INFO - 
✓ Created 7 federated clients
2026-05-24 15:38:11,093 - __main__ - INFO - 
Client Statistics:
2026-05-24 15:38:11,093 - __main__ - INFO - ----------------------------------------------------------------------
2026-05-24 15:38:11,093 - __main__ - INFO -   Medical Intensive Care Unit (MICU)         8791 patients, 1410 deaths ( 16.0%)
2026-05-24 15:38:11,093 - __main__ - INFO -   Cardiac Vascular Intensive Care Unit (CVICU)   8118 patients,  265 deaths (  3.3%)
2026-05-24 15:38:11,093 - __main__ - INFO -   Medical/Surgical Intensive Care Unit (MICU/SICU)   6983 patients,  957 deaths ( 13.7%)
2026-05-24 15:38:11,093 - __main__ - INFO -   Surgical Intensive Care Unit (SICU)        6372 patients,  754 deaths ( 11.8%)
2026-05-24 15:38:11,093 - __main__ - INFO -   Trauma SICU (TSICU)                        5458 patients,  569 deaths ( 10.4%)
2026-05-24 15:38:11,093 - __main__ - INFO -   Coronary Care Unit (CCU)                   5113 patients,  643 deaths ( 12.6%)
2026-05-24 15:38:11,093 - __main__ - INFO -   Neuro Surgical Intensive Care Unit (Neuro SICU)    907 patients,  256 deaths ( 28.2%)
2026-05-24 15:38:11,093 - __main__ - INFO - 
======================================================================
2026-05-24 15:38:11,093 - __main__ - INFO - Phase 1.3: Training Centralized Baseline (for comparison)...
2026-05-24 15:38:11,093 - __main__ - INFO - ======================================================================
2026-05-24 15:38:11,578 - __main__ - INFO - 
Centralized Train AUROC: 0.8857
2026-05-24 15:38:11,578 - __main__ - INFO - Centralized Val AUROC:   0.8846
2026-05-24 15:38:11,578 - __main__ - INFO - Centralized Test AUROC:  0.8880
2026-05-24 15:38:11,578 - __main__ - INFO - 
======================================================================
2026-05-24 15:38:11,579 - __main__ - INFO - Phase 1.4: Training Federated Learning Model...
2026-05-24 15:38:11,579 - __main__ - INFO - ======================================================================
2026-05-24 15:38:11,579 - __main__ - INFO - Overriding DP epsilon to 2.0
2026-05-24 15:38:11,607 - root - INFO - 
======================================================================
2026-05-24 15:38:11,607 - root - INFO - Differential Privacy Mechanism Initialized: GaussianDP
2026-05-24 15:38:11,607 - root - INFO - ======================================================================
2026-05-24 15:38:11,607 - root - INFO -   Privacy Budget (ε):     1.0000
2026-05-24 15:38:11,607 - root - INFO -   Failure Probability (δ): 0.000010
2026-05-24 15:38:11,607 - root - INFO -   Clipping Norm (C):      1.0000
2026-05-24 15:38:11,607 - root - INFO -   Noise Scale (σ):        4.7985
2026-05-24 15:38:11,607 - root - INFO - ======================================================================

2026-05-24 15:38:11,607 - src.training.federated - INFO - FederatedTrainer initialized:
2026-05-24 15:38:11,607 - src.training.federated - INFO -   Clients: 7
2026-05-24 15:38:11,607 - src.training.federated - INFO -   Training samples: 41742
2026-05-24 15:38:11,607 - src.training.federated - INFO -   Validation samples: 9791
2026-05-24 15:38:11,607 - src.training.federated - INFO -   Test samples: 9791
2026-05-24 15:38:11,607 - src.training.federated - INFO -   Features: 31
2026-05-24 15:38:11,607 - src.training.federated - INFO -   Rounds: 10
2026-05-24 15:38:11,607 - src.training.federated - INFO -   Strategy: FEDAVG
2026-05-24 15:38:11,607 - src.training.federated - INFO -   Privacy: Enabled (ε=1.0, δ=1e-5)
2026-05-24 15:38:11,607 - src.training.federated - INFO - 
######################################################################
2026-05-24 15:38:11,607 - src.training.federated - INFO - # FEDERATED LEARNING TRAINING (10 rounds)
2026-05-24 15:38:11,607 - src.training.federated - INFO - # Strategy: FEDAVG
2026-05-24 15:38:11,607 - src.training.federated - INFO - ######################################################################

2026-05-24 15:38:11,607 - src.training.federated - INFO - 
======================================================================
2026-05-24 15:38:11,607 - src.training.federated - INFO - Round 1/10
2026-05-24 15:38:11,607 - src.training.federated - INFO - ======================================================================
2026-05-24 15:38:11,693 - src.training.federated - INFO -   Cardiac Vascular Intensive Care Unit (CVICU): 8118 samples, loss=0.0754
2026-05-24 15:38:11,710 - src.training.federated - INFO -   Coronary Care Unit (CCU): 5113 samples, loss=0.2288
2026-05-24 15:38:11,737 - src.training.federated - INFO -   Medical Intensive Care Unit (MICU): 8791 samples, loss=0.2735
2026-05-24 15:38:11,767 - src.training.federated - INFO -   Medical/Surgical Intensive Care Unit (MICU/SICU): 6983 samples, loss=0.2627
2026-05-24 15:38:11,775 - src.training.federated - INFO -   Neuro Surgical Intensive Care Unit (Neuro SICU): 907 samples, loss=0.3759
2026-05-24 15:38:11,797 - src.training.federated - INFO -   Surgical Intensive Care Unit (SICU): 6372 samples, loss=0.2279
2026-05-24 15:38:11,815 - src.training.federated - INFO -   Trauma SICU (TSICU): 5458 samples, loss=0.1753
2026-05-24 15:38:11,815 - src.training.federated - INFO - Round 1 complete: 7 clients aggregated
2026-05-24 15:38:11,821 - src.training.federated - INFO - Round 1 Validation AUROC: 0.7373
2026-05-24 15:38:11,821 - src.training.federated - INFO - 
======================================================================
2026-05-24 15:38:11,821 - src.training.federated - INFO - Round 2/10
2026-05-24 15:38:11,821 - src.training.federated - INFO - ======================================================================
2026-05-24 15:38:11,846 - src.training.federated - INFO -   Cardiac Vascular Intensive Care Unit (CVICU): 8118 samples, loss=0.0754
2026-05-24 15:38:11,862 - src.training.federated - INFO -   Coronary Care Unit (CCU): 5113 samples, loss=0.2288
2026-05-24 15:38:11,890 - src.training.federated - INFO -   Medical Intensive Care Unit (MICU): 8791 samples, loss=0.2735
2026-05-24 15:38:11,924 - src.training.federated - INFO -   Medical/Surgical Intensive Care Unit (MICU/SICU): 6983 samples, loss=0.2627
2026-05-24 15:38:11,932 - src.training.federated - INFO -   Neuro Surgical Intensive Care Unit (Neuro SICU): 907 samples, loss=0.3759
2026-05-24 15:38:11,954 - src.training.federated - INFO -   Surgical Intensive Care Unit (SICU): 6372 samples, loss=0.2279
2026-05-24 15:38:11,974 - src.training.federated - INFO -   Trauma SICU (TSICU): 5458 samples, loss=0.1753
2026-05-24 15:38:11,974 - src.training.federated - INFO - Round 2 complete: 7 clients aggregated
2026-05-24 15:38:11,981 - src.training.federated - INFO - Round 2 Validation AUROC: 0.6685
2026-05-24 15:38:11,981 - src.training.federated - INFO - 
======================================================================
2026-05-24 15:38:11,981 - src.training.federated - INFO - Round 3/10
2026-05-24 15:38:11,981 - src.training.federated - INFO - ======================================================================
2026-05-24 15:38:12,012 - src.training.federated - INFO -   Cardiac Vascular Intensive Care Unit (CVICU): 8118 samples, loss=0.0754
2026-05-24 15:38:12,030 - src.training.federated - INFO -   Coronary Care Unit (CCU): 5113 samples, loss=0.2288
2026-05-24 15:38:12,059 - src.training.federated - INFO -   Medical Intensive Care Unit (MICU): 8791 samples, loss=0.2735
2026-05-24 15:38:12,086 - src.training.federated - INFO -   Medical/Surgical Intensive Care Unit (MICU/SICU): 6983 samples, loss=0.2627
2026-05-24 15:38:12,094 - src.training.federated - INFO -   Neuro Surgical Intensive Care Unit (Neuro SICU): 907 samples, loss=0.3759
2026-05-24 15:38:12,116 - src.training.federated - INFO -   Surgical Intensive Care Unit (SICU): 6372 samples, loss=0.2279
2026-05-24 15:38:12,134 - src.training.federated - INFO -   Trauma SICU (TSICU): 5458 samples, loss=0.1753
2026-05-24 15:38:12,134 - src.training.federated - INFO - Round 3 complete: 7 clients aggregated
2026-05-24 15:38:12,140 - src.training.federated - INFO - Round 3 Validation AUROC: 0.5341
2026-05-24 15:38:12,141 - src.training.federated - INFO - 
======================================================================
2026-05-24 15:38:12,141 - src.training.federated - INFO - Round 4/10
2026-05-24 15:38:12,141 - src.training.federated - INFO - ======================================================================
2026-05-24 15:38:12,164 - src.training.federated - INFO -   Cardiac Vascular Intensive Care Unit (CVICU): 8118 samples, loss=0.0754
2026-05-24 15:38:12,182 - src.training.federated - INFO -   Coronary Care Unit (CCU): 5113 samples, loss=0.2288
2026-05-24 15:38:12,209 - src.training.federated - INFO -   Medical Intensive Care Unit (MICU): 8791 samples, loss=0.2735
2026-05-24 15:38:12,238 - src.training.federated - INFO -   Medical/Surgical Intensive Care Unit (MICU/SICU): 6983 samples, loss=0.2627
2026-05-24 15:38:12,246 - src.training.federated - INFO -   Neuro Surgical Intensive Care Unit (Neuro SICU): 907 samples, loss=0.3759
2026-05-24 15:38:12,267 - src.training.federated - INFO -   Surgical Intensive Care Unit (SICU): 6372 samples, loss=0.2279
2026-05-24 15:38:12,285 - src.training.federated - INFO -   Trauma SICU (TSICU): 5458 samples, loss=0.1753
2026-05-24 15:38:12,285 - src.training.federated - INFO - Round 4 complete: 7 clients aggregated
2026-05-24 15:38:12,291 - src.training.federated - INFO - Round 4 Validation AUROC: 0.7420
2026-05-24 15:38:12,291 - src.training.federated - INFO - 
======================================================================
2026-05-24 15:38:12,291 - src.training.federated - INFO - Round 5/10
2026-05-24 15:38:12,291 - src.training.federated - INFO - ======================================================================
2026-05-24 15:38:12,316 - src.training.federated - INFO -   Cardiac Vascular Intensive Care Unit (CVICU): 8118 samples, loss=0.0754
2026-05-24 15:38:12,332 - src.training.federated - INFO -   Coronary Care Unit (CCU): 5113 samples, loss=0.2288
2026-05-24 15:38:12,361 - src.training.federated - INFO -   Medical Intensive Care Unit (MICU): 8791 samples, loss=0.2735
2026-05-24 15:38:12,388 - src.training.federated - INFO -   Medical/Surgical Intensive Care Unit (MICU/SICU): 6983 samples, loss=0.2627
2026-05-24 15:38:12,396 - src.training.federated - INFO -   Neuro Surgical Intensive Care Unit (Neuro SICU): 907 samples, loss=0.3759
2026-05-24 15:38:12,417 - src.training.federated - INFO -   Surgical Intensive Care Unit (SICU): 6372 samples, loss=0.2279
2026-05-24 15:38:12,435 - src.training.federated - INFO -   Trauma SICU (TSICU): 5458 samples, loss=0.1753
2026-05-24 15:38:12,435 - src.training.federated - INFO - Round 5 complete: 7 clients aggregated
2026-05-24 15:38:12,441 - src.training.federated - INFO - Round 5 Validation AUROC: 0.3943
2026-05-24 15:38:12,442 - src.training.federated - INFO - 
======================================================================
2026-05-24 15:38:12,442 - src.training.federated - INFO - Round 6/10
2026-05-24 15:38:12,442 - src.training.federated - INFO - ======================================================================
2026-05-24 15:38:12,466 - src.training.federated - INFO -   Cardiac Vascular Intensive Care Unit (CVICU): 8118 samples, loss=0.0754
2026-05-24 15:38:12,482 - src.training.federated - INFO -   Coronary Care Unit (CCU): 5113 samples, loss=0.2288
2026-05-24 15:38:12,510 - src.training.federated - INFO -   Medical Intensive Care Unit (MICU): 8791 samples, loss=0.2735
2026-05-24 15:38:12,539 - src.training.federated - INFO -   Medical/Surgical Intensive Care Unit (MICU/SICU): 6983 samples, loss=0.2627
2026-05-24 15:38:12,547 - src.training.federated - INFO -   Neuro Surgical Intensive Care Unit (Neuro SICU): 907 samples, loss=0.3759
2026-05-24 15:38:12,569 - src.training.federated - INFO -   Surgical Intensive Care Unit (SICU): 6372 samples, loss=0.2279
2026-05-24 15:38:12,586 - src.training.federated - INFO -   Trauma SICU (TSICU): 5458 samples, loss=0.1753
2026-05-24 15:38:12,586 - src.training.federated - INFO - Round 6 complete: 7 clients aggregated
2026-05-24 15:38:12,593 - src.training.federated - INFO - Round 6 Validation AUROC: 0.5295
2026-05-24 15:38:12,593 - src.training.federated - INFO - 
======================================================================
2026-05-24 15:38:12,593 - src.training.federated - INFO - Round 7/10
2026-05-24 15:38:12,593 - src.training.federated - INFO - ======================================================================
2026-05-24 15:38:12,618 - src.training.federated - INFO -   Cardiac Vascular Intensive Care Unit (CVICU): 8118 samples, loss=0.0754
2026-05-24 15:38:12,634 - src.training.federated - INFO -   Coronary Care Unit (CCU): 5113 samples, loss=0.2288
2026-05-24 15:38:12,662 - src.training.federated - INFO -   Medical Intensive Care Unit (MICU): 8791 samples, loss=0.2735
2026-05-24 15:38:12,693 - src.training.federated - INFO -   Medical/Surgical Intensive Care Unit (MICU/SICU): 6983 samples, loss=0.2627
2026-05-24 15:38:12,702 - src.training.federated - INFO -   Neuro Surgical Intensive Care Unit (Neuro SICU): 907 samples, loss=0.3759
2026-05-24 15:38:12,724 - src.training.federated - INFO -   Surgical Intensive Care Unit (SICU): 6372 samples, loss=0.2279
2026-05-24 15:38:12,742 - src.training.federated - INFO -   Trauma SICU (TSICU): 5458 samples, loss=0.1753
2026-05-24 15:38:12,743 - src.training.federated - INFO - Round 7 complete: 7 clients aggregated
2026-05-24 15:38:12,749 - src.training.federated - INFO - Round 7 Validation AUROC: 0.7414
2026-05-24 15:38:12,749 - src.training.federated - INFO - 
======================================================================
2026-05-24 15:38:12,749 - src.training.federated - INFO - Round 8/10
2026-05-24 15:38:12,749 - src.training.federated - INFO - ======================================================================
2026-05-24 15:38:12,773 - src.training.federated - INFO -   Cardiac Vascular Intensive Care Unit (CVICU): 8118 samples, loss=0.0754
2026-05-24 15:38:12,790 - src.training.federated - INFO -   Coronary Care Unit (CCU): 5113 samples, loss=0.2288
2026-05-24 15:38:12,817 - src.training.federated - INFO -   Medical Intensive Care Unit (MICU): 8791 samples, loss=0.2735
2026-05-24 15:38:12,845 - src.training.federated - INFO -   Medical/Surgical Intensive Care Unit (MICU/SICU): 6983 samples, loss=0.2627
2026-05-24 15:38:12,853 - src.training.federated - INFO -   Neuro Surgical Intensive Care Unit (Neuro SICU): 907 samples, loss=0.3759
2026-05-24 15:38:12,874 - src.training.federated - INFO -   Surgical Intensive Care Unit (SICU): 6372 samples, loss=0.2279
2026-05-24 15:38:12,892 - src.training.federated - INFO -   Trauma SICU (TSICU): 5458 samples, loss=0.1753
2026-05-24 15:38:12,892 - src.training.federated - INFO - Round 8 complete: 7 clients aggregated
2026-05-24 15:38:12,898 - src.training.federated - INFO - Round 8 Validation AUROC: 0.5366
2026-05-24 15:38:12,898 - src.training.federated - INFO - 
======================================================================
2026-05-24 15:38:12,898 - src.training.federated - INFO - Round 9/10
2026-05-24 15:38:12,898 - src.training.federated - INFO - ======================================================================
2026-05-24 15:38:12,923 - src.training.federated - INFO -   Cardiac Vascular Intensive Care Unit (CVICU): 8118 samples, loss=0.0754
2026-05-24 15:38:12,941 - src.training.federated - INFO -   Coronary Care Unit (CCU): 5113 samples, loss=0.2288
2026-05-24 15:38:12,968 - src.training.federated - INFO -   Medical Intensive Care Unit (MICU): 8791 samples, loss=0.2735
2026-05-24 15:38:12,997 - src.training.federated - INFO -   Medical/Surgical Intensive Care Unit (MICU/SICU): 6983 samples, loss=0.2627
2026-05-24 15:38:13,005 - src.training.federated - INFO -   Neuro Surgical Intensive Care Unit (Neuro SICU): 907 samples, loss=0.3759
2026-05-24 15:38:13,026 - src.training.federated - INFO -   Surgical Intensive Care Unit (SICU): 6372 samples, loss=0.2279
2026-05-24 15:38:13,043 - src.training.federated - INFO -   Trauma SICU (TSICU): 5458 samples, loss=0.1753
2026-05-24 15:38:13,043 - src.training.federated - INFO - Round 9 complete: 7 clients aggregated
2026-05-24 15:38:13,050 - src.training.federated - INFO - Round 9 Validation AUROC: 0.6864
2026-05-24 15:38:13,050 - src.training.federated - INFO - 
======================================================================
2026-05-24 15:38:13,050 - src.training.federated - INFO - Round 10/10
2026-05-24 15:38:13,050 - src.training.federated - INFO - ======================================================================
2026-05-24 15:38:13,074 - src.training.federated - INFO -   Cardiac Vascular Intensive Care Unit (CVICU): 8118 samples, loss=0.0754
2026-05-24 15:38:13,095 - src.training.federated - INFO -   Coronary Care Unit (CCU): 5113 samples, loss=0.2288
2026-05-24 15:38:13,122 - src.training.federated - INFO -   Medical Intensive Care Unit (MICU): 8791 samples, loss=0.2735
2026-05-24 15:38:13,148 - src.training.federated - INFO -   Medical/Surgical Intensive Care Unit (MICU/SICU): 6983 samples, loss=0.2627
2026-05-24 15:38:13,156 - src.training.federated - INFO -   Neuro Surgical Intensive Care Unit (Neuro SICU): 907 samples, loss=0.3759
2026-05-24 15:38:13,177 - src.training.federated - INFO -   Surgical Intensive Care Unit (SICU): 6372 samples, loss=0.2279
2026-05-24 15:38:13,194 - src.training.federated - INFO -   Trauma SICU (TSICU): 5458 samples, loss=0.1753
2026-05-24 15:38:13,194 - src.training.federated - INFO - Round 10 complete: 7 clients aggregated
2026-05-24 15:38:13,200 - src.training.federated - INFO - Round 10 Validation AUROC: 0.5018
2026-05-24 15:38:13,206 - src.training.federated - INFO - 
======================================================================
2026-05-24 15:38:13,206 - src.training.federated - INFO - Final Test AUROC: 0.4880
2026-05-24 15:38:13,206 - src.training.federated - INFO - ======================================================================

2026-05-24 15:38:13,206 - __main__ - INFO - 
======================================================================
2026-05-24 15:38:13,206 - __main__ - INFO - Phase 1.5: Results Comparison
2026-05-24 15:38:13,206 - __main__ - INFO - ======================================================================
2026-05-24 15:38:13,206 - __main__ - INFO - 
Test AUROC Comparison:
2026-05-24 15:38:13,206 - __main__ - INFO -   Centralized: 0.8880
2026-05-24 15:38:13,206 - __main__ - INFO -   Federated:   0.4880
2026-05-24 15:38:13,206 - __main__ - INFO -   Divergence:  0.3999
2026-05-24 15:38:13,207 - __main__ - WARNING - ⚠ Federated AUROC (0.4880) < 0.85 target
2026-05-24 15:38:13,207 - __main__ - WARNING - ⚠ Divergence between centralized and federated (0.3999) > 0.05
2026-05-24 15:38:13,207 - __main__ - INFO - 
======================================================================
2026-05-24 15:38:13,207 - __main__ - INFO - ⚠️  EXPERIMENT 1 PARTIAL - Manual review recommended
2026-05-24 15:38:13,207 - __main__ - INFO - ======================================================================
