2026-05-24 15:41:31,524 - __main__ - INFO - 
================================================================================
2026-05-24 15:41:31,524 - __main__ - INFO - # EXPERIMENT 1: FEDERATED LEARNING BASELINE
2026-05-24 15:41:31,524 - __main__ - INFO - ================================================================================
2026-05-24 15:41:31,524 - __main__ - INFO - 
Phase 1.1: Loading Phase 0 cohort and splits...
2026-05-24 15:41:31,524 - src.data.loader - INFO - Loading cohort from cache: /home/raiyanjiyon/Projects/federated-healthcare-ml/data/cache/mimic_iv_cohort.csv
2026-05-24 15:41:31,709 - src.data.loader - WARNING - Missing features: {'admission_type_emergency'}
2026-05-24 15:41:31,717 - src.data.loader - INFO - Dataset: 65273 patients, 31 features
2026-05-24 15:41:31,717 - src.data.loader - INFO - Target distribution: [58207  7066]
2026-05-24 15:41:31,717 - __main__ - INFO - Loaded: 65273 samples, 31 features
2026-05-24 15:41:31,717 - __main__ - INFO - Target distribution: 7066 deaths (10.8%)
2026-05-24 15:41:31,717 - __main__ - INFO - 
Phase 1.2: Distributing data to federated clients by care unit...
2026-05-24 15:41:31,721 - src.data.split - INFO - ✓ Medical Intensive Care Unit (MICU): 8791 patients, 1410 deaths (16.0%)
2026-05-24 15:41:31,725 - src.data.split - INFO - ✓ Surgical Intensive Care Unit (SICU): 6372 patients, 754 deaths (11.8%)
2026-05-24 15:41:31,729 - src.data.split - INFO - ✓ Medical/Surgical Intensive Care Unit (MICU/SICU): 6983 patients, 957 deaths (13.7%)
2026-05-24 15:41:31,732 - src.data.split - INFO - ✓ Cardiac Vascular Intensive Care Unit (CVICU): 8118 patients, 265 deaths (3.3%)
2026-05-24 15:41:31,736 - src.data.split - INFO - ✓ Coronary Care Unit (CCU): 5113 patients, 643 deaths (12.6%)
2026-05-24 15:41:31,740 - src.data.split - INFO - ✓ Trauma SICU (TSICU): 5458 patients, 569 deaths (10.4%)
2026-05-24 15:41:31,742 - src.data.split - INFO - ✓ Neuro Surgical Intensive Care Unit (Neuro SICU): 907 patients, 256 deaths (28.2%)
2026-05-24 15:41:31,746 - src.data.split - INFO -   (skipped Intensive Care Unit (ICU): 16 patients, < 100)
2026-05-24 15:41:31,748 - src.data.split - INFO -   (skipped Medicine: 9 patients, < 100)
2026-05-24 15:41:31,750 - src.data.split - INFO -   (skipped Neuro Intermediate: 3035 patients, < 100)
2026-05-24 15:41:31,752 - src.data.split - INFO -   (skipped Neuro Stepdown: 784 patients, < 100)
2026-05-24 15:41:31,754 - src.data.split - INFO -   (skipped PACU: 43 patients, < 100)
2026-05-24 15:41:31,756 - src.data.split - INFO -   (skipped Surgery/Trauma: 2 patients, < 100)
2026-05-24 15:41:31,758 - src.data.split - INFO -   (skipped Surgery/Vascular/Intermediate: 60 patients, < 100)
2026-05-24 15:41:31,758 - src.data.split - INFO - 
✓ Federated learning ready: 7 clients
2026-05-24 15:41:31,758 - __main__ - INFO - 
✓ Created 7 federated clients
2026-05-24 15:41:31,758 - __main__ - INFO - 
Client Statistics:
2026-05-24 15:41:31,758 - __main__ - INFO - ----------------------------------------------------------------------
2026-05-24 15:41:31,758 - __main__ - INFO -   Medical Intensive Care Unit (MICU)         8791 patients, 1410 deaths ( 16.0%)
2026-05-24 15:41:31,759 - __main__ - INFO -   Cardiac Vascular Intensive Care Unit (CVICU)   8118 patients,  265 deaths (  3.3%)
2026-05-24 15:41:31,759 - __main__ - INFO -   Medical/Surgical Intensive Care Unit (MICU/SICU)   6983 patients,  957 deaths ( 13.7%)
2026-05-24 15:41:31,759 - __main__ - INFO -   Surgical Intensive Care Unit (SICU)        6372 patients,  754 deaths ( 11.8%)
2026-05-24 15:41:31,759 - __main__ - INFO -   Trauma SICU (TSICU)                        5458 patients,  569 deaths ( 10.4%)
2026-05-24 15:41:31,759 - __main__ - INFO -   Coronary Care Unit (CCU)                   5113 patients,  643 deaths ( 12.6%)
2026-05-24 15:41:31,759 - __main__ - INFO -   Neuro Surgical Intensive Care Unit (Neuro SICU)    907 patients,  256 deaths ( 28.2%)
2026-05-24 15:41:31,759 - __main__ - INFO - 
======================================================================
2026-05-24 15:41:31,759 - __main__ - INFO - Phase 1.3: Training Centralized Baseline (for comparison)...
2026-05-24 15:41:31,759 - __main__ - INFO - ======================================================================
2026-05-24 15:41:32,358 - __main__ - INFO - 
Centralized Train AUROC: 0.8857
2026-05-24 15:41:32,362 - __main__ - INFO - Centralized Val AUROC:   0.8846
2026-05-24 15:41:32,362 - __main__ - INFO - Centralized Test AUROC:  0.8880
2026-05-24 15:41:32,362 - __main__ - INFO - 
======================================================================
2026-05-24 15:41:32,362 - __main__ - INFO - Phase 1.4: Training Federated Learning Model...
2026-05-24 15:41:32,362 - __main__ - INFO - ======================================================================
2026-05-24 15:41:32,362 - __main__ - INFO - Overriding DP epsilon to 5.0
2026-05-24 15:41:32,362 - __main__ - INFO - Overriding clipping threshold to 0.01
2026-05-24 15:41:32,388 - root - INFO - 
======================================================================
2026-05-24 15:41:32,388 - root - INFO - Differential Privacy Mechanism Initialized: GaussianDP
2026-05-24 15:41:32,388 - root - INFO - ======================================================================
2026-05-24 15:41:32,388 - root - INFO -   Privacy Budget (ε):     1.0000
2026-05-24 15:41:32,388 - root - INFO -   Failure Probability (δ): 0.000010
2026-05-24 15:41:32,388 - root - INFO -   Clipping Norm (C):      1.0000
2026-05-24 15:41:32,388 - root - INFO -   Noise Scale (σ):        4.7985
2026-05-24 15:41:32,389 - root - INFO - ======================================================================

2026-05-24 15:41:32,389 - src.training.federated - INFO - FederatedTrainer initialized:
2026-05-24 15:41:32,389 - src.training.federated - INFO -   Clients: 7
2026-05-24 15:41:32,389 - src.training.federated - INFO -   Training samples: 41742
2026-05-24 15:41:32,389 - src.training.federated - INFO -   Validation samples: 9791
2026-05-24 15:41:32,389 - src.training.federated - INFO -   Test samples: 9791
2026-05-24 15:41:32,389 - src.training.federated - INFO -   Features: 31
2026-05-24 15:41:32,389 - src.training.federated - INFO -   Rounds: 10
2026-05-24 15:41:32,389 - src.training.federated - INFO -   Strategy: FEDAVG
2026-05-24 15:41:32,389 - src.training.federated - INFO -   Privacy: Enabled (ε=1.0, δ=1e-5)
2026-05-24 15:41:32,389 - src.training.federated - INFO - 
######################################################################
2026-05-24 15:41:32,389 - src.training.federated - INFO - # FEDERATED LEARNING TRAINING (10 rounds)
2026-05-24 15:41:32,393 - src.training.federated - INFO - # Strategy: FEDAVG
2026-05-24 15:41:32,393 - src.training.federated - INFO - ######################################################################

2026-05-24 15:41:32,393 - src.training.federated - INFO - 
======================================================================
2026-05-24 15:41:32,393 - src.training.federated - INFO - Round 1/10
2026-05-24 15:41:32,393 - src.training.federated - INFO - ======================================================================
2026-05-24 15:41:32,457 - src.training.federated - INFO -   Cardiac Vascular Intensive Care Unit (CVICU): 8118 samples, loss=0.0754
2026-05-24 15:41:32,476 - src.training.federated - INFO -   Coronary Care Unit (CCU): 5113 samples, loss=0.2288
2026-05-24 15:41:32,506 - src.training.federated - INFO -   Medical Intensive Care Unit (MICU): 8791 samples, loss=0.2735
2026-05-24 15:41:32,534 - src.training.federated - INFO -   Medical/Surgical Intensive Care Unit (MICU/SICU): 6983 samples, loss=0.2627
2026-05-24 15:41:32,543 - src.training.federated - INFO -   Neuro Surgical Intensive Care Unit (Neuro SICU): 907 samples, loss=0.3759
2026-05-24 15:41:32,563 - src.training.federated - INFO -   Surgical Intensive Care Unit (SICU): 6372 samples, loss=0.2279
2026-05-24 15:41:32,579 - src.training.federated - INFO -   Trauma SICU (TSICU): 5458 samples, loss=0.1753
2026-05-24 15:41:32,580 - src.training.federated - INFO - Round 1 complete: 7 clients aggregated
2026-05-24 15:41:32,585 - src.training.federated - INFO - Round 1 Validation AUROC: 0.7373
2026-05-24 15:41:32,586 - src.training.federated - INFO - 
======================================================================
2026-05-24 15:41:32,586 - src.training.federated - INFO - Round 2/10
2026-05-24 15:41:32,586 - src.training.federated - INFO - ======================================================================
2026-05-24 15:41:32,609 - src.training.federated - INFO -   Cardiac Vascular Intensive Care Unit (CVICU): 8118 samples, loss=0.0754
2026-05-24 15:41:32,625 - src.training.federated - INFO -   Coronary Care Unit (CCU): 5113 samples, loss=0.2288
2026-05-24 15:41:32,651 - src.training.federated - INFO -   Medical Intensive Care Unit (MICU): 8791 samples, loss=0.2735
2026-05-24 15:41:32,680 - src.training.federated - INFO -   Medical/Surgical Intensive Care Unit (MICU/SICU): 6983 samples, loss=0.2627
2026-05-24 15:41:32,687 - src.training.federated - INFO -   Neuro Surgical Intensive Care Unit (Neuro SICU): 907 samples, loss=0.3759
2026-05-24 15:41:32,709 - src.training.federated - INFO -   Surgical Intensive Care Unit (SICU): 6372 samples, loss=0.2279
2026-05-24 15:41:32,726 - src.training.federated - INFO -   Trauma SICU (TSICU): 5458 samples, loss=0.1753
2026-05-24 15:41:32,727 - src.training.federated - INFO - Round 2 complete: 7 clients aggregated
2026-05-24 15:41:32,733 - src.training.federated - INFO - Round 2 Validation AUROC: 0.6685
2026-05-24 15:41:32,733 - src.training.federated - INFO - 
======================================================================
2026-05-24 15:41:32,733 - src.training.federated - INFO - Round 3/10
2026-05-24 15:41:32,733 - src.training.federated - INFO - ======================================================================
2026-05-24 15:41:32,759 - src.training.federated - INFO -   Cardiac Vascular Intensive Care Unit (CVICU): 8118 samples, loss=0.0754
2026-05-24 15:41:32,775 - src.training.federated - INFO -   Coronary Care Unit (CCU): 5113 samples, loss=0.2288
2026-05-24 15:41:32,801 - src.training.federated - INFO -   Medical Intensive Care Unit (MICU): 8791 samples, loss=0.2735
2026-05-24 15:41:32,829 - src.training.federated - INFO -   Medical/Surgical Intensive Care Unit (MICU/SICU): 6983 samples, loss=0.2627
2026-05-24 15:41:32,836 - src.training.federated - INFO -   Neuro Surgical Intensive Care Unit (Neuro SICU): 907 samples, loss=0.3759
2026-05-24 15:41:32,857 - src.training.federated - INFO -   Surgical Intensive Care Unit (SICU): 6372 samples, loss=0.2279
2026-05-24 15:41:32,874 - src.training.federated - INFO -   Trauma SICU (TSICU): 5458 samples, loss=0.1753
2026-05-24 15:41:32,874 - src.training.federated - INFO - Round 3 complete: 7 clients aggregated
2026-05-24 15:41:32,880 - src.training.federated - INFO - Round 3 Validation AUROC: 0.5341
2026-05-24 15:41:32,880 - src.training.federated - INFO - 
======================================================================
2026-05-24 15:41:32,880 - src.training.federated - INFO - Round 4/10
2026-05-24 15:41:32,880 - src.training.federated - INFO - ======================================================================
2026-05-24 15:41:32,907 - src.training.federated - INFO -   Cardiac Vascular Intensive Care Unit (CVICU): 8118 samples, loss=0.0754
2026-05-24 15:41:32,923 - src.training.federated - INFO -   Coronary Care Unit (CCU): 5113 samples, loss=0.2288
2026-05-24 15:41:32,949 - src.training.federated - INFO -   Medical Intensive Care Unit (MICU): 8791 samples, loss=0.2735
2026-05-24 15:41:32,976 - src.training.federated - INFO -   Medical/Surgical Intensive Care Unit (MICU/SICU): 6983 samples, loss=0.2627
2026-05-24 15:41:32,984 - src.training.federated - INFO -   Neuro Surgical Intensive Care Unit (Neuro SICU): 907 samples, loss=0.3759
2026-05-24 15:41:33,004 - src.training.federated - INFO -   Surgical Intensive Care Unit (SICU): 6372 samples, loss=0.2279
2026-05-24 15:41:33,021 - src.training.federated - INFO -   Trauma SICU (TSICU): 5458 samples, loss=0.1753
2026-05-24 15:41:33,021 - src.training.federated - INFO - Round 4 complete: 7 clients aggregated
2026-05-24 15:41:33,027 - src.training.federated - INFO - Round 4 Validation AUROC: 0.7420
2026-05-24 15:41:33,027 - src.training.federated - INFO - 
======================================================================
2026-05-24 15:41:33,027 - src.training.federated - INFO - Round 5/10
2026-05-24 15:41:33,027 - src.training.federated - INFO - ======================================================================
2026-05-24 15:41:33,050 - src.training.federated - INFO -   Cardiac Vascular Intensive Care Unit (CVICU): 8118 samples, loss=0.0754
2026-05-24 15:41:33,066 - src.training.federated - INFO -   Coronary Care Unit (CCU): 5113 samples, loss=0.2288
2026-05-24 15:41:33,093 - src.training.federated - INFO -   Medical Intensive Care Unit (MICU): 8791 samples, loss=0.2735
2026-05-24 15:41:33,119 - src.training.federated - INFO -   Medical/Surgical Intensive Care Unit (MICU/SICU): 6983 samples, loss=0.2627
2026-05-24 15:41:33,127 - src.training.federated - INFO -   Neuro Surgical Intensive Care Unit (Neuro SICU): 907 samples, loss=0.3759
2026-05-24 15:41:33,147 - src.training.federated - INFO -   Surgical Intensive Care Unit (SICU): 6372 samples, loss=0.2279
2026-05-24 15:41:33,165 - src.training.federated - INFO -   Trauma SICU (TSICU): 5458 samples, loss=0.1753
2026-05-24 15:41:33,165 - src.training.federated - INFO - Round 5 complete: 7 clients aggregated
2026-05-24 15:41:33,171 - src.training.federated - INFO - Round 5 Validation AUROC: 0.3943
2026-05-24 15:41:33,171 - src.training.federated - INFO - 
======================================================================
2026-05-24 15:41:33,171 - src.training.federated - INFO - Round 6/10
2026-05-24 15:41:33,171 - src.training.federated - INFO - ======================================================================
2026-05-24 15:41:33,196 - src.training.federated - INFO -   Cardiac Vascular Intensive Care Unit (CVICU): 8118 samples, loss=0.0754
2026-05-24 15:41:33,212 - src.training.federated - INFO -   Coronary Care Unit (CCU): 5113 samples, loss=0.2288
2026-05-24 15:41:33,240 - src.training.federated - INFO -   Medical Intensive Care Unit (MICU): 8791 samples, loss=0.2735
2026-05-24 15:41:33,267 - src.training.federated - INFO -   Medical/Surgical Intensive Care Unit (MICU/SICU): 6983 samples, loss=0.2627
2026-05-24 15:41:33,275 - src.training.federated - INFO -   Neuro Surgical Intensive Care Unit (Neuro SICU): 907 samples, loss=0.3759
2026-05-24 15:41:33,295 - src.training.federated - INFO -   Surgical Intensive Care Unit (SICU): 6372 samples, loss=0.2279
2026-05-24 15:41:33,312 - src.training.federated - INFO -   Trauma SICU (TSICU): 5458 samples, loss=0.1753
2026-05-24 15:41:33,312 - src.training.federated - INFO - Round 6 complete: 7 clients aggregated
2026-05-24 15:41:33,318 - src.training.federated - INFO - Round 6 Validation AUROC: 0.5295
2026-05-24 15:41:33,318 - src.training.federated - INFO - 
======================================================================
2026-05-24 15:41:33,318 - src.training.federated - INFO - Round 7/10
2026-05-24 15:41:33,318 - src.training.federated - INFO - ======================================================================
2026-05-24 15:41:33,342 - src.training.federated - INFO -   Cardiac Vascular Intensive Care Unit (CVICU): 8118 samples, loss=0.0754
2026-05-24 15:41:33,358 - src.training.federated - INFO -   Coronary Care Unit (CCU): 5113 samples, loss=0.2288
2026-05-24 15:41:33,384 - src.training.federated - INFO -   Medical Intensive Care Unit (MICU): 8791 samples, loss=0.2735
2026-05-24 15:41:33,411 - src.training.federated - INFO -   Medical/Surgical Intensive Care Unit (MICU/SICU): 6983 samples, loss=0.2627
2026-05-24 15:41:33,419 - src.training.federated - INFO -   Neuro Surgical Intensive Care Unit (Neuro SICU): 907 samples, loss=0.3759
2026-05-24 15:41:33,439 - src.training.federated - INFO -   Surgical Intensive Care Unit (SICU): 6372 samples, loss=0.2279
2026-05-24 15:41:33,456 - src.training.federated - INFO -   Trauma SICU (TSICU): 5458 samples, loss=0.1753
2026-05-24 15:41:33,456 - src.training.federated - INFO - Round 7 complete: 7 clients aggregated
2026-05-24 15:41:33,462 - src.training.federated - INFO - Round 7 Validation AUROC: 0.7414
2026-05-24 15:41:33,462 - src.training.federated - INFO - 
======================================================================
2026-05-24 15:41:33,462 - src.training.federated - INFO - Round 8/10
2026-05-24 15:41:33,462 - src.training.federated - INFO - ======================================================================
2026-05-24 15:41:33,485 - src.training.federated - INFO -   Cardiac Vascular Intensive Care Unit (CVICU): 8118 samples, loss=0.0754
2026-05-24 15:41:33,501 - src.training.federated - INFO -   Coronary Care Unit (CCU): 5113 samples, loss=0.2288
2026-05-24 15:41:33,528 - src.training.federated - INFO -   Medical Intensive Care Unit (MICU): 8791 samples, loss=0.2735
2026-05-24 15:41:33,555 - src.training.federated - INFO -   Medical/Surgical Intensive Care Unit (MICU/SICU): 6983 samples, loss=0.2627
2026-05-24 15:41:33,563 - src.training.federated - INFO -   Neuro Surgical Intensive Care Unit (Neuro SICU): 907 samples, loss=0.3759
2026-05-24 15:41:33,583 - src.training.federated - INFO -   Surgical Intensive Care Unit (SICU): 6372 samples, loss=0.2279
2026-05-24 15:41:33,600 - src.training.federated - INFO -   Trauma SICU (TSICU): 5458 samples, loss=0.1753
2026-05-24 15:41:33,600 - src.training.federated - INFO - Round 8 complete: 7 clients aggregated
2026-05-24 15:41:33,607 - src.training.federated - INFO - Round 8 Validation AUROC: 0.5366
2026-05-24 15:41:33,607 - src.training.federated - INFO - 
======================================================================
2026-05-24 15:41:33,607 - src.training.federated - INFO - Round 9/10
2026-05-24 15:41:33,607 - src.training.federated - INFO - ======================================================================
2026-05-24 15:41:33,630 - src.training.federated - INFO -   Cardiac Vascular Intensive Care Unit (CVICU): 8118 samples, loss=0.0754
2026-05-24 15:41:33,647 - src.training.federated - INFO -   Coronary Care Unit (CCU): 5113 samples, loss=0.2288
2026-05-24 15:41:33,675 - src.training.federated - INFO -   Medical Intensive Care Unit (MICU): 8791 samples, loss=0.2735
2026-05-24 15:41:33,703 - src.training.federated - INFO -   Medical/Surgical Intensive Care Unit (MICU/SICU): 6983 samples, loss=0.2627
2026-05-24 15:41:33,711 - src.training.federated - INFO -   Neuro Surgical Intensive Care Unit (Neuro SICU): 907 samples, loss=0.3759
2026-05-24 15:41:33,732 - src.training.federated - INFO -   Surgical Intensive Care Unit (SICU): 6372 samples, loss=0.2279
2026-05-24 15:41:33,749 - src.training.federated - INFO -   Trauma SICU (TSICU): 5458 samples, loss=0.1753
2026-05-24 15:41:33,749 - src.training.federated - INFO - Round 9 complete: 7 clients aggregated
2026-05-24 15:41:33,755 - src.training.federated - INFO - Round 9 Validation AUROC: 0.6864
2026-05-24 15:41:33,755 - src.training.federated - INFO - 
======================================================================
2026-05-24 15:41:33,755 - src.training.federated - INFO - Round 10/10
2026-05-24 15:41:33,755 - src.training.federated - INFO - ======================================================================
2026-05-24 15:41:33,780 - src.training.federated - INFO -   Cardiac Vascular Intensive Care Unit (CVICU): 8118 samples, loss=0.0754
2026-05-24 15:41:33,797 - src.training.federated - INFO -   Coronary Care Unit (CCU): 5113 samples, loss=0.2288
2026-05-24 15:41:33,825 - src.training.federated - INFO -   Medical Intensive Care Unit (MICU): 8791 samples, loss=0.2735
2026-05-24 15:41:33,852 - src.training.federated - INFO -   Medical/Surgical Intensive Care Unit (MICU/SICU): 6983 samples, loss=0.2627
2026-05-24 15:41:33,860 - src.training.federated - INFO -   Neuro Surgical Intensive Care Unit (Neuro SICU): 907 samples, loss=0.3759
2026-05-24 15:41:33,881 - src.training.federated - INFO -   Surgical Intensive Care Unit (SICU): 6372 samples, loss=0.2279
2026-05-24 15:41:33,899 - src.training.federated - INFO -   Trauma SICU (TSICU): 5458 samples, loss=0.1753
2026-05-24 15:41:33,899 - src.training.federated - INFO - Round 10 complete: 7 clients aggregated
2026-05-24 15:41:33,905 - src.training.federated - INFO - Round 10 Validation AUROC: 0.5018
2026-05-24 15:41:33,911 - src.training.federated - INFO - 
======================================================================
2026-05-24 15:41:33,911 - src.training.federated - INFO - Final Test AUROC: 0.4880
2026-05-24 15:41:33,911 - src.training.federated - INFO - ======================================================================

2026-05-24 15:41:33,911 - __main__ - INFO - 
======================================================================
2026-05-24 15:41:33,911 - __main__ - INFO - Phase 1.5: Results Comparison
2026-05-24 15:41:33,911 - __main__ - INFO - ======================================================================
2026-05-24 15:41:33,912 - __main__ - INFO - 
Test AUROC Comparison:
2026-05-24 15:41:33,912 - __main__ - INFO -   Centralized: 0.8880
2026-05-24 15:41:33,912 - __main__ - INFO -   Federated:   0.4880
2026-05-24 15:41:33,912 - __main__ - INFO -   Divergence:  0.3999
2026-05-24 15:41:33,912 - __main__ - WARNING - ⚠ Federated AUROC (0.4880) < 0.85 target
2026-05-24 15:41:33,912 - __main__ - WARNING - ⚠ Divergence between centralized and federated (0.3999) > 0.05
2026-05-24 15:41:33,912 - __main__ - INFO - 
======================================================================
2026-05-24 15:41:33,912 - __main__ - INFO - ⚠️  EXPERIMENT 1 PARTIAL - Manual review recommended
2026-05-24 15:41:33,912 - __main__ - INFO - ======================================================================
