2026-05-24 15:42:20,427 - __main__ - INFO - 
================================================================================
2026-05-24 15:42:20,428 - __main__ - INFO - # EXPERIMENT 1: FEDERATED LEARNING BASELINE
2026-05-24 15:42:20,428 - __main__ - INFO - ================================================================================
2026-05-24 15:42:20,428 - __main__ - INFO - 
Phase 1.1: Loading Phase 0 cohort and splits...
2026-05-24 15:42:20,428 - src.data.loader - INFO - Loading cohort from cache: /home/raiyanjiyon/Projects/federated-healthcare-ml/data/cache/mimic_iv_cohort.csv
2026-05-24 15:42:20,611 - src.data.loader - WARNING - Missing features: {'admission_type_emergency'}
2026-05-24 15:42:20,619 - src.data.loader - INFO - Dataset: 65273 patients, 31 features
2026-05-24 15:42:20,619 - src.data.loader - INFO - Target distribution: [58207  7066]
2026-05-24 15:42:20,619 - __main__ - INFO - Loaded: 65273 samples, 31 features
2026-05-24 15:42:20,619 - __main__ - INFO - Target distribution: 7066 deaths (10.8%)
2026-05-24 15:42:20,619 - __main__ - INFO - 
Phase 1.2: Distributing data to federated clients by care unit...
2026-05-24 15:42:20,624 - src.data.split - INFO - ✓ Medical Intensive Care Unit (MICU): 8791 patients, 1410 deaths (16.0%)
2026-05-24 15:42:20,627 - src.data.split - INFO - ✓ Surgical Intensive Care Unit (SICU): 6372 patients, 754 deaths (11.8%)
2026-05-24 15:42:20,632 - src.data.split - INFO - ✓ Medical/Surgical Intensive Care Unit (MICU/SICU): 6983 patients, 957 deaths (13.7%)
2026-05-24 15:42:20,636 - src.data.split - INFO - ✓ Cardiac Vascular Intensive Care Unit (CVICU): 8118 patients, 265 deaths (3.3%)
2026-05-24 15:42:20,640 - src.data.split - INFO - ✓ Coronary Care Unit (CCU): 5113 patients, 643 deaths (12.6%)
2026-05-24 15:42:20,643 - src.data.split - INFO - ✓ Trauma SICU (TSICU): 5458 patients, 569 deaths (10.4%)
2026-05-24 15:42:20,646 - src.data.split - INFO - ✓ Neuro Surgical Intensive Care Unit (Neuro SICU): 907 patients, 256 deaths (28.2%)
2026-05-24 15:42:20,651 - src.data.split - INFO -   (skipped Intensive Care Unit (ICU): 16 patients, < 100)
2026-05-24 15:42:20,653 - src.data.split - INFO -   (skipped Medicine: 9 patients, < 100)
2026-05-24 15:42:20,655 - src.data.split - INFO -   (skipped Neuro Intermediate: 3035 patients, < 100)
2026-05-24 15:42:20,657 - src.data.split - INFO -   (skipped Neuro Stepdown: 784 patients, < 100)
2026-05-24 15:42:20,659 - src.data.split - INFO -   (skipped PACU: 43 patients, < 100)
2026-05-24 15:42:20,662 - src.data.split - INFO -   (skipped Surgery/Trauma: 2 patients, < 100)
2026-05-24 15:42:20,664 - src.data.split - INFO -   (skipped Surgery/Vascular/Intermediate: 60 patients, < 100)
2026-05-24 15:42:20,664 - src.data.split - INFO - 
✓ Federated learning ready: 7 clients
2026-05-24 15:42:20,664 - __main__ - INFO - 
✓ Created 7 federated clients
2026-05-24 15:42:20,664 - __main__ - INFO - 
Client Statistics:
2026-05-24 15:42:20,664 - __main__ - INFO - ----------------------------------------------------------------------
2026-05-24 15:42:20,664 - __main__ - INFO -   Medical Intensive Care Unit (MICU)         8791 patients, 1410 deaths ( 16.0%)
2026-05-24 15:42:20,664 - __main__ - INFO -   Cardiac Vascular Intensive Care Unit (CVICU)   8118 patients,  265 deaths (  3.3%)
2026-05-24 15:42:20,664 - __main__ - INFO -   Medical/Surgical Intensive Care Unit (MICU/SICU)   6983 patients,  957 deaths ( 13.7%)
2026-05-24 15:42:20,664 - __main__ - INFO -   Surgical Intensive Care Unit (SICU)        6372 patients,  754 deaths ( 11.8%)
2026-05-24 15:42:20,664 - __main__ - INFO -   Trauma SICU (TSICU)                        5458 patients,  569 deaths ( 10.4%)
2026-05-24 15:42:20,664 - __main__ - INFO -   Coronary Care Unit (CCU)                   5113 patients,  643 deaths ( 12.6%)
2026-05-24 15:42:20,665 - __main__ - INFO -   Neuro Surgical Intensive Care Unit (Neuro SICU)    907 patients,  256 deaths ( 28.2%)
2026-05-24 15:42:20,665 - __main__ - INFO - 
======================================================================
2026-05-24 15:42:20,665 - __main__ - INFO - Phase 1.3: Training Centralized Baseline (for comparison)...
2026-05-24 15:42:20,665 - __main__ - INFO - ======================================================================
2026-05-24 15:42:21,308 - __main__ - INFO - 
Centralized Train AUROC: 0.8857
2026-05-24 15:42:21,308 - __main__ - INFO - Centralized Val AUROC:   0.8846
2026-05-24 15:42:21,308 - __main__ - INFO - Centralized Test AUROC:  0.8880
2026-05-24 15:42:21,308 - __main__ - INFO - 
======================================================================
2026-05-24 15:42:21,308 - __main__ - INFO - Phase 1.4: Training Federated Learning Model...
2026-05-24 15:42:21,308 - __main__ - INFO - ======================================================================
2026-05-24 15:42:21,308 - __main__ - INFO - Overriding DP epsilon to 10.0
2026-05-24 15:42:21,308 - __main__ - INFO - Overriding clipping threshold to 10.0
2026-05-24 15:42:21,331 - root - INFO - 
======================================================================
2026-05-24 15:42:21,331 - root - INFO - Differential Privacy Mechanism Initialized: GaussianDP
2026-05-24 15:42:21,331 - root - INFO - ======================================================================
2026-05-24 15:42:21,331 - root - INFO -   Privacy Budget (ε):     1.0000
2026-05-24 15:42:21,331 - root - INFO -   Failure Probability (δ): 0.000010
2026-05-24 15:42:21,331 - root - INFO -   Clipping Norm (C):      1.0000
2026-05-24 15:42:21,331 - root - INFO -   Noise Scale (σ):        4.7985
2026-05-24 15:42:21,331 - root - INFO - ======================================================================

2026-05-24 15:42:21,331 - src.training.federated - INFO - FederatedTrainer initialized:
2026-05-24 15:42:21,331 - src.training.federated - INFO -   Clients: 7
2026-05-24 15:42:21,331 - src.training.federated - INFO -   Training samples: 41742
2026-05-24 15:42:21,331 - src.training.federated - INFO -   Validation samples: 9791
2026-05-24 15:42:21,331 - src.training.federated - INFO -   Test samples: 9791
2026-05-24 15:42:21,331 - src.training.federated - INFO -   Features: 31
2026-05-24 15:42:21,331 - src.training.federated - INFO -   Rounds: 10
2026-05-24 15:42:21,331 - src.training.federated - INFO -   Strategy: FEDAVG
2026-05-24 15:42:21,331 - src.training.federated - INFO -   Privacy: Enabled (ε=1.0, δ=1e-5)
2026-05-24 15:42:21,331 - src.training.federated - INFO - 
######################################################################
2026-05-24 15:42:21,331 - src.training.federated - INFO - # FEDERATED LEARNING TRAINING (10 rounds)
2026-05-24 15:42:21,332 - src.training.federated - INFO - # Strategy: FEDAVG
2026-05-24 15:42:21,332 - src.training.federated - INFO - ######################################################################

2026-05-24 15:42:21,332 - src.training.federated - INFO - 
======================================================================
2026-05-24 15:42:21,332 - src.training.federated - INFO - Round 1/10
2026-05-24 15:42:21,332 - src.training.federated - INFO - ======================================================================
2026-05-24 15:42:21,390 - src.training.federated - INFO -   Cardiac Vascular Intensive Care Unit (CVICU): 8118 samples, loss=0.0754
2026-05-24 15:42:21,406 - src.training.federated - INFO -   Coronary Care Unit (CCU): 5113 samples, loss=0.2288
2026-05-24 15:42:21,431 - src.training.federated - INFO -   Medical Intensive Care Unit (MICU): 8791 samples, loss=0.2735
2026-05-24 15:42:21,457 - src.training.federated - INFO -   Medical/Surgical Intensive Care Unit (MICU/SICU): 6983 samples, loss=0.2627
2026-05-24 15:42:21,466 - src.training.federated - INFO -   Neuro Surgical Intensive Care Unit (Neuro SICU): 907 samples, loss=0.3759
2026-05-24 15:42:21,485 - src.training.federated - INFO -   Surgical Intensive Care Unit (SICU): 6372 samples, loss=0.2279
2026-05-24 15:42:21,502 - src.training.federated - INFO -   Trauma SICU (TSICU): 5458 samples, loss=0.1753
2026-05-24 15:42:21,502 - src.training.federated - INFO - Round 1 complete: 7 clients aggregated
2026-05-24 15:42:21,508 - src.training.federated - INFO - Round 1 Validation AUROC: 0.7373
2026-05-24 15:42:21,508 - src.training.federated - INFO - 
======================================================================
2026-05-24 15:42:21,509 - src.training.federated - INFO - Round 2/10
2026-05-24 15:42:21,509 - src.training.federated - INFO - ======================================================================
2026-05-24 15:42:21,529 - src.training.federated - INFO -   Cardiac Vascular Intensive Care Unit (CVICU): 8118 samples, loss=0.0754
2026-05-24 15:42:21,545 - src.training.federated - INFO -   Coronary Care Unit (CCU): 5113 samples, loss=0.2288
2026-05-24 15:42:21,569 - src.training.federated - INFO -   Medical Intensive Care Unit (MICU): 8791 samples, loss=0.2735
2026-05-24 15:42:21,594 - src.training.federated - INFO -   Medical/Surgical Intensive Care Unit (MICU/SICU): 6983 samples, loss=0.2627
2026-05-24 15:42:21,602 - src.training.federated - INFO -   Neuro Surgical Intensive Care Unit (Neuro SICU): 907 samples, loss=0.3759
2026-05-24 15:42:21,621 - src.training.federated - INFO -   Surgical Intensive Care Unit (SICU): 6372 samples, loss=0.2279
2026-05-24 15:42:21,637 - src.training.federated - INFO -   Trauma SICU (TSICU): 5458 samples, loss=0.1753
2026-05-24 15:42:21,637 - src.training.federated - INFO - Round 2 complete: 7 clients aggregated
2026-05-24 15:42:21,643 - src.training.federated - INFO - Round 2 Validation AUROC: 0.6685
2026-05-24 15:42:21,643 - src.training.federated - INFO - 
======================================================================
2026-05-24 15:42:21,643 - src.training.federated - INFO - Round 3/10
2026-05-24 15:42:21,643 - src.training.federated - INFO - ======================================================================
2026-05-24 15:42:21,664 - src.training.federated - INFO -   Cardiac Vascular Intensive Care Unit (CVICU): 8118 samples, loss=0.0754
2026-05-24 15:42:21,680 - src.training.federated - INFO -   Coronary Care Unit (CCU): 5113 samples, loss=0.2288
2026-05-24 15:42:21,704 - src.training.federated - INFO -   Medical Intensive Care Unit (MICU): 8791 samples, loss=0.2735
2026-05-24 15:42:21,729 - src.training.federated - INFO -   Medical/Surgical Intensive Care Unit (MICU/SICU): 6983 samples, loss=0.2627
2026-05-24 15:42:21,737 - src.training.federated - INFO -   Neuro Surgical Intensive Care Unit (Neuro SICU): 907 samples, loss=0.3759
2026-05-24 15:42:21,759 - src.training.federated - INFO -   Surgical Intensive Care Unit (SICU): 6372 samples, loss=0.2279
2026-05-24 15:42:21,775 - src.training.federated - INFO -   Trauma SICU (TSICU): 5458 samples, loss=0.1753
2026-05-24 15:42:21,775 - src.training.federated - INFO - Round 3 complete: 7 clients aggregated
2026-05-24 15:42:21,781 - src.training.federated - INFO - Round 3 Validation AUROC: 0.5341
2026-05-24 15:42:21,781 - src.training.federated - INFO - 
======================================================================
2026-05-24 15:42:21,781 - src.training.federated - INFO - Round 4/10
2026-05-24 15:42:21,781 - src.training.federated - INFO - ======================================================================
2026-05-24 15:42:21,802 - src.training.federated - INFO -   Cardiac Vascular Intensive Care Unit (CVICU): 8118 samples, loss=0.0754
2026-05-24 15:42:21,815 - src.training.federated - INFO -   Coronary Care Unit (CCU): 5113 samples, loss=0.2288
2026-05-24 15:42:21,840 - src.training.federated - INFO -   Medical Intensive Care Unit (MICU): 8791 samples, loss=0.2735
2026-05-24 15:42:21,870 - src.training.federated - INFO -   Medical/Surgical Intensive Care Unit (MICU/SICU): 6983 samples, loss=0.2627
2026-05-24 15:42:21,877 - src.training.federated - INFO -   Neuro Surgical Intensive Care Unit (Neuro SICU): 907 samples, loss=0.3759
2026-05-24 15:42:21,896 - src.training.federated - INFO -   Surgical Intensive Care Unit (SICU): 6372 samples, loss=0.2279
2026-05-24 15:42:21,912 - src.training.federated - INFO -   Trauma SICU (TSICU): 5458 samples, loss=0.1753
2026-05-24 15:42:21,912 - src.training.federated - INFO - Round 4 complete: 7 clients aggregated
2026-05-24 15:42:21,917 - src.training.federated - INFO - Round 4 Validation AUROC: 0.7420
2026-05-24 15:42:21,917 - src.training.federated - INFO - 
======================================================================
2026-05-24 15:42:21,917 - src.training.federated - INFO - Round 5/10
2026-05-24 15:42:21,917 - src.training.federated - INFO - ======================================================================
2026-05-24 15:42:21,939 - src.training.federated - INFO -   Cardiac Vascular Intensive Care Unit (CVICU): 8118 samples, loss=0.0754
2026-05-24 15:42:21,952 - src.training.federated - INFO -   Coronary Care Unit (CCU): 5113 samples, loss=0.2288
2026-05-24 15:42:21,978 - src.training.federated - INFO -   Medical Intensive Care Unit (MICU): 8791 samples, loss=0.2735
2026-05-24 15:42:22,002 - src.training.federated - INFO -   Medical/Surgical Intensive Care Unit (MICU/SICU): 6983 samples, loss=0.2627
2026-05-24 15:42:22,011 - src.training.federated - INFO -   Neuro Surgical Intensive Care Unit (Neuro SICU): 907 samples, loss=0.3759
2026-05-24 15:42:22,030 - src.training.federated - INFO -   Surgical Intensive Care Unit (SICU): 6372 samples, loss=0.2279
2026-05-24 15:42:22,047 - src.training.federated - INFO -   Trauma SICU (TSICU): 5458 samples, loss=0.1753
2026-05-24 15:42:22,047 - src.training.federated - INFO - Round 5 complete: 7 clients aggregated
2026-05-24 15:42:22,052 - src.training.federated - INFO - Round 5 Validation AUROC: 0.3943
2026-05-24 15:42:22,052 - src.training.federated - INFO - 
======================================================================
2026-05-24 15:42:22,052 - src.training.federated - INFO - Round 6/10
2026-05-24 15:42:22,052 - src.training.federated - INFO - ======================================================================
2026-05-24 15:42:22,075 - src.training.federated - INFO -   Cardiac Vascular Intensive Care Unit (CVICU): 8118 samples, loss=0.0754
2026-05-24 15:42:22,089 - src.training.federated - INFO -   Coronary Care Unit (CCU): 5113 samples, loss=0.2288
2026-05-24 15:42:22,111 - src.training.federated - INFO -   Medical Intensive Care Unit (MICU): 8791 samples, loss=0.2735
2026-05-24 15:42:22,135 - src.training.federated - INFO -   Medical/Surgical Intensive Care Unit (MICU/SICU): 6983 samples, loss=0.2627
2026-05-24 15:42:22,143 - src.training.federated - INFO -   Neuro Surgical Intensive Care Unit (Neuro SICU): 907 samples, loss=0.3759
2026-05-24 15:42:22,165 - src.training.federated - INFO -   Surgical Intensive Care Unit (SICU): 6372 samples, loss=0.2279
2026-05-24 15:42:22,185 - src.training.federated - INFO -   Trauma SICU (TSICU): 5458 samples, loss=0.1753
2026-05-24 15:42:22,185 - src.training.federated - INFO - Round 6 complete: 7 clients aggregated
2026-05-24 15:42:22,192 - src.training.federated - INFO - Round 6 Validation AUROC: 0.5295
2026-05-24 15:42:22,192 - src.training.federated - INFO - 
======================================================================
2026-05-24 15:42:22,192 - src.training.federated - INFO - Round 7/10
2026-05-24 15:42:22,192 - src.training.federated - INFO - ======================================================================
2026-05-24 15:42:22,212 - src.training.federated - INFO -   Cardiac Vascular Intensive Care Unit (CVICU): 8118 samples, loss=0.0754
2026-05-24 15:42:22,226 - src.training.federated - INFO -   Coronary Care Unit (CCU): 5113 samples, loss=0.2288
2026-05-24 15:42:22,249 - src.training.federated - INFO -   Medical Intensive Care Unit (MICU): 8791 samples, loss=0.2735
2026-05-24 15:42:22,274 - src.training.federated - INFO -   Medical/Surgical Intensive Care Unit (MICU/SICU): 6983 samples, loss=0.2627
2026-05-24 15:42:22,281 - src.training.federated - INFO -   Neuro Surgical Intensive Care Unit (Neuro SICU): 907 samples, loss=0.3759
2026-05-24 15:42:22,299 - src.training.federated - INFO -   Surgical Intensive Care Unit (SICU): 6372 samples, loss=0.2279
2026-05-24 15:42:22,314 - src.training.federated - INFO -   Trauma SICU (TSICU): 5458 samples, loss=0.1753
2026-05-24 15:42:22,314 - src.training.federated - INFO - Round 7 complete: 7 clients aggregated
2026-05-24 15:42:22,319 - src.training.federated - INFO - Round 7 Validation AUROC: 0.7414
2026-05-24 15:42:22,319 - src.training.federated - INFO - 
======================================================================
2026-05-24 15:42:22,319 - src.training.federated - INFO - Round 8/10
2026-05-24 15:42:22,319 - src.training.federated - INFO - ======================================================================
2026-05-24 15:42:22,339 - src.training.federated - INFO -   Cardiac Vascular Intensive Care Unit (CVICU): 8118 samples, loss=0.0754
2026-05-24 15:42:22,352 - src.training.federated - INFO -   Coronary Care Unit (CCU): 5113 samples, loss=0.2288
2026-05-24 15:42:22,375 - src.training.federated - INFO -   Medical Intensive Care Unit (MICU): 8791 samples, loss=0.2735
2026-05-24 15:42:22,398 - src.training.federated - INFO -   Medical/Surgical Intensive Care Unit (MICU/SICU): 6983 samples, loss=0.2627
2026-05-24 15:42:22,406 - src.training.federated - INFO -   Neuro Surgical Intensive Care Unit (Neuro SICU): 907 samples, loss=0.3759
2026-05-24 15:42:22,423 - src.training.federated - INFO -   Surgical Intensive Care Unit (SICU): 6372 samples, loss=0.2279
2026-05-24 15:42:22,438 - src.training.federated - INFO -   Trauma SICU (TSICU): 5458 samples, loss=0.1753
2026-05-24 15:42:22,438 - src.training.federated - INFO - Round 8 complete: 7 clients aggregated
2026-05-24 15:42:22,443 - src.training.federated - INFO - Round 8 Validation AUROC: 0.5366
2026-05-24 15:42:22,443 - src.training.federated - INFO - 
======================================================================
2026-05-24 15:42:22,443 - src.training.federated - INFO - Round 9/10
2026-05-24 15:42:22,443 - src.training.federated - INFO - ======================================================================
2026-05-24 15:42:22,464 - src.training.federated - INFO -   Cardiac Vascular Intensive Care Unit (CVICU): 8118 samples, loss=0.0754
2026-05-24 15:42:22,479 - src.training.federated - INFO -   Coronary Care Unit (CCU): 5113 samples, loss=0.2288
2026-05-24 15:42:22,502 - src.training.federated - INFO -   Medical Intensive Care Unit (MICU): 8791 samples, loss=0.2735
2026-05-24 15:42:22,527 - src.training.federated - INFO -   Medical/Surgical Intensive Care Unit (MICU/SICU): 6983 samples, loss=0.2627
2026-05-24 15:42:22,534 - src.training.federated - INFO -   Neuro Surgical Intensive Care Unit (Neuro SICU): 907 samples, loss=0.3759
2026-05-24 15:42:22,552 - src.training.federated - INFO -   Surgical Intensive Care Unit (SICU): 6372 samples, loss=0.2279
2026-05-24 15:42:22,567 - src.training.federated - INFO -   Trauma SICU (TSICU): 5458 samples, loss=0.1753
2026-05-24 15:42:22,567 - src.training.federated - INFO - Round 9 complete: 7 clients aggregated
2026-05-24 15:42:22,574 - src.training.federated - INFO - Round 9 Validation AUROC: 0.6864
2026-05-24 15:42:22,574 - src.training.federated - INFO - 
======================================================================
2026-05-24 15:42:22,574 - src.training.federated - INFO - Round 10/10
2026-05-24 15:42:22,574 - src.training.federated - INFO - ======================================================================
2026-05-24 15:42:22,593 - src.training.federated - INFO -   Cardiac Vascular Intensive Care Unit (CVICU): 8118 samples, loss=0.0754
2026-05-24 15:42:22,608 - src.training.federated - INFO -   Coronary Care Unit (CCU): 5113 samples, loss=0.2288
2026-05-24 15:42:22,630 - src.training.federated - INFO -   Medical Intensive Care Unit (MICU): 8791 samples, loss=0.2735
2026-05-24 15:42:22,654 - src.training.federated - INFO -   Medical/Surgical Intensive Care Unit (MICU/SICU): 6983 samples, loss=0.2627
2026-05-24 15:42:22,664 - src.training.federated - INFO -   Neuro Surgical Intensive Care Unit (Neuro SICU): 907 samples, loss=0.3759
2026-05-24 15:42:22,682 - src.training.federated - INFO -   Surgical Intensive Care Unit (SICU): 6372 samples, loss=0.2279
2026-05-24 15:42:22,697 - src.training.federated - INFO -   Trauma SICU (TSICU): 5458 samples, loss=0.1753
2026-05-24 15:42:22,697 - src.training.federated - INFO - Round 10 complete: 7 clients aggregated
2026-05-24 15:42:22,703 - src.training.federated - INFO - Round 10 Validation AUROC: 0.5018
2026-05-24 15:42:22,711 - src.training.federated - INFO - 
======================================================================
2026-05-24 15:42:22,711 - src.training.federated - INFO - Final Test AUROC: 0.4880
2026-05-24 15:42:22,711 - src.training.federated - INFO - ======================================================================

2026-05-24 15:42:22,711 - __main__ - INFO - 
======================================================================
2026-05-24 15:42:22,711 - __main__ - INFO - Phase 1.5: Results Comparison
2026-05-24 15:42:22,711 - __main__ - INFO - ======================================================================
2026-05-24 15:42:22,711 - __main__ - INFO - 
Test AUROC Comparison:
2026-05-24 15:42:22,711 - __main__ - INFO -   Centralized: 0.8880
2026-05-24 15:42:22,711 - __main__ - INFO -   Federated:   0.4880
2026-05-24 15:42:22,711 - __main__ - INFO -   Divergence:  0.3999
2026-05-24 15:42:22,711 - __main__ - WARNING - ⚠ Federated AUROC (0.4880) < 0.85 target
2026-05-24 15:42:22,711 - __main__ - WARNING - ⚠ Divergence between centralized and federated (0.3999) > 0.05
2026-05-24 15:42:22,711 - __main__ - INFO - 
======================================================================
2026-05-24 15:42:22,711 - __main__ - INFO - ⚠️  EXPERIMENT 1 PARTIAL - Manual review recommended
2026-05-24 15:42:22,711 - __main__ - INFO - ======================================================================
