2026-05-24 15:41:42,705 - __main__ - INFO - 
================================================================================
2026-05-24 15:41:42,705 - __main__ - INFO - # EXPERIMENT 1: FEDERATED LEARNING BASELINE
2026-05-24 15:41:42,705 - __main__ - INFO - ================================================================================
2026-05-24 15:41:42,706 - __main__ - INFO - 
Phase 1.1: Loading Phase 0 cohort and splits...
2026-05-24 15:41:42,706 - src.data.loader - INFO - Loading cohort from cache: /home/raiyanjiyon/Projects/federated-healthcare-ml/data/cache/mimic_iv_cohort.csv
2026-05-24 15:41:42,884 - src.data.loader - WARNING - Missing features: {'admission_type_emergency'}
2026-05-24 15:41:42,892 - src.data.loader - INFO - Dataset: 65273 patients, 31 features
2026-05-24 15:41:42,892 - src.data.loader - INFO - Target distribution: [58207  7066]
2026-05-24 15:41:42,893 - __main__ - INFO - Loaded: 65273 samples, 31 features
2026-05-24 15:41:42,893 - __main__ - INFO - Target distribution: 7066 deaths (10.8%)
2026-05-24 15:41:42,893 - __main__ - INFO - 
Phase 1.2: Distributing data to federated clients by care unit...
2026-05-24 15:41:42,897 - src.data.split - INFO - ✓ Medical Intensive Care Unit (MICU): 8791 patients, 1410 deaths (16.0%)
2026-05-24 15:41:42,901 - src.data.split - INFO - ✓ Surgical Intensive Care Unit (SICU): 6372 patients, 754 deaths (11.8%)
2026-05-24 15:41:42,905 - src.data.split - INFO - ✓ Medical/Surgical Intensive Care Unit (MICU/SICU): 6983 patients, 957 deaths (13.7%)
2026-05-24 15:41:42,909 - src.data.split - INFO - ✓ Cardiac Vascular Intensive Care Unit (CVICU): 8118 patients, 265 deaths (3.3%)
2026-05-24 15:41:42,913 - src.data.split - INFO - ✓ Coronary Care Unit (CCU): 5113 patients, 643 deaths (12.6%)
2026-05-24 15:41:42,916 - src.data.split - INFO - ✓ Trauma SICU (TSICU): 5458 patients, 569 deaths (10.4%)
2026-05-24 15:41:42,919 - src.data.split - INFO - ✓ Neuro Surgical Intensive Care Unit (Neuro SICU): 907 patients, 256 deaths (28.2%)
2026-05-24 15:41:42,924 - src.data.split - INFO -   (skipped Intensive Care Unit (ICU): 16 patients, < 100)
2026-05-24 15:41:42,926 - src.data.split - INFO -   (skipped Medicine: 9 patients, < 100)
2026-05-24 15:41:42,928 - src.data.split - INFO -   (skipped Neuro Intermediate: 3035 patients, < 100)
2026-05-24 15:41:42,931 - src.data.split - INFO -   (skipped Neuro Stepdown: 784 patients, < 100)
2026-05-24 15:41:42,933 - src.data.split - INFO -   (skipped PACU: 43 patients, < 100)
2026-05-24 15:41:42,935 - src.data.split - INFO -   (skipped Surgery/Trauma: 2 patients, < 100)
2026-05-24 15:41:42,937 - src.data.split - INFO -   (skipped Surgery/Vascular/Intermediate: 60 patients, < 100)
2026-05-24 15:41:42,937 - src.data.split - INFO - 
✓ Federated learning ready: 7 clients
2026-05-24 15:41:42,937 - __main__ - INFO - 
✓ Created 7 federated clients
2026-05-24 15:41:42,937 - __main__ - INFO - 
Client Statistics:
2026-05-24 15:41:42,937 - __main__ - INFO - ----------------------------------------------------------------------
2026-05-24 15:41:42,938 - __main__ - INFO -   Medical Intensive Care Unit (MICU)         8791 patients, 1410 deaths ( 16.0%)
2026-05-24 15:41:42,938 - __main__ - INFO -   Cardiac Vascular Intensive Care Unit (CVICU)   8118 patients,  265 deaths (  3.3%)
2026-05-24 15:41:42,938 - __main__ - INFO -   Medical/Surgical Intensive Care Unit (MICU/SICU)   6983 patients,  957 deaths ( 13.7%)
2026-05-24 15:41:42,938 - __main__ - INFO -   Surgical Intensive Care Unit (SICU)        6372 patients,  754 deaths ( 11.8%)
2026-05-24 15:41:42,938 - __main__ - INFO -   Trauma SICU (TSICU)                        5458 patients,  569 deaths ( 10.4%)
2026-05-24 15:41:42,938 - __main__ - INFO -   Coronary Care Unit (CCU)                   5113 patients,  643 deaths ( 12.6%)
2026-05-24 15:41:42,938 - __main__ - INFO -   Neuro Surgical Intensive Care Unit (Neuro SICU)    907 patients,  256 deaths ( 28.2%)
2026-05-24 15:41:42,938 - __main__ - INFO - 
======================================================================
2026-05-24 15:41:42,938 - __main__ - INFO - Phase 1.3: Training Centralized Baseline (for comparison)...
2026-05-24 15:41:42,938 - __main__ - INFO - ======================================================================
2026-05-24 15:41:43,473 - __main__ - INFO - 
Centralized Train AUROC: 0.8857
2026-05-24 15:41:43,473 - __main__ - INFO - Centralized Val AUROC:   0.8846
2026-05-24 15:41:43,473 - __main__ - INFO - Centralized Test AUROC:  0.8880
2026-05-24 15:41:43,473 - __main__ - INFO - 
======================================================================
2026-05-24 15:41:43,473 - __main__ - INFO - Phase 1.4: Training Federated Learning Model...
2026-05-24 15:41:43,473 - __main__ - INFO - ======================================================================
2026-05-24 15:41:43,473 - __main__ - INFO - Overriding DP epsilon to 5.0
2026-05-24 15:41:43,473 - __main__ - INFO - Overriding clipping threshold to 0.1
2026-05-24 15:41:43,505 - root - INFO - 
======================================================================
2026-05-24 15:41:43,505 - root - INFO - Differential Privacy Mechanism Initialized: GaussianDP
2026-05-24 15:41:43,505 - root - INFO - ======================================================================
2026-05-24 15:41:43,505 - root - INFO -   Privacy Budget (ε):     1.0000
2026-05-24 15:41:43,505 - root - INFO -   Failure Probability (δ): 0.000010
2026-05-24 15:41:43,505 - root - INFO -   Clipping Norm (C):      1.0000
2026-05-24 15:41:43,505 - root - INFO -   Noise Scale (σ):        4.7985
2026-05-24 15:41:43,505 - root - INFO - ======================================================================

2026-05-24 15:41:43,506 - src.training.federated - INFO - FederatedTrainer initialized:
2026-05-24 15:41:43,506 - src.training.federated - INFO -   Clients: 7
2026-05-24 15:41:43,506 - src.training.federated - INFO -   Training samples: 41742
2026-05-24 15:41:43,506 - src.training.federated - INFO -   Validation samples: 9791
2026-05-24 15:41:43,506 - src.training.federated - INFO -   Test samples: 9791
2026-05-24 15:41:43,506 - src.training.federated - INFO -   Features: 31
2026-05-24 15:41:43,506 - src.training.federated - INFO -   Rounds: 10
2026-05-24 15:41:43,506 - src.training.federated - INFO -   Strategy: FEDAVG
2026-05-24 15:41:43,506 - src.training.federated - INFO -   Privacy: Enabled (ε=1.0, δ=1e-5)
2026-05-24 15:41:43,506 - src.training.federated - INFO - 
######################################################################
2026-05-24 15:41:43,506 - src.training.federated - INFO - # FEDERATED LEARNING TRAINING (10 rounds)
2026-05-24 15:41:43,506 - src.training.federated - INFO - # Strategy: FEDAVG
2026-05-24 15:41:43,506 - src.training.federated - INFO - ######################################################################

2026-05-24 15:41:43,506 - src.training.federated - INFO - 
======================================================================
2026-05-24 15:41:43,506 - src.training.federated - INFO - Round 1/10
2026-05-24 15:41:43,506 - src.training.federated - INFO - ======================================================================
2026-05-24 15:41:43,545 - src.training.federated - INFO -   Cardiac Vascular Intensive Care Unit (CVICU): 8118 samples, loss=0.0754
2026-05-24 15:41:43,563 - src.training.federated - INFO -   Coronary Care Unit (CCU): 5113 samples, loss=0.2288
2026-05-24 15:41:43,593 - src.training.federated - INFO -   Medical Intensive Care Unit (MICU): 8791 samples, loss=0.2735
2026-05-24 15:41:43,623 - src.training.federated - INFO -   Medical/Surgical Intensive Care Unit (MICU/SICU): 6983 samples, loss=0.2627
2026-05-24 15:41:43,632 - src.training.federated - INFO -   Neuro Surgical Intensive Care Unit (Neuro SICU): 907 samples, loss=0.3759
2026-05-24 15:41:43,653 - src.training.federated - INFO -   Surgical Intensive Care Unit (SICU): 6372 samples, loss=0.2279
2026-05-24 15:41:43,672 - src.training.federated - INFO -   Trauma SICU (TSICU): 5458 samples, loss=0.1753
2026-05-24 15:41:43,672 - src.training.federated - INFO - Round 1 complete: 7 clients aggregated
2026-05-24 15:41:43,678 - src.training.federated - INFO - Round 1 Validation AUROC: 0.7373
2026-05-24 15:41:43,678 - src.training.federated - INFO - 
======================================================================
2026-05-24 15:41:43,678 - src.training.federated - INFO - Round 2/10
2026-05-24 15:41:43,678 - src.training.federated - INFO - ======================================================================
2026-05-24 15:41:43,702 - src.training.federated - INFO -   Cardiac Vascular Intensive Care Unit (CVICU): 8118 samples, loss=0.0754
2026-05-24 15:41:43,719 - src.training.federated - INFO -   Coronary Care Unit (CCU): 5113 samples, loss=0.2288
2026-05-24 15:41:43,746 - src.training.federated - INFO -   Medical Intensive Care Unit (MICU): 8791 samples, loss=0.2735
2026-05-24 15:41:43,775 - src.training.federated - INFO -   Medical/Surgical Intensive Care Unit (MICU/SICU): 6983 samples, loss=0.2627
2026-05-24 15:41:43,783 - src.training.federated - INFO -   Neuro Surgical Intensive Care Unit (Neuro SICU): 907 samples, loss=0.3759
2026-05-24 15:41:43,805 - src.training.federated - INFO -   Surgical Intensive Care Unit (SICU): 6372 samples, loss=0.2279
2026-05-24 15:41:43,823 - src.training.federated - INFO -   Trauma SICU (TSICU): 5458 samples, loss=0.1753
2026-05-24 15:41:43,823 - src.training.federated - INFO - Round 2 complete: 7 clients aggregated
2026-05-24 15:41:43,829 - src.training.federated - INFO - Round 2 Validation AUROC: 0.6685
2026-05-24 15:41:43,829 - src.training.federated - INFO - 
======================================================================
2026-05-24 15:41:43,829 - src.training.federated - INFO - Round 3/10
2026-05-24 15:41:43,829 - src.training.federated - INFO - ======================================================================
2026-05-24 15:41:43,854 - src.training.federated - INFO -   Cardiac Vascular Intensive Care Unit (CVICU): 8118 samples, loss=0.0754
2026-05-24 15:41:43,870 - src.training.federated - INFO -   Coronary Care Unit (CCU): 5113 samples, loss=0.2288
2026-05-24 15:41:43,903 - src.training.federated - INFO -   Medical Intensive Care Unit (MICU): 8791 samples, loss=0.2735
2026-05-24 15:41:43,933 - src.training.federated - INFO -   Medical/Surgical Intensive Care Unit (MICU/SICU): 6983 samples, loss=0.2627
2026-05-24 15:41:43,942 - src.training.federated - INFO -   Neuro Surgical Intensive Care Unit (Neuro SICU): 907 samples, loss=0.3759
2026-05-24 15:41:43,968 - src.training.federated - INFO -   Surgical Intensive Care Unit (SICU): 6372 samples, loss=0.2279
2026-05-24 15:41:43,988 - src.training.federated - INFO -   Trauma SICU (TSICU): 5458 samples, loss=0.1753
2026-05-24 15:41:43,988 - src.training.federated - INFO - Round 3 complete: 7 clients aggregated
2026-05-24 15:41:43,995 - src.training.federated - INFO - Round 3 Validation AUROC: 0.5341
2026-05-24 15:41:43,995 - src.training.federated - INFO - 
======================================================================
2026-05-24 15:41:43,995 - src.training.federated - INFO - Round 4/10
2026-05-24 15:41:43,995 - src.training.federated - INFO - ======================================================================
2026-05-24 15:41:44,021 - src.training.federated - INFO -   Cardiac Vascular Intensive Care Unit (CVICU): 8118 samples, loss=0.0754
2026-05-24 15:41:44,038 - src.training.federated - INFO -   Coronary Care Unit (CCU): 5113 samples, loss=0.2288
2026-05-24 15:41:44,066 - src.training.federated - INFO -   Medical Intensive Care Unit (MICU): 8791 samples, loss=0.2735
2026-05-24 15:41:44,093 - src.training.federated - INFO -   Medical/Surgical Intensive Care Unit (MICU/SICU): 6983 samples, loss=0.2627
2026-05-24 15:41:44,102 - src.training.federated - INFO -   Neuro Surgical Intensive Care Unit (Neuro SICU): 907 samples, loss=0.3759
2026-05-24 15:41:44,123 - src.training.federated - INFO -   Surgical Intensive Care Unit (SICU): 6372 samples, loss=0.2279
2026-05-24 15:41:44,142 - src.training.federated - INFO -   Trauma SICU (TSICU): 5458 samples, loss=0.1753
2026-05-24 15:41:44,142 - src.training.federated - INFO - Round 4 complete: 7 clients aggregated
2026-05-24 15:41:44,149 - src.training.federated - INFO - Round 4 Validation AUROC: 0.7420
2026-05-24 15:41:44,149 - src.training.federated - INFO - 
======================================================================
2026-05-24 15:41:44,149 - src.training.federated - INFO - Round 5/10
2026-05-24 15:41:44,149 - src.training.federated - INFO - ======================================================================
2026-05-24 15:41:44,174 - src.training.federated - INFO -   Cardiac Vascular Intensive Care Unit (CVICU): 8118 samples, loss=0.0754
2026-05-24 15:41:44,192 - src.training.federated - INFO -   Coronary Care Unit (CCU): 5113 samples, loss=0.2288
2026-05-24 15:41:44,221 - src.training.federated - INFO -   Medical Intensive Care Unit (MICU): 8791 samples, loss=0.2735
2026-05-24 15:41:44,252 - src.training.federated - INFO -   Medical/Surgical Intensive Care Unit (MICU/SICU): 6983 samples, loss=0.2627
2026-05-24 15:41:44,260 - src.training.federated - INFO -   Neuro Surgical Intensive Care Unit (Neuro SICU): 907 samples, loss=0.3759
2026-05-24 15:41:44,284 - src.training.federated - INFO -   Surgical Intensive Care Unit (SICU): 6372 samples, loss=0.2279
2026-05-24 15:41:44,302 - src.training.federated - INFO -   Trauma SICU (TSICU): 5458 samples, loss=0.1753
2026-05-24 15:41:44,302 - src.training.federated - INFO - Round 5 complete: 7 clients aggregated
2026-05-24 15:41:44,308 - src.training.federated - INFO - Round 5 Validation AUROC: 0.3943
2026-05-24 15:41:44,308 - src.training.federated - INFO - 
======================================================================
2026-05-24 15:41:44,308 - src.training.federated - INFO - Round 6/10
2026-05-24 15:41:44,308 - src.training.federated - INFO - ======================================================================
2026-05-24 15:41:44,334 - src.training.federated - INFO -   Cardiac Vascular Intensive Care Unit (CVICU): 8118 samples, loss=0.0754
2026-05-24 15:41:44,351 - src.training.federated - INFO -   Coronary Care Unit (CCU): 5113 samples, loss=0.2288
2026-05-24 15:41:44,380 - src.training.federated - INFO -   Medical Intensive Care Unit (MICU): 8791 samples, loss=0.2735
2026-05-24 15:41:44,408 - src.training.federated - INFO -   Medical/Surgical Intensive Care Unit (MICU/SICU): 6983 samples, loss=0.2627
2026-05-24 15:41:44,416 - src.training.federated - INFO -   Neuro Surgical Intensive Care Unit (Neuro SICU): 907 samples, loss=0.3759
2026-05-24 15:41:44,438 - src.training.federated - INFO -   Surgical Intensive Care Unit (SICU): 6372 samples, loss=0.2279
2026-05-24 15:41:44,457 - src.training.federated - INFO -   Trauma SICU (TSICU): 5458 samples, loss=0.1753
2026-05-24 15:41:44,457 - src.training.federated - INFO - Round 6 complete: 7 clients aggregated
2026-05-24 15:41:44,464 - src.training.federated - INFO - Round 6 Validation AUROC: 0.5295
2026-05-24 15:41:44,464 - src.training.federated - INFO - 
======================================================================
2026-05-24 15:41:44,464 - src.training.federated - INFO - Round 7/10
2026-05-24 15:41:44,464 - src.training.federated - INFO - ======================================================================
2026-05-24 15:41:44,490 - src.training.federated - INFO -   Cardiac Vascular Intensive Care Unit (CVICU): 8118 samples, loss=0.0754
2026-05-24 15:41:44,507 - src.training.federated - INFO -   Coronary Care Unit (CCU): 5113 samples, loss=0.2288
2026-05-24 15:41:44,536 - src.training.federated - INFO -   Medical Intensive Care Unit (MICU): 8791 samples, loss=0.2735
2026-05-24 15:41:44,565 - src.training.federated - INFO -   Medical/Surgical Intensive Care Unit (MICU/SICU): 6983 samples, loss=0.2627
2026-05-24 15:41:44,572 - src.training.federated - INFO -   Neuro Surgical Intensive Care Unit (Neuro SICU): 907 samples, loss=0.3759
2026-05-24 15:41:44,594 - src.training.federated - INFO -   Surgical Intensive Care Unit (SICU): 6372 samples, loss=0.2279
2026-05-24 15:41:44,612 - src.training.federated - INFO -   Trauma SICU (TSICU): 5458 samples, loss=0.1753
2026-05-24 15:41:44,613 - src.training.federated - INFO - Round 7 complete: 7 clients aggregated
2026-05-24 15:41:44,619 - src.training.federated - INFO - Round 7 Validation AUROC: 0.7414
2026-05-24 15:41:44,619 - src.training.federated - INFO - 
======================================================================
2026-05-24 15:41:44,619 - src.training.federated - INFO - Round 8/10
2026-05-24 15:41:44,619 - src.training.federated - INFO - ======================================================================
2026-05-24 15:41:44,644 - src.training.federated - INFO -   Cardiac Vascular Intensive Care Unit (CVICU): 8118 samples, loss=0.0754
2026-05-24 15:41:44,661 - src.training.federated - INFO -   Coronary Care Unit (CCU): 5113 samples, loss=0.2288
2026-05-24 15:41:44,689 - src.training.federated - INFO -   Medical Intensive Care Unit (MICU): 8791 samples, loss=0.2735
2026-05-24 15:41:44,717 - src.training.federated - INFO -   Medical/Surgical Intensive Care Unit (MICU/SICU): 6983 samples, loss=0.2627
2026-05-24 15:41:44,725 - src.training.federated - INFO -   Neuro Surgical Intensive Care Unit (Neuro SICU): 907 samples, loss=0.3759
2026-05-24 15:41:44,746 - src.training.federated - INFO -   Surgical Intensive Care Unit (SICU): 6372 samples, loss=0.2279
2026-05-24 15:41:44,763 - src.training.federated - INFO -   Trauma SICU (TSICU): 5458 samples, loss=0.1753
2026-05-24 15:41:44,764 - src.training.federated - INFO - Round 8 complete: 7 clients aggregated
2026-05-24 15:41:44,770 - src.training.federated - INFO - Round 8 Validation AUROC: 0.5366
2026-05-24 15:41:44,770 - src.training.federated - INFO - 
======================================================================
2026-05-24 15:41:44,770 - src.training.federated - INFO - Round 9/10
2026-05-24 15:41:44,770 - src.training.federated - INFO - ======================================================================
2026-05-24 15:41:44,793 - src.training.federated - INFO -   Cardiac Vascular Intensive Care Unit (CVICU): 8118 samples, loss=0.0754
2026-05-24 15:41:44,810 - src.training.federated - INFO -   Coronary Care Unit (CCU): 5113 samples, loss=0.2288
2026-05-24 15:41:44,837 - src.training.federated - INFO -   Medical Intensive Care Unit (MICU): 8791 samples, loss=0.2735
2026-05-24 15:41:44,865 - src.training.federated - INFO -   Medical/Surgical Intensive Care Unit (MICU/SICU): 6983 samples, loss=0.2627
2026-05-24 15:41:44,873 - src.training.federated - INFO -   Neuro Surgical Intensive Care Unit (Neuro SICU): 907 samples, loss=0.3759
2026-05-24 15:41:44,894 - src.training.federated - INFO -   Surgical Intensive Care Unit (SICU): 6372 samples, loss=0.2279
2026-05-24 15:41:44,911 - src.training.federated - INFO -   Trauma SICU (TSICU): 5458 samples, loss=0.1753
2026-05-24 15:41:44,911 - src.training.federated - INFO - Round 9 complete: 7 clients aggregated
2026-05-24 15:41:44,918 - src.training.federated - INFO - Round 9 Validation AUROC: 0.6864
2026-05-24 15:41:44,918 - src.training.federated - INFO - 
======================================================================
2026-05-24 15:41:44,918 - src.training.federated - INFO - Round 10/10
2026-05-24 15:41:44,918 - src.training.federated - INFO - ======================================================================
2026-05-24 15:41:44,941 - src.training.federated - INFO -   Cardiac Vascular Intensive Care Unit (CVICU): 8118 samples, loss=0.0754
2026-05-24 15:41:44,958 - src.training.federated - INFO -   Coronary Care Unit (CCU): 5113 samples, loss=0.2288
2026-05-24 15:41:44,985 - src.training.federated - INFO -   Medical Intensive Care Unit (MICU): 8791 samples, loss=0.2735
2026-05-24 15:41:45,014 - src.training.federated - INFO -   Medical/Surgical Intensive Care Unit (MICU/SICU): 6983 samples, loss=0.2627
2026-05-24 15:41:45,022 - src.training.federated - INFO -   Neuro Surgical Intensive Care Unit (Neuro SICU): 907 samples, loss=0.3759
2026-05-24 15:41:45,043 - src.training.federated - INFO -   Surgical Intensive Care Unit (SICU): 6372 samples, loss=0.2279
2026-05-24 15:41:45,060 - src.training.federated - INFO -   Trauma SICU (TSICU): 5458 samples, loss=0.1753
2026-05-24 15:41:45,060 - src.training.federated - INFO - Round 10 complete: 7 clients aggregated
2026-05-24 15:41:45,067 - src.training.federated - INFO - Round 10 Validation AUROC: 0.5018
2026-05-24 15:41:45,073 - src.training.federated - INFO - 
======================================================================
2026-05-24 15:41:45,073 - src.training.federated - INFO - Final Test AUROC: 0.4880
2026-05-24 15:41:45,073 - src.training.federated - INFO - ======================================================================

2026-05-24 15:41:45,073 - __main__ - INFO - 
======================================================================
2026-05-24 15:41:45,073 - __main__ - INFO - Phase 1.5: Results Comparison
2026-05-24 15:41:45,073 - __main__ - INFO - ======================================================================
2026-05-24 15:41:45,073 - __main__ - INFO - 
Test AUROC Comparison:
2026-05-24 15:41:45,073 - __main__ - INFO -   Centralized: 0.8880
2026-05-24 15:41:45,073 - __main__ - INFO -   Federated:   0.4880
2026-05-24 15:41:45,073 - __main__ - INFO -   Divergence:  0.3999
2026-05-24 15:41:45,073 - __main__ - WARNING - ⚠ Federated AUROC (0.4880) < 0.85 target
2026-05-24 15:41:45,073 - __main__ - WARNING - ⚠ Divergence between centralized and federated (0.3999) > 0.05
2026-05-24 15:41:45,073 - __main__ - INFO - 
======================================================================
2026-05-24 15:41:45,073 - __main__ - INFO - ⚠️  EXPERIMENT 1 PARTIAL - Manual review recommended
2026-05-24 15:41:45,073 - __main__ - INFO - ======================================================================
