2026-05-24 15:38:02,921 - __main__ - INFO - 
================================================================================
2026-05-24 15:38:02,921 - __main__ - INFO - # EXPERIMENT 1: FEDERATED LEARNING BASELINE
2026-05-24 15:38:02,921 - __main__ - INFO - ================================================================================
2026-05-24 15:38:02,922 - __main__ - INFO - 
Phase 1.1: Loading Phase 0 cohort and splits...
2026-05-24 15:38:02,922 - src.data.loader - INFO - Loading cohort from cache: /home/raiyanjiyon/Projects/federated-healthcare-ml/data/cache/mimic_iv_cohort.csv
2026-05-24 15:38:03,093 - src.data.loader - WARNING - Missing features: {'admission_type_emergency'}
2026-05-24 15:38:03,100 - src.data.loader - INFO - Dataset: 65273 patients, 31 features
2026-05-24 15:38:03,101 - src.data.loader - INFO - Target distribution: [58207  7066]
2026-05-24 15:38:03,101 - __main__ - INFO - Loaded: 65273 samples, 31 features
2026-05-24 15:38:03,101 - __main__ - INFO - Target distribution: 7066 deaths (10.8%)
2026-05-24 15:38:03,101 - __main__ - INFO - 
Phase 1.2: Distributing data to federated clients by care unit...
2026-05-24 15:38:03,105 - src.data.split - INFO - ✓ Medical Intensive Care Unit (MICU): 8791 patients, 1410 deaths (16.0%)
2026-05-24 15:38:03,109 - src.data.split - INFO - ✓ Surgical Intensive Care Unit (SICU): 6372 patients, 754 deaths (11.8%)
2026-05-24 15:38:03,113 - src.data.split - INFO - ✓ Medical/Surgical Intensive Care Unit (MICU/SICU): 6983 patients, 957 deaths (13.7%)
2026-05-24 15:38:03,117 - src.data.split - INFO - ✓ Cardiac Vascular Intensive Care Unit (CVICU): 8118 patients, 265 deaths (3.3%)
2026-05-24 15:38:03,120 - src.data.split - INFO - ✓ Coronary Care Unit (CCU): 5113 patients, 643 deaths (12.6%)
2026-05-24 15:38:03,124 - src.data.split - INFO - ✓ Trauma SICU (TSICU): 5458 patients, 569 deaths (10.4%)
2026-05-24 15:38:03,127 - src.data.split - INFO - ✓ Neuro Surgical Intensive Care Unit (Neuro SICU): 907 patients, 256 deaths (28.2%)
2026-05-24 15:38:03,132 - src.data.split - INFO -   (skipped Intensive Care Unit (ICU): 16 patients, < 100)
2026-05-24 15:38:03,134 - src.data.split - INFO -   (skipped Medicine: 9 patients, < 100)
2026-05-24 15:38:03,136 - src.data.split - INFO -   (skipped Neuro Intermediate: 3035 patients, < 100)
2026-05-24 15:38:03,138 - src.data.split - INFO -   (skipped Neuro Stepdown: 784 patients, < 100)
2026-05-24 15:38:03,141 - src.data.split - INFO -   (skipped PACU: 43 patients, < 100)
2026-05-24 15:38:03,143 - src.data.split - INFO -   (skipped Surgery/Trauma: 2 patients, < 100)
2026-05-24 15:38:03,145 - src.data.split - INFO -   (skipped Surgery/Vascular/Intermediate: 60 patients, < 100)
2026-05-24 15:38:03,145 - src.data.split - INFO - 
✓ Federated learning ready: 7 clients
2026-05-24 15:38:03,145 - __main__ - INFO - 
✓ Created 7 federated clients
2026-05-24 15:38:03,145 - __main__ - INFO - 
Client Statistics:
2026-05-24 15:38:03,145 - __main__ - INFO - ----------------------------------------------------------------------
2026-05-24 15:38:03,145 - __main__ - INFO -   Medical Intensive Care Unit (MICU)         8791 patients, 1410 deaths ( 16.0%)
2026-05-24 15:38:03,145 - __main__ - INFO -   Cardiac Vascular Intensive Care Unit (CVICU)   8118 patients,  265 deaths (  3.3%)
2026-05-24 15:38:03,145 - __main__ - INFO -   Medical/Surgical Intensive Care Unit (MICU/SICU)   6983 patients,  957 deaths ( 13.7%)
2026-05-24 15:38:03,145 - __main__ - INFO -   Surgical Intensive Care Unit (SICU)        6372 patients,  754 deaths ( 11.8%)
2026-05-24 15:38:03,145 - __main__ - INFO -   Trauma SICU (TSICU)                        5458 patients,  569 deaths ( 10.4%)
2026-05-24 15:38:03,145 - __main__ - INFO -   Coronary Care Unit (CCU)                   5113 patients,  643 deaths ( 12.6%)
2026-05-24 15:38:03,145 - __main__ - INFO -   Neuro Surgical Intensive Care Unit (Neuro SICU)    907 patients,  256 deaths ( 28.2%)
2026-05-24 15:38:03,145 - __main__ - INFO - 
======================================================================
2026-05-24 15:38:03,145 - __main__ - INFO - Phase 1.3: Training Centralized Baseline (for comparison)...
2026-05-24 15:38:03,146 - __main__ - INFO - ======================================================================
2026-05-24 15:38:03,769 - __main__ - INFO - 
Centralized Train AUROC: 0.8857
2026-05-24 15:38:03,770 - __main__ - INFO - Centralized Val AUROC:   0.8846
2026-05-24 15:38:03,770 - __main__ - INFO - Centralized Test AUROC:  0.8880
2026-05-24 15:38:03,770 - __main__ - INFO - 
======================================================================
2026-05-24 15:38:03,770 - __main__ - INFO - Phase 1.4: Training Federated Learning Model...
2026-05-24 15:38:03,770 - __main__ - INFO - ======================================================================
2026-05-24 15:38:03,770 - __main__ - INFO - Overriding DP epsilon to 0.5
2026-05-24 15:38:03,784 - root - INFO - 
======================================================================
2026-05-24 15:38:03,784 - root - INFO - Differential Privacy Mechanism Initialized: GaussianDP
2026-05-24 15:38:03,784 - root - INFO - ======================================================================
2026-05-24 15:38:03,784 - root - INFO -   Privacy Budget (ε):     1.0000
2026-05-24 15:38:03,785 - root - INFO -   Failure Probability (δ): 0.000010
2026-05-24 15:38:03,785 - root - INFO -   Clipping Norm (C):      1.0000
2026-05-24 15:38:03,785 - root - INFO -   Noise Scale (σ):        4.7985
2026-05-24 15:38:03,785 - root - INFO - ======================================================================

2026-05-24 15:38:03,785 - src.training.federated - INFO - FederatedTrainer initialized:
2026-05-24 15:38:03,785 - src.training.federated - INFO -   Clients: 7
2026-05-24 15:38:03,785 - src.training.federated - INFO -   Training samples: 41742
2026-05-24 15:38:03,785 - src.training.federated - INFO -   Validation samples: 9791
2026-05-24 15:38:03,785 - src.training.federated - INFO -   Test samples: 9791
2026-05-24 15:38:03,785 - src.training.federated - INFO -   Features: 31
2026-05-24 15:38:03,785 - src.training.federated - INFO -   Rounds: 10
2026-05-24 15:38:03,785 - src.training.federated - INFO -   Strategy: FEDAVG
2026-05-24 15:38:03,785 - src.training.federated - INFO -   Privacy: Enabled (ε=1.0, δ=1e-5)
2026-05-24 15:38:03,785 - src.training.federated - INFO - 
######################################################################
2026-05-24 15:38:03,785 - src.training.federated - INFO - # FEDERATED LEARNING TRAINING (10 rounds)
2026-05-24 15:38:03,785 - src.training.federated - INFO - # Strategy: FEDAVG
2026-05-24 15:38:03,785 - src.training.federated - INFO - ######################################################################

2026-05-24 15:38:03,785 - src.training.federated - INFO - 
======================================================================
2026-05-24 15:38:03,785 - src.training.federated - INFO - Round 1/10
2026-05-24 15:38:03,785 - src.training.federated - INFO - ======================================================================
2026-05-24 15:38:03,869 - src.training.federated - INFO -   Cardiac Vascular Intensive Care Unit (CVICU): 8118 samples, loss=0.0754
2026-05-24 15:38:03,886 - src.training.federated - INFO -   Coronary Care Unit (CCU): 5113 samples, loss=0.2288
2026-05-24 15:38:03,914 - src.training.federated - INFO -   Medical Intensive Care Unit (MICU): 8791 samples, loss=0.2735
2026-05-24 15:38:03,943 - src.training.federated - INFO -   Medical/Surgical Intensive Care Unit (MICU/SICU): 6983 samples, loss=0.2627
2026-05-24 15:38:03,951 - src.training.federated - INFO -   Neuro Surgical Intensive Care Unit (Neuro SICU): 907 samples, loss=0.3759
2026-05-24 15:38:03,972 - src.training.federated - INFO -   Surgical Intensive Care Unit (SICU): 6372 samples, loss=0.2279
2026-05-24 15:38:03,989 - src.training.federated - INFO -   Trauma SICU (TSICU): 5458 samples, loss=0.1753
2026-05-24 15:38:03,989 - src.training.federated - INFO - Round 1 complete: 7 clients aggregated
2026-05-24 15:38:03,996 - src.training.federated - INFO - Round 1 Validation AUROC: 0.7373
2026-05-24 15:38:03,996 - src.training.federated - INFO - 
======================================================================
2026-05-24 15:38:03,996 - src.training.federated - INFO - Round 2/10
2026-05-24 15:38:03,996 - src.training.federated - INFO - ======================================================================
2026-05-24 15:38:04,020 - src.training.federated - INFO -   Cardiac Vascular Intensive Care Unit (CVICU): 8118 samples, loss=0.0754
2026-05-24 15:38:04,037 - src.training.federated - INFO -   Coronary Care Unit (CCU): 5113 samples, loss=0.2288
2026-05-24 15:38:04,065 - src.training.federated - INFO -   Medical Intensive Care Unit (MICU): 8791 samples, loss=0.2735
2026-05-24 15:38:04,094 - src.training.federated - INFO -   Medical/Surgical Intensive Care Unit (MICU/SICU): 6983 samples, loss=0.2627
2026-05-24 15:38:04,101 - src.training.federated - INFO -   Neuro Surgical Intensive Care Unit (Neuro SICU): 907 samples, loss=0.3759
2026-05-24 15:38:04,123 - src.training.federated - INFO -   Surgical Intensive Care Unit (SICU): 6372 samples, loss=0.2279
2026-05-24 15:38:04,141 - src.training.federated - INFO -   Trauma SICU (TSICU): 5458 samples, loss=0.1753
2026-05-24 15:38:04,141 - src.training.federated - INFO - Round 2 complete: 7 clients aggregated
2026-05-24 15:38:04,148 - src.training.federated - INFO - Round 2 Validation AUROC: 0.6685
2026-05-24 15:38:04,148 - src.training.federated - INFO - 
======================================================================
2026-05-24 15:38:04,148 - src.training.federated - INFO - Round 3/10
2026-05-24 15:38:04,148 - src.training.federated - INFO - ======================================================================
2026-05-24 15:38:04,173 - src.training.federated - INFO -   Cardiac Vascular Intensive Care Unit (CVICU): 8118 samples, loss=0.0754
2026-05-24 15:38:04,189 - src.training.federated - INFO -   Coronary Care Unit (CCU): 5113 samples, loss=0.2288
2026-05-24 15:38:04,217 - src.training.federated - INFO -   Medical Intensive Care Unit (MICU): 8791 samples, loss=0.2735
2026-05-24 15:38:04,245 - src.training.federated - INFO -   Medical/Surgical Intensive Care Unit (MICU/SICU): 6983 samples, loss=0.2627
2026-05-24 15:38:04,253 - src.training.federated - INFO -   Neuro Surgical Intensive Care Unit (Neuro SICU): 907 samples, loss=0.3759
2026-05-24 15:38:04,274 - src.training.federated - INFO -   Surgical Intensive Care Unit (SICU): 6372 samples, loss=0.2279
2026-05-24 15:38:04,292 - src.training.federated - INFO -   Trauma SICU (TSICU): 5458 samples, loss=0.1753
2026-05-24 15:38:04,292 - src.training.federated - INFO - Round 3 complete: 7 clients aggregated
2026-05-24 15:38:04,298 - src.training.federated - INFO - Round 3 Validation AUROC: 0.5341
2026-05-24 15:38:04,298 - src.training.federated - INFO - 
======================================================================
2026-05-24 15:38:04,298 - src.training.federated - INFO - Round 4/10
2026-05-24 15:38:04,298 - src.training.federated - INFO - ======================================================================
2026-05-24 15:38:04,322 - src.training.federated - INFO -   Cardiac Vascular Intensive Care Unit (CVICU): 8118 samples, loss=0.0754
2026-05-24 15:38:04,339 - src.training.federated - INFO -   Coronary Care Unit (CCU): 5113 samples, loss=0.2288
2026-05-24 15:38:04,368 - src.training.federated - INFO -   Medical Intensive Care Unit (MICU): 8791 samples, loss=0.2735
2026-05-24 15:38:04,397 - src.training.federated - INFO -   Medical/Surgical Intensive Care Unit (MICU/SICU): 6983 samples, loss=0.2627
2026-05-24 15:38:04,405 - src.training.federated - INFO -   Neuro Surgical Intensive Care Unit (Neuro SICU): 907 samples, loss=0.3759
2026-05-24 15:38:04,428 - src.training.federated - INFO -   Surgical Intensive Care Unit (SICU): 6372 samples, loss=0.2279
2026-05-24 15:38:04,446 - src.training.federated - INFO -   Trauma SICU (TSICU): 5458 samples, loss=0.1753
2026-05-24 15:38:04,447 - src.training.federated - INFO - Round 4 complete: 7 clients aggregated
2026-05-24 15:38:04,452 - src.training.federated - INFO - Round 4 Validation AUROC: 0.7420
2026-05-24 15:38:04,452 - src.training.federated - INFO - 
======================================================================
2026-05-24 15:38:04,452 - src.training.federated - INFO - Round 5/10
2026-05-24 15:38:04,452 - src.training.federated - INFO - ======================================================================
2026-05-24 15:38:04,478 - src.training.federated - INFO -   Cardiac Vascular Intensive Care Unit (CVICU): 8118 samples, loss=0.0754
2026-05-24 15:38:04,495 - src.training.federated - INFO -   Coronary Care Unit (CCU): 5113 samples, loss=0.2288
2026-05-24 15:38:04,523 - src.training.federated - INFO -   Medical Intensive Care Unit (MICU): 8791 samples, loss=0.2735
2026-05-24 15:38:04,552 - src.training.federated - INFO -   Medical/Surgical Intensive Care Unit (MICU/SICU): 6983 samples, loss=0.2627
2026-05-24 15:38:04,560 - src.training.federated - INFO -   Neuro Surgical Intensive Care Unit (Neuro SICU): 907 samples, loss=0.3759
2026-05-24 15:38:04,582 - src.training.federated - INFO -   Surgical Intensive Care Unit (SICU): 6372 samples, loss=0.2279
2026-05-24 15:38:04,600 - src.training.federated - INFO -   Trauma SICU (TSICU): 5458 samples, loss=0.1753
2026-05-24 15:38:04,600 - src.training.federated - INFO - Round 5 complete: 7 clients aggregated
2026-05-24 15:38:04,606 - src.training.federated - INFO - Round 5 Validation AUROC: 0.3943
2026-05-24 15:38:04,606 - src.training.federated - INFO - 
======================================================================
2026-05-24 15:38:04,606 - src.training.federated - INFO - Round 6/10
2026-05-24 15:38:04,606 - src.training.federated - INFO - ======================================================================
2026-05-24 15:38:04,632 - src.training.federated - INFO -   Cardiac Vascular Intensive Care Unit (CVICU): 8118 samples, loss=0.0754
2026-05-24 15:38:04,652 - src.training.federated - INFO -   Coronary Care Unit (CCU): 5113 samples, loss=0.2288
2026-05-24 15:38:04,683 - src.training.federated - INFO -   Medical Intensive Care Unit (MICU): 8791 samples, loss=0.2735
2026-05-24 15:38:04,712 - src.training.federated - INFO -   Medical/Surgical Intensive Care Unit (MICU/SICU): 6983 samples, loss=0.2627
2026-05-24 15:38:04,720 - src.training.federated - INFO -   Neuro Surgical Intensive Care Unit (Neuro SICU): 907 samples, loss=0.3759
2026-05-24 15:38:04,741 - src.training.federated - INFO -   Surgical Intensive Care Unit (SICU): 6372 samples, loss=0.2279
2026-05-24 15:38:04,759 - src.training.federated - INFO -   Trauma SICU (TSICU): 5458 samples, loss=0.1753
2026-05-24 15:38:04,759 - src.training.federated - INFO - Round 6 complete: 7 clients aggregated
2026-05-24 15:38:04,765 - src.training.federated - INFO - Round 6 Validation AUROC: 0.5295
2026-05-24 15:38:04,765 - src.training.federated - INFO - 
======================================================================
2026-05-24 15:38:04,765 - src.training.federated - INFO - Round 7/10
2026-05-24 15:38:04,765 - src.training.federated - INFO - ======================================================================
2026-05-24 15:38:04,789 - src.training.federated - INFO -   Cardiac Vascular Intensive Care Unit (CVICU): 8118 samples, loss=0.0754
2026-05-24 15:38:04,806 - src.training.federated - INFO -   Coronary Care Unit (CCU): 5113 samples, loss=0.2288
2026-05-24 15:38:04,835 - src.training.federated - INFO -   Medical Intensive Care Unit (MICU): 8791 samples, loss=0.2735
2026-05-24 15:38:04,864 - src.training.federated - INFO -   Medical/Surgical Intensive Care Unit (MICU/SICU): 6983 samples, loss=0.2627
2026-05-24 15:38:04,872 - src.training.federated - INFO -   Neuro Surgical Intensive Care Unit (Neuro SICU): 907 samples, loss=0.3759
2026-05-24 15:38:04,894 - src.training.federated - INFO -   Surgical Intensive Care Unit (SICU): 6372 samples, loss=0.2279
2026-05-24 15:38:04,912 - src.training.federated - INFO -   Trauma SICU (TSICU): 5458 samples, loss=0.1753
2026-05-24 15:38:04,912 - src.training.federated - INFO - Round 7 complete: 7 clients aggregated
2026-05-24 15:38:04,918 - src.training.federated - INFO - Round 7 Validation AUROC: 0.7414
2026-05-24 15:38:04,918 - src.training.federated - INFO - 
======================================================================
2026-05-24 15:38:04,918 - src.training.federated - INFO - Round 8/10
2026-05-24 15:38:04,918 - src.training.federated - INFO - ======================================================================
2026-05-24 15:38:04,943 - src.training.federated - INFO -   Cardiac Vascular Intensive Care Unit (CVICU): 8118 samples, loss=0.0754
2026-05-24 15:38:04,959 - src.training.federated - INFO -   Coronary Care Unit (CCU): 5113 samples, loss=0.2288
2026-05-24 15:38:04,987 - src.training.federated - INFO -   Medical Intensive Care Unit (MICU): 8791 samples, loss=0.2735
2026-05-24 15:38:05,016 - src.training.federated - INFO -   Medical/Surgical Intensive Care Unit (MICU/SICU): 6983 samples, loss=0.2627
2026-05-24 15:38:05,024 - src.training.federated - INFO -   Neuro Surgical Intensive Care Unit (Neuro SICU): 907 samples, loss=0.3759
2026-05-24 15:38:05,045 - src.training.federated - INFO -   Surgical Intensive Care Unit (SICU): 6372 samples, loss=0.2279
2026-05-24 15:38:05,063 - src.training.federated - INFO -   Trauma SICU (TSICU): 5458 samples, loss=0.1753
2026-05-24 15:38:05,063 - src.training.federated - INFO - Round 8 complete: 7 clients aggregated
2026-05-24 15:38:05,069 - src.training.federated - INFO - Round 8 Validation AUROC: 0.5366
2026-05-24 15:38:05,069 - src.training.federated - INFO - 
======================================================================
2026-05-24 15:38:05,069 - src.training.federated - INFO - Round 9/10
2026-05-24 15:38:05,069 - src.training.federated - INFO - ======================================================================
2026-05-24 15:38:05,094 - src.training.federated - INFO -   Cardiac Vascular Intensive Care Unit (CVICU): 8118 samples, loss=0.0754
2026-05-24 15:38:05,112 - src.training.federated - INFO -   Coronary Care Unit (CCU): 5113 samples, loss=0.2288
2026-05-24 15:38:05,141 - src.training.federated - INFO -   Medical Intensive Care Unit (MICU): 8791 samples, loss=0.2735
2026-05-24 15:38:05,170 - src.training.federated - INFO -   Medical/Surgical Intensive Care Unit (MICU/SICU): 6983 samples, loss=0.2627
2026-05-24 15:38:05,178 - src.training.federated - INFO -   Neuro Surgical Intensive Care Unit (Neuro SICU): 907 samples, loss=0.3759
2026-05-24 15:38:05,199 - src.training.federated - INFO -   Surgical Intensive Care Unit (SICU): 6372 samples, loss=0.2279
2026-05-24 15:38:05,217 - src.training.federated - INFO -   Trauma SICU (TSICU): 5458 samples, loss=0.1753
2026-05-24 15:38:05,217 - src.training.federated - INFO - Round 9 complete: 7 clients aggregated
2026-05-24 15:38:05,223 - src.training.federated - INFO - Round 9 Validation AUROC: 0.6864
2026-05-24 15:38:05,223 - src.training.federated - INFO - 
======================================================================
2026-05-24 15:38:05,223 - src.training.federated - INFO - Round 10/10
2026-05-24 15:38:05,224 - src.training.federated - INFO - ======================================================================
2026-05-24 15:38:05,248 - src.training.federated - INFO -   Cardiac Vascular Intensive Care Unit (CVICU): 8118 samples, loss=0.0754
2026-05-24 15:38:05,264 - src.training.federated - INFO -   Coronary Care Unit (CCU): 5113 samples, loss=0.2288
2026-05-24 15:38:05,292 - src.training.federated - INFO -   Medical Intensive Care Unit (MICU): 8791 samples, loss=0.2735
2026-05-24 15:38:05,320 - src.training.federated - INFO -   Medical/Surgical Intensive Care Unit (MICU/SICU): 6983 samples, loss=0.2627
2026-05-24 15:38:05,328 - src.training.federated - INFO -   Neuro Surgical Intensive Care Unit (Neuro SICU): 907 samples, loss=0.3759
2026-05-24 15:38:05,350 - src.training.federated - INFO -   Surgical Intensive Care Unit (SICU): 6372 samples, loss=0.2279
2026-05-24 15:38:05,368 - src.training.federated - INFO -   Trauma SICU (TSICU): 5458 samples, loss=0.1753
2026-05-24 15:38:05,368 - src.training.federated - INFO - Round 10 complete: 7 clients aggregated
2026-05-24 15:38:05,374 - src.training.federated - INFO - Round 10 Validation AUROC: 0.5018
2026-05-24 15:38:05,380 - src.training.federated - INFO - 
======================================================================
2026-05-24 15:38:05,380 - src.training.federated - INFO - Final Test AUROC: 0.4880
2026-05-24 15:38:05,380 - src.training.federated - INFO - ======================================================================

2026-05-24 15:38:05,380 - __main__ - INFO - 
======================================================================
2026-05-24 15:38:05,380 - __main__ - INFO - Phase 1.5: Results Comparison
2026-05-24 15:38:05,380 - __main__ - INFO - ======================================================================
2026-05-24 15:38:05,380 - __main__ - INFO - 
Test AUROC Comparison:
2026-05-24 15:38:05,380 - __main__ - INFO -   Centralized: 0.8880
2026-05-24 15:38:05,380 - __main__ - INFO -   Federated:   0.4880
2026-05-24 15:38:05,380 - __main__ - INFO -   Divergence:  0.3999
2026-05-24 15:38:05,380 - __main__ - WARNING - ⚠ Federated AUROC (0.4880) < 0.85 target
2026-05-24 15:38:05,380 - __main__ - WARNING - ⚠ Divergence between centralized and federated (0.3999) > 0.05
2026-05-24 15:38:05,380 - __main__ - INFO - 
======================================================================
2026-05-24 15:38:05,381 - __main__ - INFO - ⚠️  EXPERIMENT 1 PARTIAL - Manual review recommended
2026-05-24 15:38:05,381 - __main__ - INFO - ======================================================================
