2026-05-24 15:38:18,294 - __main__ - INFO - 
================================================================================
2026-05-24 15:38:18,295 - __main__ - INFO - # EXPERIMENT 1: FEDERATED LEARNING BASELINE
2026-05-24 15:38:18,295 - __main__ - INFO - ================================================================================
2026-05-24 15:38:18,295 - __main__ - INFO - 
Phase 1.1: Loading Phase 0 cohort and splits...
2026-05-24 15:38:18,295 - src.data.loader - INFO - Loading cohort from cache: /home/raiyanjiyon/Projects/federated-healthcare-ml/data/cache/mimic_iv_cohort.csv
2026-05-24 15:38:18,465 - src.data.loader - WARNING - Missing features: {'admission_type_emergency'}
2026-05-24 15:38:18,473 - src.data.loader - INFO - Dataset: 65273 patients, 31 features
2026-05-24 15:38:18,473 - src.data.loader - INFO - Target distribution: [58207  7066]
2026-05-24 15:38:18,473 - __main__ - INFO - Loaded: 65273 samples, 31 features
2026-05-24 15:38:18,473 - __main__ - INFO - Target distribution: 7066 deaths (10.8%)
2026-05-24 15:38:18,473 - __main__ - INFO - 
Phase 1.2: Distributing data to federated clients by care unit...
2026-05-24 15:38:18,477 - src.data.split - INFO - ✓ Medical Intensive Care Unit (MICU): 8791 patients, 1410 deaths (16.0%)
2026-05-24 15:38:18,481 - src.data.split - INFO - ✓ Surgical Intensive Care Unit (SICU): 6372 patients, 754 deaths (11.8%)
2026-05-24 15:38:18,485 - src.data.split - INFO - ✓ Medical/Surgical Intensive Care Unit (MICU/SICU): 6983 patients, 957 deaths (13.7%)
2026-05-24 15:38:18,489 - src.data.split - INFO - ✓ Cardiac Vascular Intensive Care Unit (CVICU): 8118 patients, 265 deaths (3.3%)
2026-05-24 15:38:18,492 - src.data.split - INFO - ✓ Coronary Care Unit (CCU): 5113 patients, 643 deaths (12.6%)
2026-05-24 15:38:18,496 - src.data.split - INFO - ✓ Trauma SICU (TSICU): 5458 patients, 569 deaths (10.4%)
2026-05-24 15:38:18,499 - src.data.split - INFO - ✓ Neuro Surgical Intensive Care Unit (Neuro SICU): 907 patients, 256 deaths (28.2%)
2026-05-24 15:38:18,503 - src.data.split - INFO -   (skipped Intensive Care Unit (ICU): 16 patients, < 100)
2026-05-24 15:38:18,505 - src.data.split - INFO -   (skipped Medicine: 9 patients, < 100)
2026-05-24 15:38:18,507 - src.data.split - INFO -   (skipped Neuro Intermediate: 3035 patients, < 100)
2026-05-24 15:38:18,509 - src.data.split - INFO -   (skipped Neuro Stepdown: 784 patients, < 100)
2026-05-24 15:38:18,511 - src.data.split - INFO -   (skipped PACU: 43 patients, < 100)
2026-05-24 15:38:18,513 - src.data.split - INFO -   (skipped Surgery/Trauma: 2 patients, < 100)
2026-05-24 15:38:18,515 - src.data.split - INFO -   (skipped Surgery/Vascular/Intermediate: 60 patients, < 100)
2026-05-24 15:38:18,515 - src.data.split - INFO - 
✓ Federated learning ready: 7 clients
2026-05-24 15:38:18,515 - __main__ - INFO - 
✓ Created 7 federated clients
2026-05-24 15:38:18,515 - __main__ - INFO - 
Client Statistics:
2026-05-24 15:38:18,515 - __main__ - INFO - ----------------------------------------------------------------------
2026-05-24 15:38:18,515 - __main__ - INFO -   Medical Intensive Care Unit (MICU)         8791 patients, 1410 deaths ( 16.0%)
2026-05-24 15:38:18,515 - __main__ - INFO -   Cardiac Vascular Intensive Care Unit (CVICU)   8118 patients,  265 deaths (  3.3%)
2026-05-24 15:38:18,515 - __main__ - INFO -   Medical/Surgical Intensive Care Unit (MICU/SICU)   6983 patients,  957 deaths ( 13.7%)
2026-05-24 15:38:18,515 - __main__ - INFO -   Surgical Intensive Care Unit (SICU)        6372 patients,  754 deaths ( 11.8%)
2026-05-24 15:38:18,516 - __main__ - INFO -   Trauma SICU (TSICU)                        5458 patients,  569 deaths ( 10.4%)
2026-05-24 15:38:18,516 - __main__ - INFO -   Coronary Care Unit (CCU)                   5113 patients,  643 deaths ( 12.6%)
2026-05-24 15:38:18,516 - __main__ - INFO -   Neuro Surgical Intensive Care Unit (Neuro SICU)    907 patients,  256 deaths ( 28.2%)
2026-05-24 15:38:18,516 - __main__ - INFO - 
======================================================================
2026-05-24 15:38:18,516 - __main__ - INFO - Phase 1.3: Training Centralized Baseline (for comparison)...
2026-05-24 15:38:18,516 - __main__ - INFO - ======================================================================
2026-05-24 15:38:19,067 - __main__ - INFO - 
Centralized Train AUROC: 0.8857
2026-05-24 15:38:19,067 - __main__ - INFO - Centralized Val AUROC:   0.8846
2026-05-24 15:38:19,067 - __main__ - INFO - Centralized Test AUROC:  0.8880
2026-05-24 15:38:19,067 - __main__ - INFO - 
======================================================================
2026-05-24 15:38:19,067 - __main__ - INFO - Phase 1.4: Training Federated Learning Model...
2026-05-24 15:38:19,067 - __main__ - INFO - ======================================================================
2026-05-24 15:38:19,067 - __main__ - INFO - Overriding DP epsilon to 10.0
2026-05-24 15:38:19,097 - root - INFO - 
======================================================================
2026-05-24 15:38:19,097 - root - INFO - Differential Privacy Mechanism Initialized: GaussianDP
2026-05-24 15:38:19,097 - root - INFO - ======================================================================
2026-05-24 15:38:19,097 - root - INFO -   Privacy Budget (ε):     1.0000
2026-05-24 15:38:19,097 - root - INFO -   Failure Probability (δ): 0.000010
2026-05-24 15:38:19,097 - root - INFO -   Clipping Norm (C):      1.0000
2026-05-24 15:38:19,097 - root - INFO -   Noise Scale (σ):        4.7985
2026-05-24 15:38:19,097 - root - INFO - ======================================================================

2026-05-24 15:38:19,097 - src.training.federated - INFO - FederatedTrainer initialized:
2026-05-24 15:38:19,097 - src.training.federated - INFO -   Clients: 7
2026-05-24 15:38:19,097 - src.training.federated - INFO -   Training samples: 41742
2026-05-24 15:38:19,097 - src.training.federated - INFO -   Validation samples: 9791
2026-05-24 15:38:19,097 - src.training.federated - INFO -   Test samples: 9791
2026-05-24 15:38:19,097 - src.training.federated - INFO -   Features: 31
2026-05-24 15:38:19,097 - src.training.federated - INFO -   Rounds: 10
2026-05-24 15:38:19,097 - src.training.federated - INFO -   Strategy: FEDAVG
2026-05-24 15:38:19,097 - src.training.federated - INFO -   Privacy: Enabled (ε=1.0, δ=1e-5)
2026-05-24 15:38:19,097 - src.training.federated - INFO - 
######################################################################
2026-05-24 15:38:19,097 - src.training.federated - INFO - # FEDERATED LEARNING TRAINING (10 rounds)
2026-05-24 15:38:19,097 - src.training.federated - INFO - # Strategy: FEDAVG
2026-05-24 15:38:19,097 - src.training.federated - INFO - ######################################################################

2026-05-24 15:38:19,097 - src.training.federated - INFO - 
======================================================================
2026-05-24 15:38:19,097 - src.training.federated - INFO - Round 1/10
2026-05-24 15:38:19,098 - src.training.federated - INFO - ======================================================================
2026-05-24 15:38:19,169 - src.training.federated - INFO -   Cardiac Vascular Intensive Care Unit (CVICU): 8118 samples, loss=0.0754
2026-05-24 15:38:19,186 - src.training.federated - INFO -   Coronary Care Unit (CCU): 5113 samples, loss=0.2288
2026-05-24 15:38:19,213 - src.training.federated - INFO -   Medical Intensive Care Unit (MICU): 8791 samples, loss=0.2735
2026-05-24 15:38:19,241 - src.training.federated - INFO -   Medical/Surgical Intensive Care Unit (MICU/SICU): 6983 samples, loss=0.2627
2026-05-24 15:38:19,249 - src.training.federated - INFO -   Neuro Surgical Intensive Care Unit (Neuro SICU): 907 samples, loss=0.3759
2026-05-24 15:38:19,269 - src.training.federated - INFO -   Surgical Intensive Care Unit (SICU): 6372 samples, loss=0.2279
2026-05-24 15:38:19,286 - src.training.federated - INFO -   Trauma SICU (TSICU): 5458 samples, loss=0.1753
2026-05-24 15:38:19,287 - src.training.federated - INFO - Round 1 complete: 7 clients aggregated
2026-05-24 15:38:19,293 - src.training.federated - INFO - Round 1 Validation AUROC: 0.7373
2026-05-24 15:38:19,293 - src.training.federated - INFO - 
======================================================================
2026-05-24 15:38:19,293 - src.training.federated - INFO - Round 2/10
2026-05-24 15:38:19,293 - src.training.federated - INFO - ======================================================================
2026-05-24 15:38:19,317 - src.training.federated - INFO -   Cardiac Vascular Intensive Care Unit (CVICU): 8118 samples, loss=0.0754
2026-05-24 15:38:19,333 - src.training.federated - INFO -   Coronary Care Unit (CCU): 5113 samples, loss=0.2288
2026-05-24 15:38:19,358 - src.training.federated - INFO -   Medical Intensive Care Unit (MICU): 8791 samples, loss=0.2735
2026-05-24 15:38:19,387 - src.training.federated - INFO -   Medical/Surgical Intensive Care Unit (MICU/SICU): 6983 samples, loss=0.2627
2026-05-24 15:38:19,395 - src.training.federated - INFO -   Neuro Surgical Intensive Care Unit (Neuro SICU): 907 samples, loss=0.3759
2026-05-24 15:38:19,415 - src.training.federated - INFO -   Surgical Intensive Care Unit (SICU): 6372 samples, loss=0.2279
2026-05-24 15:38:19,433 - src.training.federated - INFO -   Trauma SICU (TSICU): 5458 samples, loss=0.1753
2026-05-24 15:38:19,433 - src.training.federated - INFO - Round 2 complete: 7 clients aggregated
2026-05-24 15:38:19,439 - src.training.federated - INFO - Round 2 Validation AUROC: 0.6685
2026-05-24 15:38:19,439 - src.training.federated - INFO - 
======================================================================
2026-05-24 15:38:19,439 - src.training.federated - INFO - Round 3/10
2026-05-24 15:38:19,440 - src.training.federated - INFO - ======================================================================
2026-05-24 15:38:19,463 - src.training.federated - INFO -   Cardiac Vascular Intensive Care Unit (CVICU): 8118 samples, loss=0.0754
2026-05-24 15:38:19,480 - src.training.federated - INFO -   Coronary Care Unit (CCU): 5113 samples, loss=0.2288
2026-05-24 15:38:19,506 - src.training.federated - INFO -   Medical Intensive Care Unit (MICU): 8791 samples, loss=0.2735
2026-05-24 15:38:19,532 - src.training.federated - INFO -   Medical/Surgical Intensive Care Unit (MICU/SICU): 6983 samples, loss=0.2627
2026-05-24 15:38:19,540 - src.training.federated - INFO -   Neuro Surgical Intensive Care Unit (Neuro SICU): 907 samples, loss=0.3759
2026-05-24 15:38:19,560 - src.training.federated - INFO -   Surgical Intensive Care Unit (SICU): 6372 samples, loss=0.2279
2026-05-24 15:38:19,577 - src.training.federated - INFO -   Trauma SICU (TSICU): 5458 samples, loss=0.1753
2026-05-24 15:38:19,577 - src.training.federated - INFO - Round 3 complete: 7 clients aggregated
2026-05-24 15:38:19,583 - src.training.federated - INFO - Round 3 Validation AUROC: 0.5341
2026-05-24 15:38:19,583 - src.training.federated - INFO - 
======================================================================
2026-05-24 15:38:19,583 - src.training.federated - INFO - Round 4/10
2026-05-24 15:38:19,583 - src.training.federated - INFO - ======================================================================
2026-05-24 15:38:19,606 - src.training.federated - INFO -   Cardiac Vascular Intensive Care Unit (CVICU): 8118 samples, loss=0.0754
2026-05-24 15:38:19,622 - src.training.federated - INFO -   Coronary Care Unit (CCU): 5113 samples, loss=0.2288
2026-05-24 15:38:19,648 - src.training.federated - INFO -   Medical Intensive Care Unit (MICU): 8791 samples, loss=0.2735
2026-05-24 15:38:19,677 - src.training.federated - INFO -   Medical/Surgical Intensive Care Unit (MICU/SICU): 6983 samples, loss=0.2627
2026-05-24 15:38:19,685 - src.training.federated - INFO -   Neuro Surgical Intensive Care Unit (Neuro SICU): 907 samples, loss=0.3759
2026-05-24 15:38:19,706 - src.training.federated - INFO -   Surgical Intensive Care Unit (SICU): 6372 samples, loss=0.2279
2026-05-24 15:38:19,724 - src.training.federated - INFO -   Trauma SICU (TSICU): 5458 samples, loss=0.1753
2026-05-24 15:38:19,724 - src.training.federated - INFO - Round 4 complete: 7 clients aggregated
2026-05-24 15:38:19,730 - src.training.federated - INFO - Round 4 Validation AUROC: 0.7420
2026-05-24 15:38:19,730 - src.training.federated - INFO - 
======================================================================
2026-05-24 15:38:19,730 - src.training.federated - INFO - Round 5/10
2026-05-24 15:38:19,730 - src.training.federated - INFO - ======================================================================
2026-05-24 15:38:19,753 - src.training.federated - INFO -   Cardiac Vascular Intensive Care Unit (CVICU): 8118 samples, loss=0.0754
2026-05-24 15:38:19,769 - src.training.federated - INFO -   Coronary Care Unit (CCU): 5113 samples, loss=0.2288
2026-05-24 15:38:19,795 - src.training.federated - INFO -   Medical Intensive Care Unit (MICU): 8791 samples, loss=0.2735
2026-05-24 15:38:19,822 - src.training.federated - INFO -   Medical/Surgical Intensive Care Unit (MICU/SICU): 6983 samples, loss=0.2627
2026-05-24 15:38:19,830 - src.training.federated - INFO -   Neuro Surgical Intensive Care Unit (Neuro SICU): 907 samples, loss=0.3759
2026-05-24 15:38:19,850 - src.training.federated - INFO -   Surgical Intensive Care Unit (SICU): 6372 samples, loss=0.2279
2026-05-24 15:38:19,868 - src.training.federated - INFO -   Trauma SICU (TSICU): 5458 samples, loss=0.1753
2026-05-24 15:38:19,868 - src.training.federated - INFO - Round 5 complete: 7 clients aggregated
2026-05-24 15:38:19,874 - src.training.federated - INFO - Round 5 Validation AUROC: 0.3943
2026-05-24 15:38:19,874 - src.training.federated - INFO - 
======================================================================
2026-05-24 15:38:19,874 - src.training.federated - INFO - Round 6/10
2026-05-24 15:38:19,874 - src.training.federated - INFO - ======================================================================
2026-05-24 15:38:19,898 - src.training.federated - INFO -   Cardiac Vascular Intensive Care Unit (CVICU): 8118 samples, loss=0.0754
2026-05-24 15:38:19,914 - src.training.federated - INFO -   Coronary Care Unit (CCU): 5113 samples, loss=0.2288
2026-05-24 15:38:19,941 - src.training.federated - INFO -   Medical Intensive Care Unit (MICU): 8791 samples, loss=0.2735
2026-05-24 15:38:19,969 - src.training.federated - INFO -   Medical/Surgical Intensive Care Unit (MICU/SICU): 6983 samples, loss=0.2627
2026-05-24 15:38:19,977 - src.training.federated - INFO -   Neuro Surgical Intensive Care Unit (Neuro SICU): 907 samples, loss=0.3759
2026-05-24 15:38:19,997 - src.training.federated - INFO -   Surgical Intensive Care Unit (SICU): 6372 samples, loss=0.2279
2026-05-24 15:38:20,015 - src.training.federated - INFO -   Trauma SICU (TSICU): 5458 samples, loss=0.1753
2026-05-24 15:38:20,015 - src.training.federated - INFO - Round 6 complete: 7 clients aggregated
2026-05-24 15:38:20,021 - src.training.federated - INFO - Round 6 Validation AUROC: 0.5295
2026-05-24 15:38:20.027 - src.training.federated - INFO - 
======================================================================
2026-05-24 15:38:20.027 - src.training.federated - INFO - Round 7/10
2026-05-24 15:38:20.027 - src.training.federated - INFO - ======================================================================
2026-05-24 15:38:20,045 - src.training.federated - INFO -   Cardiac Vascular Intensive Care Unit (CVICU): 8118 samples, loss=0.0754
2026-05-24 15:38:20,062 - src.training.federated - INFO -   Coronary Care Unit (CCU): 5113 samples, loss=0.2288
2026-05-24 15:38:20,089 - src.training.federated - INFO -   Medical Intensive Care Unit (MICU): 8791 samples, loss=0.2735
2026-05-24 15:38:20,116 - src.training.federated - INFO -   Medical/Surgical Intensive Care Unit (MICU/SICU): 6983 samples, loss=0.2627
2026-05-24 15:38:20,124 - src.training.federated - INFO -   Neuro Surgical Intensive Care Unit (Neuro SICU): 907 samples, loss=0.3759
2026-05-24 15:38:20,145 - src.training.federated - INFO -   Surgical Intensive Care Unit (SICU): 6372 samples, loss=0.2279
2026-05-24 15:38:20,163 - src.training.federated - INFO -   Trauma SICU (TSICU): 5458 samples, loss=0.1753
2026-05-24 15:38:20,163 - src.training.federated - INFO - Round 7 complete: 7 clients aggregated
2026-05-24 15:38:20,170 - src.training.federated - INFO - Round 7 Validation AUROC: 0.7414
2026-05-24 15:38:20,170 - src.training.federated - INFO - 
======================================================================
2026-05-24 15:38:20,170 - src.training.federated - INFO - Round 8/10
2026-05-24 15:38:20,170 - src.training.federated - INFO - ======================================================================
2026-05-24 15:38:20,195 - src.training.federated - INFO -   Cardiac Vascular Intensive Care Unit (CVICU): 8118 samples, loss=0.0754
2026-05-24 15:38:20,212 - src.training.federated - INFO -   Coronary Care Unit (CCU): 5113 samples, loss=0.2288
2026-05-24 15:38:20,240 - src.training.federated - INFO -   Medical Intensive Care Unit (MICU): 8791 samples, loss=0.2735
2026-05-24 15:38:20,267 - src.training.federated - INFO -   Medical/Surgical Intensive Care Unit (MICU/SICU): 6983 samples, loss=0.2627
2026-05-24 15:38:20,275 - src.training.federated - INFO -   Neuro Surgical Intensive Care Unit (Neuro SICU): 907 samples, loss=0.3759
2026-05-24 15:38:20,296 - src.training.federated - INFO -   Surgical Intensive Care Unit (SICU): 6372 samples, loss=0.2279
2026-05-24 15:38:20,313 - src.training.federated - INFO -   Trauma SICU (TSICU): 5458 samples, loss=0.1753
2026-05-24 15:38:20,313 - src.training.federated - INFO - Round 8 complete: 7 clients aggregated
2026-05-24 15:38:20,320 - src.training.federated - INFO - Round 8 Validation AUROC: 0.5366
2026-05-24 15:38:20,320 - src.training.federated - INFO - 
======================================================================
2026-05-24 15:38:20,320 - src.training.federated - INFO - Round 9/10
2026-05-24 15:38:20,320 - src.training.federated - INFO - ======================================================================
2026-05-24 15:38:20,343 - src.training.federated - INFO -   Cardiac Vascular Intensive Care Unit (CVICU): 8118 samples, loss=0.0754
2026-05-24 15:38:20,360 - src.training.federated - INFO -   Coronary Care Unit (CCU): 5113 samples, loss=0.2288
2026-05-24 15:38:20,387 - src.training.federated - INFO -   Medical Intensive Care Unit (MICU): 8791 samples, loss=0.2735
2026-05-24 15:38:20,414 - src.training.federated - INFO -   Medical/Surgical Intensive Care Unit (MICU/SICU): 6983 samples, loss=0.2627
2026-05-24 15:38:20,422 - src.training.federated - INFO -   Neuro Surgical Intensive Care Unit (Neuro SICU): 907 samples, loss=0.3759
2026-05-24 15:38:20,443 - src.training.federated - INFO -   Surgical Intensive Care Unit (SICU): 6372 samples, loss=0.2279
2026-05-24 15:38:20,460 - src.training.federated - INFO -   Trauma SICU (TSICU): 5458 samples, loss=0.1753
2026-05-24 15:38:20,460 - src.training.federated - INFO - Round 9 complete: 7 clients aggregated
2026-05-24 15:38:20,466 - src.training.federated - INFO - Round 9 Validation AUROC: 0.6864
2026-05-24 15:38:20,466 - src.training.federated - INFO - 
======================================================================
2026-05-24 15:38:20,466 - src.training.federated - INFO - Round 10/10
2026-05-24 15:38:20,466 - src.training.federated - INFO - ======================================================================
2026-05-24 15:38:20,490 - src.training.federated - INFO -   Cardiac Vascular Intensive Care Unit (CVICU): 8118 samples, loss=0.0754
2026-05-24 15:38:20,507 - src.training.federated - INFO -   Coronary Care Unit (CCU): 5113 samples, loss=0.2288
2026-05-24 15:38:20,534 - src.training.federated - INFO -   Medical Intensive Care Unit (MICU): 8791 samples, loss=0.2735
2026-05-24 15:38:20,561 - src.training.federated - INFO -   Medical/Surgical Intensive Care Unit (MICU/SICU): 6983 samples, loss=0.2627
2026-05-24 15:38:20,569 - src.training.federated - INFO -   Neuro Surgical Intensive Care Unit (Neuro SICU): 907 samples, loss=0.3759
2026-05-24 15:38:20,590 - src.training.federated - INFO -   Surgical Intensive Care Unit (SICU): 6372 samples, loss=0.2279
2026-05-24 15:38:20,607 - src.training.federated - INFO -   Trauma SICU (TSICU): 5458 samples, loss=0.1753
2026-05-24 15:38:20,607 - src.training.federated - INFO - Round 10 complete: 7 clients aggregated
2026-05-24 15:38:20,613 - src.training.federated - INFO - Round 10 Validation AUROC: 0.5018
2026-05-24 15:38:20,620 - src.training.federated - INFO - 
======================================================================
2026-05-24 15:38:20,620 - src.training.federated - INFO - Final Test AUROC: 0.4880
2026-05-24 15:38:20,620 - src.training.federated - INFO - ======================================================================

2026-05-24 15:38:20,620 - __main__ - INFO - 
======================================================================
2026-05-24 15:38:20,620 - __main__ - INFO - Phase 1.5: Results Comparison
2026-05-24 15:38:20,620 - __main__ - INFO - ======================================================================
2026-05-24 15:38:20,620 - __main__ - INFO - 
Test AUROC Comparison:
2026-05-24 15:38:20,620 - __main__ - INFO -   Centralized: 0.8880
2026-05-24 15:38:20,620 - __main__ - INFO -   Federated:   0.4880
2026-05-24 15:38:20,620 - __main__ - INFO -   Divergence:  0.3999
2026-05-24 15:38:20,620 - __main__ - WARNING - ⚠ Federated AUROC (0.4880) < 0.85 target
2026-05-24 15:38:20,620 - __main__ - WARNING - ⚠ Divergence between centralized and federated (0.3999) > 0.05
2026-05-24 15:38:20,620 - __main__ - INFO - 
======================================================================
2026-05-24 15:38:20,620 - __main__ - INFO - ⚠️  EXPERIMENT 1 PARTIAL - Manual review recommended
2026-05-24 15:38:20,620 - __main__ - INFO - ======================================================================
