2026-05-24 15:38:25,617 - __main__ - INFO - 
================================================================================
2026-05-24 15:38:25,617 - __main__ - INFO - # EXPERIMENT 1: FEDERATED LEARNING BASELINE
2026-05-24 15:38:25,617 - __main__ - INFO - ================================================================================
2026-05-24 15:38:25,618 - __main__ - INFO - 
Phase 1.1: Loading Phase 0 cohort and splits...
2026-05-24 15:38:25,618 - src.data.loader - INFO - Loading cohort from cache: /home/raiyanjiyon/Projects/federated-healthcare-ml/data/cache/mimic_iv_cohort.csv
2026-05-24 15:38:25,785 - src.data.loader - WARNING - Missing features: {'admission_type_emergency'}
2026-05-24 15:38:25,792 - src.data.loader - INFO - Dataset: 65273 patients, 31 features
2026-05-24 15:38:25,792 - src.data.loader - INFO - Target distribution: [58207  7066]
2026-05-24 15:38:25,793 - __main__ - INFO - Loaded: 65273 samples, 31 features
2026-05-24 15:38:25,793 - __main__ - INFO - Target distribution: 7066 deaths (10.8%)
2026-05-24 15:38:25,793 - __main__ - INFO - 
Phase 1.2: Distributing data to federated clients by care unit...
2026-05-24 15:38:25,797 - src.data.split - INFO - ✓ Medical Intensive Care Unit (MICU): 8791 patients, 1410 deaths (16.0%)
2026-05-24 15:38:25,800 - src.data.split - INFO - ✓ Surgical Intensive Care Unit (SICU): 6372 patients, 754 deaths (11.8%)
2026-05-24 15:38:25,804 - src.data.split - INFO - ✓ Medical/Surgical Intensive Care Unit (MICU/SICU): 6983 patients, 957 deaths (13.7%)
2026-05-24 15:38:25,808 - src.data.split - INFO - ✓ Cardiac Vascular Intensive Care Unit (CVICU): 8118 patients, 265 deaths (3.3%)
2026-05-24 15:38:25,812 - src.data.split - INFO - ✓ Coronary Care Unit (CCU): 5113 patients, 643 deaths (12.6%)
2026-05-24 15:38:25,816 - src.data.split - INFO - ✓ Trauma SICU (TSICU): 5458 patients, 569 deaths (10.4%)
2026-05-24 15:38:25,818 - src.data.split - INFO - ✓ Neuro Surgical Intensive Care Unit (Neuro SICU): 907 patients, 256 deaths (28.2%)
2026-05-24 15:38:25,823 - src.data.split - INFO -   (skipped Intensive Care Unit (ICU): 16 patients, < 100)
2026-05-24 15:38:25,825 - src.data.split - INFO -   (skipped Medicine: 9 patients, < 100)
2026-05-24 15:38:25,827 - src.data.split - INFO -   (skipped Neuro Intermediate: 3035 patients, < 100)
2026-05-24 15:38:25,829 - src.data.split - INFO -   (skipped Neuro Stepdown: 784 patients, < 100)
2026-05-24 15:38:25,832 - src.data.split - INFO -   (skipped PACU: 43 patients, < 100)
2026-05-24 15:38:25,834 - src.data.split - INFO -   (skipped Surgery/Trauma: 2 patients, < 100)
2026-05-24 15:38:25,836 - src.data.split - INFO -   (skipped Surgery/Vascular/Intermediate: 60 patients, < 100)
2026-05-24 15:38:25,836 - src.data.split - INFO - 
✓ Federated learning ready: 7 clients
2026-05-24 15:38:25,836 - __main__ - INFO - 
✓ Created 7 federated clients
2026-05-24 15:38:25,836 - __main__ - INFO - 
Client Statistics:
2026-05-24 15:38:25,836 - __main__ - INFO - ----------------------------------------------------------------------
2026-05-24 15:38:25,836 - __main__ - INFO -   Medical Intensive Care Unit (MICU)         8791 patients, 1410 deaths ( 16.0%)
2026-05-24 15:38:25,836 - __main__ - INFO -   Cardiac Vascular Intensive Care Unit (CVICU)   8118 patients,  265 deaths (  3.3%)
2026-05-24 15:38:25,836 - __main__ - INFO -   Medical/Surgical Intensive Care Unit (MICU/SICU)   6983 patients,  957 deaths ( 13.7%)
2026-05-24 15:38:25,836 - __main__ - INFO -   Surgical Intensive Care Unit (SICU)        6372 patients,  754 deaths ( 11.8%)
2026-05-24 15:38:25,836 - __main__ - INFO -   Trauma SICU (TSICU)                        5458 patients,  569 deaths ( 10.4%)
2026-05-24 15:38:25,836 - __main__ - INFO -   Coronary Care Unit (CCU)                   5113 patients,  643 deaths ( 12.6%)
2026-05-24 15:38:25,836 - __main__ - INFO -   Neuro Surgical Intensive Care Unit (Neuro SICU)    907 patients,  256 deaths ( 28.2%)
2026-05-24 15:38:25,836 - __main__ - INFO - 
======================================================================
2026-05-24 15:38:25,836 - __main__ - INFO - Phase 1.3: Training Centralized Baseline (for comparison)...
2026-05-24 15:38:25,836 - __main__ - INFO - ======================================================================
2026-05-24 15:38:26,418 - __main__ - INFO - 
Centralized Train AUROC: 0.8857
2026-05-24 15:38:26,418 - __main__ - INFO - Centralized Val AUROC:   0.8846
2026-05-24 15:38:26,418 - __main__ - INFO - Centralized Test AUROC:  0.8880
2026-05-24 15:38:26,418 - __main__ - INFO - 
======================================================================
2026-05-24 15:38:26,418 - __main__ - INFO - Phase 1.4: Training Federated Learning Model...
2026-05-24 15:38:26,418 - __main__ - INFO - ======================================================================
2026-05-24 15:38:26,418 - __main__ - INFO - Overriding DP epsilon to 50.0
2026-05-24 15:38:26,448 - root - INFO - 
======================================================================
2026-05-24 15:38:26,452 - root - INFO - Differential Privacy Mechanism Initialized: GaussianDP
2026-05-24 15:38:26,452 - root - INFO - ======================================================================
2026-05-24 15:38:26,452 - root - INFO -   Privacy Budget (ε):     1.0000
2026-05-24 15:38:26,452 - root - INFO -   Failure Probability (δ): 0.000010
2026-05-24 15:38:26,452 - root - INFO -   Clipping Norm (C):      1.0000
2026-05-24 15:38:26,452 - root - INFO -   Noise Scale (σ):        4.7985
2026-05-24 15:38:26,452 - root - INFO - ======================================================================

2026-05-24 15:38:26,452 - src.training.federated - INFO - FederatedTrainer initialized:
2026-05-24 15:38:26,452 - src.training.federated - INFO -   Clients: 7
2026-05-24 15:38:26,452 - src.training.federated - INFO -   Training samples: 41742
2026-05-24 15:38:26,452 - src.training.federated - INFO -   Validation samples: 9791
2026-05-24 15:38:26,452 - src.training.federated - INFO -   Test samples: 9791
2026-05-24 15:38:26,452 - src.training.federated - INFO -   Features: 31
2026-05-24 15:38:26,452 - src.training.federated - INFO -   Rounds: 10
2026-05-24 15:38:26,452 - src.training.federated - INFO -   Strategy: FEDAVG
2026-05-24 15:38:26,452 - src.training.federated - INFO -   Privacy: Enabled (ε=1.0, δ=1e-5)
2026-05-24 15:38:26,452 - src.training.federated - INFO - 
######################################################################
2026-05-24 15:38:26,452 - src.training.federated - INFO - # FEDERATED LEARNING TRAINING (10 rounds)
2026-05-24 15:38:26,452 - src.training.federated - INFO - # Strategy: FEDAVG
2026-05-24 15:38:26,452 - src.training.federated - INFO - ######################################################################

2026-05-24 15:38:26,452 - src.training.federated - INFO - 
======================================================================
2026-05-24 15:38:26,452 - src.training.federated - INFO - Round 1/10
2026-05-24 15:38:26,452 - src.training.federated - INFO - ======================================================================
2026-05-24 15:38:26,506 - src.training.federated - INFO -   Cardiac Vascular Intensive Care Unit (CVICU): 8118 samples, loss=0.0754
2026-05-24 15:38:26,523 - src.training.federated - INFO -   Coronary Care Unit (CCU): 5113 samples, loss=0.2288
2026-05-24 15:38:26,548 - src.training.federated - INFO -   Medical Intensive Care Unit (MICU): 8791 samples, loss=0.2735
2026-05-24 15:38:26,574 - src.training.federated - INFO -   Medical/Surgical Intensive Care Unit (MICU/SICU): 6983 samples, loss=0.2627
2026-05-24 15:38:26,582 - src.training.federated - INFO -   Neuro Surgical Intensive Care Unit (Neuro SICU): 907 samples, loss=0.3759
2026-05-24 15:38:26,602 - src.training.federated - INFO -   Surgical Intensive Care Unit (SICU): 6372 samples, loss=0.2279
2026-05-24 15:38:26,618 - src.training.federated - INFO -   Trauma SICU (TSICU): 5458 samples, loss=0.1753
2026-05-24 15:38:26,619 - src.training.federated - INFO - Round 1 complete: 7 clients aggregated
2026-05-24 15:38:26,625 - src.training.federated - INFO - Round 1 Validation AUROC: 0.7373
2026-05-24 15:38:26,625 - src.training.federated - INFO - 
======================================================================
2026-05-24 15:38:26,625 - src.training.federated - INFO - Round 2/10
2026-05-24 15:38:26,625 - src.training.federated - INFO - ======================================================================
2026-05-24 15:38:26,647 - src.training.federated - INFO -   Cardiac Vascular Intensive Care Unit (CVICU): 8118 samples, loss=0.0754
2026-05-24 15:38:26,663 - src.training.federated - INFO -   Coronary Care Unit (CCU): 5113 samples, loss=0.2288
2026-05-24 15:38:26,689 - src.training.federated - INFO -   Medical Intensive Care Unit (MICU): 8791 samples, loss=0.2735
2026-05-24 15:38:26,715 - src.training.federated - INFO -   Medical/Surgical Intensive Care Unit (MICU/SICU): 6983 samples, loss=0.2627
2026-05-24 15:38:26,722 - src.training.federated - INFO -   Neuro Surgical Intensive Care Unit (Neuro SICU): 907 samples, loss=0.3759
2026-05-24 15:38:26,742 - src.training.federated - INFO -   Surgical Intensive Care Unit (SICU): 6372 samples, loss=0.2279
2026-05-24 15:38:26,759 - src.training.federated - INFO -   Trauma SICU (TSICU): 5458 samples, loss=0.1753
2026-05-24 15:38:26,759 - src.training.federated - INFO - Round 2 complete: 7 clients aggregated
2026-05-24 15:38:26,765 - src.training.federated - INFO - Round 2 Validation AUROC: 0.6685
2026-05-24 15:38:26,765 - src.training.federated - INFO - 
======================================================================
2026-05-24 15:38:26,765 - src.training.federated - INFO - Round 3/10
2026-05-24 15:38:26,765 - src.training.federated - INFO - ======================================================================
2026-05-24 15:38:26,787 - src.training.federated - INFO -   Cardiac Vascular Intensive Care Unit (CVICU): 8118 samples, loss=0.0754
2026-05-24 15:38:26,803 - src.training.federated - INFO -   Coronary Care Unit (CCU): 5113 samples, loss=0.2288
2026-05-24 15:38:26,828 - src.training.federated - INFO -   Medical Intensive Care Unit (MICU): 8791 samples, loss=0.2735
2026-05-24 15:38:26,854 - src.training.federated - INFO -   Medical/Surgical Intensive Care Unit (MICU/SICU): 6983 samples, loss=0.2627
2026-05-24 15:38:26,862 - src.training.federated - INFO -   Neuro Surgical Intensive Care Unit (Neuro SICU): 907 samples, loss=0.3759
2026-05-24 15:38:26,881 - src.training.federated - INFO -   Surgical Intensive Care Unit (SICU): 6372 samples, loss=0.2279
2026-05-24 15:38:26,898 - src.training.federated - INFO -   Trauma SICU (TSICU): 5458 samples, loss=0.1753
2026-05-24 15:38:26,898 - src.training.federated - INFO - Round 3 complete: 7 clients aggregated
2026-05-24 15:38:26,904 - src.training.federated - INFO - Round 3 Validation AUROC: 0.5341
2026-05-24 15:38:26,904 - src.training.federated - INFO - 
======================================================================
2026-05-24 15:38:26,904 - src.training.federated - INFO - Round 4/10
2026-05-24 15:38:26,904 - src.training.federated - INFO - ======================================================================
2026-05-24 15:38:26,926 - src.training.federated - INFO -   Cardiac Vascular Intensive Care Unit (CVICU): 8118 samples, loss=0.0754
2026-05-24 15:38:26,942 - src.training.federated - INFO -   Coronary Care Unit (CCU): 5113 samples, loss=0.2288
2026-05-24 15:38:26,967 - src.training.federated - INFO -   Medical Intensive Care Unit (MICU): 8791 samples, loss=0.2735
2026-05-24 15:38:26,993 - src.training.federated - INFO -   Medical/Surgical Intensive Care Unit (MICU/SICU): 6983 samples, loss=0.2627
2026-05-24 15:38:27,001 - src.training.federated - INFO -   Neuro Surgical Intensive Care Unit (Neuro SICU): 907 samples, loss=0.3759
2026-05-24 15:38:27,020 - src.training.federated - INFO -   Surgical Intensive Care Unit (SICU): 6372 samples, loss=0.2279
2026-05-24 15:38:27,037 - src.training.federated - INFO -   Trauma SICU (TSICU): 5458 samples, loss=0.1753
2026-05-24 15:38:27,037 - src.training.federated - INFO - Round 4 complete: 7 clients aggregated
2026-05-24 15:38:27,043 - src.training.federated - INFO - Round 4 Validation AUROC: 0.7420
2026-05-24 15:38:27,043 - src.training.federated - INFO - 
======================================================================
2026-05-24 15:38:27,043 - src.training.federated - INFO - Round 5/10
2026-05-24 15:38:27,043 - src.training.federated - INFO - ======================================================================
2026-05-24 15:38:27,066 - src.training.federated - INFO -   Cardiac Vascular Intensive Care Unit (CVICU): 8118 samples, loss=0.0754
2026-05-24 15:38:27,081 - src.training.federated - INFO -   Coronary Care Unit (CCU): 5113 samples, loss=0.2288
2026-05-24 15:38:27,107 - src.training.federated - INFO -   Medical Intensive Care Unit (MICU): 8791 samples, loss=0.2735
2026-05-24 15:38:27,132 - src.training.federated - INFO -   Medical/Surgical Intensive Care Unit (MICU/SICU): 6983 samples, loss=0.2627
2026-05-24 15:38:27,140 - src.training.federated - INFO -   Neuro Surgical Intensive Care Unit (Neuro SICU): 907 samples, loss=0.3759
2026-05-24 15:38:27,162 - src.training.federated - INFO -   Surgical Intensive Care Unit (SICU): 6372 samples, loss=0.2279
2026-05-24 15:38:27,180 - src.training.federated - INFO -   Trauma SICU (TSICU): 5458 samples, loss=0.1753
2026-05-24 15:38:27,180 - src.training.federated - INFO - Round 5 complete: 7 clients aggregated
2026-05-24 15:38:27,186 - src.training.federated - INFO - Round 5 Validation AUROC: 0.3943
2026-05-24 15:38:27,186 - src.training.federated - INFO - 
======================================================================
2026-05-24 15:38:27,186 - src.training.federated - INFO - Round 6/10
2026-05-24 15:38:27,186 - src.training.federated - INFO - ======================================================================
2026-05-24 15:38:27,211 - src.training.federated - INFO -   Cardiac Vascular Intensive Care Unit (CVICU): 8118 samples, loss=0.0754
2026-05-24 15:38:27,228 - src.training.federated - INFO -   Coronary Care Unit (CCU): 5113 samples, loss=0.2288
2026-05-24 15:38:27,258 - src.training.federated - INFO -   Medical Intensive Care Unit (MICU): 8791 samples, loss=0.2735
2026-05-24 15:38:27,286 - src.training.federated - INFO -   Medical/Surgical Intensive Care Unit (MICU/SICU): 6983 samples, loss=0.2627
2026-05-24 15:38:27,294 - src.training.federated - INFO -   Neuro Surgical Intensive Care Unit (Neuro SICU): 907 samples, loss=0.3759
2026-05-24 15:38:27,315 - src.training.federated - INFO -   Surgical Intensive Care Unit (SICU): 6372 samples, loss=0.2279
2026-05-24 15:38:27,332 - src.training.federated - INFO -   Trauma SICU (TSICU): 5458 samples, loss=0.1753
2026-05-24 15:38:27,333 - src.training.federated - INFO - Round 6 complete: 7 clients aggregated
2026-05-24 15:38:27,339 - src.training.federated - INFO - Round 6 Validation AUROC: 0.5295
2026-05-24 15:38:27,339 - src.training.federated - INFO - 
======================================================================
2026-05-24 15:38:27,339 - src.training.federated - INFO - Round 7/10
2026-05-24 15:38:27,339 - src.training.federated - INFO - ======================================================================
2026-05-24 15:38:27,363 - src.training.federated - INFO -   Cardiac Vascular Intensive Care Unit (CVICU): 8118 samples, loss=0.0754
2026-05-24 15:38:27,380 - src.training.federated - INFO -   Coronary Care Unit (CCU): 5113 samples, loss=0.2288
2026-05-24 15:38:27,408 - src.training.federated - INFO -   Medical Intensive Care Unit (MICU): 8791 samples, loss=0.2735
2026-05-24 15:38:27,436 - src.training.federated - INFO -   Medical/Surgical Intensive Care Unit (MICU/SICU): 6983 samples, loss=0.2627
2026-05-24 15:38:27,444 - src.training.federated - INFO -   Neuro Surgical Intensive Care Unit (Neuro SICU): 907 samples, loss=0.3759
2026-05-24 15:38:27,465 - src.training.federated - INFO -   Surgical Intensive Care Unit (SICU): 6372 samples, loss=0.2279
2026-05-24 15:38:27,484 - src.training.federated - INFO -   Trauma SICU (TSICU): 5458 samples, loss=0.1753
2026-05-24 15:38:27,484 - src.training.federated - INFO - Round 7 complete: 7 clients aggregated
2026-05-24 15:38:27,490 - src.training.federated - INFO - Round 7 Validation AUROC: 0.7414
2026-05-24 15:38:27,490 - src.training.federated - INFO - 
======================================================================
2026-05-24 15:38:27,491 - src.training.federated - INFO - Round 8/10
2026-05-24 15:38:27,491 - src.training.federated - INFO - ======================================================================
2026-05-24 15:38:27,515 - src.training.federated - INFO -   Cardiac Vascular Intensive Care Unit (CVICU): 8118 samples, loss=0.0754
2026-05-24 15:38:27,532 - src.training.federated - INFO -   Coronary Care Unit (CCU): 5113 samples, loss=0.2288
2026-05-24 15:38:27,559 - src.training.federated - INFO -   Medical Intensive Care Unit (MICU): 8791 samples, loss=0.2735
2026-05-24 15:38:27,588 - src.training.federated - INFO -   Medical/Surgical Intensive Care Unit (MICU/SICU): 6983 samples, loss=0.2627
2026-05-24 15:38:27,595 - src.training.federated - INFO -   Neuro Surgical Intensive Care Unit (Neuro SICU): 907 samples, loss=0.3759
2026-05-24 15:38:27,616 - src.training.federated - INFO -   Surgical Intensive Care Unit (SICU): 6372 samples, loss=0.2279
2026-05-24 15:38:27,633 - src.training.federated - INFO -   Trauma SICU (TSICU): 5458 samples, loss=0.1753
2026-05-24 15:38:27,633 - src.training.federated - INFO - Round 8 complete: 7 clients aggregated
2026-05-24 15:38:27,640 - src.training.federated - INFO - Round 8 Validation AUROC: 0.5366
2026-05-24 15:38:27,640 - src.training.federated - INFO - 
======================================================================
2026-05-24 15:38:27,640 - src.training.federated - INFO - Round 9/10
2026-05-24 15:38:27,640 - src.training.federated - INFO - ======================================================================
2026-05-24 15:38:27,663 - src.training.federated - INFO -   Cardiac Vascular Intensive Care Unit (CVICU): 8118 samples, loss=0.0754
2026-05-24 15:38:27,682 - src.training.federated - INFO -   Coronary Care Unit (CCU): 5113 samples, loss=0.2288
2026-05-24 15:38:27,710 - src.training.federated - INFO -   Medical Intensive Care Unit (MICU): 8791 samples, loss=0.2735
2026-05-24 15:38:27,742 - src.training.federated - INFO -   Medical/Surgical Intensive Care Unit (MICU/SICU): 6983 samples, loss=0.2627
2026-05-24 15:38:27,750 - src.training.federated - INFO -   Neuro Surgical Intensive Care Unit (Neuro SICU): 907 samples, loss=0.3759
2026-05-24 15:38:27,770 - src.training.federated - INFO -   Surgical Intensive Care Unit (SICU): 6372 samples, loss=0.2279
2026-05-24 15:38:27,789 - src.training.federated - INFO -   Trauma SICU (TSICU): 5458 samples, loss=0.1753
2026-05-24 15:38:27,789 - src.training.federated - INFO - Round 9 complete: 7 clients aggregated
2026-05-24 15:38:27,795 - src.training.federated - INFO - Round 9 Validation AUROC: 0.6864
2026-05-24 15:38:27,796 - src.training.federated - INFO - 
======================================================================
2026-05-24 15:38:27,796 - src.training.federated - INFO - Round 10/10
2026-05-24 15:38:27,796 - src.training.federated - INFO - ======================================================================
2026-05-24 15:38:27,822 - src.training.federated - INFO -   Cardiac Vascular Intensive Care Unit (CVICU): 8118 samples, loss=0.0754
2026-05-24 15:38:27,841 - src.training.federated - INFO -   Coronary Care Unit (CCU): 5113 samples, loss=0.2288
2026-05-24 15:38:27,875 - src.training.federated - INFO -   Medical Intensive Care Unit (MICU): 8791 samples, loss=0.2735
2026-05-24 15:38:28,008 - src.training.federated - INFO -   Medical/Surgical Intensive Care Unit (MICU/SICU): 6983 samples, loss=0.2627
2026-05-24 15:38:28,017 - src.training.federated - INFO -   Neuro Surgical Intensive Care Unit (Neuro SICU): 907 samples, loss=0.3759
2026-05-24 15:38:28,055 - src.training.federated - INFO -   Surgical Intensive Care Unit (SICU): 6372 samples, loss=0.2279
2026-05-24 15:38:28,073 - src.training.federated - INFO -   Trauma SICU (TSICU): 5458 samples, loss=0.1753
2026-05-24 15:38:28,073 - src.training.federated - INFO - Round 10 complete: 7 clients aggregated
2026-05-24 15:38:28,079 - src.training.federated - INFO - Round 10 Validation AUROC: 0.5018
2026-05-24 15:38:28,085 - src.training.federated - INFO - 
======================================================================
2026-05-24 15:38:28,085 - src.training.federated - INFO - Final Test AUROC: 0.4880
2026-05-24 15:38:28,085 - src.training.federated - INFO - ======================================================================

2026-05-24 15:38:28,085 - __main__ - INFO - 
======================================================================
2026-05-24 15:38:28,085 - __main__ - INFO - Phase 1.5: Results Comparison
2026-05-24 15:38:28,085 - __main__ - INFO - ======================================================================
2026-05-24 15:38:28,085 - __main__ - INFO - 
Test AUROC Comparison:
2026-05-24 15:38:28,085 - __main__ - INFO -   Centralized: 0.8880
2026-05-24 15:38:28,085 - __main__ - INFO -   Federated:   0.4880
2026-05-24 15:38:28,085 - __main__ - INFO -   Divergence:  0.3999
2026-05-24 15:38:28,085 - __main__ - WARNING - ⚠ Federated AUROC (0.4880) < 0.85 target
2026-05-24 15:38:28,085 - __main__ - WARNING - ⚠ Divergence between centralized and federated (0.3999) > 0.05
2026-05-24 15:38:28,085 - __main__ - INFO - 
======================================================================
2026-05-24 15:38:28,086 - __main__ - INFO - ⚠️  EXPERIMENT 1 PARTIAL - Manual review recommended
2026-05-24 15:38:28,086 - __main__ - INFO - ======================================================================
