2026-05-24 15:42:05,512 - __main__ - INFO - 
================================================================================
2026-05-24 15:42:05,512 - __main__ - INFO - # EXPERIMENT 1: FEDERATED LEARNING BASELINE
2026-05-24 15:42:05,512 - __main__ - INFO - ================================================================================
2026-05-24 15:42:05,512 - __main__ - INFO - 
Phase 1.1: Loading Phase 0 cohort and splits...
2026-05-24 15:42:05,513 - src.data.loader - INFO - Loading cohort from cache: /home/raiyanjiyon/Projects/federated-healthcare-ml/data/cache/mimic_iv_cohort.csv
2026-05-24 15:42:05,695 - src.data.loader - WARNING - Missing features: {'admission_type_emergency'}
2026-05-24 15:42:05,702 - src.data.loader - INFO - Dataset: 65273 patients, 31 features
2026-05-24 15:42:05,703 - src.data.loader - INFO - Target distribution: [58207  7066]
2026-05-24 15:42:05,703 - __main__ - INFO - Loaded: 65273 samples, 31 features
2026-05-24 15:42:05,703 - __main__ - INFO - Target distribution: 7066 deaths (10.8%)
2026-05-24 15:42:05,703 - __main__ - INFO - 
Phase 1.2: Distributing data to federated clients by care unit...
2026-05-24 15:42:05,707 - src.data.split - INFO - ✓ Medical Intensive Care Unit (MICU): 8791 patients, 1410 deaths (16.0%)
2026-05-24 15:42:05,711 - src.data.split - INFO - ✓ Surgical Intensive Care Unit (SICU): 6372 patients, 754 deaths (11.8%)
2026-05-24 15:42:05,715 - src.data.split - INFO - ✓ Medical/Surgical Intensive Care Unit (MICU/SICU): 6983 patients, 957 deaths (13.7%)
2026-05-24 15:42:05,719 - src.data.split - INFO - ✓ Cardiac Vascular Intensive Care Unit (CVICU): 8118 patients, 265 deaths (3.3%)
2026-05-24 15:42:05,722 - src.data.split - INFO - ✓ Coronary Care Unit (CCU): 5113 patients, 643 deaths (12.6%)
2026-05-24 15:42:05,726 - src.data.split - INFO - ✓ Trauma SICU (TSICU): 5458 patients, 569 deaths (10.4%)
2026-05-24 15:42:05,729 - src.data.split - INFO - ✓ Neuro Surgical Intensive Care Unit (Neuro SICU): 907 patients, 256 deaths (28.2%)
2026-05-24 15:42:05,733 - src.data.split - INFO -   (skipped Intensive Care Unit (ICU): 16 patients, < 100)
2026-05-24 15:42:05,735 - src.data.split - INFO -   (skipped Medicine: 9 patients, < 100)
2026-05-24 15:42:05,738 - src.data.split - INFO -   (skipped Neuro Intermediate: 3035 patients, < 100)
2026-05-24 15:42:05,740 - src.data.split - INFO -   (skipped Neuro Stepdown: 784 patients, < 100)
2026-05-24 15:42:05,742 - src.data.split - INFO -   (skipped PACU: 43 patients, < 100)
2026-05-24 15:42:05,744 - src.data.split - INFO -   (skipped Surgery/Trauma: 2 patients, < 100)
2026-05-24 15:42:05,746 - src.data.split - INFO -   (skipped Surgery/Vascular/Intermediate: 60 patients, < 100)
2026-05-24 15:42:05,746 - src.data.split - INFO - 
✓ Federated learning ready: 7 clients
2026-05-24 15:42:05,746 - __main__ - INFO - 
✓ Created 7 federated clients
2026-05-24 15:42:05,746 - __main__ - INFO - 
Client Statistics:
2026-05-24 15:42:05,746 - __main__ - INFO - ----------------------------------------------------------------------
2026-05-24 15:42:05,746 - __main__ - INFO -   Medical Intensive Care Unit (MICU)         8791 patients, 1410 deaths ( 16.0%)
2026-05-24 15:42:05,746 - __main__ - INFO -   Cardiac Vascular Intensive Care Unit (CVICU)   8118 patients,  265 deaths (  3.3%)
2026-05-24 15:42:05,747 - __main__ - INFO -   Medical/Surgical Intensive Care Unit (MICU/SICU)   6983 patients,  957 deaths ( 13.7%)
2026-05-24 15:42:05,747 - __main__ - INFO -   Surgical Intensive Care Unit (SICU)        6372 patients,  754 deaths ( 11.8%)
2026-05-24 15:42:05,747 - __main__ - INFO -   Trauma SICU (TSICU)                        5458 patients,  569 deaths ( 10.4%)
2026-05-24 15:42:05,747 - __main__ - INFO -   Coronary Care Unit (CCU)                   5113 patients,  643 deaths ( 12.6%)
2026-05-24 15:42:05,747 - __main__ - INFO -   Neuro Surgical Intensive Care Unit (Neuro SICU)    907 patients,  256 deaths ( 28.2%)
2026-05-24 15:42:05,747 - __main__ - INFO - 
======================================================================
2026-05-24 15:42:05,747 - __main__ - INFO - Phase 1.3: Training Centralized Baseline (for comparison)...
2026-05-24 15:42:05,747 - __main__ - INFO - ======================================================================
2026-05-24 15:42:06,397 - __main__ - INFO - 
Centralized Train AUROC: 0.8857
2026-05-24 15:42:06,397 - __main__ - INFO - Centralized Val AUROC:   0.8846
2026-05-24 15:42:06,397 - __main__ - INFO - Centralized Test AUROC:  0.8880
2026-05-24 15:42:06,397 - __main__ - INFO - 
======================================================================
2026-05-24 15:42:06,397 - __main__ - INFO - Phase 1.4: Training Federated Learning Model...
2026-05-24 15:42:06,397 - __main__ - INFO - ======================================================================
2026-05-24 15:42:06,397 - __main__ - INFO - Overriding DP epsilon to 5.0
2026-05-24 15:42:06,397 - __main__ - INFO - Overriding clipping threshold to 5.0
2026-05-24 15:42:06,412 - root - INFO - 
======================================================================
2026-05-24 15:42:06,412 - root - INFO - Differential Privacy Mechanism Initialized: GaussianDP
2026-05-24 15:42:06,412 - root - INFO - ======================================================================
2026-05-24 15:42:06,412 - root - INFO -   Privacy Budget (ε):     1.0000
2026-05-24 15:42:06,413 - root - INFO -   Failure Probability (δ): 0.000010
2026-05-24 15:42:06,413 - root - INFO -   Clipping Norm (C):      1.0000
2026-05-24 15:42:06,413 - root - INFO -   Noise Scale (σ):        4.7985
2026-05-24 15:42:06,413 - root - INFO - ======================================================================

2026-05-24 15:42:06,413 - src.training.federated - INFO - FederatedTrainer initialized:
2026-05-24 15:42:06,413 - src.training.federated - INFO -   Clients: 7
2026-05-24 15:42:06,413 - src.training.federated - INFO -   Training samples: 41742
2026-05-24 15:42:06,413 - src.training.federated - INFO -   Validation samples: 9791
2026-05-24 15:42:06,413 - src.training.federated - INFO -   Test samples: 9791
2026-05-24 15:42:06,413 - src.training.federated - INFO -   Features: 31
2026-05-24 15:42:06,413 - src.training.federated - INFO -   Rounds: 10
2026-05-24 15:42:06,413 - src.training.federated - INFO -   Strategy: FEDAVG
2026-05-24 15:42:06,413 - src.training.federated - INFO -   Privacy: Enabled (ε=1.0, δ=1e-5)
2026-05-24 15:42:06,413 - src.training.federated - INFO - 
######################################################################
2026-05-24 15:42:06,413 - src.training.federated - INFO - # FEDERATED LEARNING TRAINING (10 rounds)
2026-05-24 15:42:06,413 - src.training.federated - INFO - # Strategy: FEDAVG
2026-05-24 15:42:06,413 - src.training.federated - INFO - ######################################################################

2026-05-24 15:42:06,413 - src.training.federated - INFO - 
======================================================================
2026-05-24 15:42:06,413 - src.training.federated - INFO - Round 1/10
2026-05-24 15:42:06,413 - src.training.federated - INFO - ======================================================================
2026-05-24 15:42:06,473 - src.training.federated - INFO -   Cardiac Vascular Intensive Care Unit (CVICU): 8118 samples, loss=0.0754
2026-05-24 15:42:06,490 - src.training.federated - INFO -   Coronary Care Unit (CCU): 5113 samples, loss=0.2288
2026-05-24 15:42:06,519 - src.training.federated - INFO -   Medical Intensive Care Unit (MICU): 8791 samples, loss=0.2735
2026-05-24 15:42:06,549 - src.training.federated - INFO -   Medical/Surgical Intensive Care Unit (MICU/SICU): 6983 samples, loss=0.2627
2026-05-24 15:42:06,557 - src.training.federated - INFO -   Neuro Surgical Intensive Care Unit (Neuro SICU): 907 samples, loss=0.3759
2026-05-24 15:42:06,580 - src.training.federated - INFO -   Surgical Intensive Care Unit (SICU): 6372 samples, loss=0.2279
2026-05-24 15:42:06,598 - src.training.federated - INFO -   Trauma SICU (TSICU): 5458 samples, loss=0.1753
2026-05-24 15:42:06,598 - src.training.federated - INFO - Round 1 complete: 7 clients aggregated
2026-05-24 15:42:06,605 - src.training.federated - INFO - Round 1 Validation AUROC: 0.7373
2026-05-24 15:42:06,605 - src.training.federated - INFO - 
======================================================================
2026-05-24 15:42:06,605 - src.training.federated - INFO - Round 2/10
2026-05-24 15:42:06,605 - src.training.federated - INFO - ======================================================================
2026-05-24 15:42:06,632 - src.training.federated - INFO -   Cardiac Vascular Intensive Care Unit (CVICU): 8118 samples, loss=0.0754
2026-05-24 15:42:06,649 - src.training.federated - INFO -   Coronary Care Unit (CCU): 5113 samples, loss=0.2288
2026-05-24 15:42:06,678 - src.training.federated - INFO -   Medical Intensive Care Unit (MICU): 8791 samples, loss=0.2735
2026-05-24 15:42:06,705 - src.training.federated - INFO -   Medical/Surgical Intensive Care Unit (MICU/SICU): 6983 samples, loss=0.2627
2026-05-24 15:42:06,714 - src.training.federated - INFO -   Neuro Surgical Intensive Care Unit (Neuro SICU): 907 samples, loss=0.3759
2026-05-24 15:42:06,734 - src.training.federated - INFO -   Surgical Intensive Care Unit (SICU): 6372 samples, loss=0.2279
2026-05-24 15:42:06,752 - src.training.federated - INFO -   Trauma SICU (TSICU): 5458 samples, loss=0.1753
2026-05-24 15:42:06,752 - src.training.federated - INFO - Round 2 complete: 7 clients aggregated
2026-05-24 15:42:06,758 - src.training.federated - INFO - Round 2 Validation AUROC: 0.6685
2026-05-24 15:42:06,758 - src.training.federated - INFO - 
======================================================================
2026-05-24 15:42:06,758 - src.training.federated - INFO - Round 3/10
2026-05-24 15:42:06,758 - src.training.federated - INFO - ======================================================================
2026-05-24 15:42:06,783 - src.training.federated - INFO -   Cardiac Vascular Intensive Care Unit (CVICU): 8118 samples, loss=0.0754
2026-05-24 15:42:06,799 - src.training.federated - INFO -   Coronary Care Unit (CCU): 5113 samples, loss=0.2288
2026-05-24 15:42:06,832 - src.training.federated - INFO -   Medical Intensive Care Unit (MICU): 8791 samples, loss=0.2735
2026-05-24 15:42:06,859 - src.training.federated - INFO -   Medical/Surgical Intensive Care Unit (MICU/SICU): 6983 samples, loss=0.2627
2026-05-24 15:42:06,867 - src.training.federated - INFO -   Neuro Surgical Intensive Care Unit (Neuro SICU): 907 samples, loss=0.3759
2026-05-24 15:42:06,888 - src.training.federated - INFO -   Surgical Intensive Care Unit (SICU): 6372 samples, loss=0.2279
2026-05-24 15:42:06,906 - src.training.federated - INFO -   Trauma SICU (TSICU): 5458 samples, loss=0.1753
2026-05-24 15:42:06,906 - src.training.federated - INFO - Round 3 complete: 7 clients aggregated
2026-05-24 15:42:06,912 - src.training.federated - INFO - Round 3 Validation AUROC: 0.5341
2026-05-24 15:42:06,912 - src.training.federated - INFO - 
======================================================================
2026-05-24 15:42:06,912 - src.training.federated - INFO - Round 4/10
2026-05-24 15:42:06,912 - src.training.federated - INFO - ======================================================================
2026-05-24 15:42:06,936 - src.training.federated - INFO -   Cardiac Vascular Intensive Care Unit (CVICU): 8118 samples, loss=0.0754
2026-05-24 15:42:06,953 - src.training.federated - INFO -   Coronary Care Unit (CCU): 5113 samples, loss=0.2288
2026-05-24 15:42:06,981 - src.training.federated - INFO -   Medical Intensive Care Unit (MICU): 8791 samples, loss=0.2735
2026-05-24 15:42:07,008 - src.training.federated - INFO -   Medical/Surgical Intensive Care Unit (MICU/SICU): 6983 samples, loss=0.2627
2026-05-24 15:42:07,016 - src.training.federated - INFO -   Neuro Surgical Intensive Care Unit (Neuro SICU): 907 samples, loss=0.3759
2026-05-24 15:42:07,037 - src.training.federated - INFO -   Surgical Intensive Care Unit (SICU): 6372 samples, loss=0.2279
2026-05-24 15:42:07,054 - src.training.federated - INFO -   Trauma SICU (TSICU): 5458 samples, loss=0.1753
2026-05-24 15:42:07,054 - src.training.federated - INFO - Round 4 complete: 7 clients aggregated
2026-05-24 15:42:07,061 - src.training.federated - INFO - Round 4 Validation AUROC: 0.7420
2026-05-24 15:42:07,061 - src.training.federated - INFO - 
======================================================================
2026-05-24 15:42:07,061 - src.training.federated - INFO - Round 5/10
2026-05-24 15:42:07,061 - src.training.federated - INFO - ======================================================================
2026-05-24 15:42:07,084 - src.training.federated - INFO -   Cardiac Vascular Intensive Care Unit (CVICU): 8118 samples, loss=0.0754
2026-05-24 15:42:07,101 - src.training.federated - INFO -   Coronary Care Unit (CCU): 5113 samples, loss=0.2288
2026-05-24 15:42:07,129 - src.training.federated - INFO -   Medical Intensive Care Unit (MICU): 8791 samples, loss=0.2735
2026-05-24 15:42:07,156 - src.training.federated - INFO -   Medical/Surgical Intensive Care Unit (MICU/SICU): 6983 samples, loss=0.2627
2026-05-24 15:42:07,164 - src.training.federated - INFO -   Neuro Surgical Intensive Care Unit (Neuro SICU): 907 samples, loss=0.3759
2026-05-24 15:42:07,187 - src.training.federated - INFO -   Surgical Intensive Care Unit (SICU): 6372 samples, loss=0.2279
2026-05-24 15:42:07,204 - src.training.federated - INFO -   Trauma SICU (TSICU): 5458 samples, loss=0.1753
2026-05-24 15:42:07,204 - src.training.federated - INFO - Round 5 complete: 7 clients aggregated
2026-05-24 15:42:07,211 - src.training.federated - INFO - Round 5 Validation AUROC: 0.3943
2026-05-24 15:42:07,211 - src.training.federated - INFO - 
======================================================================
2026-05-24 15:42:07,211 - src.training.federated - INFO - Round 6/10
2026-05-24 15:42:07,211 - src.training.federated - INFO - ======================================================================
2026-05-24 15:42:07,235 - src.training.federated - INFO -   Cardiac Vascular Intensive Care Unit (CVICU): 8118 samples, loss=0.0754
2026-05-24 15:42:07,252 - src.training.federated - INFO -   Coronary Care Unit (CCU): 5113 samples, loss=0.2288
2026-05-24 15:42:07,280 - src.training.federated - INFO -   Medical Intensive Care Unit (MICU): 8791 samples, loss=0.2735
2026-05-24 15:42:07,308 - src.training.federated - INFO -   Medical/Surgical Intensive Care Unit (MICU/SICU): 6983 samples, loss=0.2627
2026-05-24 15:42:07,316 - src.training.federated - INFO -   Neuro Surgical Intensive Care Unit (Neuro SICU): 907 samples, loss=0.3759
2026-05-24 15:42:07,337 - src.training.federated - INFO -   Surgical Intensive Care Unit (SICU): 6372 samples, loss=0.2279
2026-05-24 15:42:07,355 - src.training.federated - INFO -   Trauma SICU (TSICU): 5458 samples, loss=0.1753
2026-05-24 15:42:07,355 - src.training.federated - INFO - Round 6 complete: 7 clients aggregated
2026-05-24 15:42:07,361 - src.training.federated - INFO - Round 6 Validation AUROC: 0.5295
2026-05-24 15:42:07,361 - src.training.federated - INFO - 
======================================================================
2026-05-24 15:42:07,361 - src.training.federated - INFO - Round 7/10
2026-05-24 15:42:07,361 - src.training.federated - INFO - ======================================================================
2026-05-24 15:42:07,385 - src.training.federated - INFO -   Cardiac Vascular Intensive Care Unit (CVICU): 8118 samples, loss=0.0754
2026-05-24 15:42:07,402 - src.training.federated - INFO -   Coronary Care Unit (CCU): 5113 samples, loss=0.2288
2026-05-24 15:42:07,431 - src.training.federated - INFO -   Medical Intensive Care Unit (MICU): 8791 samples, loss=0.2735
2026-05-24 15:42:07,465 - src.training.federated - INFO -   Medical/Surgical Intensive Care Unit (MICU/SICU): 6983 samples, loss=0.2627
2026-05-24 15:42:07,473 - src.training.federated - INFO -   Neuro Surgical Intensive Care Unit (Neuro SICU): 907 samples, loss=0.3759
2026-05-24 15:42:07,497 - src.training.federated - INFO -   Surgical Intensive Care Unit (SICU): 6372 samples, loss=0.2279
2026-05-24 15:42:07,518 - src.training.federated - INFO -   Trauma SICU (TSICU): 5458 samples, loss=0.1753
2026-05-24 15:42:07,518 - src.training.federated - INFO - Round 7 complete: 7 clients aggregated
2026-05-24 15:42:07,524 - src.training.federated - INFO - Round 7 Validation AUROC: 0.7414
2026-05-24 15:42:07,524 - src.training.federated - INFO - 
======================================================================
2026-05-24 15:42:07,524 - src.training.federated - INFO - Round 8/10
2026-05-24 15:42:07,525 - src.training.federated - INFO - ======================================================================
2026-05-24 15:42:07,555 - src.training.federated - INFO -   Cardiac Vascular Intensive Care Unit (CVICU): 8118 samples, loss=0.0754
2026-05-24 15:42:07,572 - src.training.federated - INFO -   Coronary Care Unit (CCU): 5113 samples, loss=0.2288
2026-05-24 15:42:07,601 - src.training.federated - INFO -   Medical Intensive Care Unit (MICU): 8791 samples, loss=0.2735
2026-05-24 15:42:07,629 - src.training.federated - INFO -   Medical/Surgical Intensive Care Unit (MICU/SICU): 6983 samples, loss=0.2627
2026-05-24 15:42:07,637 - src.training.federated - INFO -   Neuro Surgical Intensive Care Unit (Neuro SICU): 907 samples, loss=0.3759
2026-05-24 15:42:07,660 - src.training.federated - INFO -   Surgical Intensive Care Unit (SICU): 6372 samples, loss=0.2279
2026-05-24 15:42:07,679 - src.training.federated - INFO -   Trauma SICU (TSICU): 5458 samples, loss=0.1753
2026-05-24 15:42:07,679 - src.training.federated - INFO - Round 8 complete: 7 clients aggregated
2026-05-24 15:42:07,685 - src.training.federated - INFO - Round 8 Validation AUROC: 0.5366
2026-05-24 15:42:07,685 - src.training.federated - INFO - 
======================================================================
2026-05-24 15:42:07,685 - src.training.federated - INFO - Round 9/10
2026-05-24 15:42:07,685 - src.training.federated - INFO - ======================================================================
2026-05-24 15:42:07,711 - src.training.federated - INFO -   Cardiac Vascular Intensive Care Unit (CVICU): 8118 samples, loss=0.0754
2026-05-24 15:42:07,728 - src.training.federated - INFO -   Coronary Care Unit (CCU): 5113 samples, loss=0.2288
2026-05-24 15:42:07,758 - src.training.federated - INFO -   Medical Intensive Care Unit (MICU): 8791 samples, loss=0.2735
2026-05-24 15:42:07,789 - src.training.federated - INFO -   Medical/Surgical Intensive Care Unit (MICU/SICU): 6983 samples, loss=0.2627
2026-05-24 15:42:07,797 - src.training.federated - INFO -   Neuro Surgical Intensive Care Unit (Neuro SICU): 907 samples, loss=0.3759
2026-05-24 15:42:07,814 - src.training.federated - INFO -   Surgical Intensive Care Unit (SICU): 6372 samples, loss=0.2279
2026-05-24 15:42:07,829 - src.training.federated - INFO -   Trauma SICU (TSICU): 5458 samples, loss=0.1753
2026-05-24 15:42:07,829 - src.training.federated - INFO - Round 9 complete: 7 clients aggregated
2026-05-24 15:42:07,836 - src.training.federated - INFO - Round 9 Validation AUROC: 0.6864
2026-05-24 15:42:07,836 - src.training.federated - INFO - 
======================================================================
2026-05-24 15:42:07,836 - src.training.federated - INFO - Round 10/10
2026-05-24 15:42:07,836 - src.training.federated - INFO - ======================================================================
2026-05-24 15:42:07,857 - src.training.federated - INFO -   Cardiac Vascular Intensive Care Unit (CVICU): 8118 samples, loss=0.0754
2026-05-24 15:42:07,872 - src.training.federated - INFO -   Coronary Care Unit (CCU): 5113 samples, loss=0.2288
2026-05-24 15:42:07,895 - src.training.federated - INFO -   Medical Intensive Care Unit (MICU): 8791 samples, loss=0.2735
2026-05-24 15:42:07,922 - src.training.federated - INFO -   Medical/Surgical Intensive Care Unit (MICU/SICU): 6983 samples, loss=0.2627
2026-05-24 15:42:07,930 - src.training.federated - INFO -   Neuro Surgical Intensive Care Unit (Neuro SICU): 907 samples, loss=0.3759
2026-05-24 15:42:07,949 - src.training.federated - INFO -   Surgical Intensive Care Unit (SICU): 6372 samples, loss=0.2279
2026-05-24 15:42:07,963 - src.training.federated - INFO -   Trauma SICU (TSICU): 5458 samples, loss=0.1753
2026-05-24 15:42:07,963 - src.training.federated - INFO - Round 10 complete: 7 clients aggregated
2026-05-24 15:42:07,969 - src.training.federated - INFO - Round 10 Validation AUROC: 0.5018
2026-05-24 15:42:07,974 - src.training.federated - INFO - 
======================================================================
2026-05-24 15:42:07,974 - src.training.federated - INFO - Final Test AUROC: 0.4880
2026-05-24 15:42:07,974 - src.training.federated - INFO - ======================================================================

2026-05-24 15:42:07,974 - __main__ - INFO - 
======================================================================
2026-05-24 15:42:07,974 - __main__ - INFO - Phase 1.5: Results Comparison
2026-05-24 15:42:07,974 - __main__ - INFO - ======================================================================
2026-05-24 15:42:07,974 - __main__ - INFO - 
Test AUROC Comparison:
2026-05-24 15:42:07,974 - __main__ - INFO -   Centralized: 0.8880
2026-05-24 15:42:07,974 - __main__ - INFO -   Federated:   0.4880
2026-05-24 15:42:07,974 - __main__ - INFO -   Divergence:  0.3999
2026-05-24 15:42:07,975 - __main__ - WARNING - ⚠ Federated AUROC (0.4880) < 0.85 target
2026-05-24 15:42:07,975 - __main__ - WARNING - ⚠ Divergence between centralized and federated (0.3999) > 0.05
2026-05-24 15:42:07,975 - __main__ - INFO - 
======================================================================
2026-05-24 15:42:07,975 - __main__ - INFO - ⚠️  EXPERIMENT 1 PARTIAL - Manual review recommended
2026-05-24 15:42:07,975 - __main__ - INFO - ======================================================================
