2026-05-24 15:42:13,095 - __main__ - INFO - 
================================================================================
2026-05-24 15:42:13,095 - __main__ - INFO - # EXPERIMENT 1: FEDERATED LEARNING BASELINE
2026-05-24 15:42:13,095 - __main__ - INFO - ================================================================================
2026-05-24 15:42:13,095 - __main__ - INFO - 
Phase 1.1: Loading Phase 0 cohort and splits...
2026-05-24 15:42:13,095 - src.data.loader - INFO - Loading cohort from cache: /home/raiyanjiyon/Projects/federated-healthcare-ml/data/cache/mimic_iv_cohort.csv
2026-05-24 15:42:13,276 - src.data.loader - WARNING - Missing features: {'admission_type_emergency'}
2026-05-24 15:42:13,283 - src.data.loader - INFO - Dataset: 65273 patients, 31 features
2026-05-24 15:42:13,284 - src.data.loader - INFO - Target distribution: [58207  7066]
2026-05-24 15:42:13,284 - __main__ - INFO - Loaded: 65273 samples, 31 features
2026-05-24 15:42:13,284 - __main__ - INFO - Target distribution: 7066 deaths (10.8%)
2026-05-24 15:42:13,284 - __main__ - INFO - 
Phase 1.2: Distributing data to federated clients by care unit...
2026-05-24 15:42:13,288 - src.data.split - INFO - ✓ Medical Intensive Care Unit (MICU): 8791 patients, 1410 deaths (16.0%)
2026-05-24 15:42:13,292 - src.data.split - INFO - ✓ Surgical Intensive Care Unit (SICU): 6372 patients, 754 deaths (11.8%)
2026-05-24 15:42:13,295 - src.data.split - INFO - ✓ Medical/Surgical Intensive Care Unit (MICU/SICU): 6983 patients, 957 deaths (13.7%)
2026-05-24 15:42:13,299 - src.data.split - INFO - ✓ Cardiac Vascular Intensive Care Unit (CVICU): 8118 patients, 265 deaths (3.3%)
2026-05-24 15:42:13,303 - src.data.split - INFO - ✓ Coronary Care Unit (CCU): 5113 patients, 643 deaths (12.6%)
2026-05-24 15:42:13,306 - src.data.split - INFO - ✓ Trauma SICU (TSICU): 5458 patients, 569 deaths (10.4%)
2026-05-24 15:42:13,309 - src.data.split - INFO - ✓ Neuro Surgical Intensive Care Unit (Neuro SICU): 907 patients, 256 deaths (28.2%)
2026-05-24 15:42:13,313 - src.data.split - INFO -   (skipped Intensive Care Unit (ICU): 16 patients, < 100)
2026-05-24 15:42:13,315 - src.data.split - INFO -   (skipped Medicine: 9 patients, < 100)
2026-05-24 15:42:13,318 - src.data.split - INFO -   (skipped Neuro Intermediate: 3035 patients, < 100)
2026-05-24 15:42:13,320 - src.data.split - INFO -   (skipped Neuro Stepdown: 784 patients, < 100)
2026-05-24 15:42:13,322 - src.data.split - INFO -   (skipped PACU: 43 patients, < 100)
2026-05-24 15:42:13,324 - src.data.split - INFO -   (skipped Surgery/Trauma: 2 patients, < 100)
2026-05-24 15:42:13,326 - src.data.split - INFO -   (skipped Surgery/Vascular/Intermediate: 60 patients, < 100)
2026-05-24 15:42:13,326 - src.data.split - INFO - 
✓ Federated learning ready: 7 clients
2026-05-24 15:42:13,326 - __main__ - INFO - 
✓ Created 7 federated clients
2026-05-24 15:42:13,326 - __main__ - INFO - 
Client Statistics:
2026-05-24 15:42:13,326 - __main__ - INFO - ----------------------------------------------------------------------
2026-05-24 15:42:13,326 - __main__ - INFO -   Medical Intensive Care Unit (MICU)         8791 patients, 1410 deaths ( 16.0%)
2026-05-24 15:42:13,326 - __main__ - INFO -   Cardiac Vascular Intensive Care Unit (CVICU)   8118 patients,  265 deaths (  3.3%)
2026-05-24 15:42:13,326 - __main__ - INFO -   Medical/Surgical Intensive Care Unit (MICU/SICU)   6983 patients,  957 deaths ( 13.7%)
2026-05-24 15:42:13,326 - __main__ - INFO -   Surgical Intensive Care Unit (SICU)        6372 patients,  754 deaths ( 11.8%)
2026-05-24 15:42:13,326 - __main__ - INFO -   Trauma SICU (TSICU)                        5458 patients,  569 deaths ( 10.4%)
2026-05-24 15:42:13,326 - __main__ - INFO -   Coronary Care Unit (CCU)                   5113 patients,  643 deaths ( 12.6%)
2026-05-24 15:42:13,326 - __main__ - INFO -   Neuro Surgical Intensive Care Unit (Neuro SICU)    907 patients,  256 deaths ( 28.2%)
2026-05-24 15:42:13,326 - __main__ - INFO - 
======================================================================
2026-05-24 15:42:13,326 - __main__ - INFO - Phase 1.3: Training Centralized Baseline (for comparison)...
2026-05-24 15:42:13,326 - __main__ - INFO - ======================================================================
2026-05-24 15:42:13,758 - __main__ - INFO - 
Centralized Train AUROC: 0.8857
2026-05-24 15:42:13,758 - __main__ - INFO - Centralized Val AUROC:   0.8846
2026-05-24 15:42:13,758 - __main__ - INFO - Centralized Test AUROC:  0.8880
2026-05-24 15:42:13,758 - __main__ - INFO - 
======================================================================
2026-05-24 15:42:13,758 - __main__ - INFO - Phase 1.4: Training Federated Learning Model...
2026-05-24 15:42:13,758 - __main__ - INFO - ======================================================================
2026-05-24 15:42:13,758 - __main__ - INFO - Overriding DP epsilon to 1.0
2026-05-24 15:42:13,758 - __main__ - INFO - Overriding clipping threshold to 10.0
2026-05-24 15:42:13,773 - root - INFO - 
======================================================================
2026-05-24 15:42:13,773 - root - INFO - Differential Privacy Mechanism Initialized: GaussianDP
2026-05-24 15:42:13,773 - root - INFO - ======================================================================
2026-05-24 15:42:13,773 - root - INFO -   Privacy Budget (ε):     1.0000
2026-05-24 15:42:13,773 - root - INFO -   Failure Probability (δ): 0.000010
2026-05-24 15:42:13,773 - root - INFO -   Clipping Norm (C):      1.0000
2026-05-24 15:42:13,774 - root - INFO -   Noise Scale (σ):        4.7985
2026-05-24 15:42:13,774 - root - INFO - ======================================================================

2026-05-24 15:42:13,774 - src.training.federated - INFO - FederatedTrainer initialized:
2026-05-24 15:42:13,774 - src.training.federated - INFO -   Clients: 7
2026-05-24 15:42:13,774 - src.training.federated - INFO -   Training samples: 41742
2026-05-24 15:42:13,774 - src.training.federated - INFO -   Validation samples: 9791
2026-05-24 15:42:13,774 - src.training.federated - INFO -   Test samples: 9791
2026-05-24 15:42:13,774 - src.training.federated - INFO -   Features: 31
2026-05-24 15:42:13,774 - src.training.federated - INFO -   Rounds: 10
2026-05-24 15:42:13,774 - src.training.federated - INFO -   Strategy: FEDAVG
2026-05-24 15:42:13,774 - src.training.federated - INFO -   Privacy: Enabled (ε=1.0, δ=1e-5)
2026-05-24 15:42:13,774 - src.training.federated - INFO - 
######################################################################
2026-05-24 15:42:13,774 - src.training.federated - INFO - # FEDERATED LEARNING TRAINING (10 rounds)
2026-05-24 15:42:13,774 - src.training.federated - INFO - # Strategy: FEDAVG
2026-05-24 15:42:13,774 - src.training.federated - INFO - ######################################################################

2026-05-24 15:42:13,774 - src.training.federated - INFO - 
======================================================================
2026-05-24 15:42:13,774 - src.training.federated - INFO - Round 1/10
2026-05-24 15:42:13,774 - src.training.federated - INFO - ======================================================================
2026-05-24 15:42:13,872 - src.training.federated - INFO -   Cardiac Vascular Intensive Care Unit (CVICU): 8118 samples, loss=0.0754
2026-05-24 15:42:13,887 - src.training.federated - INFO -   Coronary Care Unit (CCU): 5113 samples, loss=0.2288
2026-05-24 15:42:13,911 - src.training.federated - INFO -   Medical Intensive Care Unit (MICU): 8791 samples, loss=0.2735
2026-05-24 15:42:13,935 - src.training.federated - INFO -   Medical/Surgical Intensive Care Unit (MICU/SICU): 6983 samples, loss=0.2627
2026-05-24 15:42:13,942 - src.training.federated - INFO -   Neuro Surgical Intensive Care Unit (Neuro SICU): 907 samples, loss=0.3759
2026-05-24 15:42:13,960 - src.training.federated - INFO -   Surgical Intensive Care Unit (SICU): 6372 samples, loss=0.2279
2026-05-24 15:42:13,975 - src.training.federated - INFO -   Trauma SICU (TSICU): 5458 samples, loss=0.1753
2026-05-24 15:42:13,976 - src.training.federated - INFO - Round 1 complete: 7 clients aggregated
2026-05-24 15:42:13,981 - src.training.federated - INFO - Round 1 Validation AUROC: 0.7373
2026-05-24 15:42:13,981 - src.training.federated - INFO - 
======================================================================
2026-05-24 15:42:13,981 - src.training.federated - INFO - Round 2/10
2026-05-24 15:42:13,981 - src.training.federated - INFO - ======================================================================
2026-05-24 15:42:14,000 - src.training.federated - INFO -   Cardiac Vascular Intensive Care Unit (CVICU): 8118 samples, loss=0.0754
2026-05-24 15:42:14,014 - src.training.federated - INFO -   Coronary Care Unit (CCU): 5113 samples, loss=0.2288
2026-05-24 15:42:14,038 - src.training.federated - INFO -   Medical Intensive Care Unit (MICU): 8791 samples, loss=0.2735
2026-05-24 15:42:14,060 - src.training.federated - INFO -   Medical/Surgical Intensive Care Unit (MICU/SICU): 6983 samples, loss=0.2627
2026-05-24 15:42:14,067 - src.training.federated - INFO -   Neuro Surgical Intensive Care Unit (Neuro SICU): 907 samples, loss=0.3759
2026-05-24 15:42:14,085 - src.training.federated - INFO -   Surgical Intensive Care Unit (SICU): 6372 samples, loss=0.2279
2026-05-24 15:42:14,100 - src.training.federated - INFO -   Trauma SICU (TSICU): 5458 samples, loss=0.1753
2026-05-24 15:42:14,100 - src.training.federated - INFO - Round 2 complete: 7 clients aggregated
2026-05-24 15:42:14,106 - src.training.federated - INFO - Round 2 Validation AUROC: 0.6685
2026-05-24 15:42:14,106 - src.training.federated - INFO - 
======================================================================
2026-05-24 15:42:14,106 - src.training.federated - INFO - Round 3/10
2026-05-24 15:42:14,106 - src.training.federated - INFO - ======================================================================
2026-05-24 15:42:14,125 - src.training.federated - INFO -   Cardiac Vascular Intensive Care Unit (CVICU): 8118 samples, loss=0.0754
2026-05-24 15:42:14,140 - src.training.federated - INFO -   Coronary Care Unit (CCU): 5113 samples, loss=0.2288
2026-05-24 15:42:14,163 - src.training.federated - INFO -   Medical Intensive Care Unit (MICU): 8791 samples, loss=0.2735
2026-05-24 15:42:14,191 - src.training.federated - INFO -   Medical/Surgical Intensive Care Unit (MICU/SICU): 6983 samples, loss=0.2627
2026-05-24 15:42:14,198 - src.training.federated - INFO -   Neuro Surgical Intensive Care Unit (Neuro SICU): 907 samples, loss=0.3759
2026-05-24 15:42:14,215 - src.training.federated - INFO -   Surgical Intensive Care Unit (SICU): 6372 samples, loss=0.2279
2026-05-24 15:42:14,230 - src.training.federated - INFO -   Trauma SICU (TSICU): 5458 samples, loss=0.1753
2026-05-24 15:42:14,230 - src.training.federated - INFO - Round 3 complete: 7 clients aggregated
2026-05-24 15:42:14,236 - src.training.federated - INFO - Round 3 Validation AUROC: 0.5341
2026-05-24 15:42:14,236 - src.training.federated - INFO - 
======================================================================
2026-05-24 15:42:14,236 - src.training.federated - INFO - Round 4/10
2026-05-24 15:42:14,236 - src.training.federated - INFO - ======================================================================
2026-05-24 15:42:14,255 - src.training.federated - INFO -   Cardiac Vascular Intensive Care Unit (CVICU): 8118 samples, loss=0.0754
2026-05-24 15:42:14,268 - src.training.federated - INFO -   Coronary Care Unit (CCU): 5113 samples, loss=0.2288
2026-05-24 15:42:14,291 - src.training.federated - INFO -   Medical Intensive Care Unit (MICU): 8791 samples, loss=0.2735
2026-05-24 15:42:14,313 - src.training.federated - INFO -   Medical/Surgical Intensive Care Unit (MICU/SICU): 6983 samples, loss=0.2627
2026-05-24 15:42:14,321 - src.training.federated - INFO -   Neuro Surgical Intensive Care Unit (Neuro SICU): 907 samples, loss=0.3759
2026-05-24 15:42:14,338 - src.training.federated - INFO -   Surgical Intensive Care Unit (SICU): 6372 samples, loss=0.2279
2026-05-24 15:42:14,353 - src.training.federated - INFO -   Trauma SICU (TSICU): 5458 samples, loss=0.1753
2026-05-24 15:42:14,353 - src.training.federated - INFO - Round 4 complete: 7 clients aggregated
2026-05-24 15:42:14,358 - src.training.federated - INFO - Round 4 Validation AUROC: 0.7420
2026-05-24 15:42:14,358 - src.training.federated - INFO - 
======================================================================
2026-05-24 15:42:14,358 - src.training.federated - INFO - Round 5/10
2026-05-24 15:42:14,358 - src.training.federated - INFO - ======================================================================
2026-05-24 15:42:14,378 - src.training.federated - INFO -   Cardiac Vascular Intensive Care Unit (CVICU): 8118 samples, loss=0.0754
2026-05-24 15:42:14,392 - src.training.federated - INFO -   Coronary Care Unit (CCU): 5113 samples, loss=0.2288
2026-05-24 15:42:14,415 - src.training.federated - INFO -   Medical Intensive Care Unit (MICU): 8791 samples, loss=0.2735
2026-05-24 15:42:14,438 - src.training.federated - INFO -   Medical/Surgical Intensive Care Unit (MICU/SICU): 6983 samples, loss=0.2627
2026-05-24 15:42:14,445 - src.training.federated - INFO -   Neuro Surgical Intensive Care Unit (Neuro SICU): 907 samples, loss=0.3759
2026-05-24 15:42:14,462 - src.training.federated - INFO -   Surgical Intensive Care Unit (SICU): 6372 samples, loss=0.2279
2026-05-24 15:42:14,477 - src.training.federated - INFO -   Trauma SICU (TSICU): 5458 samples, loss=0.1753
2026-05-24 15:42:14,477 - src.training.federated - INFO - Round 5 complete: 7 clients aggregated
2026-05-24 15:42:14,483 - src.training.federated - INFO - Round 5 Validation AUROC: 0.3943
2026-05-24 15:42:14,483 - src.training.federated - INFO - 
======================================================================
2026-05-24 15:42:14,483 - src.training.federated - INFO - Round 6/10
2026-05-24 15:42:14,483 - src.training.federated - INFO - ======================================================================
2026-05-24 15:42:14,501 - src.training.federated - INFO -   Cardiac Vascular Intensive Care Unit (CVICU): 8118 samples, loss=0.0754
2026-05-24 15:42:14,515 - src.training.federated - INFO -   Coronary Care Unit (CCU): 5113 samples, loss=0.2288
2026-05-24 15:42:14,539 - src.training.federated - INFO -   Medical Intensive Care Unit (MICU): 8791 samples, loss=0.2735
2026-05-24 15:42:14,561 - src.training.federated - INFO -   Medical/Surgical Intensive Care Unit (MICU/SICU): 6983 samples, loss=0.2627
2026-05-24 15:42:14,568 - src.training.federated - INFO -   Neuro Surgical Intensive Care Unit (Neuro SICU): 907 samples, loss=0.3759
2026-05-24 15:42:14,586 - src.training.federated - INFO -   Surgical Intensive Care Unit (SICU): 6372 samples, loss=0.2279
2026-05-24 15:42:14,600 - src.training.federated - INFO -   Trauma SICU (TSICU): 5458 samples, loss=0.1753
2026-05-24 15:42:14,600 - src.training.federated - INFO - Round 6 complete: 7 clients aggregated
2026-05-24 15:42:14,606 - src.training.federated - INFO - Round 6 Validation AUROC: 0.5295
2026-05-24 15:42:14,606 - src.training.federated - INFO - 
======================================================================
2026-05-24 15:42:14,606 - src.training.federated - INFO - Round 7/10
2026-05-24 15:42:14,606 - src.training.federated - INFO - ======================================================================
2026-05-24 15:42:14,625 - src.training.federated - INFO -   Cardiac Vascular Intensive Care Unit (CVICU): 8118 samples, loss=0.0754
2026-05-24 15:42:14,640 - src.training.federated - INFO -   Coronary Care Unit (CCU): 5113 samples, loss=0.2288
2026-05-24 15:42:14,662 - src.training.federated - INFO -   Medical Intensive Care Unit (MICU): 8791 samples, loss=0.2735
2026-05-24 15:42:14,690 - src.training.federated - INFO -   Medical/Surgical Intensive Care Unit (MICU/SICU): 6983 samples, loss=0.2627
2026-05-24 15:42:14,697 - src.training.federated - INFO -   Neuro Surgical Intensive Care Unit (Neuro SICU): 907 samples, loss=0.3759
2026-05-24 15:42:14,714 - src.training.federated - INFO -   Surgical Intensive Care Unit (SICU): 6372 samples, loss=0.2279
2026-05-24 15:42:14,729 - src.training.federated - INFO -   Trauma SICU (TSICU): 5458 samples, loss=0.1753
2026-05-24 15:42:14,729 - src.training.federated - INFO - Round 7 complete: 7 clients aggregated
2026-05-24 15:42:14,734 - src.training.federated - INFO - Round 7 Validation AUROC: 0.7414
2026-05-24 15:42:14,734 - src.training.federated - INFO - 
======================================================================
2026-05-24 15:42:14,734 - src.training.federated - INFO - Round 8/10
2026-05-24 15:42:14,734 - src.training.federated - INFO - ======================================================================
2026-05-24 15:42:14,754 - src.training.federated - INFO -   Cardiac Vascular Intensive Care Unit (CVICU): 8118 samples, loss=0.0754
2026-05-24 15:42:14,767 - src.training.federated - INFO -   Coronary Care Unit (CCU): 5113 samples, loss=0.2288
2026-05-24 15:42:14,791 - src.training.federated - INFO -   Medical Intensive Care Unit (MICU): 8791 samples, loss=0.2735
2026-05-24 15:42:14,813 - src.training.federated - INFO -   Medical/Surgical Intensive Care Unit (MICU/SICU): 6983 samples, loss=0.2627
2026-05-24 15:42:14,821 - src.training.federated - INFO -   Neuro Surgical Intensive Care Unit (Neuro SICU): 907 samples, loss=0.3759
2026-05-24 15:42:14,838 - src.training.federated - INFO -   Surgical Intensive Care Unit (SICU): 6372 samples, loss=0.2279
2026-05-24 15:42:14,852 - src.training.federated - INFO -   Trauma SICU (TSICU): 5458 samples, loss=0.1753
2026-05-24 15:42:14,852 - src.training.federated - INFO - Round 8 complete: 7 clients aggregated
2026-05-24 15:42:14,858 - src.training.federated - INFO - Round 8 Validation AUROC: 0.5366
2026-05-24 15:42:14,858 - src.training.federated - INFO - 
======================================================================
2026-05-24 15:42:14,858 - src.training.federated - INFO - Round 9/10
2026-05-24 15:42:14,858 - src.training.federated - INFO - ======================================================================
2026-05-24 15:42:14,877 - src.training.federated - INFO -   Cardiac Vascular Intensive Care Unit (CVICU): 8118 samples, loss=0.0754
2026-05-24 15:42:14,892 - src.training.federated - INFO -   Coronary Care Unit (CCU): 5113 samples, loss=0.2288
2026-05-24 15:42:14,914 - src.training.federated - INFO -   Medical Intensive Care Unit (MICU): 8791 samples, loss=0.2735
2026-05-24 15:42:14,938 - src.training.federated - INFO -   Medical/Surgical Intensive Care Unit (MICU/SICU): 6983 samples, loss=0.2627
2026-05-24 15:42:14,944 - src.training.federated - INFO -   Neuro Surgical Intensive Care Unit (Neuro SICU): 907 samples, loss=0.3759
2026-05-24 15:42:14,962 - src.training.federated - INFO -   Surgical Intensive Care Unit (SICU): 6372 samples, loss=0.2279
2026-05-24 15:42:14,977 - src.training.federated - INFO -   Trauma SICU (TSICU): 5458 samples, loss=0.1753
2026-05-24 15:42:14,977 - src.training.federated - INFO - Round 9 complete: 7 clients aggregated
2026-05-24 15:42:14,982 - src.training.federated - INFO - Round 9 Validation AUROC: 0.6864
2026-05-24 15:42:14,983 - src.training.federated - INFO - 
======================================================================
2026-05-24 15:42:14,983 - src.training.federated - INFO - Round 10/10
2026-05-24 15:42:14,983 - src.training.federated - INFO - ======================================================================
2026-05-24 15:42:15,001 - src.training.federated - INFO -   Cardiac Vascular Intensive Care Unit (CVICU): 8118 samples, loss=0.0754
2026-05-24 15:42:15,015 - src.training.federated - INFO -   Coronary Care Unit (CCU): 5113 samples, loss=0.2288
2026-05-24 15:42:15,038 - src.training.federated - INFO -   Medical Intensive Care Unit (MICU): 8791 samples, loss=0.2735
2026-05-24 15:42:15,061 - src.training.federated - INFO -   Medical/Surgical Intensive Care Unit (MICU/SICU): 6983 samples, loss=0.2627
2026-05-24 15:42:15,068 - src.training.federated - INFO -   Neuro Surgical Intensive Care Unit (Neuro SICU): 907 samples, loss=0.3759
2026-05-24 15:42:15,085 - src.training.federated - INFO -   Surgical Intensive Care Unit (SICU): 6372 samples, loss=0.2279
2026-05-24 15:42:15,100 - src.training.federated - INFO -   Trauma SICU (TSICU): 5458 samples, loss=0.1753
2026-05-24 15:42:15,100 - src.training.federated - INFO - Round 10 complete: 7 clients aggregated
2026-05-24 15:42:15,106 - src.training.federated - INFO - Round 10 Validation AUROC: 0.5018
2026-05-24 15:42:15,112 - src.training.federated - INFO - 
======================================================================
2026-05-24 15:42:15,112 - src.training.federated - INFO - Final Test AUROC: 0.4880
2026-05-24 15:42:15,112 - src.training.federated - INFO - ======================================================================

2026-05-24 15:42:15,112 - __main__ - INFO - 
======================================================================
2026-05-24 15:42:15,112 - __main__ - INFO - Phase 1.5: Results Comparison
2026-05-24 15:42:15,112 - __main__ - INFO - ======================================================================
2026-05-24 15:42:15,112 - __main__ - INFO - 
Test AUROC Comparison:
2026-05-24 15:42:15,112 - __main__ - INFO -   Centralized: 0.8880
2026-05-24 15:42:15,112 - __main__ - INFO -   Federated:   0.4880
2026-05-24 15:42:15,112 - __main__ - INFO -   Divergence:  0.3999
2026-05-24 15:42:15,112 - __main__ - WARNING - ⚠ Federated AUROC (0.4880) < 0.85 target
2026-05-24 15:42:15,112 - __main__ - WARNING - ⚠ Divergence between centralized and federated (0.3999) > 0.05
2026-05-24 15:42:15,112 - __main__ - INFO - 
======================================================================
2026-05-24 15:42:15,112 - __main__ - INFO - ⚠️  EXPERIMENT 1 PARTIAL - Manual review recommended
2026-05-24 15:42:15,112 - __main__ - INFO - ======================================================================
