2026-05-24 15:41:39,029 - __main__ - INFO - 
================================================================================
2026-05-24 15:41:39,029 - __main__ - INFO - # EXPERIMENT 1: FEDERATED LEARNING BASELINE
2026-05-24 15:41:39,029 - __main__ - INFO - ================================================================================
2026-05-24 15:41:39,030 - __main__ - INFO - 
Phase 1.1: Loading Phase 0 cohort and splits...
2026-05-24 15:41:39,030 - src.data.loader - INFO - Loading cohort from cache: /home/raiyanjiyon/Projects/federated-healthcare-ml/data/cache/mimic_iv_cohort.csv
2026-05-24 15:41:39,206 - src.data.loader - WARNING - Missing features: {'admission_type_emergency'}
2026-05-24 15:41:39,214 - src.data.loader - INFO - Dataset: 65273 patients, 31 features
2026-05-24 15:41:39,214 - src.data.loader - INFO - Target distribution: [58207  7066]
2026-05-24 15:41:39,214 - __main__ - INFO - Loaded: 65273 samples, 31 features
2026-05-24 15:41:39,215 - __main__ - INFO - Target distribution: 7066 deaths (10.8%)
2026-05-24 15:41:39,215 - __main__ - INFO - 
Phase 1.2: Distributing data to federated clients by care unit...
2026-05-24 15:41:39,218 - src.data.split - INFO - ✓ Medical Intensive Care Unit (MICU): 8791 patients, 1410 deaths (16.0%)
2026-05-24 15:41:39,222 - src.data.split - INFO - ✓ Surgical Intensive Care Unit (SICU): 6372 patients, 754 deaths (11.8%)
2026-05-24 15:41:39,226 - src.data.split - INFO - ✓ Medical/Surgical Intensive Care Unit (MICU/SICU): 6983 patients, 957 deaths (13.7%)
2026-05-24 15:41:39,229 - src.data.split - INFO - ✓ Cardiac Vascular Intensive Care Unit (CVICU): 8118 patients, 265 deaths (3.3%)
2026-05-24 15:41:39,233 - src.data.split - INFO - ✓ Coronary Care Unit (CCU): 5113 patients, 643 deaths (12.6%)
2026-05-24 15:41:39,236 - src.data.split - INFO - ✓ Trauma SICU (TSICU): 5458 patients, 569 deaths (10.4%)
2026-05-24 15:41:39,239 - src.data.split - INFO - ✓ Neuro Surgical Intensive Care Unit (Neuro SICU): 907 patients, 256 deaths (28.2%)
2026-05-24 15:41:39,243 - src.data.split - INFO -   (skipped Intensive Care Unit (ICU): 16 patients, < 100)
2026-05-24 15:41:39,245 - src.data.split - INFO -   (skipped Medicine: 9 patients, < 100)
2026-05-24 15:41:39,247 - src.data.split - INFO -   (skipped Neuro Intermediate: 3035 patients, < 100)
2026-05-24 15:41:39,249 - src.data.split - INFO -   (skipped Neuro Stepdown: 784 patients, < 100)
2026-05-24 15:41:39,251 - src.data.split - INFO -   (skipped PACU: 43 patients, < 100)
2026-05-24 15:41:39,254 - src.data.split - INFO -   (skipped Surgery/Trauma: 2 patients, < 100)
2026-05-24 15:41:39,256 - src.data.split - INFO -   (skipped Surgery/Vascular/Intermediate: 60 patients, < 100)
2026-05-24 15:41:39,256 - src.data.split - INFO - 
✓ Federated learning ready: 7 clients
2026-05-24 15:41:39,256 - __main__ - INFO - 
✓ Created 7 federated clients
2026-05-24 15:41:39,256 - __main__ - INFO - 
Client Statistics:
2026-05-24 15:41:39,256 - __main__ - INFO - ----------------------------------------------------------------------
2026-05-24 15:41:39,256 - __main__ - INFO -   Medical Intensive Care Unit (MICU)         8791 patients, 1410 deaths ( 16.0%)
2026-05-24 15:41:39,256 - __main__ - INFO -   Cardiac Vascular Intensive Care Unit (CVICU)   8118 patients,  265 deaths (  3.3%)
2026-05-24 15:41:39,256 - __main__ - INFO -   Medical/Surgical Intensive Care Unit (MICU/SICU)   6983 patients,  957 deaths ( 13.7%)
2026-05-24 15:41:39,256 - __main__ - INFO -   Surgical Intensive Care Unit (SICU)        6372 patients,  754 deaths ( 11.8%)
2026-05-24 15:41:39,256 - __main__ - INFO -   Trauma SICU (TSICU)                        5458 patients,  569 deaths ( 10.4%)
2026-05-24 15:41:39,256 - __main__ - INFO -   Coronary Care Unit (CCU)                   5113 patients,  643 deaths ( 12.6%)
2026-05-24 15:41:39,256 - __main__ - INFO -   Neuro Surgical Intensive Care Unit (Neuro SICU)    907 patients,  256 deaths ( 28.2%)
2026-05-24 15:41:39,256 - __main__ - INFO - 
======================================================================
2026-05-24 15:41:39,256 - __main__ - INFO - Phase 1.3: Training Centralized Baseline (for comparison)...
2026-05-24 15:41:39,256 - __main__ - INFO - ======================================================================
2026-05-24 15:41:39,796 - __main__ - INFO - 
Centralized Train AUROC: 0.8857
2026-05-24 15:41:39,796 - __main__ - INFO - Centralized Val AUROC:   0.8846
2026-05-24 15:41:39,796 - __main__ - INFO - Centralized Test AUROC:  0.8880
2026-05-24 15:41:39,796 - __main__ - INFO - 
======================================================================
2026-05-24 15:41:39,796 - __main__ - INFO - Phase 1.4: Training Federated Learning Model...
2026-05-24 15:41:39,796 - __main__ - INFO - ======================================================================
2026-05-24 15:41:39,796 - __main__ - INFO - Overriding DP epsilon to 1.0
2026-05-24 15:41:39,796 - __main__ - INFO - Overriding clipping threshold to 0.1
2026-05-24 15:41:39,826 - root - INFO - 
======================================================================
2026-05-24 15:41:39,829 - root - INFO - Differential Privacy Mechanism Initialized: GaussianDP
2026-05-24 15:41:39,829 - root - INFO - ======================================================================
2026-05-24 15:41:39,829 - root - INFO -   Privacy Budget (ε):     1.0000
2026-05-24 15:41:39,829 - root - INFO -   Failure Probability (δ): 0.000010
2026-05-24 15:41:39,829 - root - INFO -   Clipping Norm (C):      1.0000
2026-05-24 15:41:39,829 - root - INFO -   Noise Scale (σ):        4.7985
2026-05-24 15:41:39,829 - root - INFO - ======================================================================

2026-05-24 15:41:39,829 - src.training.federated - INFO - FederatedTrainer initialized:
2026-05-24 15:41:39,829 - src.training.federated - INFO -   Clients: 7
2026-05-24 15:41:39,829 - src.training.federated - INFO -   Training samples: 41742
2026-05-24 15:41:39,829 - src.training.federated - INFO -   Validation samples: 9791
2026-05-24 15:41:39,829 - src.training.federated - INFO -   Test samples: 9791
2026-05-24 15:41:39,829 - src.training.federated - INFO -   Features: 31
2026-05-24 15:41:39,829 - src.training.federated - INFO -   Rounds: 10
2026-05-24 15:41:39,829 - src.training.federated - INFO -   Strategy: FEDAVG
2026-05-24 15:41:39,829 - src.training.federated - INFO -   Privacy: Enabled (ε=1.0, δ=1e-5)
2026-05-24 15:41:39,829 - src.training.federated - INFO - 
######################################################################
2026-05-24 15:41:39,829 - src.training.federated - INFO - # FEDERATED LEARNING TRAINING (10 rounds)
2026-05-24 15:41:39,829 - src.training.federated - INFO - # Strategy: FEDAVG
2026-05-24 15:41:39,829 - src.training.federated - INFO - ######################################################################

2026-05-24 15:41:39,829 - src.training.federated - INFO - 
======================================================================
2026-05-24 15:41:39,829 - src.training.federated - INFO - Round 1/10
2026-05-24 15:41:39,829 - src.training.federated - INFO - ======================================================================
2026-05-24 15:41:39,888 - src.training.federated - INFO -   Cardiac Vascular Intensive Care Unit (CVICU): 8118 samples, loss=0.0754
2026-05-24 15:41:39,904 - src.training.federated - INFO -   Coronary Care Unit (CCU): 5113 samples, loss=0.2288
2026-05-24 15:41:39,930 - src.training.federated - INFO -   Medical Intensive Care Unit (MICU): 8791 samples, loss=0.2735
2026-05-24 15:41:39,956 - src.training.federated - INFO -   Medical/Surgical Intensive Care Unit (MICU/SICU): 6983 samples, loss=0.2627
2026-05-24 15:41:39,965 - src.training.federated - INFO -   Neuro Surgical Intensive Care Unit (Neuro SICU): 907 samples, loss=0.3759
2026-05-24 15:41:39,984 - src.training.federated - INFO -   Surgical Intensive Care Unit (SICU): 6372 samples, loss=0.2279
2026-05-24 15:41:40,001 - src.training.federated - INFO -   Trauma SICU (TSICU): 5458 samples, loss=0.1753
2026-05-24 15:41:40,001 - src.training.federated - INFO - Round 1 complete: 7 clients aggregated
2026-05-24 15:41:40,007 - src.training.federated - INFO - Round 1 Validation AUROC: 0.7373
2026-05-24 15:41:40,007 - src.training.federated - INFO - 
======================================================================
2026-05-24 15:41:40,007 - src.training.federated - INFO - Round 2/10
2026-05-24 15:41:40,007 - src.training.federated - INFO - ======================================================================
2026-05-24 15:41:40,029 - src.training.federated - INFO -   Cardiac Vascular Intensive Care Unit (CVICU): 8118 samples, loss=0.0754
2026-05-24 15:41:40,044 - src.training.federated - INFO -   Coronary Care Unit (CCU): 5113 samples, loss=0.2288
2026-05-24 15:41:40,069 - src.training.federated - INFO -   Medical Intensive Care Unit (MICU): 8791 samples, loss=0.2735
2026-05-24 15:41:40,095 - src.training.federated - INFO -   Medical/Surgical Intensive Care Unit (MICU/SICU): 6983 samples, loss=0.2627
2026-05-24 15:41:40,103 - src.training.federated - INFO -   Neuro Surgical Intensive Care Unit (Neuro SICU): 907 samples, loss=0.3759
2026-05-24 15:41:40,122 - src.training.federated - INFO -   Surgical Intensive Care Unit (SICU): 6372 samples, loss=0.2279
2026-05-24 15:41:40,138 - src.training.federated - INFO -   Trauma SICU (TSICU): 5458 samples, loss=0.1753
2026-05-24 15:41:40,138 - src.training.federated - INFO - Round 2 complete: 7 clients aggregated
2026-05-24 15:41:40,144 - src.training.federated - INFO - Round 2 Validation AUROC: 0.6685
2026-05-24 15:41:40,144 - src.training.federated - INFO - 
======================================================================
2026-05-24 15:41:40,144 - src.training.federated - INFO - Round 3/10
2026-05-24 15:41:40,144 - src.training.federated - INFO - ======================================================================
2026-05-24 15:41:40,168 - src.training.federated - INFO -   Cardiac Vascular Intensive Care Unit (CVICU): 8118 samples, loss=0.0754
2026-05-24 15:41:40,184 - src.training.federated - INFO -   Coronary Care Unit (CCU): 5113 samples, loss=0.2288
2026-05-24 15:41:40,209 - src.training.federated - INFO -   Medical Intensive Care Unit (MICU): 8791 samples, loss=0.2735
2026-05-24 15:41:40,235 - src.training.federated - INFO -   Medical/Surgical Intensive Care Unit (MICU/SICU): 6983 samples, loss=0.2627
2026-05-24 15:41:40,243 - src.training.federated - INFO -   Neuro Surgical Intensive Care Unit (Neuro SICU): 907 samples, loss=0.3759
2026-05-24 15:41:40,262 - src.training.federated - INFO -   Surgical Intensive Care Unit (SICU): 6372 samples, loss=0.2279
2026-05-24 15:41:40,279 - src.training.federated - INFO -   Trauma SICU (TSICU): 5458 samples, loss=0.1753
2026-05-24 15:41:40,279 - src.training.federated - INFO - Round 3 complete: 7 clients aggregated
2026-05-24 15:41:40,285 - src.training.federated - INFO - Round 3 Validation AUROC: 0.5341
2026-05-24 15:41:40,285 - src.training.federated - INFO - 
======================================================================
2026-05-24 15:41:40,285 - src.training.federated - INFO - Round 4/10
2026-05-24 15:41:40,285 - src.training.federated - INFO - ======================================================================
2026-05-24 15:41:40,307 - src.training.federated - INFO -   Cardiac Vascular Intensive Care Unit (CVICU): 8118 samples, loss=0.0754
2026-05-24 15:41:40,323 - src.training.federated - INFO -   Coronary Care Unit (CCU): 5113 samples, loss=0.2288
2026-05-24 15:41:40,350 - src.training.federated - INFO -   Medical Intensive Care Unit (MICU): 8791 samples, loss=0.2735
2026-05-24 15:41:40,376 - src.training.federated - INFO -   Medical/Surgical Intensive Care Unit (MICU/SICU): 6983 samples, loss=0.2627
2026-05-24 15:41:40,384 - src.training.federated - INFO -   Neuro Surgical Intensive Care Unit (Neuro SICU): 907 samples, loss=0.3759
2026-05-24 15:41:40,405 - src.training.federated - INFO -   Surgical Intensive Care Unit (SICU): 6372 samples, loss=0.2279
2026-05-24 15:41:40,422 - src.training.federated - INFO -   Trauma SICU (TSICU): 5458 samples, loss=0.1753
2026-05-24 15:41:40,422 - src.training.federated - INFO - Round 4 complete: 7 clients aggregated
2026-05-24 15:41:40,428 - src.training.federated - INFO - Round 4 Validation AUROC: 0.7420
2026-05-24 15:41:40,428 - src.training.federated - INFO - 
======================================================================
2026-05-24 15:41:40,428 - src.training.federated - INFO - Round 5/10
2026-05-24 15:41:40,428 - src.training.federated - INFO - ======================================================================
2026-05-24 15:41:40,452 - src.training.federated - INFO -   Cardiac Vascular Intensive Care Unit (CVICU): 8118 samples, loss=0.0754
2026-05-24 15:41:40,468 - src.training.federated - INFO -   Coronary Care Unit (CCU): 5113 samples, loss=0.2288
2026-05-24 15:41:40,495 - src.training.federated - INFO -   Medical Intensive Care Unit (MICU): 8791 samples, loss=0.2735
2026-05-24 15:41:40,522 - src.training.federated - INFO -   Medical/Surgical Intensive Care Unit (MICU/SICU): 6983 samples, loss=0.2627
2026-05-24 15:41:40,530 - src.training.federated - INFO -   Neuro Surgical Intensive Care Unit (Neuro SICU): 907 samples, loss=0.3759
2026-05-24 15:41:40,551 - src.training.federated - INFO -   Surgical Intensive Care Unit (SICU): 6372 samples, loss=0.2279
2026-05-24 15:41:40,568 - src.training.federated - INFO -   Trauma SICU (TSICU): 5458 samples, loss=0.1753
2026-05-24 15:41:40,568 - src.training.federated - INFO - Round 5 complete: 7 clients aggregated
2026-05-24 15:41:40,574 - src.training.federated - INFO - Round 5 Validation AUROC: 0.3943
2026-05-24 15:41:40,574 - src.training.federated - INFO - 
======================================================================
2026-05-24 15:41:40,574 - src.training.federated - INFO - Round 6/10
2026-05-24 15:41:40,574 - src.training.federated - INFO - ======================================================================
2026-05-24 15:41:40,598 - src.training.federated - INFO -   Cardiac Vascular Intensive Care Unit (CVICU): 8118 samples, loss=0.0754
2026-05-24 15:41:40,614 - src.training.federated - INFO -   Coronary Care Unit (CCU): 5113 samples, loss=0.2288
2026-05-24 15:41:40,640 - src.training.federated - INFO -   Medical Intensive Care Unit (MICU): 8791 samples, loss=0.2735
2026-05-24 15:41:40,668 - src.training.federated - INFO -   Medical/Surgical Intensive Care Unit (MICU/SICU): 6983 samples, loss=0.2627
2026-05-24 15:41:40,676 - src.training.federated - INFO -   Neuro Surgical Intensive Care Unit (Neuro SICU): 907 samples, loss=0.3759
2026-05-24 15:41:40,697 - src.training.federated - INFO -   Surgical Intensive Care Unit (SICU): 6372 samples, loss=0.2279
2026-05-24 15:41:40,714 - src.training.federated - INFO -   Trauma SICU (TSICU): 5458 samples, loss=0.1753
2026-05-24 15:41:40,714 - src.training.federated - INFO - Round 6 complete: 7 clients aggregated
2026-05-24 15:41:40,720 - src.training.federated - INFO - Round 6 Validation AUROC: 0.5295
2026-05-24 15:41:40,720 - src.training.federated - INFO - 
======================================================================
2026-05-24 15:41:40,720 - src.training.federated - INFO - Round 7/10
2026-05-24 15:41:40,720 - src.training.federated - INFO - ======================================================================
2026-05-24 15:41:40,743 - src.training.federated - INFO -   Cardiac Vascular Intensive Care Unit (CVICU): 8118 samples, loss=0.0754
2026-05-24 15:41:40,758 - src.training.federated - INFO -   Coronary Care Unit (CCU): 5113 samples, loss=0.2288
2026-05-24 15:41:40,784 - src.training.federated - INFO -   Medical Intensive Care Unit (MICU): 8791 samples, loss=0.2735
2026-05-24 15:41:40,810 - src.training.federated - INFO -   Medical/Surgical Intensive Care Unit (MICU/SICU): 6983 samples, loss=0.2627
2026-05-24 15:41:40,818 - src.training.federated - INFO -   Neuro Surgical Intensive Care Unit (Neuro SICU): 907 samples, loss=0.3759
2026-05-24 15:41:40,838 - src.training.federated - INFO -   Surgical Intensive Care Unit (SICU): 6372 samples, loss=0.2279
2026-05-24 15:41:40,854 - src.training.federated - INFO -   Trauma SICU (TSICU): 5458 samples, loss=0.1753
2026-05-24 15:41:40,854 - src.training.federated - INFO - Round 7 complete: 7 clients aggregated
2026-05-24 15:41:40,860 - src.training.federated - INFO - Round 7 Validation AUROC: 0.7414
2026-05-24 15:41:40,860 - src.training.federated - INFO - 
======================================================================
2026-05-24 15:41:40,860 - src.training.federated - INFO - Round 8/10
2026-05-24 15:41:40,861 - src.training.federated - INFO - ======================================================================
2026-05-24 15:41:40,883 - src.training.federated - INFO -   Cardiac Vascular Intensive Care Unit (CVICU): 8118 samples, loss=0.0754
2026-05-24 15:41:40,898 - src.training.federated - INFO -   Coronary Care Unit (CCU): 5113 samples, loss=0.2288
2026-05-24 15:41:40,924 - src.training.federated - INFO -   Medical Intensive Care Unit (MICU): 8791 samples, loss=0.2735
2026-05-24 15:41:40,950 - src.training.federated - INFO -   Medical/Surgical Intensive Care Unit (MICU/SICU): 6983 samples, loss=0.2627
2026-05-24 15:41:40,958 - src.training.federated - INFO -   Neuro Surgical Intensive Care Unit (Neuro SICU): 907 samples, loss=0.3759
2026-05-24 15:41:40,978 - src.training.federated - INFO -   Surgical Intensive Care Unit (SICU): 6372 samples, loss=0.2279
2026-05-24 15:41:40,994 - src.training.federated - INFO -   Trauma SICU (TSICU): 5458 samples, loss=0.1753
2026-05-24 15:41:40,994 - src.training.federated - INFO - Round 8 complete: 7 clients aggregated
2026-05-24 15:41:41,000 - src.training.federated - INFO - Round 8 Validation AUROC: 0.5366
2026-05-24 15:41:41,001 - src.training.federated - INFO - 
======================================================================
2026-05-24 15:41:41,001 - src.training.federated - INFO - Round 9/10
2026-05-24 15:41:41,001 - src.training.federated - INFO - ======================================================================
2026-05-24 15:41:41,023 - src.training.federated - INFO -   Cardiac Vascular Intensive Care Unit (CVICU): 8118 samples, loss=0.0754
2026-05-24 15:41:41,039 - src.training.federated - INFO -   Coronary Care Unit (CCU): 5113 samples, loss=0.2288
2026-05-24 15:41:41,065 - src.training.federated - INFO -   Medical Intensive Care Unit (MICU): 8791 samples, loss=0.2735
2026-05-24 15:41:41,091 - src.training.federated - INFO -   Medical/Surgical Intensive Care Unit (MICU/SICU): 6983 samples, loss=0.2627
2026-05-24 15:41:41,099 - src.training.federated - INFO -   Neuro Surgical Intensive Care Unit (Neuro SICU): 907 samples, loss=0.3759
2026-05-24 15:41:41,119 - src.training.federated - INFO -   Surgical Intensive Care Unit (SICU): 6372 samples, loss=0.2279
2026-05-24 15:41:41,135 - src.training.federated - INFO -   Trauma SICU (TSICU): 5458 samples, loss=0.1753
2026-05-24 15:41:41,136 - src.training.federated - INFO - Round 9 complete: 7 clients aggregated
2026-05-24 15:41:41,142 - src.training.federated - INFO - Round 9 Validation AUROC: 0.6864
2026-05-24 15:41:41,142 - src.training.federated - INFO - 
======================================================================
2026-05-24 15:41:41,142 - src.training.federated - INFO - Round 10/10
2026-05-24 15:41:41,142 - src.training.federated - INFO - ======================================================================
2026-05-24 15:41:41,164 - src.training.federated - INFO -   Cardiac Vascular Intensive Care Unit (CVICU): 8118 samples, loss=0.0754
2026-05-24 15:41:41,181 - src.training.federated - INFO -   Coronary Care Unit (CCU): 5113 samples, loss=0.2288
2026-05-24 15:41:41,208 - src.training.federated - INFO -   Medical Intensive Care Unit (MICU): 8791 samples, loss=0.2735
2026-05-24 15:41:41,235 - src.training.federated - INFO -   Medical/Surgical Intensive Care Unit (MICU/SICU): 6983 samples, loss=0.2627
2026-05-24 15:41:41,242 - src.training.federated - INFO -   Neuro Surgical Intensive Care Unit (Neuro SICU): 907 samples, loss=0.3759
2026-05-24 15:41:41,262 - src.training.federated - INFO -   Surgical Intensive Care Unit (SICU): 6372 samples, loss=0.2279
2026-05-24 15:41:41,279 - src.training.federated - INFO -   Trauma SICU (TSICU): 5458 samples, loss=0.1753
2026-05-24 15:41:41,279 - src.training.federated - INFO - Round 10 complete: 7 clients aggregated
2026-05-24 15:41:41,285 - src.training.federated - INFO - Round 10 Validation AUROC: 0.5018
2026-05-24 15:41:41,291 - src.training.federated - INFO - 
======================================================================
2026-05-24 15:41:41,291 - src.training.federated - INFO - Final Test AUROC: 0.4880
2026-05-24 15:41:41,291 - src.training.federated - INFO - ======================================================================

2026-05-24 15:41:41,291 - __main__ - INFO - 
======================================================================
2026-05-24 15:41:41,291 - __main__ - INFO - Phase 1.5: Results Comparison
2026-05-24 15:41:41,291 - __main__ - INFO - ======================================================================
2026-05-24 15:41:41,291 - __main__ - INFO - 
Test AUROC Comparison:
2026-05-24 15:41:41,291 - __main__ - INFO -   Centralized: 0.8880
2026-05-24 15:41:41,292 - __main__ - INFO -   Federated:   0.4880
2026-05-24 15:41:41,292 - __main__ - INFO -   Divergence:  0.3999
2026-05-24 15:41:41,292 - __main__ - WARNING - ⚠ Federated AUROC (0.4880) < 0.85 target
2026-05-24 15:41:41,292 - __main__ - WARNING - ⚠ Divergence between centralized and federated (0.3999) > 0.05
2026-05-24 15:41:41,292 - __main__ - INFO - 
======================================================================
2026-05-24 15:41:41,292 - __main__ - INFO - ⚠️  EXPERIMENT 1 PARTIAL - Manual review recommended
2026-05-24 15:41:41,292 - __main__ - INFO - ======================================================================
