2026-05-24 15:38:06,827 - __main__ - INFO - 
================================================================================
2026-05-24 15:38:06,827 - __main__ - INFO - # EXPERIMENT 1: FEDERATED LEARNING BASELINE
2026-05-24 15:38:06,827 - __main__ - INFO - ================================================================================
2026-05-24 15:38:06,828 - __main__ - INFO - 
Phase 1.1: Loading Phase 0 cohort and splits...
2026-05-24 15:38:06,828 - src.data.loader - INFO - Loading cohort from cache: /home/raiyanjiyon/Projects/federated-healthcare-ml/data/cache/mimic_iv_cohort.csv
2026-05-24 15:38:07,015 - src.data.loader - WARNING - Missing features: {'admission_type_emergency'}
2026-05-24 15:38:07,025 - src.data.loader - INFO - Dataset: 65273 patients, 31 features
2026-05-24 15:38:07,026 - src.data.loader - INFO - Target distribution: [58207  7066]
2026-05-24 15:38:07,026 - __main__ - INFO - Loaded: 65273 samples, 31 features
2026-05-24 15:38:07,026 - __main__ - INFO - Target distribution: 7066 deaths (10.8%)
2026-05-24 15:38:07,026 - __main__ - INFO - 
Phase 1.2: Distributing data to federated clients by care unit...
2026-05-24 15:38:07,031 - src.data.split - INFO - ✓ Medical Intensive Care Unit (MICU): 8791 patients, 1410 deaths (16.0%)
2026-05-24 15:38:07,036 - src.data.split - INFO - ✓ Surgical Intensive Care Unit (SICU): 6372 patients, 754 deaths (11.8%)
2026-05-24 15:38:07,040 - src.data.split - INFO - ✓ Medical/Surgical Intensive Care Unit (MICU/SICU): 6983 patients, 957 deaths (13.7%)
2026-05-24 15:38:07,046 - src.data.split - INFO - ✓ Cardiac Vascular Intensive Care Unit (CVICU): 8118 patients, 265 deaths (3.3%)
2026-05-24 15:38:07,051 - src.data.split - INFO - ✓ Coronary Care Unit (CCU): 5113 patients, 643 deaths (12.6%)
2026-05-24 15:38:07,056 - src.data.split - INFO - ✓ Trauma SICU (TSICU): 5458 patients, 569 deaths (10.4%)
2026-05-24 15:38:07,059 - src.data.split - INFO - ✓ Neuro Surgical Intensive Care Unit (Neuro SICU): 907 patients, 256 deaths (28.2%)
2026-05-24 15:38:07,065 - src.data.split - INFO -   (skipped Intensive Care Unit (ICU): 16 patients, < 100)
2026-05-24 15:38:07,068 - src.data.split - INFO -   (skipped Medicine: 9 patients, < 100)
2026-05-24 15:38:07,071 - src.data.split - INFO -   (skipped Neuro Intermediate: 3035 patients, < 100)
2026-05-24 15:38:07,074 - src.data.split - INFO -   (skipped Neuro Stepdown: 784 patients, < 100)
2026-05-24 15:38:07,077 - src.data.split - INFO -   (skipped PACU: 43 patients, < 100)
2026-05-24 15:38:07,080 - src.data.split - INFO -   (skipped Surgery/Trauma: 2 patients, < 100)
2026-05-24 15:38:07,083 - src.data.split - INFO -   (skipped Surgery/Vascular/Intermediate: 60 patients, < 100)
2026-05-24 15:38:07,083 - src.data.split - INFO - 
✓ Federated learning ready: 7 clients
2026-05-24 15:38:07,083 - __main__ - INFO - 
✓ Created 7 federated clients
2026-05-24 15:38:07,083 - __main__ - INFO - 
Client Statistics:
2026-05-24 15:38:07,083 - __main__ - INFO - ----------------------------------------------------------------------
2026-05-24 15:38:07,083 - __main__ - INFO -   Medical Intensive Care Unit (MICU)         8791 patients, 1410 deaths ( 16.0%)
2026-05-24 15:38:07,083 - __main__ - INFO -   Cardiac Vascular Intensive Care Unit (CVICU)   8118 patients,  265 deaths (  3.3%)
2026-05-24 15:38:07,083 - __main__ - INFO -   Medical/Surgical Intensive Care Unit (MICU/SICU)   6983 patients,  957 deaths ( 13.7%)
2026-05-24 15:38:07,083 - __main__ - INFO -   Surgical Intensive Care Unit (SICU)        6372 patients,  754 deaths ( 11.8%)
2026-05-24 15:38:07,083 - __main__ - INFO -   Trauma SICU (TSICU)                        5458 patients,  569 deaths ( 10.4%)
2026-05-24 15:38:07,083 - __main__ - INFO -   Coronary Care Unit (CCU)                   5113 patients,  643 deaths ( 12.6%)
2026-05-24 15:38:07,083 - __main__ - INFO -   Neuro Surgical Intensive Care Unit (Neuro SICU)    907 patients,  256 deaths ( 28.2%)
2026-05-24 15:38:07,083 - __main__ - INFO - 
======================================================================
2026-05-24 15:38:07,083 - __main__ - INFO - Phase 1.3: Training Centralized Baseline (for comparison)...
2026-05-24 15:38:07,083 - __main__ - INFO - ======================================================================
2026-05-24 15:38:07,888 - __main__ - INFO - 
Centralized Train AUROC: 0.8857
2026-05-24 15:38:07,888 - __main__ - INFO - Centralized Val AUROC:   0.8846
2026-05-24 15:38:07,888 - __main__ - INFO - Centralized Test AUROC:  0.8880
2026-05-24 15:38:07,888 - __main__ - INFO - 
======================================================================
2026-05-24 15:38:07,888 - __main__ - INFO - Phase 1.4: Training Federated Learning Model...
2026-05-24 15:38:07,888 - __main__ - INFO - ======================================================================
2026-05-24 15:38:07,888 - __main__ - INFO - Overriding DP epsilon to 1.0
2026-05-24 15:38:07,909 - root - INFO - 
======================================================================
2026-05-24 15:38:07,909 - root - INFO - Differential Privacy Mechanism Initialized: GaussianDP
2026-05-24 15:38:07,909 - root - INFO - ======================================================================
2026-05-24 15:38:07,909 - root - INFO -   Privacy Budget (ε):     1.0000
2026-05-24 15:38:07,909 - root - INFO -   Failure Probability (δ): 0.000010
2026-05-24 15:38:07,909 - root - INFO -   Clipping Norm (C):      1.0000
2026-05-24 15:38:07,909 - root - INFO -   Noise Scale (σ):        4.7985
2026-05-24 15:38:07,909 - root - INFO - ======================================================================

2026-05-24 15:38:07,909 - src.training.federated - INFO - FederatedTrainer initialized:
2026-05-24 15:38:07,909 - src.training.federated - INFO -   Clients: 7
2026-05-24 15:38:07,909 - src.training.federated - INFO -   Training samples: 41742
2026-05-24 15:38:07,909 - src.training.federated - INFO -   Validation samples: 9791
2026-05-24 15:38:07,909 - src.training.federated - INFO -   Test samples: 9791
2026-05-24 15:38:07,909 - src.training.federated - INFO -   Features: 31
2026-05-24 15:38:07,909 - src.training.federated - INFO -   Rounds: 10
2026-05-24 15:38:07,909 - src.training.federated - INFO -   Strategy: FEDAVG
2026-05-24 15:38:07,909 - src.training.federated - INFO -   Privacy: Enabled (ε=1.0, δ=1e-5)
2026-05-24 15:38:07,909 - src.training.federated - INFO - 
######################################################################
2026-05-24 15:38:07,909 - src.training.federated - INFO - # FEDERATED LEARNING TRAINING (10 rounds)
2026-05-24 15:38:07,909 - src.training.federated - INFO - # Strategy: FEDAVG
2026-05-24 15:38:07,909 - src.training.federated - INFO - ######################################################################

2026-05-24 15:38:07,909 - src.training.federated - INFO - 
======================================================================
2026-05-24 15:38:07,909 - src.training.federated - INFO - Round 1/10
2026-05-24 15:38:07,909 - src.training.federated - INFO - ======================================================================
2026-05-24 15:38:07,996 - src.training.federated - INFO -   Cardiac Vascular Intensive Care Unit (CVICU): 8118 samples, loss=0.0754
2026-05-24 15:38:08,014 - src.training.federated - INFO -   Coronary Care Unit (CCU): 5113 samples, loss=0.2288
2026-05-24 15:38:08,042 - src.training.federated - INFO -   Medical Intensive Care Unit (MICU): 8791 samples, loss=0.2735
2026-05-24 15:38:08,068 - src.training.federated - INFO -   Medical/Surgical Intensive Care Unit (MICU/SICU): 6983 samples, loss=0.2627
2026-05-24 15:38:08,076 - src.training.federated - INFO -   Neuro Surgical Intensive Care Unit (Neuro SICU): 907 samples, loss=0.3759
2026-05-24 15:38:08,093 - src.training.federated - INFO -   Surgical Intensive Care Unit (SICU): 6372 samples, loss=0.2279
2026-05-24 15:38:08,107 - src.training.federated - INFO -   Trauma SICU (TSICU): 5458 samples, loss=0.1753
2026-05-24 15:38:08,107 - src.training.federated - INFO - Round 1 complete: 7 clients aggregated
2026-05-24 15:38:08,113 - src.training.federated - INFO - Round 1 Validation AUROC: 0.7373
2026-05-24 15:38:08,113 - src.training.federated - INFO - 
======================================================================
2026-05-24 15:38:08,113 - src.training.federated - INFO - Round 2/10
2026-05-24 15:38:08,113 - src.training.federated - INFO - ======================================================================
2026-05-24 15:38:08,137 - src.training.federated - INFO -   Cardiac Vascular Intensive Care Unit (CVICU): 8118 samples, loss=0.0754
2026-05-24 15:38:08,156 - src.training.federated - INFO -   Coronary Care Unit (CCU): 5113 samples, loss=0.2288
2026-05-24 15:38:08,184 - src.training.federated - INFO -   Medical Intensive Care Unit (MICU): 8791 samples, loss=0.2735
2026-05-24 15:38:08,213 - src.training.federated - INFO -   Medical/Surgical Intensive Care Unit (MICU/SICU): 6983 samples, loss=0.2627
2026-05-24 15:38:08,220 - src.training.federated - INFO -   Neuro Surgical Intensive Care Unit (Neuro SICU): 907 samples, loss=0.3759
2026-05-24 15:38:08,241 - src.training.federated - INFO -   Surgical Intensive Care Unit (SICU): 6372 samples, loss=0.2279
2026-05-24 15:38:08,258 - src.training.federated - INFO -   Trauma SICU (TSICU): 5458 samples, loss=0.1753
2026-05-24 15:38:08,258 - src.training.federated - INFO - Round 2 complete: 7 clients aggregated
2026-05-24 15:38:08,264 - src.training.federated - INFO - Round 2 Validation AUROC: 0.6685
2026-05-24 15:38:08,264 - src.training.federated - INFO - 
======================================================================
2026-05-24 15:38:08,264 - src.training.federated - INFO - Round 3/10
2026-05-24 15:38:08,264 - src.training.federated - INFO - ======================================================================
2026-05-24 15:38:08,287 - src.training.federated - INFO -   Cardiac Vascular Intensive Care Unit (CVICU): 8118 samples, loss=0.0754
2026-05-24 15:38:08,303 - src.training.federated - INFO -   Coronary Care Unit (CCU): 5113 samples, loss=0.2288
2026-05-24 15:38:08,329 - src.training.federated - INFO -   Medical Intensive Care Unit (MICU): 8791 samples, loss=0.2735
2026-05-24 15:38:08,355 - src.training.federated - INFO -   Medical/Surgical Intensive Care Unit (MICU/SICU): 6983 samples, loss=0.2627
2026-05-24 15:38:08,363 - src.training.federated - INFO -   Neuro Surgical Intensive Care Unit (Neuro SICU): 907 samples, loss=0.3759
2026-05-24 15:38:08,383 - src.training.federated - INFO -   Surgical Intensive Care Unit (SICU): 6372 samples, loss=0.2279
2026-05-24 15:38:08,400 - src.training.federated - INFO -   Trauma SICU (TSICU): 5458 samples, loss=0.1753
2026-05-24 15:38:08,400 - src.training.federated - INFO - Round 3 complete: 7 clients aggregated
2026-05-24 15:38:08,406 - src.training.federated - INFO - Round 3 Validation AUROC: 0.5341
2026-05-24 15:38:08,406 - src.training.federated - INFO - 
======================================================================
2026-05-24 15:38:08,406 - src.training.federated - INFO - Round 4/10
2026-05-24 15:38:08,407 - src.training.federated - INFO - ======================================================================
2026-05-24 15:38:08,430 - src.training.federated - INFO -   Cardiac Vascular Intensive Care Unit (CVICU): 8118 samples, loss=0.0754
2026-05-24 15:38:08,446 - src.training.federated - INFO -   Coronary Care Unit (CCU): 5113 samples, loss=0.2288
2026-05-24 15:38:08,472 - src.training.federated - INFO -   Medical Intensive Care Unit (MICU): 8791 samples, loss=0.2735
2026-05-24 15:38:08,498 - src.training.federated - INFO -   Medical/Surgical Intensive Care Unit (MICU/SICU): 6983 samples, loss=0.2627
2026-05-24 15:38:08,506 - src.training.federated - INFO -   Neuro Surgical Intensive Care Unit (Neuro SICU): 907 samples, loss=0.3759
2026-05-24 15:38:08,526 - src.training.federated - INFO -   Surgical Intensive Care Unit (SICU): 6372 samples, loss=0.2279
2026-05-24 15:38:08,546 - src.training.federated - INFO -   Trauma SICU (TSICU): 5458 samples, loss=0.1753
2026-05-24 15:38:08,546 - src.training.federated - INFO - Round 4 complete: 7 clients aggregated
2026-05-24 15:38:08,552 - src.training.federated - INFO - Round 4 Validation AUROC: 0.7420
2026-05-24 15:38:08,552 - src.training.federated - INFO - 
======================================================================
2026-05-24 15:38:08,552 - src.training.federated - INFO - Round 5/10
2026-05-24 15:38:08,552 - src.training.federated - INFO - ======================================================================
2026-05-24 15:38:08,575 - src.training.federated - INFO -   Cardiac Vascular Intensive Care Unit (CVICU): 8118 samples, loss=0.0754
2026-05-24 15:38:08,591 - src.training.federated - INFO -   Coronary Care Unit (CCU): 5113 samples, loss=0.2288
2026-05-24 15:38:08,617 - src.training.federated - INFO -   Medical Intensive Care Unit (MICU): 8791 samples, loss=0.2735
2026-05-24 15:38:08,646 - src.training.federated - INFO -   Medical/Surgical Intensive Care Unit (MICU/SICU): 6983 samples, loss=0.2627
2026-05-24 15:38:08,653 - src.training.federated - INFO -   Neuro Surgical Intensive Care Unit (Neuro SICU): 907 samples, loss=0.3759
2026-05-24 15:38:08,674 - src.training.federated - INFO -   Surgical Intensive Care Unit (SICU): 6372 samples, loss=0.2279
2026-05-24 15:38:08,691 - src.training.federated - INFO -   Trauma SICU (TSICU): 5458 samples, loss=0.1753
2026-05-24 15:38:08,691 - src.training.federated - INFO - Round 5 complete: 7 clients aggregated
2026-05-24 15:38:08,698 - src.training.federated - INFO - Round 5 Validation AUROC: 0.3943
2026-05-24 15:38:08,698 - src.training.federated - INFO - 
======================================================================
2026-05-24 15:38:08,698 - src.training.federated - INFO - Round 6/10
2026-05-24 15:38:08,698 - src.training.federated - INFO - ======================================================================
2026-05-24 15:38:08,721 - src.training.federated - INFO -   Cardiac Vascular Intensive Care Unit (CVICU): 8118 samples, loss=0.0754
2026-05-24 15:38:08,737 - src.training.federated - INFO -   Coronary Care Unit (CCU): 5113 samples, loss=0.2288
2026-05-24 15:38:08,764 - src.training.federated - INFO -   Medical Intensive Care Unit (MICU): 8791 samples, loss=0.2735
2026-05-24 15:38:08,791 - src.training.federated - INFO -   Medical/Surgical Intensive Care Unit (MICU/SICU): 6983 samples, loss=0.2627
2026-05-24 15:38:08,799 - src.training.federated - INFO -   Neuro Surgical Intensive Care Unit (Neuro SICU): 907 samples, loss=0.3759
2026-05-24 15:38:08,820 - src.training.federated - INFO -   Surgical Intensive Care Unit (SICU): 6372 samples, loss=0.2279
2026-05-24 15:38:08,837 - src.training.federated - INFO -   Trauma SICU (TSICU): 5458 samples, loss=0.1753
2026-05-24 15:38:08,837 - src.training.federated - INFO - Round 6 complete: 7 clients aggregated
2026-05-24 15:38:08,843 - src.training.federated - INFO - Round 6 Validation AUROC: 0.5295
2026-05-24 15:38:08,843 - src.training.federated - INFO - 
======================================================================
2026-05-24 15:38:08,843 - src.training.federated - INFO - Round 7/10
2026-05-24 15:38:08,843 - src.training.federated - INFO - ======================================================================
2026-05-24 15:38:08,866 - src.training.federated - INFO -   Cardiac Vascular Intensive Care Unit (CVICU): 8118 samples, loss=0.0754
2026-05-24 15:38:08,882 - src.training.federated - INFO -   Coronary Care Unit (CCU): 5113 samples, loss=0.2288
2026-05-24 15:38:08,907 - src.training.federated - INFO -   Medical Intensive Care Unit (MICU): 8791 samples, loss=0.2735
2026-05-24 15:38:08,934 - src.training.federated - INFO -   Medical/Surgical Intensive Care Unit (MICU/SICU): 6983 samples, loss=0.2627
2026-05-24 15:38:08,942 - src.training.federated - INFO -   Neuro Surgical Intensive Care Unit (Neuro SICU): 907 samples, loss=0.3759
2026-05-24 15:38:08,963 - src.training.federated - INFO -   Surgical Intensive Care Unit (SICU): 6372 samples, loss=0.2279
2026-05-24 15:38:08,980 - src.training.federated - INFO -   Trauma SICU (TSICU): 5458 samples, loss=0.1753
2026-05-24 15:38:08,980 - src.training.federated - INFO - Round 7 complete: 7 clients aggregated
2026-05-24 15:38:08,986 - src.training.federated - INFO - Round 7 Validation AUROC: 0.7414
2026-05-24 15:38:08,986 - src.training.federated - INFO - 
======================================================================
2026-05-24 15:38:08,986 - src.training.federated - INFO - Round 8/10
2026-05-24 15:38:08,986 - src.training.federated - INFO - ======================================================================
2026-05-24 15:38:09,009 - src.training.federated - INFO -   Cardiac Vascular Intensive Care Unit (CVICU): 8118 samples, loss=0.0754
2026-05-24 15:38:09,025 - src.training.federated - INFO -   Coronary Care Unit (CCU): 5113 samples, loss=0.2288
2026-05-24 15:38:09,051 - src.training.federated - INFO -   Medical Intensive Care Unit (MICU): 8791 samples, loss=0.2735
2026-05-24 15:38:09,078 - src.training.federated - INFO -   Medical/Surgical Intensive Care Unit (MICU/SICU): 6983 samples, loss=0.2627
2026-05-24 15:38:09,086 - src.training.federated - INFO -   Neuro Surgical Intensive Care Unit (Neuro SICU): 907 samples, loss=0.3759
2026-05-24 15:38:09,106 - src.training.federated - INFO -   Surgical Intensive Care Unit (SICU): 6372 samples, loss=0.2279
2026-05-24 15:38:09,123 - src.training.federated - INFO -   Trauma SICU (TSICU): 5458 samples, loss=0.1753
2026-05-24 15:38:09,123 - src.training.federated - INFO - Round 8 complete: 7 clients aggregated
2026-05-24 15:38:09,129 - src.training.federated - INFO - Round 8 Validation AUROC: 0.5366
2026-05-24 15:38:09,129 - src.training.federated - INFO - 
======================================================================
2026-05-24 15:38:09,129 - src.training.federated - INFO - Round 9/10
2026-05-24 15:38:09,129 - src.training.federated - INFO - ======================================================================
2026-05-24 15:38:09,153 - src.training.federated - INFO -   Cardiac Vascular Intensive Care Unit (CVICU): 8118 samples, loss=0.0754
2026-05-24 15:38:09,169 - src.training.federated - INFO -   Coronary Care Unit (CCU): 5113 samples, loss=0.2288
2026-05-24 15:38:09,196 - src.training.federated - INFO -   Medical Intensive Care Unit (MICU): 8791 samples, loss=0.2735
2026-05-24 15:38:09,222 - src.training.federated - INFO -   Medical/Surgical Intensive Care Unit (MICU/SICU): 6983 samples, loss=0.2627
2026-05-24 15:38:09,230 - src.training.federated - INFO -   Neuro Surgical Intensive Care Unit (Neuro SICU): 907 samples, loss=0.3759
2026-05-24 15:38:09,250 - src.training.federated - INFO -   Surgical Intensive Care Unit (SICU): 6372 samples, loss=0.2279
2026-05-24 15:38:09,267 - src.training.federated - INFO -   Trauma SICU (TSICU): 5458 samples, loss=0.1753
2026-05-24 15:38:09,267 - src.training.federated - INFO - Round 9 complete: 7 clients aggregated
2026-05-24 15:38:09,273 - src.training.federated - INFO - Round 9 Validation AUROC: 0.6864
2026-05-24 15:38:09,273 - src.training.federated - INFO - 
======================================================================
2026-05-24 15:38:09,273 - src.training.federated - INFO - Round 10/10
2026-05-24 15:38:09,273 - src.training.federated - INFO - ======================================================================
2026-05-24 15:38:09,297 - src.training.federated - INFO -   Cardiac Vascular Intensive Care Unit (CVICU): 8118 samples, loss=0.0754
2026-05-24 15:38:09,313 - src.training.federated - INFO -   Coronary Care Unit (CCU): 5113 samples, loss=0.2288
2026-05-24 15:38:09,338 - src.training.federated - INFO -   Medical Intensive Care Unit (MICU): 8791 samples, loss=0.2735
2026-05-24 15:38:09,365 - src.training.federated - INFO -   Medical/Surgical Intensive Care Unit (MICU/SICU): 6983 samples, loss=0.2627
2026-05-24 15:38:09,373 - src.training.federated - INFO -   Neuro Surgical Intensive Care Unit (Neuro SICU): 907 samples, loss=0.3759
2026-05-24 15:38:09,393 - src.training.federated - INFO -   Surgical Intensive Care Unit (SICU): 6372 samples, loss=0.2279
2026-05-24 15:38:09,410 - src.training.federated - INFO -   Trauma SICU (TSICU): 5458 samples, loss=0.1753
2026-05-24 15:38:09,410 - src.training.federated - INFO - Round 10 complete: 7 clients aggregated
2026-05-24 15:38:09,416 - src.training.federated - INFO - Round 10 Validation AUROC: 0.5018
2026-05-24 15:38:09,422 - src.training.federated - INFO - 
======================================================================
2026-05-24 15:38:09,422 - src.training.federated - INFO - Final Test AUROC: 0.4880
2026-05-24 15:38:09,422 - src.training.federated - INFO - ======================================================================

2026-05-24 15:38:09,423 - __main__ - INFO - 
======================================================================
2026-05-24 15:38:09,423 - __main__ - INFO - Phase 1.5: Results Comparison
2026-05-24 15:38:09,423 - __main__ - INFO - ======================================================================
2026-05-24 15:38:09,423 - __main__ - INFO - 
Test AUROC Comparison:
2026-05-24 15:38:09,423 - __main__ - INFO -   Centralized: 0.8880
2026-05-24 15:38:09,423 - __main__ - INFO -   Federated:   0.4880
2026-05-24 15:38:09,423 - __main__ - INFO -   Divergence:  0.3999
2026-05-24 15:38:09,423 - __main__ - WARNING - ⚠ Federated AUROC (0.4880) < 0.85 target
2026-05-24 15:38:09,423 - __main__ - WARNING - ⚠ Divergence between centralized and federated (0.3999) > 0.05
2026-05-24 15:38:09,423 - __main__ - INFO - 
======================================================================
2026-05-24 15:38:09,423 - __main__ - INFO - ⚠️  EXPERIMENT 1 PARTIAL - Manual review recommended
2026-05-24 15:38:09,423 - __main__ - INFO - ======================================================================
