2026-05-24 15:41:50,274 - __main__ - INFO - 
================================================================================
2026-05-24 15:41:50,274 - __main__ - INFO - # EXPERIMENT 1: FEDERATED LEARNING BASELINE
2026-05-24 15:41:50,274 - __main__ - INFO - ================================================================================
2026-05-24 15:41:50,275 - __main__ - INFO - 
Phase 1.1: Loading Phase 0 cohort and splits...
2026-05-24 15:41:50,275 - src.data.loader - INFO - Loading cohort from cache: /home/raiyanjiyon/Projects/federated-healthcare-ml/data/cache/mimic_iv_cohort.csv
2026-05-24 15:41:50,447 - src.data.loader - WARNING - Missing features: {'admission_type_emergency'}
2026-05-24 15:41:50,455 - src.data.loader - INFO - Dataset: 65273 patients, 31 features
2026-05-24 15:41:50,455 - src.data.loader - INFO - Target distribution: [58207  7066]
2026-05-24 15:41:50,455 - __main__ - INFO - Loaded: 65273 samples, 31 features
2026-05-24 15:41:50,455 - __main__ - INFO - Target distribution: 7066 deaths (10.8%)
2026-05-24 15:41:50,455 - __main__ - INFO - 
Phase 1.2: Distributing data to federated clients by care unit...
2026-05-24 15:41:50,459 - src.data.split - INFO - ✓ Medical Intensive Care Unit (MICU): 8791 patients, 1410 deaths (16.0%)
2026-05-24 15:41:50,463 - src.data.split - INFO - ✓ Surgical Intensive Care Unit (SICU): 6372 patients, 754 deaths (11.8%)
2026-05-24 15:41:50,467 - src.data.split - INFO - ✓ Medical/Surgical Intensive Care Unit (MICU/SICU): 6983 patients, 957 deaths (13.7%)
2026-05-24 15:41:50,471 - src.data.split - INFO - ✓ Cardiac Vascular Intensive Care Unit (CVICU): 8118 patients, 265 deaths (3.3%)
2026-05-24 15:41:50,474 - src.data.split - INFO - ✓ Coronary Care Unit (CCU): 5113 patients, 643 deaths (12.6%)
2026-05-24 15:41:50,478 - src.data.split - INFO - ✓ Trauma SICU (TSICU): 5458 patients, 569 deaths (10.4%)
2026-05-24 15:41:50,480 - src.data.split - INFO - ✓ Neuro Surgical Intensive Care Unit (Neuro SICU): 907 patients, 256 deaths (28.2%)
2026-05-24 15:41:50,485 - src.data.split - INFO -   (skipped Intensive Care Unit (ICU): 16 patients, < 100)
2026-05-24 15:41:50,487 - src.data.split - INFO -   (skipped Medicine: 9 patients, < 100)
2026-05-24 15:41:50,489 - src.data.split - INFO -   (skipped Neuro Intermediate: 3035 patients, < 100)
2026-05-24 15:41:50,491 - src.data.split - INFO -   (skipped Neuro Stepdown: 784 patients, < 100)
2026-05-24 15:41:50,493 - src.data.split - INFO -   (skipped PACU: 43 patients, < 100)
2026-05-24 15:41:50,495 - src.data.split - INFO -   (skipped Surgery/Trauma: 2 patients, < 100)
2026-05-24 15:41:50,497 - src.data.split - INFO -   (skipped Surgery/Vascular/Intermediate: 60 patients, < 100)
2026-05-24 15:41:50,498 - src.data.split - INFO - 
✓ Federated learning ready: 7 clients
2026-05-24 15:41:50,498 - __main__ - INFO - 
✓ Created 7 federated clients
2026-05-24 15:41:50,498 - __main__ - INFO - 
Client Statistics:
2026-05-24 15:41:50,498 - __main__ - INFO - ----------------------------------------------------------------------
2026-05-24 15:41:50,498 - __main__ - INFO -   Medical Intensive Care Unit (MICU)         8791 patients, 1410 deaths ( 16.0%)
2026-05-24 15:41:50,498 - __main__ - INFO -   Cardiac Vascular Intensive Care Unit (CVICU)   8118 patients,  265 deaths (  3.3%)
2026-05-24 15:41:50,498 - __main__ - INFO -   Medical/Surgical Intensive Care Unit (MICU/SICU)   6983 patients,  957 deaths ( 13.7%)
2026-05-24 15:41:50,498 - __main__ - INFO -   Surgical Intensive Care Unit (SICU)        6372 patients,  754 deaths ( 11.8%)
2026-05-24 15:41:50,498 - __main__ - INFO -   Trauma SICU (TSICU)                        5458 patients,  569 deaths ( 10.4%)
2026-05-24 15:41:50,498 - __main__ - INFO -   Coronary Care Unit (CCU)                   5113 patients,  643 deaths ( 12.6%)
2026-05-24 15:41:50,498 - __main__ - INFO -   Neuro Surgical Intensive Care Unit (Neuro SICU)    907 patients,  256 deaths ( 28.2%)
2026-05-24 15:41:50,498 - __main__ - INFO - 
======================================================================
2026-05-24 15:41:50,498 - __main__ - INFO - Phase 1.3: Training Centralized Baseline (for comparison)...
2026-05-24 15:41:50,498 - __main__ - INFO - ======================================================================
2026-05-24 15:41:51,087 - __main__ - INFO - 
Centralized Train AUROC: 0.8857
2026-05-24 15:41:51,093 - __main__ - INFO - Centralized Val AUROC:   0.8846
2026-05-24 15:41:51,093 - __main__ - INFO - Centralized Test AUROC:  0.8880
2026-05-24 15:41:51,093 - __main__ - INFO - 
======================================================================
2026-05-24 15:41:51,093 - __main__ - INFO - Phase 1.4: Training Federated Learning Model...
2026-05-24 15:41:51,093 - __main__ - INFO - ======================================================================
2026-05-24 15:41:51,093 - __main__ - INFO - Overriding DP epsilon to 1.0
2026-05-24 15:41:51,093 - __main__ - INFO - Overriding clipping threshold to 1.0
2026-05-24 15:41:51,115 - root - INFO - 
======================================================================
2026-05-24 15:41:51,115 - root - INFO - Differential Privacy Mechanism Initialized: GaussianDP
2026-05-24 15:41:51,115 - root - INFO - ======================================================================
2026-05-24 15:41:51,115 - root - INFO -   Privacy Budget (ε):     1.0000
2026-05-24 15:41:51,115 - root - INFO -   Failure Probability (δ): 0.000010
2026-05-24 15:41:51,115 - root - INFO -   Clipping Norm (C):      1.0000
2026-05-24 15:41:51,115 - root - INFO -   Noise Scale (σ):        4.7985
2026-05-24 15:41:51,115 - root - INFO - ======================================================================

2026-05-24 15:41:51,115 - src.training.federated - INFO - FederatedTrainer initialized:
2026-05-24 15:41:51,115 - src.training.federated - INFO -   Clients: 7
2026-05-24 15:41:51,115 - src.training.federated - INFO -   Training samples: 41742
2026-05-24 15:41:51,115 - src.training.federated - INFO -   Validation samples: 9791
2026-05-24 15:41:51,115 - src.training.federated - INFO -   Test samples: 9791
2026-05-24 15:41:51,115 - src.training.federated - INFO -   Features: 31
2026-05-24 15:41:51,115 - src.training.federated - INFO -   Rounds: 10
2026-05-24 15:41:51,115 - src.training.federated - INFO -   Strategy: FEDAVG
2026-05-24 15:41:51,115 - src.training.federated - INFO -   Privacy: Enabled (ε=1.0, δ=1e-5)
2026-05-24 15:41:51,115 - src.training.federated - INFO - 
######################################################################
2026-05-24 15:41:51,115 - src.training.federated - INFO - # FEDERATED LEARNING TRAINING (10 rounds)
2026-05-24 15:41:51,115 - src.training.federated - INFO - # Strategy: FEDAVG
2026-05-24 15:41:51,115 - src.training.federated - INFO - ######################################################################

2026-05-24 15:41:51,115 - src.training.federated - INFO - 
======================================================================
2026-05-24 15:41:51,115 - src.training.federated - INFO - Round 1/10
2026-05-24 15:41:51,115 - src.training.federated - INFO - ======================================================================
2026-05-24 15:41:51,148 - src.training.federated - INFO -   Cardiac Vascular Intensive Care Unit (CVICU): 8118 samples, loss=0.0754
2026-05-24 15:41:51,165 - src.training.federated - INFO -   Coronary Care Unit (CCU): 5113 samples, loss=0.2288
2026-05-24 15:41:51,193 - src.training.federated - INFO -   Medical Intensive Care Unit (MICU): 8791 samples, loss=0.2735
2026-05-24 15:41:51,222 - src.training.federated - INFO -   Medical/Surgical Intensive Care Unit (MICU/SICU): 6983 samples, loss=0.2627
2026-05-24 15:41:51,230 - src.training.federated - INFO -   Neuro Surgical Intensive Care Unit (Neuro SICU): 907 samples, loss=0.3759
2026-05-24 15:41:51,251 - src.training.federated - INFO -   Surgical Intensive Care Unit (SICU): 6372 samples, loss=0.2279
2026-05-24 15:41:51,269 - src.training.federated - INFO -   Trauma SICU (TSICU): 5458 samples, loss=0.1753
2026-05-24 15:41:51,269 - src.training.federated - INFO - Round 1 complete: 7 clients aggregated
2026-05-24 15:41:51,276 - src.training.federated - INFO - Round 1 Validation AUROC: 0.7373
2026-05-24 15:41:51,276 - src.training.federated - INFO - 
======================================================================
2026-05-24 15:41:51,276 - src.training.federated - INFO - Round 2/10
2026-05-24 15:41:51,276 - src.training.federated - INFO - ======================================================================
2026-05-24 15:41:51,301 - src.training.federated - INFO -   Cardiac Vascular Intensive Care Unit (CVICU): 8118 samples, loss=0.0754
2026-05-24 15:41:51,318 - src.training.federated - INFO -   Coronary Care Unit (CCU): 5113 samples, loss=0.2288
2026-05-24 15:41:51,345 - src.training.federated - INFO -   Medical Intensive Care Unit (MICU): 8791 samples, loss=0.2735
2026-05-24 15:41:51,374 - src.training.federated - INFO -   Medical/Surgical Intensive Care Unit (MICU/SICU): 6983 samples, loss=0.2627
2026-05-24 15:41:51,382 - src.training.federated - INFO -   Neuro Surgical Intensive Care Unit (Neuro SICU): 907 samples, loss=0.3759
2026-05-24 15:41:51,403 - src.training.federated - INFO -   Surgical Intensive Care Unit (SICU): 6372 samples, loss=0.2279
2026-05-24 15:41:51,421 - src.training.federated - INFO -   Trauma SICU (TSICU): 5458 samples, loss=0.1753
2026-05-24 15:41:51,421 - src.training.federated - INFO - Round 2 complete: 7 clients aggregated
2026-05-24 15:41:51,427 - src.training.federated - INFO - Round 2 Validation AUROC: 0.6685
2026-05-24 15:41:51,427 - src.training.federated - INFO - 
======================================================================
2026-05-24 15:41:51,427 - src.training.federated - INFO - Round 3/10
2026-05-24 15:41:51,427 - src.training.federated - INFO - ======================================================================
2026-05-24 15:41:51,452 - src.training.federated - INFO -   Cardiac Vascular Intensive Care Unit (CVICU): 8118 samples, loss=0.0754
2026-05-24 15:41:51,469 - src.training.federated - INFO -   Coronary Care Unit (CCU): 5113 samples, loss=0.2288
2026-05-24 15:41:51,496 - src.training.federated - INFO -   Medical Intensive Care Unit (MICU): 8791 samples, loss=0.2735
2026-05-24 15:41:51,525 - src.training.federated - INFO -   Medical/Surgical Intensive Care Unit (MICU/SICU): 6983 samples, loss=0.2627
2026-05-24 15:41:51,533 - src.training.federated - INFO -   Neuro Surgical Intensive Care Unit (Neuro SICU): 907 samples, loss=0.3759
2026-05-24 15:41:51,554 - src.training.federated - INFO -   Surgical Intensive Care Unit (SICU): 6372 samples, loss=0.2279
2026-05-24 15:41:51,572 - src.training.federated - INFO -   Trauma SICU (TSICU): 5458 samples, loss=0.1753
2026-05-24 15:41:51,572 - src.training.federated - INFO - Round 3 complete: 7 clients aggregated
2026-05-24 15:41:51,578 - src.training.federated - INFO - Round 3 Validation AUROC: 0.5341
2026-05-24 15:41:51,578 - src.training.federated - INFO - 
======================================================================
2026-05-24 15:41:51,578 - src.training.federated - INFO - Round 4/10
2026-05-24 15:41:51,578 - src.training.federated - INFO - ======================================================================
2026-05-24 15:41:51,603 - src.training.federated - INFO -   Cardiac Vascular Intensive Care Unit (CVICU): 8118 samples, loss=0.0754
2026-05-24 15:41:51,620 - src.training.federated - INFO -   Coronary Care Unit (CCU): 5113 samples, loss=0.2288
2026-05-24 15:41:51,647 - src.training.federated - INFO -   Medical Intensive Care Unit (MICU): 8791 samples, loss=0.2735
2026-05-24 15:41:51,676 - src.training.federated - INFO -   Medical/Surgical Intensive Care Unit (MICU/SICU): 6983 samples, loss=0.2627
2026-05-24 15:41:51,684 - src.training.federated - INFO -   Neuro Surgical Intensive Care Unit (Neuro SICU): 907 samples, loss=0.3759
2026-05-24 15:41:51,705 - src.training.federated - INFO -   Surgical Intensive Care Unit (SICU): 6372 samples, loss=0.2279
2026-05-24 15:41:51,723 - src.training.federated - INFO -   Trauma SICU (TSICU): 5458 samples, loss=0.1753
2026-05-24 15:41:51,723 - src.training.federated - INFO - Round 4 complete: 7 clients aggregated
2026-05-24 15:41:51,729 - src.training.federated - INFO - Round 4 Validation AUROC: 0.7420
2026-05-24 15:41:51,729 - src.training.federated - INFO - 
======================================================================
2026-05-24 15:41:51,729 - src.training.federated - INFO - Round 5/10
2026-05-24 15:41:51,729 - src.training.federated - INFO - ======================================================================
2026-05-24 15:41:51,754 - src.training.federated - INFO -   Cardiac Vascular Intensive Care Unit (CVICU): 8118 samples, loss=0.0754
2026-05-24 15:41:51,771 - src.training.federated - INFO -   Coronary Care Unit (CCU): 5113 samples, loss=0.2288
2026-05-24 15:41:51,799 - src.training.federated - INFO -   Medical Intensive Care Unit (MICU): 8791 samples, loss=0.2735
2026-05-24 15:41:51,827 - src.training.federated - INFO -   Medical/Surgical Intensive Care Unit (MICU/SICU): 6983 samples, loss=0.2627
2026-05-24 15:41:51,835 - src.training.federated - INFO -   Neuro Surgical Intensive Care Unit (Neuro SICU): 907 samples, loss=0.3759
2026-05-24 15:41:51,857 - src.training.federated - INFO -   Surgical Intensive Care Unit (SICU): 6372 samples, loss=0.2279
2026-05-24 15:41:51,874 - src.training.federated - INFO -   Trauma SICU (TSICU): 5458 samples, loss=0.1753
2026-05-24 15:41:51,875 - src.training.federated - INFO - Round 5 complete: 7 clients aggregated
2026-05-24 15:41:51,881 - src.training.federated - INFO - Round 5 Validation AUROC: 0.3943
2026-05-24 15:41:51,881 - src.training.federated - INFO - 
======================================================================
2026-05-24 15:41:51,881 - src.training.federated - INFO - Round 6/10
2026-05-24 15:41:51,881 - src.training.federated - INFO - ======================================================================
2026-05-24 15:41:51,906 - src.training.federated - INFO -   Cardiac Vascular Intensive Care Unit (CVICU): 8118 samples, loss=0.0754
2026-05-24 15:41:51,923 - src.training.federated - INFO -   Coronary Care Unit (CCU): 5113 samples, loss=0.2288
2026-05-24 15:41:51,951 - src.training.federated - INFO -   Medical Intensive Care Unit (MICU): 8791 samples, loss=0.2735
2026-05-24 15:41:51,978 - src.training.federated - INFO -   Medical/Surgical Intensive Care Unit (MICU/SICU): 6983 samples, loss=0.2627
2026-05-24 15:41:51,987 - src.training.federated - INFO -   Neuro Surgical Intensive Care Unit (Neuro SICU): 907 samples, loss=0.3759
2026-05-24 15:41:52,008 - src.training.federated - INFO -   Surgical Intensive Care Unit (SICU): 6372 samples, loss=0.2279
2026-05-24 15:41:52,026 - src.training.federated - INFO -   Trauma SICU (TSICU): 5458 samples, loss=0.1753
2026-05-24 15:41:52,026 - src.training.federated - INFO - Round 6 complete: 7 clients aggregated
2026-05-24 15:41:52,032 - src.training.federated - INFO - Round 6 Validation AUROC: 0.5295
2026-05-24 15:41:52,032 - src.training.federated - INFO - 
======================================================================
2026-05-24 15:41:52,032 - src.training.federated - INFO - Round 7/10
2026-05-24 15:41:52,032 - src.training.federated - INFO - ======================================================================
2026-05-24 15:41:52,057 - src.training.federated - INFO -   Cardiac Vascular Intensive Care Unit (CVICU): 8118 samples, loss=0.0754
2026-05-24 15:41:52,074 - src.training.federated - INFO -   Coronary Care Unit (CCU): 5113 samples, loss=0.2288
2026-05-24 15:41:52,104 - src.training.federated - INFO -   Medical Intensive Care Unit (MICU): 8791 samples, loss=0.2735
2026-05-24 15:41:52,133 - src.training.federated - INFO -   Medical/Surgical Intensive Care Unit (MICU/SICU): 6983 samples, loss=0.2627
2026-05-24 15:41:52,143 - src.training.federated - INFO -   Neuro Surgical Intensive Care Unit (Neuro SICU): 907 samples, loss=0.3759
2026-05-24 15:41:52,169 - src.training.federated - INFO -   Surgical Intensive Care Unit (SICU): 6372 samples, loss=0.2279
2026-05-24 15:41:52,188 - src.training.federated - INFO -   Trauma SICU (TSICU): 5458 samples, loss=0.1753
2026-05-24 15:41:52,188 - src.training.federated - INFO - Round 7 complete: 7 clients aggregated
2026-05-24 15:41:52,194 - src.training.federated - INFO - Round 7 Validation AUROC: 0.7414
2026-05-24 15:41:52,194 - src.training.federated - INFO - 
======================================================================
2026-05-24 15:41:52,194 - src.training.federated - INFO - Round 8/10
2026-05-24 15:41:52,194 - src.training.federated - INFO - ======================================================================
2026-05-24 15:41:52,218 - src.training.federated - INFO -   Cardiac Vascular Intensive Care Unit (CVICU): 8118 samples, loss=0.0754
2026-05-24 15:41:52,235 - src.training.federated - INFO -   Coronary Care Unit (CCU): 5113 samples, loss=0.2288
2026-05-24 15:41:52,264 - src.training.federated - INFO -   Medical Intensive Care Unit (MICU): 8791 samples, loss=0.2735
2026-05-24 15:41:52,294 - src.training.federated - INFO -   Medical/Surgical Intensive Care Unit (MICU/SICU): 6983 samples, loss=0.2627
2026-05-24 15:41:52,303 - src.training.federated - INFO -   Neuro Surgical Intensive Care Unit (Neuro SICU): 907 samples, loss=0.3759
2026-05-24 15:41:52,324 - src.training.federated - INFO -   Surgical Intensive Care Unit (SICU): 6372 samples, loss=0.2279
2026-05-24 15:41:52,341 - src.training.federated - INFO -   Trauma SICU (TSICU): 5458 samples, loss=0.1753
2026-05-24 15:41:52,342 - src.training.federated - INFO - Round 8 complete: 7 clients aggregated
2026-05-24 15:41:52,348 - src.training.federated - INFO - Round 8 Validation AUROC: 0.5366
2026-05-24 15:41:52,348 - src.training.federated - INFO - 
======================================================================
2026-05-24 15:41:52,348 - src.training.federated - INFO - Round 9/10
2026-05-24 15:41:52,348 - src.training.federated - INFO - ======================================================================
2026-05-24 15:41:52,372 - src.training.federated - INFO -   Cardiac Vascular Intensive Care Unit (CVICU): 8118 samples, loss=0.0754
2026-05-24 15:41:52,390 - src.training.federated - INFO -   Coronary Care Unit (CCU): 5113 samples, loss=0.2288
2026-05-24 15:41:52,418 - src.training.federated - INFO -   Medical Intensive Care Unit (MICU): 8791 samples, loss=0.2735
2026-05-24 15:41:52,445 - src.training.federated - INFO -   Medical/Surgical Intensive Care Unit (MICU/SICU): 6983 samples, loss=0.2627
2026-05-24 15:41:52,453 - src.training.federated - INFO -   Neuro Surgical Intensive Care Unit (Neuro SICU): 907 samples, loss=0.3759
2026-05-24 15:41:52,474 - src.training.federated - INFO -   Surgical Intensive Care Unit (SICU): 6372 samples, loss=0.2279
2026-05-24 15:41:52,491 - src.training.federated - INFO -   Trauma SICU (TSICU): 5458 samples, loss=0.1753
2026-05-24 15:41:52,492 - src.training.federated - INFO - Round 9 complete: 7 clients aggregated
2026-05-24 15:41:52,498 - src.training.federated - INFO - Round 9 Validation AUROC: 0.6864
2026-05-24 15:41:52,498 - src.training.federated - INFO - 
======================================================================
2026-05-24 15:41:52,498 - src.training.federated - INFO - Round 10/10
2026-05-24 15:41:52,498 - src.training.federated - INFO - ======================================================================
2026-05-24 15:41:52,522 - src.training.federated - INFO -   Cardiac Vascular Intensive Care Unit (CVICU): 8118 samples, loss=0.0754
2026-05-24 15:41:52,538 - src.training.federated - INFO -   Coronary Care Unit (CCU): 5113 samples, loss=0.2288
2026-05-24 15:41:52,565 - src.training.federated - INFO -   Medical Intensive Care Unit (MICU): 8791 samples, loss=0.2735
2026-05-24 15:41:52,593 - src.training.federated - INFO -   Medical/Surgical Intensive Care Unit (MICU/SICU): 6983 samples, loss=0.2627
2026-05-24 15:41:52,601 - src.training.federated - INFO -   Neuro Surgical Intensive Care Unit (Neuro SICU): 907 samples, loss=0.3759
2026-05-24 15:41:52,622 - src.training.federated - INFO -   Surgical Intensive Care Unit (SICU): 6372 samples, loss=0.2279
2026-05-24 15:41:52,640 - src.training.federated - INFO -   Trauma SICU (TSICU): 5458 samples, loss=0.1753
2026-05-24 15:41:52,640 - src.training.federated - INFO - Round 10 complete: 7 clients aggregated
2026-05-24 15:41:52,646 - src.training.federated - INFO - Round 10 Validation AUROC: 0.5018
2026-05-24 15:41:52,652 - src.training.federated - INFO - 
======================================================================
2026-05-24 15:41:52,652 - src.training.federated - INFO - Final Test AUROC: 0.4880
2026-05-24 15:41:52,652 - src.training.federated - INFO - ======================================================================

2026-05-24 15:41:52,653 - __main__ - INFO - 
======================================================================
2026-05-24 15:41:52,653 - __main__ - INFO - Phase 1.5: Results Comparison
2026-05-24 15:41:52,653 - __main__ - INFO - ======================================================================
2026-05-24 15:41:52,653 - __main__ - INFO - 
Test AUROC Comparison:
2026-05-24 15:41:52,653 - __main__ - INFO -   Centralized: 0.8880
2026-05-24 15:41:52,653 - __main__ - INFO -   Federated:   0.4880
2026-05-24 15:41:52,653 - __main__ - INFO -   Divergence:  0.3999
2026-05-24 15:41:52,653 - __main__ - WARNING - ⚠ Federated AUROC (0.4880) < 0.85 target
2026-05-24 15:41:52,653 - __main__ - WARNING - ⚠ Divergence between centralized and federated (0.3999) > 0.05
2026-05-24 15:41:52,653 - __main__ - INFO - 
======================================================================
2026-05-24 15:41:52,653 - __main__ - INFO - ⚠️  EXPERIMENT 1 PARTIAL - Manual review recommended
2026-05-24 15:41:52,653 - __main__ - INFO - ======================================================================
